2026-05-21 16:52:27,080 [INFO] === Parquet Compaction Run Started ===
2026-05-21 16:52:27,081 [ERROR] Datenverzeichnis /data/nautilus/data/quote_tick nicht gefunden.
2026-05-21 16:53:00,011 [INFO] === Parquet Compaction Run Started ===
2026-05-21 16:53:00,011 [INFO] [E.ETORO] Starte Kompaktierung von 2 Dateien...
2026-05-21 16:53:00,045 [INFO] [E.ETORO] Erfolgreich kombiniert zu: 2022-04-04T00-00-00-000000000Z_2026-05-20T19-59-00-000000000Z.parquet (Zeilen: 2059, Nautilus-Meta: ja). 2 alte Dateien gelöscht.
2026-05-21 16:53:00,046 [INFO] [FICO.ETORO] Starte Kompaktierung von 3 Dateien...
2026-05-21 16:53:00,062 [INFO] [FICO.ETORO] Erfolgreich kombiniert zu: 2022-04-19T00-00-00-000000000Z_2026-05-21T08-30-00-000000000Z.parquet (Zeilen: 1973, Nautilus-Meta: ja). 3 alte Dateien gelöscht.
2026-05-21 16:53:00,062 [INFO] [CRM.ETORO] Starte Kompaktierung von 3 Dateien...
2026-05-21 16:53:00,082 [INFO] [CRM.ETORO] Erfolgreich kombiniert zu: 2022-04-19T00-00-00-000000000Z_2026-05-21T08-30-00-000000000Z.parquet (Zeilen: 2011, Nautilus-Meta: ja). 3 alte Dateien gelöscht.
2026-05-21 16:53:00,083 [INFO] [ESLT.ETORO] Starte Kompaktierung von 2 Dateien...
2026-05-21 16:53:00,094 [INFO] [ESLT.ETORO] Erfolgreich kombiniert zu: 2025-11-16T22-00-00-000000000Z_2026-05-20T19-59-00-000000000Z.parquet (Zeilen: 1045, Nautilus-Meta: ja). 2 alte Dateien gelöscht.
2026-05-21 16:53:00,095 [INFO] [FISV.ETORO] Starte Kompaktierung von 2 Dateien...
2026-05-21 16:53:00,106 [INFO] [FISV.ETORO] Erfolgreich kombiniert zu: 2022-04-19T00-00-00-000000000Z_2026-05-21T07-49-00-000000000Z.parquet (Zeilen: 1966, Nautilus-Meta: ja). 2 alte Dateien gelöscht.
2026-05-21 16:53:00,107 [INFO] [MTZ.ETORO] Starte Kompaktierung von 2 Dateien...
2026-05-21 16:53:00,125 [INFO] [MTZ.ETORO] Erfolgreich kombiniert zu: 2022-04-05T00-00-00-000000000Z_2026-05-20T19-59-00-000000000Z.parquet (Zeilen: 2059, Nautilus-Meta: ja). 2 alte Dateien gelöscht.
2026-05-21 16:53:00,125 [INFO] [CPRT.ETORO] Starte Kompaktierung von 2 Dateien...
2026-05-21 16:53:00,138 [INFO] [CPRT.ETORO] Erfolgreich kombiniert zu: 2022-04-19T00-00-00-000000000Z_2026-05-21T07-42-00-000000000Z.parquet (Zeilen: 1965, Nautilus-Meta: ja). 2 alte Dateien gelöscht.
2026-05-21 16:53:00,139 [INFO] [SOL.ETORO] Starte Kompaktierung von 4 Dateien...
2026-05-21 16:53:00,140 [WARNING] [SOL.ETORO] price_precision-Konflikt entdeckt. Setze kanonischen Wert: 5 (war: 4)
2026-05-21 16:53:00,257 [INFO] [SOL.ETORO] Erfolgreich kombiniert zu: 2023-08-29T00-00-00-000000000Z_2026-05-21T10-34-27-312903936Z.parquet (Zeilen: 85574, Nautilus-Meta: ja). 4 alte Dateien gelöscht.
2026-05-21 16:53:00,260 [INFO] [01211.HK.ETORO] Starte Kompaktierung von 4 Dateien...
2026-05-21 16:53:00,282 [INFO] [01211.HK.ETORO] Erfolgreich kombiniert zu: 2022-03-15T00-00-00-000000000Z_2026-05-21T07-59-00-202281984Z.parquet (Zeilen: 3241, Nautilus-Meta: ja). 4 alte Dateien gelöscht.
2026-05-21 16:53:00,283 [INFO] [TTD.ETORO] Starte Kompaktierung von 3 Dateien...
2026-05-21 16:53:00,299 [INFO] [TTD.ETORO] Erfolgreich kombiniert zu: 2022-04-19T00-00-00-000000000Z_2026-05-21T08-29-00-000000000Z.parquet (Zeilen: 1987, Nautilus-Meta: ja). 3 alte Dateien gelöscht.
2026-05-21 16:53:00,300 [INFO] [HUT.ETORO] Starte Kompaktierung von 3 Dateien...
2026-05-21 16:53:00,334 [INFO] [HUT.ETORO] Erfolgreich kombiniert zu: 2022-04-04T00-00-00-000000000Z_2026-05-20T19-59-55-228488960Z.parquet (Zeilen: 10810, Nautilus-Meta: ja). 3 alte Dateien gelöscht.
2026-05-21 16:53:00,335 [INFO] [VLO.ETORO] Starte Kompaktierung von 3 Dateien...
2026-05-21 16:53:00,352 [INFO] [VLO.ETORO] Erfolgreich kombiniert zu: 2022-04-18T00-00-00-000000000Z_2026-05-21T08-17-00-000000000Z.parquet (Zeilen: 1966, Nautilus-Meta: ja). 3 alte Dateien gelöscht.
2026-05-21 16:53:00,353 [INFO] [AERO.ETORO] Starte Kompaktierung von 4 Dateien...
2026-05-21 16:53:00,354 [WARNING] [AERO.ETORO] price_precision-Konflikt entdeckt. Setze kanonischen Wert: 5 (war: 4)
2026-05-21 16:53:00,580 [INFO] [AERO.ETORO] Erfolgreich kombiniert zu: 2025-04-17T00-00-00-000000000Z_2026-05-21T10-34-28-432534016Z.parquet (Zeilen: 183022, Nautilus-Meta: ja). 4 alte Dateien gelöscht.
2026-05-21 16:53:00,584 [INFO] [NVDA.ETORO] Starte Kompaktierung von 4 Dateien...
2026-05-21 16:53:00,721 [INFO] [NVDA.ETORO] Erfolgreich kombiniert zu: 2022-04-20T00-00-00-000000000Z_2026-05-21T10-34-21-400132864Z.parquet (Zeilen: 110607, Nautilus-Meta: ja). 4 alte Dateien gelöscht.
2026-05-21 16:53:00,723 [INFO] [JNJ.ETORO] Starte Kompaktierung von 3 Dateien...
2026-05-21 16:53:00,737 [INFO] [JNJ.ETORO] Erfolgreich kombiniert zu: 2022-04-20T00-00-00-000000000Z_2026-05-21T08-19-00-000000000Z.parquet (Zeilen: 1991, Nautilus-Meta: ja). 3 alte Dateien gelöscht.
2026-05-21 16:53:00,737 [INFO] [GLW.ETORO] Starte Kompaktierung von 3 Dateien...
2026-05-21 16:53:00,752 [INFO] [GLW.ETORO] Erfolgreich kombiniert zu: 2022-04-19T00-00-00-000000000Z_2026-05-21T08-29-00-000000000Z.parquet (Zeilen: 2030, Nautilus-Meta: ja). 3 alte Dateien gelöscht.
2026-05-21 16:53:00,753 [INFO] [ZS.ETORO] Starte Kompaktierung von 3 Dateien...
2026-05-21 16:53:00,769 [INFO] [ZS.ETORO] Erfolgreich kombiniert zu: 2022-04-19T00-00-00-000000000Z_2026-05-21T08-26-00-000000000Z.parquet (Zeilen: 1999, Nautilus-Meta: ja). 3 alte Dateien gelöscht.
2026-05-21 16:53:00,769 [INFO] [INSW.ETORO] Starte Kompaktierung von 2 Dateien...
2026-05-21 16:53:00,788 [INFO] [INSW.ETORO] Erfolgreich kombiniert zu: 2023-11-26T22-00-00-000000000Z_2026-05-20T19-59-00-000000000Z.parquet (Zeilen: 1778, Nautilus-Meta: ja). 2 alte Dateien gelöscht.
2026-05-21 16:53:00,788 [INFO] [DUOL.ETORO] Starte Kompaktierung von 3 Dateien...
2026-05-21 16:53:00,805 [INFO] [DUOL.ETORO] Erfolgreich kombiniert zu: 2022-04-18T00-00-00-000000000Z_2026-05-21T08-28-00-000000000Z.parquet (Zeilen: 1979, Nautilus-Meta: ja). 3 alte Dateien gelöscht.
2026-05-21 16:53:00,806 [INFO] [VRT.ETORO] Starte Kompaktierung von 2 Dateien...
2026-05-21 16:53:00,818 [INFO] [VRT.ETORO] Erfolgreich kombiniert zu: 2022-04-07T00-00-00-000000000Z_2026-05-20T19-59-00-000000000Z.parquet (Zeilen: 2059, Nautilus-Meta: ja). 2 alte Dateien gelöscht.
2026-05-21 16:53:00,818 [INFO] [ADA.ETORO] Starte Kompaktierung von 4 Dateien...
2026-05-21 16:53:00,852 [INFO] [ADA.ETORO] Erfolgreich kombiniert zu: 2023-08-29T00-00-00-000000000Z_2026-05-21T10-34-21-470290944Z.parquet (Zeilen: 21415, Nautilus-Meta: ja). 4 alte Dateien gelöscht.
2026-05-21 16:53:00,853 [INFO] [NATGAS.ETORO] Starte Kompaktierung von 4 Dateien...
2026-05-21 16:53:00,883 [INFO] [NATGAS.ETORO] Erfolgreich kombiniert zu: 2022-07-06T00-00-00-000000000Z_2026-05-21T10-34-22-326796032Z.parquet (Zeilen: 15852, Nautilus-Meta: ja). 4 alte Dateien gelöscht.
2026-05-21 16:53:00,883 [INFO] [CIEN.ETORO] Starte Kompaktierung von 2 Dateien...
2026-05-21 16:53:00,900 [INFO] [CIEN.ETORO] Erfolgreich kombiniert zu: 2022-04-05T00-00-00-000000000Z_2026-05-20T19-59-00-000000000Z.parquet (Zeilen: 2059, Nautilus-Meta: ja). 2 alte Dateien gelöscht.
2026-05-21 16:53:00,901 [INFO] [RHM.DE.ETORO] Starte Kompaktierung von 4 Dateien...
2026-05-21 16:53:00,957 [INFO] [RHM.DE.ETORO] Erfolgreich kombiniert zu: 2022-05-10T00-00-00-000000000Z_2026-05-21T10-34-22-477335808Z.parquet (Zeilen: 31531, Nautilus-Meta: ja). 4 alte Dateien gelöscht.
2026-05-21 16:53:00,958 [INFO] [TTMI.ETORO] Starte Kompaktierung von 2 Dateien...
2026-05-21 16:53:00,969 [INFO] [TTMI.ETORO] Erfolgreich kombiniert zu: 2023-11-26T22-00-00-000000000Z_2026-05-20T19-59-00-000000000Z.parquet (Zeilen: 1774, Nautilus-Meta: ja). 2 alte Dateien gelöscht.
2026-05-21 16:53:00,969 [INFO] [STX.US.ETORO] Starte Kompaktierung von 3 Dateien...
2026-05-21 16:53:00,987 [INFO] [STX.US.ETORO] Erfolgreich kombiniert zu: 2022-04-19T00-00-00-000000000Z_2026-05-21T08-29-00-000000000Z.parquet (Zeilen: 2012, Nautilus-Meta: ja). 3 alte Dateien gelöscht.
2026-05-21 16:53:00,988 [INFO] [ONDO.ETORO] Starte Kompaktierung von 4 Dateien...
2026-05-21 16:53:01,008 [INFO] [ONDO.ETORO] Erfolgreich kombiniert zu: 2024-03-26T00-00-00-000000000Z_2026-05-21T10-34-26-746785024Z.parquet (Zeilen: 3448, Nautilus-Meta: ja). 4 alte Dateien gelöscht.
2026-05-21 16:53:01,009 [INFO] [WIX.ETORO] Starte Kompaktierung von 2 Dateien...
2026-05-21 16:53:01,022 [INFO] [WIX.ETORO] Erfolgreich kombiniert zu: 2022-04-07T00-00-00-000000000Z_2026-05-20T19-59-00-000000000Z.parquet (Zeilen: 2059, Nautilus-Meta: ja). 2 alte Dateien gelöscht.
2026-05-21 16:53:01,022 [INFO] [SNAP.ETORO] Starte Kompaktierung von 3 Dateien...
2026-05-21 16:53:01,041 [INFO] [SNAP.ETORO] Erfolgreich kombiniert zu: 2022-04-19T00-00-00-000000000Z_2026-05-21T08-17-00-000000000Z.parquet (Zeilen: 1979, Nautilus-Meta: ja). 3 alte Dateien gelöscht.
2026-05-21 16:53:01,041 [INFO] [GOOGL.ETORO] Starte Kompaktierung von 3 Dateien...
2026-05-21 16:53:01,059 [INFO] [GOOGL.ETORO] Erfolgreich kombiniert zu: 2022-04-19T00-00-00-000000000Z_2026-05-21T08-29-00-000000000Z.parquet (Zeilen: 2033, Nautilus-Meta: ja). 3 alte Dateien gelöscht.
2026-05-21 16:53:01,060 [INFO] [TEAM.ETORO] Starte Kompaktierung von 3 Dateien...
2026-05-21 16:53:01,080 [INFO] [TEAM.ETORO] Erfolgreich kombiniert zu: 2022-04-19T00-00-00-000000000Z_2026-05-21T08-24-00-000000000Z.parquet (Zeilen: 1979, Nautilus-Meta: ja). 3 alte Dateien gelöscht.
2026-05-21 16:53:01,080 [INFO] [DOCU.ETORO] Starte Kompaktierung von 2 Dateien...
2026-05-21 16:53:01,092 [INFO] [DOCU.ETORO] Erfolgreich kombiniert zu: 2022-04-05T00-00-00-000000000Z_2026-05-20T19-59-00-000000000Z.parquet (Zeilen: 2059, Nautilus-Meta: ja). 2 alte Dateien gelöscht.
2026-05-21 16:53:01,093 [INFO] [SHIBxM.ETORO] Starte Kompaktierung von 4 Dateien...
2026-05-21 16:53:01,115 [INFO] [SHIBxM.ETORO] Erfolgreich kombiniert zu: 2023-08-29T00-00-00-000000000Z_2026-05-21T10-33-53-727289088Z.parquet (Zeilen: 3196, Nautilus-Meta: ja). 4 alte Dateien gelöscht.
2026-05-21 16:53:01,116 [INFO] [NOW.ETORO] Starte Kompaktierung von 3 Dateien...
2026-05-21 16:53:01,132 [INFO] [NOW.ETORO] Erfolgreich kombiniert zu: 2022-04-19T00-00-00-000000000Z_2026-05-21T08-27-00-000000000Z.parquet (Zeilen: 2031, Nautilus-Meta: ja). 3 alte Dateien gelöscht.
2026-05-21 16:53:01,133 [INFO] [NVS.ETORO] Starte Kompaktierung von 3 Dateien...
2026-05-21 16:53:01,171 [INFO] [NVS.ETORO] Erfolgreich kombiniert zu: 2022-04-05T00-00-00-000000000Z_2026-05-20T19-59-54-717268992Z.parquet (Zeilen: 15432, Nautilus-Meta: ja). 3 alte Dateien gelöscht.
2026-05-21 16:53:01,172 [INFO] [USDZAR.ETORO] Starte Kompaktierung von 4 Dateien...
2026-05-21 16:53:01,426 [INFO] [USDZAR.ETORO] Erfolgreich kombiniert zu: 2022-07-14T00-00-00-000000000Z_2026-05-21T10-34-28-793859840Z.parquet (Zeilen: 197602, Nautilus-Meta: ja). 4 alte Dateien gelöscht.
2026-05-21 16:53:01,433 [INFO] [RIOT.ETORO] Starte Kompaktierung von 3 Dateien...
2026-05-21 16:53:01,434 [WARNING] [RIOT.ETORO] price_precision-Konflikt entdeckt. Setze kanonischen Wert: 5 (war: 4)
2026-05-21 16:53:01,483 [INFO] [RIOT.ETORO] Erfolgreich kombiniert zu: 2022-04-19T00-00-00-000000000Z_2026-05-21T10-32-33-765324032Z.parquet (Zeilen: 30989, Nautilus-Meta: ja). 3 alte Dateien gelöscht.
2026-05-21 16:53:01,484 [INFO] [TSLA.ETORO] Starte Kompaktierung von 4 Dateien...
2026-05-21 16:53:01,608 [INFO] [TSLA.ETORO] Erfolgreich kombiniert zu: 2022-04-20T00-00-00-000000000Z_2026-05-21T10-34-22-517584128Z.parquet (Zeilen: 99154, Nautilus-Meta: ja). 4 alte Dateien gelöscht.
2026-05-21 16:53:01,612 [INFO] [PEPExM.ETORO] Starte Kompaktierung von 4 Dateien...
2026-05-21 16:53:01,628 [INFO] [PEPExM.ETORO] Erfolgreich kombiniert zu: 2022-07-03T00-00-00-000000000Z_2026-05-21T10-34-25-923109120Z.parquet (Zeilen: 3088, Nautilus-Meta: ja). 4 alte Dateien gelöscht.
2026-05-21 16:53:01,629 [INFO] [POWL.ETORO] Starte Kompaktierung von 2 Dateien...
2026-05-21 16:53:01,643 [INFO] [POWL.ETORO] Erfolgreich kombiniert zu: 2023-11-26T22-00-00-000000000Z_2026-05-20T19-59-00-000000000Z.parquet (Zeilen: 1778, Nautilus-Meta: ja). 2 alte Dateien gelöscht.
2026-05-21 16:53:01,644 [INFO] [USDTRY.ETORO] Starte Kompaktierung von 4 Dateien...
2026-05-21 16:53:01,671 [INFO] [USDTRY.ETORO] Erfolgreich kombiniert zu: 2022-07-14T00-00-00-000000000Z_2026-05-21T10-34-22-138475008Z.parquet (Zeilen: 9059, Nautilus-Meta: ja). 4 alte Dateien gelöscht.
2026-05-21 16:53:01,672 [INFO] [WDC.ETORO] Starte Kompaktierung von 3 Dateien...
2026-05-21 16:53:01,688 [INFO] [WDC.ETORO] Erfolgreich kombiniert zu: 2022-04-20T00-00-00-000000000Z_2026-05-21T08-29-00-000000000Z.parquet (Zeilen: 2023, Nautilus-Meta: ja). 3 alte Dateien gelöscht.
2026-05-21 16:53:01,689 [INFO] [INSM.ETORO] Starte Kompaktierung von 2 Dateien...
2026-05-21 16:53:01,707 [INFO] [INSM.ETORO] Erfolgreich kombiniert zu: 2022-04-30T00-00-00-000000000Z_2026-05-20T19-59-55-315927040Z.parquet (Zeilen: 3424, Nautilus-Meta: ja). 2 alte Dateien gelöscht.
2026-05-21 16:53:01,708 [INFO] [FSLY.ETORO] Starte Kompaktierung von 3 Dateien...
2026-05-21 16:53:01,735 [INFO] [FSLY.ETORO] Erfolgreich kombiniert zu: 2022-04-05T00-00-00-000000000Z_2026-05-20T19-59-55-772845056Z.parquet (Zeilen: 6007, Nautilus-Meta: ja). 3 alte Dateien gelöscht.
2026-05-21 16:53:01,735 [INFO] [CAT.ETORO] Starte Kompaktierung von 3 Dateien...
2026-05-21 16:53:01,750 [INFO] [CAT.ETORO] Erfolgreich kombiniert zu: 2022-04-20T00-00-00-000000000Z_2026-05-21T08-29-00-000000000Z.parquet (Zeilen: 2027, Nautilus-Meta: ja). 3 alte Dateien gelöscht.
2026-05-21 16:53:01,750 [INFO] [COHR.ETORO] Starte Kompaktierung von 2 Dateien...
2026-05-21 16:53:01,780 [INFO] [COHR.ETORO] Erfolgreich kombiniert zu: 2022-04-05T00-00-00-000000000Z_2026-05-20T19-59-00-000000000Z.parquet (Zeilen: 2059, Nautilus-Meta: ja). 2 alte Dateien gelöscht.
2026-05-21 16:53:01,780 [INFO] [BTC.ETORO] Starte Kompaktierung von 5 Dateien...
2026-05-21 16:53:02,058 [INFO] [BTC.ETORO] Erfolgreich kombiniert zu: 2023-08-29T00-00-00-000000000Z_2026-05-21T10-34-27-673440000Z.parquet (Zeilen: 173587, Nautilus-Meta: ja). 5 alte Dateien gelöscht.
2026-05-21 16:53:02,069 [INFO] [CMG.ETORO] Starte Kompaktierung von 3 Dateien...
2026-05-21 16:53:02,091 [INFO] [CMG.ETORO] Erfolgreich kombiniert zu: 2022-04-19T00-00-00-000000000Z_2026-05-21T08-25-00-000000000Z.parquet (Zeilen: 1982, Nautilus-Meta: ja). 3 alte Dateien gelöscht.
2026-05-21 16:53:02,092 [INFO] [EEFT.ETORO] Starte Kompaktierung von 2 Dateien...
2026-05-21 16:53:02,105 [INFO] [EEFT.ETORO] Erfolgreich kombiniert zu: 2022-04-05T00-00-00-000000000Z_2026-05-20T19-59-00-000000000Z.parquet (Zeilen: 2059, Nautilus-Meta: ja). 2 alte Dateien gelöscht.
2026-05-21 16:53:02,105 [INFO] [WBD.ETORO] Starte Kompaktierung von 3 Dateien...
2026-05-21 16:53:02,130 [INFO] [WBD.ETORO] Erfolgreich kombiniert zu: 2022-04-18T00-00-00-000000000Z_2026-05-21T08-29-00-000000000Z.parquet (Zeilen: 1969, Nautilus-Meta: ja). 3 alte Dateien gelöscht.
2026-05-21 16:53:02,130 [INFO] [XPEV.ETORO] Starte Kompaktierung von 2 Dateien...
2026-05-21 16:53:02,143 [INFO] [XPEV.ETORO] Erfolgreich kombiniert zu: 2022-04-05T00-00-00-000000000Z_2026-05-20T19-59-54-636686080Z.parquet (Zeilen: 2623, Nautilus-Meta: ja). 2 alte Dateien gelöscht.
2026-05-21 16:53:02,143 [INFO] [MU.ETORO] Starte Kompaktierung von 3 Dateien...
2026-05-21 16:53:02,165 [INFO] [MU.ETORO] Erfolgreich kombiniert zu: 2022-04-20T00-00-00-000000000Z_2026-05-21T08-30-00-000000000Z.parquet (Zeilen: 2037, Nautilus-Meta: ja). 3 alte Dateien gelöscht.
2026-05-21 16:53:02,167 [INFO] [HUBS.ETORO] Starte Kompaktierung von 2 Dateien...
2026-05-21 16:53:02,182 [INFO] [HUBS.ETORO] Erfolgreich kombiniert zu: 2022-04-05T00-00-00-000000000Z_2026-05-20T19-59-00-000000000Z.parquet (Zeilen: 2059, Nautilus-Meta: ja). 2 alte Dateien gelöscht.
2026-05-21 16:53:02,182 [INFO] [HAL.ETORO] Starte Kompaktierung von 3 Dateien...
2026-05-21 16:53:02,201 [INFO] [HAL.ETORO] Erfolgreich kombiniert zu: 2022-04-19T00-00-00-000000000Z_2026-05-21T08-25-00-000000000Z.parquet (Zeilen: 2010, Nautilus-Meta: ja). 3 alte Dateien gelöscht.
2026-05-21 16:53:02,202 [INFO] [ADBE.ETORO] Starte Kompaktierung von 3 Dateien...
2026-05-21 16:53:02,218 [INFO] [ADBE.ETORO] Erfolgreich kombiniert zu: 2022-04-20T00-00-00-000000000Z_2026-05-21T08-30-00-000000000Z.parquet (Zeilen: 2027, Nautilus-Meta: ja). 3 alte Dateien gelöscht.
2026-05-21 16:53:02,219 [INFO] [ETH.ETORO] Starte Kompaktierung von 4 Dateien...
2026-05-21 16:53:02,475 [INFO] [ETH.ETORO] Erfolgreich kombiniert zu: 2023-08-29T00-00-00-000000000Z_2026-05-21T10-34-28-477236992Z.parquet (Zeilen: 213094, Nautilus-Meta: ja). 4 alte Dateien gelöscht.
2026-05-21 16:53:02,481 [INFO] [MNDY.ETORO] Starte Kompaktierung von 2 Dateien...
2026-05-21 16:53:02,492 [INFO] [MNDY.ETORO] Erfolgreich kombiniert zu: 2022-04-04T00-00-00-000000000Z_2026-05-20T19-59-00-000000000Z.parquet (Zeilen: 2059, Nautilus-Meta: ja). 2 alte Dateien gelöscht.
2026-05-21 16:53:02,492 [INFO] [ACN.ETORO] Starte Kompaktierung von 3 Dateien...
2026-05-21 16:53:02,510 [INFO] [ACN.ETORO] Erfolgreich kombiniert zu: 2022-04-19T00-00-00-000000000Z_2026-05-21T08-21-00-000000000Z.parquet (Zeilen: 1969, Nautilus-Meta: ja). 3 alte Dateien gelöscht.
2026-05-21 16:53:02,510 [INFO] [PINS.ETORO] Starte Kompaktierung von 2 Dateien...
2026-05-21 16:53:02,523 [INFO] [PINS.ETORO] Erfolgreich kombiniert zu: 2022-04-05T00-00-00-000000000Z_2026-05-20T19-59-00-000000000Z.parquet (Zeilen: 2059, Nautilus-Meta: ja). 2 alte Dateien gelöscht.
2026-05-21 16:53:02,523 [INFO] [HYPE.ETORO] Starte Kompaktierung von 4 Dateien...
2026-05-21 16:53:02,524 [WARNING] [HYPE.ETORO] price_precision-Konflikt entdeckt. Setze kanonischen Wert: 5 (war: 2)
2026-05-21 16:53:02,688 [INFO] [HYPE.ETORO] Erfolgreich kombiniert zu: 2025-04-09T00-00-00-000000000Z_2026-05-21T10-34-29-238157056Z.parquet (Zeilen: 134135, Nautilus-Meta: ja). 4 alte Dateien gelöscht.
2026-05-21 16:53:02,691 [INFO] [AVAX.ETORO] Starte Kompaktierung von 4 Dateien...
2026-05-21 16:53:02,692 [WARNING] [AVAX.ETORO] price_precision-Konflikt entdeckt. Setze kanonischen Wert: 5 (war: 2)
2026-05-21 16:53:02,715 [INFO] [AVAX.ETORO] Erfolgreich kombiniert zu: 2023-08-29T00-00-00-000000000Z_2026-05-21T10-33-53-730510080Z.parquet (Zeilen: 2822, Nautilus-Meta: ja). 4 alte Dateien gelöscht.
2026-05-21 16:53:02,716 [INFO] [LRCX.ETORO] Starte Kompaktierung von 3 Dateien...
2026-05-21 16:53:02,733 [INFO] [LRCX.ETORO] Erfolgreich kombiniert zu: 2022-04-19T00-00-00-000000000Z_2026-05-21T08-26-00-000000000Z.parquet (Zeilen: 2004, Nautilus-Meta: ja). 3 alte Dateien gelöscht.
2026-05-21 16:53:02,734 [INFO] [PLTR.ETORO] Starte Kompaktierung von 4 Dateien...
2026-05-21 16:53:02,834 [INFO] [PLTR.ETORO] Erfolgreich kombiniert zu: 2022-04-19T00-00-00-000000000Z_2026-05-21T10-34-13-328203008Z.parquet (Zeilen: 68340, Nautilus-Meta: ja). 4 alte Dateien gelöscht.
2026-05-21 16:53:02,836 [INFO] [TSEM.ETORO] Starte Kompaktierung von 2 Dateien...
2026-05-21 16:53:02,846 [INFO] [TSEM.ETORO] Erfolgreich kombiniert zu: 2022-04-05T00-00-00-000000000Z_2026-05-20T19-59-00-000000000Z.parquet (Zeilen: 2059, Nautilus-Meta: ja). 2 alte Dateien gelöscht.
2026-05-21 16:53:02,846 [INFO] [LULU.ETORO] Starte Kompaktierung von 3 Dateien...
2026-05-21 16:53:02,858 [INFO] [LULU.ETORO] Erfolgreich kombiniert zu: 2022-04-19T00-00-00-000000000Z_2026-05-21T08-30-00-000000000Z.parquet (Zeilen: 1979, Nautilus-Meta: ja). 3 alte Dateien gelöscht.
2026-05-21 16:53:02,859 [INFO] [XRP.ETORO] Starte Kompaktierung von 4 Dateien...
2026-05-21 16:53:02,975 [INFO] [XRP.ETORO] Erfolgreich kombiniert zu: 2023-08-29T00-00-00-000000000Z_2026-05-21T10-34-26-291794944Z.parquet (Zeilen: 93652, Nautilus-Meta: ja). 4 alte Dateien gelöscht.
2026-05-21 16:53:02,977 [INFO] [ROP.ZU.ETORO] Starte Kompaktierung von 4 Dateien...
2026-05-21 16:53:02,992 [INFO] [ROP.ZU.ETORO] Erfolgreich kombiniert zu: 2022-04-08T00-00-00-000000000Z_2026-05-21T10-34-15-245024000Z.parquet (Zeilen: 3164, Nautilus-Meta: ja). 4 alte Dateien gelöscht.
2026-05-21 16:53:02,992 [INFO] [WDAY.ETORO] Starte Kompaktierung von 2 Dateien...
2026-05-21 16:53:03,008 [INFO] [WDAY.ETORO] Erfolgreich kombiniert zu: 2022-04-19T00-00-00-000000000Z_2026-05-21T07-54-00-000000000Z.parquet (Zeilen: 1973, Nautilus-Meta: ja). 2 alte Dateien gelöscht.
2026-05-21 16:53:03,008 [INFO] [PBR.ETORO] Starte Kompaktierung von 2 Dateien...
2026-05-21 16:53:03,020 [INFO] [PBR.ETORO] Erfolgreich kombiniert zu: 2022-04-07T00-00-00-000000000Z_2026-05-20T19-59-00-000000000Z.parquet (Zeilen: 2059, Nautilus-Meta: ja). 2 alte Dateien gelöscht.
2026-05-21 16:53:03,021 [INFO] [PALL.ETORO] Starte Kompaktierung von 3 Dateien...
2026-05-21 16:53:03,034 [INFO] [PALL.ETORO] Erfolgreich kombiniert zu: 2022-04-05T00-00-00-000000000Z_2026-05-20T19-59-51-328160000Z.parquet (Zeilen: 4139, Nautilus-Meta: ja). 3 alte Dateien gelöscht.
2026-05-21 16:53:03,034 [INFO] [CHTR.ETORO] Starte Kompaktierung von 2 Dateien...
2026-05-21 16:53:03,050 [INFO] [CHTR.ETORO] Erfolgreich kombiniert zu: 2022-04-19T00-00-00-000000000Z_2026-05-21T07-42-00-000000000Z.parquet (Zeilen: 1963, Nautilus-Meta: ja). 2 alte Dateien gelöscht.
2026-05-21 16:53:03,050 [INFO] [GSAT.ETORO] Starte Kompaktierung von 2 Dateien...
2026-05-21 16:53:03,063 [INFO] [GSAT.ETORO] Erfolgreich kombiniert zu: 2022-04-05T00-00-00-000000000Z_2026-05-20T19-59-00-000000000Z.parquet (Zeilen: 2059, Nautilus-Meta: ja). 2 alte Dateien gelöscht.
2026-05-21 16:53:03,064 [INFO] [AG.ETORO] Starte Kompaktierung von 2 Dateien...
2026-05-21 16:53:03,075 [INFO] [AG.ETORO] Erfolgreich kombiniert zu: 2022-04-05T00-00-00-000000000Z_2026-05-20T19-59-00-000000000Z.parquet (Zeilen: 2059, Nautilus-Meta: ja). 2 alte Dateien gelöscht.
2026-05-21 16:53:03,076 [INFO] [GTLB.ETORO] Starte Kompaktierung von 2 Dateien...
2026-05-21 16:53:03,094 [INFO] [GTLB.ETORO] Erfolgreich kombiniert zu: 2022-04-04T00-00-00-000000000Z_2026-05-20T19-59-00-000000000Z.parquet (Zeilen: 2059, Nautilus-Meta: ja). 2 alte Dateien gelöscht.
2026-05-21 16:53:03,098 [INFO] [SE.ETORO] Starte Kompaktierung von 2 Dateien...
2026-05-21 16:53:03,111 [INFO] [SE.ETORO] Erfolgreich kombiniert zu: 2022-04-05T00-00-00-000000000Z_2026-05-20T19-59-00-000000000Z.parquet (Zeilen: 2059, Nautilus-Meta: ja). 2 alte Dateien gelöscht.
2026-05-21 16:53:03,112 [INFO] [DOGE.ETORO] Starte Kompaktierung von 4 Dateien...
2026-05-21 16:53:03,323 [INFO] [DOGE.ETORO] Erfolgreich kombiniert zu: 2023-08-29T00-00-00-000000000Z_2026-05-21T10-34-28-787708928Z.parquet (Zeilen: 186679, Nautilus-Meta: ja). 4 alte Dateien gelöscht.
2026-05-21 16:53:03,326 [INFO] [SQM.ETORO] Starte Kompaktierung von 2 Dateien...
2026-05-21 16:53:03,339 [INFO] [SQM.ETORO] Erfolgreich kombiniert zu: 2022-04-05T00-00-00-000000000Z_2026-05-20T19-59-00-000000000Z.parquet (Zeilen: 2059, Nautilus-Meta: ja). 2 alte Dateien gelöscht.
2026-05-21 16:53:03,339 [INFO] === Parquet Compaction Run Finished ===

