[2026-06-11 18:04:32] ❌ Worker HYPE.ETORO/SmaCrossoverStrategy: cannot import name 'emit_json_event' from 'automation.utils' (/home/user/etoro_nautilus/automation/utils.py)
concurrent.futures.process._RemoteTraceback: 
"""
Traceback (most recent call last):
  File "/usr/lib/python3.12/concurrent/futures/process.py", line 263, in _process_worker
    r = call_item.fn(*call_item.args, **call_item.kwargs)
        ^^^^^^^^^^^^^^^^^^^^^^^^^^^^^^^^^^^^^^^^^^^^^^^^^
  File "/home/user/etoro_nautilus/automation/backtest_runner.py", line 1719, in run_single_backtest_worker
    from automation.utils import emit_json_event
ImportError: cannot import name 'emit_json_event' from 'automation.utils' (/home/user/etoro_nautilus/automation/utils.py)
"""

The above exception was the direct cause of the following exception:

Traceback (most recent call last):
  File "/home/user/etoro_nautilus/automation/backtest_runner.py", line 2318, in run_backtest
    result = future.result()
             ^^^^^^^^^^^^^^^
  File "/usr/lib/python3.12/concurrent/futures/_base.py", line 449, in result
    return self.__get_result()
           ^^^^^^^^^^^^^^^^^^^
  File "/usr/lib/python3.12/concurrent/futures/_base.py", line 401, in __get_result
    raise self._exception
ImportError: cannot import name 'emit_json_event' from 'automation.utils' (/home/user/etoro_nautilus/automation/utils.py)

[2026-06-11 18:04:33] ❌ Worker HYPE.ETORO/FlashCrashReversalStrategy: cannot import name 'emit_json_event' from 'automation.utils' (/home/user/etoro_nautilus/automation/utils.py)
concurrent.futures.process._RemoteTraceback: 
"""
Traceback (most recent call last):
  File "/usr/lib/python3.12/concurrent/futures/process.py", line 263, in _process_worker
    r = call_item.fn(*call_item.args, **call_item.kwargs)
        ^^^^^^^^^^^^^^^^^^^^^^^^^^^^^^^^^^^^^^^^^^^^^^^^^
  File "/home/user/etoro_nautilus/automation/backtest_runner.py", line 1719, in run_single_backtest_worker
    from automation.utils import emit_json_event
ImportError: cannot import name 'emit_json_event' from 'automation.utils' (/home/user/etoro_nautilus/automation/utils.py)
"""

The above exception was the direct cause of the following exception:

Traceback (most recent call last):
  File "/home/user/etoro_nautilus/automation/backtest_runner.py", line 2318, in run_backtest
    result = future.result()
             ^^^^^^^^^^^^^^^
  File "/usr/lib/python3.12/concurrent/futures/_base.py", line 449, in result
    return self.__get_result()
           ^^^^^^^^^^^^^^^^^^^
  File "/usr/lib/python3.12/concurrent/futures/_base.py", line 401, in __get_result
    raise self._exception
ImportError: cannot import name 'emit_json_event' from 'automation.utils' (/home/user/etoro_nautilus/automation/utils.py)

[2026-06-11 18:04:33] ❌ Worker HYPE.ETORO/VolatilityBreakoutPumpStrategy: cannot import name 'emit_json_event' from 'automation.utils' (/home/user/etoro_nautilus/automation/utils.py)
concurrent.futures.process._RemoteTraceback: 
"""
Traceback (most recent call last):
  File "/usr/lib/python3.12/concurrent/futures/process.py", line 263, in _process_worker
    r = call_item.fn(*call_item.args, **call_item.kwargs)
        ^^^^^^^^^^^^^^^^^^^^^^^^^^^^^^^^^^^^^^^^^^^^^^^^^
  File "/home/user/etoro_nautilus/automation/backtest_runner.py", line 1719, in run_single_backtest_worker
    from automation.utils import emit_json_event
ImportError: cannot import name 'emit_json_event' from 'automation.utils' (/home/user/etoro_nautilus/automation/utils.py)
"""

The above exception was the direct cause of the following exception:

Traceback (most recent call last):
  File "/home/user/etoro_nautilus/automation/backtest_runner.py", line 2318, in run_backtest
    result = future.result()
             ^^^^^^^^^^^^^^^
  File "/usr/lib/python3.12/concurrent/futures/_base.py", line 449, in result
    return self.__get_result()
           ^^^^^^^^^^^^^^^^^^^
  File "/usr/lib/python3.12/concurrent/futures/_base.py", line 401, in __get_result
    raise self._exception
ImportError: cannot import name 'emit_json_event' from 'automation.utils' (/home/user/etoro_nautilus/automation/utils.py)

[2026-06-11 18:04:33] ❌ Worker HYPE.ETORO/ComboTrendVwapStrategy: cannot import name 'emit_json_event' from 'automation.utils' (/home/user/etoro_nautilus/automation/utils.py)
concurrent.futures.process._RemoteTraceback: 
"""
Traceback (most recent call last):
  File "/usr/lib/python3.12/concurrent/futures/process.py", line 263, in _process_worker
    r = call_item.fn(*call_item.args, **call_item.kwargs)
        ^^^^^^^^^^^^^^^^^^^^^^^^^^^^^^^^^^^^^^^^^^^^^^^^^
  File "/home/user/etoro_nautilus/automation/backtest_runner.py", line 1719, in run_single_backtest_worker
    from automation.utils import emit_json_event
ImportError: cannot import name 'emit_json_event' from 'automation.utils' (/home/user/etoro_nautilus/automation/utils.py)
"""

The above exception was the direct cause of the following exception:

Traceback (most recent call last):
  File "/home/user/etoro_nautilus/automation/backtest_runner.py", line 2318, in run_backtest
    result = future.result()
             ^^^^^^^^^^^^^^^
  File "/usr/lib/python3.12/concurrent/futures/_base.py", line 449, in result
    return self.__get_result()
           ^^^^^^^^^^^^^^^^^^^
  File "/usr/lib/python3.12/concurrent/futures/_base.py", line 401, in __get_result
    raise self._exception
ImportError: cannot import name 'emit_json_event' from 'automation.utils' (/home/user/etoro_nautilus/automation/utils.py)

[2026-06-11 18:04:33] ❌ Worker HYPE.ETORO/VwapExhaustionStrategy: cannot import name 'emit_json_event' from 'automation.utils' (/home/user/etoro_nautilus/automation/utils.py)
concurrent.futures.process._RemoteTraceback: 
"""
Traceback (most recent call last):
  File "/usr/lib/python3.12/concurrent/futures/process.py", line 263, in _process_worker
    r = call_item.fn(*call_item.args, **call_item.kwargs)
        ^^^^^^^^^^^^^^^^^^^^^^^^^^^^^^^^^^^^^^^^^^^^^^^^^
  File "/home/user/etoro_nautilus/automation/backtest_runner.py", line 1719, in run_single_backtest_worker
    from automation.utils import emit_json_event
ImportError: cannot import name 'emit_json_event' from 'automation.utils' (/home/user/etoro_nautilus/automation/utils.py)
"""

The above exception was the direct cause of the following exception:

Traceback (most recent call last):
  File "/home/user/etoro_nautilus/automation/backtest_runner.py", line 2318, in run_backtest
    result = future.result()
             ^^^^^^^^^^^^^^^
  File "/usr/lib/python3.12/concurrent/futures/_base.py", line 449, in result
    return self.__get_result()
           ^^^^^^^^^^^^^^^^^^^
  File "/usr/lib/python3.12/concurrent/futures/_base.py", line 401, in __get_result
    raise self._exception
ImportError: cannot import name 'emit_json_event' from 'automation.utils' (/home/user/etoro_nautilus/automation/utils.py)

[2026-06-11 18:04:33] ❌ Worker HYPE.ETORO/HourlyMeanReversionStrategy: cannot import name 'emit_json_event' from 'automation.utils' (/home/user/etoro_nautilus/automation/utils.py)
concurrent.futures.process._RemoteTraceback: 
"""
Traceback (most recent call last):
  File "/usr/lib/python3.12/concurrent/futures/process.py", line 263, in _process_worker
    r = call_item.fn(*call_item.args, **call_item.kwargs)
        ^^^^^^^^^^^^^^^^^^^^^^^^^^^^^^^^^^^^^^^^^^^^^^^^^
  File "/home/user/etoro_nautilus/automation/backtest_runner.py", line 1719, in run_single_backtest_worker
    from automation.utils import emit_json_event
ImportError: cannot import name 'emit_json_event' from 'automation.utils' (/home/user/etoro_nautilus/automation/utils.py)
"""

The above exception was the direct cause of the following exception:

Traceback (most recent call last):
  File "/home/user/etoro_nautilus/automation/backtest_runner.py", line 2318, in run_backtest
    result = future.result()
             ^^^^^^^^^^^^^^^
  File "/usr/lib/python3.12/concurrent/futures/_base.py", line 449, in result
    return self.__get_result()
           ^^^^^^^^^^^^^^^^^^^
  File "/usr/lib/python3.12/concurrent/futures/_base.py", line 401, in __get_result
    raise self._exception
ImportError: cannot import name 'emit_json_event' from 'automation.utils' (/home/user/etoro_nautilus/automation/utils.py)

