2026-05-26 16:27:28,828 [WARNING] Universe data is stale (fetched_at > 24 hours ago: 2026-05-16 07:02:04.610108+00:00)
2026-05-26 16:27:28,828 [WARNING] No tournament winner for CPRT.ETORO. Skipping.
2026-05-26 16:27:28,828 [WARNING] No tournament winner for CPRT.ETORO. Skipping.
2026-05-26 16:27:28,828 [WARNING] No tournament winner for CPRT.ETORO. Skipping.
2026-05-26 16:27:28,828 [WARNING] No tournament winner for CPRT.ETORO. Skipping.
2026-05-26 16:27:28,828 [WARNING] No tournament winner for CPRT.ETORO. Skipping.
2026-05-26 16:27:28,828 [WARNING] No tournament winner for CPRT.ETORO. Skipping.
2026-05-26 16:27:28,828 [WARNING] No tournament winner for CPRT.ETORO. Skipping.
2026-05-26 16:27:28,828 [WARNING] No tournament winner for CPRT.ETORO. Skipping.
2026-05-26 16:27:28,828 [WARNING] No tournament winner for CPRT.ETORO. Skipping.
2026-05-26 16:27:28,828 [WARNING] No tournament winner for CPRT.ETORO. Skipping.
2026-05-26 16:27:28,828 [WARNING] No tournament winner for CPRT.ETORO. Skipping.
2026-05-26 16:27:28,828 [WARNING] No tournament winner for CPRT.ETORO. Skipping.
2026-05-26 16:27:28,828 [WARNING] No tournament winner for CPRT.ETORO. Skipping.
2026-05-26 16:27:28,828 [WARNING] No tournament winner for CPRT.ETORO. Skipping.
2026-05-26 16:27:28,828 [WARNING] No tournament winner for CPRT.ETORO. Skipping.
2026-05-26 16:27:28,828 [WARNING] No tournament winner for WDAY.ETORO. Skipping.
2026-05-26 16:27:28,828 [WARNING] No tournament winner for WDAY.ETORO. Skipping.
2026-05-26 16:27:28,828 [WARNING] No tournament winner for WDAY.ETORO. Skipping.
2026-05-26 16:27:28,828 [WARNING] No tournament winner for WDAY.ETORO. Skipping.
2026-05-26 16:27:28,828 [WARNING] No tournament winner for WDAY.ETORO. Skipping.
2026-05-26 16:27:28,828 [WARNING] No tournament winner for FISV.ETORO. Skipping.
2026-05-26 16:27:28,828 [WARNING] No tournament winner for FISV.ETORO. Skipping.
2026-05-26 16:27:28,828 [WARNING] No tournament winner for FISV.ETORO. Skipping.
2026-05-26 16:27:28,828 [WARNING] No tournament winner for FISV.ETORO. Skipping.
2026-05-26 16:27:28,828 [WARNING] No tournament winner for FISV.ETORO. Skipping.
2026-05-26 16:27:28,829 [WARNING] No tournament winner for FISV.ETORO. Skipping.
2026-05-26 16:27:28,829 [WARNING] No tournament winner for FISV.ETORO. Skipping.
2026-05-26 16:27:28,829 [WARNING] No tournament winner for FISV.ETORO. Skipping.
2026-05-26 16:27:28,829 [WARNING] No tournament winner for FISV.ETORO. Skipping.
2026-05-26 16:27:28,829 [WARNING] No tournament winner for FISV.ETORO. Skipping.
2026-05-26 16:27:28,829 [WARNING] No tournament winner for FISV.ETORO. Skipping.
2026-05-26 16:27:28,829 [WARNING] No tournament winner for FISV.ETORO. Skipping.
2026-05-26 16:27:28,829 [WARNING] No tournament winner for FISV.ETORO. Skipping.
2026-05-26 16:27:28,829 [WARNING] No tournament winner for FISV.ETORO. Skipping.
2026-05-26 16:27:28,829 [WARNING] No tournament winner for FISV.ETORO. Skipping.
2026-05-26 16:27:28,829 [WARNING] No tournament winner for GOOGL.ETORO. Skipping.
2026-05-26 16:27:28,829 [WARNING] No tournament winner for GOOGL.ETORO. Skipping.
2026-05-26 16:27:28,829 [WARNING] No tournament winner for VLO.ETORO. Skipping.
2026-05-26 16:27:28,829 [WARNING] No tournament winner for VLO.ETORO. Skipping.
2026-05-26 16:27:28,829 [WARNING] No tournament winner for VLO.ETORO. Skipping.
2026-05-26 16:27:28,829 [WARNING] No tournament winner for VLO.ETORO. Skipping.
2026-05-26 16:27:28,829 [WARNING] No tournament winner for VLO.ETORO. Skipping.
2026-05-26 16:27:28,829 [WARNING] No tournament winner for VLO.ETORO. Skipping.
2026-05-26 16:27:28,829 [WARNING] No tournament winner for VLO.ETORO. Skipping.
2026-05-26 16:27:28,829 [WARNING] No tournament winner for VLO.ETORO. Skipping.
2026-05-26 16:27:28,829 [WARNING] No tournament winner for VLO.ETORO. Skipping.
2026-05-26 16:27:28,829 [WARNING] No tournament winner for VLO.ETORO. Skipping.
2026-05-26 16:27:28,829 [WARNING] No tournament winner for VLO.ETORO. Skipping.
2026-05-26 16:27:28,829 [WARNING] No tournament winner for VLO.ETORO. Skipping.
2026-05-26 16:27:28,829 [WARNING] No tournament winner for VLO.ETORO. Skipping.
2026-05-26 16:27:28,829 [WARNING] No tournament winner for VLO.ETORO. Skipping.
2026-05-26 16:27:28,829 [WARNING] No tournament winner for VLO.ETORO. Skipping.
2026-05-26 16:27:28,829 [WARNING] No tournament winner for VLO.ETORO. Skipping.
2026-05-26 16:27:28,829 [WARNING] No tournament winner for VLO.ETORO. Skipping.
2026-05-26 16:27:28,829 [WARNING] No tournament winner for VLO.ETORO. Skipping.
2026-05-26 16:27:28,829 [WARNING] No tournament winner for VLO.ETORO. Skipping.
2026-05-26 16:27:28,829 [WARNING] No tournament winner for VLO.ETORO. Skipping.
2026-05-26 16:27:28,829 [WARNING] No tournament winner for VLO.ETORO. Skipping.
2026-05-26 16:27:28,829 [WARNING] No tournament winner for VLO.ETORO. Skipping.
2026-05-26 16:27:28,829 [WARNING] No tournament winner for ESLT.ETORO. Skipping.
2026-05-26 16:27:28,829 [WARNING] No tournament winner for ESLT.ETORO. Skipping.
2026-05-26 16:27:28,829 [WARNING] No tournament winner for ESLT.ETORO. Skipping.
2026-05-26 16:27:28,829 [WARNING] No tournament winner for ESLT.ETORO. Skipping.
2026-05-26 16:27:28,829 [WARNING] No tournament winner for ESLT.ETORO. Skipping.
2026-05-26 16:27:28,829 [WARNING] No tournament winner for ESLT.ETORO. Skipping.
2026-05-26 16:27:28,829 [WARNING] No tournament winner for ESLT.ETORO. Skipping.
2026-05-26 16:27:28,830 [WARNING] No tournament winner for ESLT.ETORO. Skipping.
2026-05-26 16:27:28,830 [WARNING] No tournament winner for AG.ETORO. Skipping.
2026-05-26 16:27:28,830 [WARNING] No tournament winner for AG.ETORO. Skipping.
2026-05-26 16:27:28,830 [WARNING] No tournament winner for AG.ETORO. Skipping.
2026-05-26 16:27:28,830 [WARNING] No tournament winner for AG.ETORO. Skipping.
2026-05-26 16:27:28,830 [WARNING] No tournament winner for AG.ETORO. Skipping.
2026-05-26 16:27:28,830 [WARNING] No tournament winner for AG.ETORO. Skipping.
2026-05-26 16:27:28,830 [WARNING] No tournament winner for AG.ETORO. Skipping.
2026-05-26 16:27:28,830 [WARNING] No tournament winner for AG.ETORO. Skipping.
2026-05-26 16:27:28,830 [WARNING] No tournament winner for AG.ETORO. Skipping.
2026-05-26 16:27:28,830 [WARNING] No tournament winner for AG.ETORO. Skipping.
2026-05-26 16:27:28,830 [WARNING] No tournament winner for AG.ETORO. Skipping.
2026-05-26 16:27:28,830 [WARNING] No tournament winner for AG.ETORO. Skipping.
2026-05-26 16:27:28,830 [WARNING] No tournament winner for AG.ETORO. Skipping.
2026-05-26 16:27:28,830 [WARNING] No tournament winner for AG.ETORO. Skipping.
2026-05-26 16:27:28,830 [WARNING] No tournament winner for AG.ETORO. Skipping.
2026-05-26 16:27:28,830 [WARNING] No tournament winner for AG.ETORO. Skipping.
2026-05-26 16:27:28,830 [WARNING] No tournament winner for AG.ETORO. Skipping.
2026-05-26 16:27:28,830 [WARNING] No tournament winner for AG.ETORO. Skipping.
2026-05-26 16:27:28,830 [WARNING] No tournament winner for AG.ETORO. Skipping.
2026-05-26 16:27:28,830 [WARNING] No tournament winner for WBD.ETORO. Skipping.
2026-05-26 16:27:28,830 [WARNING] No tournament winner for WBD.ETORO. Skipping.
2026-05-26 16:27:28,830 [WARNING] No tournament winner for WBD.ETORO. Skipping.
2026-05-26 16:27:28,830 [WARNING] No tournament winner for WBD.ETORO. Skipping.
2026-05-26 16:27:28,830 [WARNING] No tournament winner for WBD.ETORO. Skipping.
2026-05-26 16:27:28,830 [WARNING] No tournament winner for WBD.ETORO. Skipping.
2026-05-26 16:27:28,830 [WARNING] No tournament winner for WBD.ETORO. Skipping.
2026-05-26 16:27:28,830 [WARNING] No tournament winner for WBD.ETORO. Skipping.
2026-05-26 16:27:28,830 [WARNING] No tournament winner for CAT.ETORO. Skipping.
2026-05-26 16:27:28,830 [WARNING] No tournament winner for CAT.ETORO. Skipping.
2026-05-26 16:27:28,830 [WARNING] No tournament winner for CAT.ETORO. Skipping.
2026-05-26 16:27:28,830 [WARNING] No tournament winner for CAT.ETORO. Skipping.
2026-05-26 16:27:28,830 [WARNING] No tournament winner for CAT.ETORO. Skipping.
2026-05-26 16:27:28,830 [WARNING] No tournament winner for CAT.ETORO. Skipping.
2026-05-26 16:27:28,830 [WARNING] No tournament winner for CAT.ETORO. Skipping.
2026-05-26 16:27:28,830 [WARNING] No tournament winner for CAT.ETORO. Skipping.
2026-05-26 16:27:28,830 [WARNING] No tournament winner for NOW.ETORO. Skipping.
2026-05-26 16:27:28,830 [WARNING] No tournament winner for NOW.ETORO. Skipping.
2026-05-26 16:27:28,830 [WARNING] No tournament winner for INSW.ETORO. Skipping.
2026-05-26 16:27:28,830 [WARNING] No tournament winner for INSW.ETORO. Skipping.
2026-05-26 16:27:28,830 [WARNING] No tournament winner for INSW.ETORO. Skipping.
2026-05-26 16:27:28,830 [WARNING] No tournament winner for INSW.ETORO. Skipping.
2026-05-26 16:27:28,830 [WARNING] No tournament winner for INSW.ETORO. Skipping.
2026-05-26 16:27:28,830 [WARNING] No tournament winner for INSW.ETORO. Skipping.
2026-05-26 16:27:28,831 [WARNING] No tournament winner for INSW.ETORO. Skipping.
2026-05-26 16:27:28,831 [WARNING] No tournament winner for INSW.ETORO. Skipping.
2026-05-26 16:27:28,831 [WARNING] No tournament winner for INSW.ETORO. Skipping.
2026-05-26 16:27:28,831 [WARNING] No tournament winner for INSW.ETORO. Skipping.
2026-05-26 16:27:28,831 [WARNING] No tournament winner for INSW.ETORO. Skipping.
2026-05-26 16:27:28,831 [WARNING] No tournament winner for INSW.ETORO. Skipping.
2026-05-26 16:27:28,831 [WARNING] No tournament winner for INSW.ETORO. Skipping.
2026-05-26 16:27:28,831 [WARNING] No tournament winner for INSW.ETORO. Skipping.
2026-05-26 16:27:28,831 [WARNING] No tournament winner for INSW.ETORO. Skipping.
2026-05-26 16:27:28,831 [WARNING] No tournament winner for INSW.ETORO. Skipping.
2026-05-26 16:27:28,831 [WARNING] No tournament winner for INSW.ETORO. Skipping.
2026-05-26 16:27:28,831 [WARNING] No tournament winner for INSW.ETORO. Skipping.
2026-05-26 16:27:28,831 [WARNING] No tournament winner for INSW.ETORO. Skipping.
2026-05-26 16:27:28,831 [WARNING] No tournament winner for INSW.ETORO. Skipping.
2026-05-26 16:27:28,831 [WARNING] No tournament winner for INSW.ETORO. Skipping.
2026-05-26 16:27:28,831 [WARNING] No tournament winner for INSW.ETORO. Skipping.
2026-05-26 16:27:28,831 [WARNING] No tournament winner for INSW.ETORO. Skipping.
2026-05-26 16:27:28,831 [WARNING] No tournament winner for INSW.ETORO. Skipping.
2026-05-26 16:27:28,831 [WARNING] No tournament winner for INSW.ETORO. Skipping.
2026-05-26 16:27:28,831 [WARNING] No tournament winner for INSW.ETORO. Skipping.
2026-05-26 16:27:28,831 [WARNING] No tournament winner for INSW.ETORO. Skipping.
2026-05-26 16:27:28,831 [WARNING] No tournament winner for INSW.ETORO. Skipping.
2026-05-26 16:27:28,831 [WARNING] No tournament winner for INSW.ETORO. Skipping.
2026-05-26 16:27:28,831 [WARNING] No tournament winner for INSW.ETORO. Skipping.
2026-05-26 16:27:28,831 [WARNING] No tournament winner for INSW.ETORO. Skipping.
2026-05-26 16:27:28,831 [WARNING] No tournament winner for INSW.ETORO. Skipping.
2026-05-26 16:27:28,831 [WARNING] No tournament winner for INSW.ETORO. Skipping.
2026-05-26 16:27:28,831 [WARNING] No tournament winner for INSW.ETORO. Skipping.
2026-05-26 16:27:28,831 [WARNING] No tournament winner for INSW.ETORO. Skipping.
2026-05-26 16:27:28,831 [WARNING] No tournament winner for INSW.ETORO. Skipping.
2026-05-26 16:27:28,831 [WARNING] No tournament winner for INSW.ETORO. Skipping.
2026-05-26 16:27:28,831 [WARNING] No tournament winner for INSW.ETORO. Skipping.
2026-05-26 16:27:28,831 [WARNING] No tournament winner for INSW.ETORO. Skipping.
2026-05-26 16:27:28,831 [WARNING] No tournament winner for INSW.ETORO. Skipping.
2026-05-26 16:27:28,831 [WARNING] No tournament winner for INSW.ETORO. Skipping.
2026-05-26 16:27:28,831 [WARNING] No tournament winner for INSW.ETORO. Skipping.
2026-05-26 16:27:28,831 [WARNING] No tournament winner for INSW.ETORO. Skipping.
2026-05-26 16:27:28,831 [WARNING] No tournament winner for INSW.ETORO. Skipping.
2026-05-26 16:27:28,831 [WARNING] No tournament winner for INSW.ETORO. Skipping.
2026-05-26 16:27:28,831 [WARNING] No tournament winner for INSW.ETORO. Skipping.
2026-05-26 16:27:28,831 [WARNING] No tournament winner for COHR.ETORO. Skipping.
2026-05-26 16:27:28,831 [WARNING] No tournament winner for COHR.ETORO. Skipping.
2026-05-26 16:27:28,831 [WARNING] No tournament winner for COHR.ETORO. Skipping.
2026-05-26 16:27:28,831 [WARNING] No tournament winner for COHR.ETORO. Skipping.
2026-05-26 16:27:28,832 [WARNING] No tournament winner for COHR.ETORO. Skipping.
2026-05-26 16:27:28,832 [WARNING] No tournament winner for COHR.ETORO. Skipping.
2026-05-26 16:27:28,832 [WARNING] No tournament winner for COHR.ETORO. Skipping.
2026-05-26 16:27:28,832 [WARNING] No tournament winner for COHR.ETORO. Skipping.
2026-05-26 16:27:28,832 [WARNING] No tournament winner for COHR.ETORO. Skipping.
2026-05-26 16:27:28,832 [WARNING] No tournament winner for COHR.ETORO. Skipping.
2026-05-26 16:27:28,832 [WARNING] No tournament winner for COHR.ETORO. Skipping.
2026-05-26 16:27:28,832 [WARNING] No tournament winner for COHR.ETORO. Skipping.
2026-05-26 16:27:28,832 [WARNING] No tournament winner for COHR.ETORO. Skipping.
2026-05-26 16:27:28,832 [WARNING] No tournament winner for COHR.ETORO. Skipping.
2026-05-26 16:27:28,832 [WARNING] No tournament winner for COHR.ETORO. Skipping.
2026-05-26 16:27:28,832 [WARNING] No tournament winner for COHR.ETORO. Skipping.
2026-05-26 16:27:28,832 [WARNING] No tournament winner for COHR.ETORO. Skipping.
2026-05-26 16:27:28,832 [WARNING] No tournament winner for CMG.ETORO. Skipping.
2026-05-26 16:27:28,832 [WARNING] No tournament winner for CMG.ETORO. Skipping.
2026-05-26 16:27:28,832 [WARNING] No tournament winner for CMG.ETORO. Skipping.
2026-05-26 16:27:28,832 [WARNING] No tournament winner for CMG.ETORO. Skipping.
2026-05-26 16:27:28,832 [WARNING] No tournament winner for CMG.ETORO. Skipping.
2026-05-26 16:27:28,832 [WARNING] No tournament winner for CMG.ETORO. Skipping.
2026-05-26 16:27:28,832 [WARNING] No tournament winner for CMG.ETORO. Skipping.
2026-05-26 16:27:28,832 [WARNING] No tournament winner for CMG.ETORO. Skipping.
2026-05-26 16:27:28,832 [WARNING] No tournament winner for CMG.ETORO. Skipping.
2026-05-26 16:27:28,832 [WARNING] No tournament winner for CMG.ETORO. Skipping.
2026-05-26 16:27:28,832 [WARNING] No tournament winner for CMG.ETORO. Skipping.
2026-05-26 16:27:28,832 [WARNING] No tournament winner for CMG.ETORO. Skipping.
2026-05-26 16:27:28,832 [WARNING] No tournament winner for CMG.ETORO. Skipping.
2026-05-26 16:27:28,832 [WARNING] No tournament winner for CMG.ETORO. Skipping.
2026-05-26 16:27:28,832 [WARNING] No tournament winner for CMG.ETORO. Skipping.
2026-05-26 16:27:28,832 [WARNING] No tournament winner for LRCX.ETORO. Skipping.
2026-05-26 16:27:28,832 [WARNING] No tournament winner for LRCX.ETORO. Skipping.
2026-05-26 16:27:28,832 [WARNING] No tournament winner for LRCX.ETORO. Skipping.
2026-05-26 16:27:28,832 [WARNING] No tournament winner for LRCX.ETORO. Skipping.
2026-05-26 16:27:28,832 [WARNING] No tournament winner for DUOL.ETORO. Skipping.
2026-05-26 16:27:28,832 [WARNING] No tournament winner for DUOL.ETORO. Skipping.
2026-05-26 16:27:28,832 [WARNING] No tournament winner for DUOL.ETORO. Skipping.
2026-05-26 16:27:28,832 [WARNING] No tournament winner for DUOL.ETORO. Skipping.
2026-05-26 16:27:28,832 [WARNING] No tournament winner for TTD.ETORO. Skipping.
2026-05-26 16:27:28,832 [WARNING] No tournament winner for TTD.ETORO. Skipping.
2026-05-26 16:27:28,832 [WARNING] No tournament winner for TTD.ETORO. Skipping.
2026-05-26 16:27:28,832 [WARNING] No tournament winner for TTD.ETORO. Skipping.
2026-05-26 16:27:28,832 [WARNING] No tournament winner for MTZ.ETORO. Skipping.
2026-05-26 16:27:28,832 [WARNING] No tournament winner for MTZ.ETORO. Skipping.
2026-05-26 16:27:28,832 [WARNING] No tournament winner for MTZ.ETORO. Skipping.
2026-05-26 16:27:28,832 [WARNING] No tournament winner for MTZ.ETORO. Skipping.
2026-05-26 16:27:28,832 [WARNING] No tournament winner for MTZ.ETORO. Skipping.
2026-05-26 16:27:28,832 [WARNING] No tournament winner for MTZ.ETORO. Skipping.
2026-05-26 16:27:28,833 [WARNING] No tournament winner for MTZ.ETORO. Skipping.
2026-05-26 16:27:28,833 [WARNING] No tournament winner for MTZ.ETORO. Skipping.
2026-05-26 16:27:28,833 [WARNING] No tournament winner for MTZ.ETORO. Skipping.
2026-05-26 16:27:28,833 [WARNING] No tournament winner for MTZ.ETORO. Skipping.
2026-05-26 16:27:28,833 [WARNING] No tournament winner for MTZ.ETORO. Skipping.
2026-05-26 16:27:28,833 [WARNING] No tournament winner for MTZ.ETORO. Skipping.
2026-05-26 16:27:28,833 [WARNING] No tournament winner for MTZ.ETORO. Skipping.
2026-05-26 16:27:28,833 [WARNING] No tournament winner for MTZ.ETORO. Skipping.
2026-05-26 16:27:28,833 [WARNING] No tournament winner for MTZ.ETORO. Skipping.
2026-05-26 16:27:28,833 [WARNING] No tournament winner for MTZ.ETORO. Skipping.
2026-05-26 16:27:28,833 [WARNING] No tournament winner for MTZ.ETORO. Skipping.
2026-05-26 16:27:28,833 [WARNING] No tournament winner for FICO.ETORO. Skipping.
2026-05-26 16:27:28,833 [WARNING] No tournament winner for FICO.ETORO. Skipping.
2026-05-26 16:27:28,833 [WARNING] No tournament winner for FICO.ETORO. Skipping.
2026-05-26 16:27:28,833 [WARNING] No tournament winner for FICO.ETORO. Skipping.
2026-05-26 16:27:28,833 [WARNING] No tournament winner for FICO.ETORO. Skipping.
2026-05-26 16:27:28,833 [WARNING] No tournament winner for FICO.ETORO. Skipping.
2026-05-26 16:27:28,833 [WARNING] No tournament winner for FICO.ETORO. Skipping.
2026-05-26 16:27:28,833 [WARNING] No tournament winner for FICO.ETORO. Skipping.
2026-05-26 16:27:28,833 [WARNING] No tournament winner for TTMI.ETORO. Skipping.
2026-05-26 16:27:28,833 [WARNING] No tournament winner for TTMI.ETORO. Skipping.
2026-05-26 16:27:28,833 [WARNING] No tournament winner for TTMI.ETORO. Skipping.
2026-05-26 16:27:28,833 [WARNING] No tournament winner for TTMI.ETORO. Skipping.
2026-05-26 16:27:28,833 [WARNING] No tournament winner for TTMI.ETORO. Skipping.
2026-05-26 16:27:28,833 [WARNING] No tournament winner for TTMI.ETORO. Skipping.
2026-05-26 16:27:28,833 [WARNING] No tournament winner for TTMI.ETORO. Skipping.
2026-05-26 16:27:28,833 [WARNING] No tournament winner for TTMI.ETORO. Skipping.
2026-05-26 16:27:28,833 [WARNING] No tournament winner for TTMI.ETORO. Skipping.
2026-05-26 16:27:28,833 [WARNING] No tournament winner for LULU.ETORO. Skipping.
2026-05-26 16:27:28,833 [WARNING] No tournament winner for LULU.ETORO. Skipping.
2026-05-26 16:27:28,833 [WARNING] No tournament winner for LULU.ETORO. Skipping.
2026-05-26 16:27:28,833 [WARNING] No tournament winner for LULU.ETORO. Skipping.
2026-05-26 16:27:28,833 [WARNING] No tournament winner for LULU.ETORO. Skipping.
2026-05-26 16:27:28,833 [WARNING] No tournament winner for LULU.ETORO. Skipping.
2026-05-26 16:27:28,833 [WARNING] No tournament winner for LULU.ETORO. Skipping.
2026-05-26 16:27:28,833 [WARNING] No tournament winner for MU.ETORO. Skipping.
2026-05-26 16:27:28,833 [WARNING] No tournament winner for HAL.ETORO. Skipping.
2026-05-26 16:27:28,833 [WARNING] No tournament winner for HAL.ETORO. Skipping.
2026-05-26 16:27:28,833 [WARNING] No tournament winner for HAL.ETORO. Skipping.
2026-05-26 16:27:28,833 [WARNING] No tournament winner for HAL.ETORO. Skipping.
2026-05-26 16:27:28,833 [WARNING] No tournament winner for HAL.ETORO. Skipping.
2026-05-26 16:27:28,833 [WARNING] No tournament winner for HAL.ETORO. Skipping.
2026-05-26 16:27:28,833 [WARNING] No tournament winner for HAL.ETORO. Skipping.
2026-05-26 16:27:28,833 [WARNING] No tournament winner for HAL.ETORO. Skipping.
2026-05-26 16:27:28,833 [WARNING] No tournament winner for HAL.ETORO. Skipping.
2026-05-26 16:27:28,834 [WARNING] No tournament winner for HAL.ETORO. Skipping.
2026-05-26 16:27:28,834 [WARNING] No tournament winner for HAL.ETORO. Skipping.
2026-05-26 16:27:28,834 [WARNING] No tournament winner for HAL.ETORO. Skipping.
2026-05-26 16:27:28,834 [WARNING] No tournament winner for HAL.ETORO. Skipping.
2026-05-26 16:27:28,834 [WARNING] No tournament winner for SE.ETORO. Skipping.
2026-05-26 16:27:28,834 [WARNING] No tournament winner for SE.ETORO. Skipping.
2026-05-26 16:27:28,834 [WARNING] No tournament winner for SE.ETORO. Skipping.
2026-05-26 16:27:28,834 [WARNING] No tournament winner for SE.ETORO. Skipping.
2026-05-26 16:27:28,834 [WARNING] No tournament winner for SE.ETORO. Skipping.
2026-05-26 16:27:28,834 [WARNING] No tournament winner for SE.ETORO. Skipping.
2026-05-26 16:27:28,834 [WARNING] No tournament winner for SE.ETORO. Skipping.
2026-05-26 16:27:28,834 [WARNING] No tournament winner for SE.ETORO. Skipping.
2026-05-26 16:27:28,834 [WARNING] No tournament winner for SE.ETORO. Skipping.
2026-05-26 16:27:28,834 [WARNING] No tournament winner for SE.ETORO. Skipping.
2026-05-26 16:27:28,834 [WARNING] No tournament winner for SE.ETORO. Skipping.
2026-05-26 16:27:28,834 [WARNING] No tournament winner for SE.ETORO. Skipping.
2026-05-26 16:27:28,834 [WARNING] No tournament winner for SE.ETORO. Skipping.
2026-05-26 16:27:28,834 [WARNING] No tournament winner for SE.ETORO. Skipping.
2026-05-26 16:27:28,834 [WARNING] No tournament winner for JNJ.ETORO. Skipping.
2026-05-26 16:27:28,834 [WARNING] No tournament winner for JNJ.ETORO. Skipping.
2026-05-26 16:27:28,834 [WARNING] No tournament winner for JNJ.ETORO. Skipping.
2026-05-26 16:27:28,834 [WARNING] No tournament winner for JNJ.ETORO. Skipping.
2026-05-26 16:27:28,834 [WARNING] No tournament winner for JNJ.ETORO. Skipping.
2026-05-26 16:27:28,834 [WARNING] No tournament winner for JNJ.ETORO. Skipping.
2026-05-26 16:27:28,834 [WARNING] No tournament winner for JNJ.ETORO. Skipping.
2026-05-26 16:27:28,834 [WARNING] No tournament winner for JNJ.ETORO. Skipping.
2026-05-26 16:27:28,834 [WARNING] No tournament winner for JNJ.ETORO. Skipping.
2026-05-26 16:27:28,834 [WARNING] No tournament winner for JNJ.ETORO. Skipping.
2026-05-26 16:27:28,834 [WARNING] No tournament winner for SQM.ETORO. Skipping.
2026-05-26 16:27:28,834 [WARNING] No tournament winner for SQM.ETORO. Skipping.
2026-05-26 16:27:28,834 [WARNING] No tournament winner for SQM.ETORO. Skipping.
2026-05-26 16:27:28,834 [WARNING] No tournament winner for SQM.ETORO. Skipping.
2026-05-26 16:27:28,834 [WARNING] No tournament winner for SQM.ETORO. Skipping.
2026-05-26 16:27:28,834 [WARNING] No tournament winner for SQM.ETORO. Skipping.
2026-05-26 16:27:28,834 [WARNING] No tournament winner for SQM.ETORO. Skipping.
2026-05-26 16:27:28,834 [WARNING] No tournament winner for SQM.ETORO. Skipping.
2026-05-26 16:27:28,834 [WARNING] No tournament winner for SQM.ETORO. Skipping.
2026-05-26 16:27:28,834 [WARNING] No tournament winner for SQM.ETORO. Skipping.
2026-05-26 16:27:28,834 [WARNING] No tournament winner for SQM.ETORO. Skipping.
2026-05-26 16:27:28,834 [WARNING] No tournament winner for SQM.ETORO. Skipping.
2026-05-26 16:27:28,834 [WARNING] No tournament winner for SQM.ETORO. Skipping.
2026-05-26 16:27:28,834 [WARNING] No tournament winner for SQM.ETORO. Skipping.
2026-05-26 16:27:28,834 [WARNING] No tournament winner for SQM.ETORO. Skipping.
2026-05-26 16:27:28,834 [WARNING] No tournament winner for SQM.ETORO. Skipping.
2026-05-26 16:27:28,835 [WARNING] No tournament winner for SQM.ETORO. Skipping.
2026-05-26 16:27:28,835 [WARNING] No tournament winner for SQM.ETORO. Skipping.
2026-05-26 16:27:28,835 [WARNING] No tournament winner for SQM.ETORO. Skipping.
2026-05-26 16:27:28,835 [WARNING] No tournament winner for MNDY.ETORO. Skipping.
2026-05-26 16:27:28,835 [WARNING] No tournament winner for MNDY.ETORO. Skipping.
2026-05-26 16:27:28,835 [WARNING] No tournament winner for MNDY.ETORO. Skipping.
2026-05-26 16:27:28,835 [WARNING] No tournament winner for MNDY.ETORO. Skipping.
2026-05-26 16:27:28,835 [WARNING] No tournament winner for MNDY.ETORO. Skipping.
2026-05-26 16:27:28,835 [WARNING] No tournament winner for GSAT.ETORO. Skipping.
2026-05-26 16:27:28,835 [WARNING] No tournament winner for GSAT.ETORO. Skipping.
2026-05-26 16:27:28,835 [WARNING] No tournament winner for GSAT.ETORO. Skipping.
2026-05-26 16:27:28,835 [WARNING] No tournament winner for GSAT.ETORO. Skipping.
2026-05-26 16:27:28,835 [WARNING] No tournament winner for GSAT.ETORO. Skipping.
2026-05-26 16:27:28,835 [WARNING] No tournament winner for GSAT.ETORO. Skipping.
2026-05-26 16:27:28,835 [WARNING] No tournament winner for GSAT.ETORO. Skipping.
2026-05-26 16:27:28,835 [WARNING] No tournament winner for GSAT.ETORO. Skipping.
2026-05-26 16:27:28,835 [WARNING] No tournament winner for GSAT.ETORO. Skipping.
2026-05-26 16:27:28,835 [WARNING] No tournament winner for GSAT.ETORO. Skipping.
2026-05-26 16:27:28,835 [WARNING] No tournament winner for GSAT.ETORO. Skipping.
2026-05-26 16:27:28,835 [WARNING] No tournament winner for GSAT.ETORO. Skipping.
2026-05-26 16:27:28,835 [WARNING] No tournament winner for GSAT.ETORO. Skipping.
2026-05-26 16:27:28,835 [WARNING] No tournament winner for GSAT.ETORO. Skipping.
2026-05-26 16:27:28,835 [WARNING] No tournament winner for GSAT.ETORO. Skipping.
2026-05-26 16:27:28,835 [WARNING] No tournament winner for GSAT.ETORO. Skipping.
2026-05-26 16:27:28,835 [WARNING] No tournament winner for GSAT.ETORO. Skipping.
2026-05-26 16:27:28,835 [WARNING] No tournament winner for VRT.ETORO. Skipping.
2026-05-26 16:27:28,835 [WARNING] No tournament winner for VRT.ETORO. Skipping.
2026-05-26 16:27:28,835 [WARNING] No tournament winner for VRT.ETORO. Skipping.
2026-05-26 16:27:28,835 [WARNING] No tournament winner for VRT.ETORO. Skipping.
2026-05-26 16:27:28,835 [WARNING] No tournament winner for VRT.ETORO. Skipping.
2026-05-26 16:27:28,835 [WARNING] No tournament winner for VRT.ETORO. Skipping.
2026-05-26 16:27:28,835 [WARNING] No tournament winner for VRT.ETORO. Skipping.
2026-05-26 16:27:28,835 [WARNING] No tournament winner for VRT.ETORO. Skipping.
2026-05-26 16:27:28,835 [WARNING] No tournament winner for VRT.ETORO. Skipping.
2026-05-26 16:27:28,835 [WARNING] No tournament winner for VRT.ETORO. Skipping.
2026-05-26 16:27:28,835 [WARNING] No tournament winner for CIEN.ETORO. Skipping.
2026-05-26 16:27:28,835 [WARNING] No tournament winner for CIEN.ETORO. Skipping.
2026-05-26 16:27:28,835 [WARNING] No tournament winner for CIEN.ETORO. Skipping.
2026-05-26 16:27:28,835 [WARNING] No tournament winner for CIEN.ETORO. Skipping.
2026-05-26 16:27:28,835 [WARNING] No tournament winner for CIEN.ETORO. Skipping.
2026-05-26 16:27:28,835 [WARNING] No tournament winner for CIEN.ETORO. Skipping.
2026-05-26 16:27:28,835 [WARNING] No tournament winner for CIEN.ETORO. Skipping.
2026-05-26 16:27:28,835 [WARNING] No tournament winner for CIEN.ETORO. Skipping.
2026-05-26 16:27:28,835 [WARNING] No tournament winner for POWL.ETORO. Skipping.
2026-05-26 16:27:28,835 [WARNING] No tournament winner for POWL.ETORO. Skipping.
2026-05-26 16:27:28,835 [WARNING] No tournament winner for POWL.ETORO. Skipping.
2026-05-26 16:27:28,836 [WARNING] No tournament winner for POWL.ETORO. Skipping.
2026-05-26 16:27:28,836 [WARNING] No tournament winner for POWL.ETORO. Skipping.
2026-05-26 16:27:28,836 [WARNING] No tournament winner for POWL.ETORO. Skipping.
2026-05-26 16:27:28,836 [WARNING] No tournament winner for POWL.ETORO. Skipping.
2026-05-26 16:27:28,836 [WARNING] No tournament winner for POWL.ETORO. Skipping.
2026-05-26 16:27:28,836 [WARNING] No tournament winner for POWL.ETORO. Skipping.
2026-05-26 16:27:28,836 [WARNING] No tournament winner for POWL.ETORO. Skipping.
2026-05-26 16:27:28,836 [WARNING] No tournament winner for POWL.ETORO. Skipping.
2026-05-26 16:27:28,836 [WARNING] No tournament winner for POWL.ETORO. Skipping.
2026-05-26 16:27:28,836 [WARNING] No tournament winner for CRM.ETORO. Skipping.
2026-05-26 16:27:28,836 [WARNING] No tournament winner for CRM.ETORO. Skipping.
2026-05-26 16:27:28,836 [WARNING] No tournament winner for WIX.ETORO. Skipping.
2026-05-26 16:27:28,836 [WARNING] No tournament winner for WIX.ETORO. Skipping.
2026-05-26 16:27:28,836 [WARNING] No tournament winner for WIX.ETORO. Skipping.
2026-05-26 16:27:28,836 [WARNING] No tournament winner for WIX.ETORO. Skipping.
2026-05-26 16:27:28,836 [WARNING] No tournament winner for WIX.ETORO. Skipping.
2026-05-26 16:27:28,836 [WARNING] No tournament winner for WDC.ETORO. Skipping.
2026-05-26 16:27:28,836 [WARNING] No tournament winner for WDC.ETORO. Skipping.
2026-05-26 16:27:28,836 [WARNING] No tournament winner for WDC.ETORO. Skipping.
2026-05-26 16:27:28,836 [WARNING] No tournament winner for SNAP.ETORO. Skipping.
2026-05-26 16:27:28,836 [WARNING] No tournament winner for PBR.ETORO. Skipping.
2026-05-26 16:27:28,836 [WARNING] No tournament winner for PBR.ETORO. Skipping.
2026-05-26 16:27:28,836 [WARNING] No tournament winner for PBR.ETORO. Skipping.
2026-05-26 16:27:28,836 [WARNING] No tournament winner for PBR.ETORO. Skipping.
2026-05-26 16:27:28,836 [WARNING] No tournament winner for TEAM.ETORO. Skipping.
2026-05-26 16:27:28,836 [WARNING] No tournament winner for TEAM.ETORO. Skipping.
2026-05-26 16:27:28,836 [WARNING] No tournament winner for TEAM.ETORO. Skipping.
2026-05-26 16:27:28,836 [WARNING] No tournament winner for TEAM.ETORO. Skipping.
2026-05-26 16:27:28,836 [WARNING] No tournament winner for TEAM.ETORO. Skipping.
2026-05-26 16:27:28,836 [WARNING] No tournament winner for TEAM.ETORO. Skipping.
2026-05-26 16:27:28,836 [WARNING] No tournament winner for TEAM.ETORO. Skipping.
2026-05-26 16:27:28,836 [WARNING] No tournament winner for TEAM.ETORO. Skipping.
2026-05-26 16:27:28,836 [WARNING] No tournament winner for TEAM.ETORO. Skipping.
2026-05-26 16:27:28,836 [WARNING] No tournament winner for TEAM.ETORO. Skipping.
2026-05-26 16:27:28,836 [WARNING] No tournament winner for E.ETORO. Skipping.
2026-05-26 16:27:28,836 [WARNING] No tournament winner for E.ETORO. Skipping.
2026-05-26 16:27:28,836 [WARNING] No tournament winner for E.ETORO. Skipping.
2026-05-26 16:27:28,836 [WARNING] No tournament winner for E.ETORO. Skipping.
2026-05-26 16:27:28,836 [WARNING] No tournament winner for E.ETORO. Skipping.
2026-05-26 16:27:28,837 [WARNING] No tournament winner for E.ETORO. Skipping.
2026-05-26 16:27:28,837 [WARNING] No tournament winner for E.ETORO. Skipping.
2026-05-26 16:27:28,837 [WARNING] No tournament winner for E.ETORO. Skipping.
2026-05-26 16:27:28,837 [WARNING] No tournament winner for E.ETORO. Skipping.
2026-05-26 16:27:28,837 [WARNING] No tournament winner for E.ETORO. Skipping.
2026-05-26 16:27:28,837 [WARNING] No tournament winner for E.ETORO. Skipping.
2026-05-26 16:27:28,837 [WARNING] No tournament winner for E.ETORO. Skipping.
2026-05-26 16:27:28,837 [WARNING] No tournament winner for E.ETORO. Skipping.
2026-05-26 16:27:28,837 [WARNING] No tournament winner for E.ETORO. Skipping.
2026-05-26 16:27:28,837 [WARNING] No tournament winner for E.ETORO. Skipping.
2026-05-26 16:27:28,837 [WARNING] No tournament winner for E.ETORO. Skipping.
2026-05-26 16:27:28,837 [WARNING] No tournament winner for E.ETORO. Skipping.
2026-05-26 16:27:28,837 [WARNING] No tournament winner for E.ETORO. Skipping.
2026-05-26 16:27:28,837 [WARNING] No tournament winner for E.ETORO. Skipping.
2026-05-26 16:27:28,837 [WARNING] No tournament winner for E.ETORO. Skipping.
2026-05-26 16:27:28,837 [WARNING] No tournament winner for E.ETORO. Skipping.
2026-05-26 16:27:28,837 [WARNING] No tournament winner for E.ETORO. Skipping.
2026-05-26 16:27:28,837 [WARNING] No tournament winner for E.ETORO. Skipping.
2026-05-26 16:27:28,837 [WARNING] No tournament winner for E.ETORO. Skipping.
2026-05-26 16:27:28,837 [WARNING] No tournament winner for E.ETORO. Skipping.
2026-05-26 16:27:28,837 [WARNING] No tournament winner for E.ETORO. Skipping.
2026-05-26 16:27:28,837 [WARNING] No tournament winner for E.ETORO. Skipping.
2026-05-26 16:27:28,837 [WARNING] No tournament winner for E.ETORO. Skipping.
2026-05-26 16:27:28,837 [WARNING] No tournament winner for E.ETORO. Skipping.
2026-05-26 16:27:28,837 [WARNING] No tournament winner for E.ETORO. Skipping.
2026-05-26 16:27:28,837 [WARNING] No tournament winner for E.ETORO. Skipping.
2026-05-26 16:27:28,837 [WARNING] No tournament winner for E.ETORO. Skipping.
2026-05-26 16:27:28,837 [WARNING] No tournament winner for E.ETORO. Skipping.
2026-05-26 16:27:28,837 [WARNING] No tournament winner for E.ETORO. Skipping.
2026-05-26 16:27:28,837 [WARNING] No tournament winner for E.ETORO. Skipping.
2026-05-26 16:27:28,837 [WARNING] No tournament winner for E.ETORO. Skipping.
2026-05-26 16:27:28,837 [WARNING] No tournament winner for E.ETORO. Skipping.
2026-05-26 16:27:28,837 [WARNING] No tournament winner for E.ETORO. Skipping.
2026-05-26 16:27:28,837 [WARNING] No tournament winner for E.ETORO. Skipping.
2026-05-26 16:27:28,837 [WARNING] No tournament winner for E.ETORO. Skipping.
2026-05-26 16:27:28,837 [WARNING] No tournament winner for E.ETORO. Skipping.
2026-05-26 16:27:28,837 [WARNING] No tournament winner for E.ETORO. Skipping.
2026-05-26 16:27:28,837 [WARNING] No tournament winner for E.ETORO. Skipping.
2026-05-26 16:27:28,837 [WARNING] No tournament winner for PINS.ETORO. Skipping.
2026-05-26 16:27:28,837 [WARNING] No tournament winner for PINS.ETORO. Skipping.
2026-05-26 16:27:28,837 [WARNING] No tournament winner for PINS.ETORO. Skipping.
2026-05-26 16:27:28,837 [WARNING] No tournament winner for PINS.ETORO. Skipping.
2026-05-26 16:27:28,837 [WARNING] No tournament winner for PINS.ETORO. Skipping.
2026-05-26 16:27:28,837 [WARNING] No tournament winner for PINS.ETORO. Skipping.
2026-05-26 16:27:28,838 [WARNING] No tournament winner for PINS.ETORO. Skipping.
2026-05-26 16:27:28,838 [WARNING] No tournament winner for GLW.ETORO. Skipping.
2026-05-26 16:27:28,838 [WARNING] No tournament winner for GLW.ETORO. Skipping.
2026-05-26 16:27:28,838 [WARNING] No tournament winner for GLW.ETORO. Skipping.
2026-05-26 16:27:28,838 [WARNING] No tournament winner for GLW.ETORO. Skipping.
2026-05-26 16:27:28,838 [WARNING] No tournament winner for GLW.ETORO. Skipping.
2026-05-26 16:27:28,838 [WARNING] No tournament winner for GLW.ETORO. Skipping.
2026-05-26 16:27:28,838 [WARNING] No tournament winner for GLW.ETORO. Skipping.
2026-05-26 16:27:28,838 [WARNING] No tournament winner for GLW.ETORO. Skipping.
2026-05-26 16:27:28,838 [WARNING] No tournament winner for GLW.ETORO. Skipping.
2026-05-26 16:27:28,838 [WARNING] No tournament winner for GLW.ETORO. Skipping.
2026-05-26 16:27:28,838 [WARNING] No tournament winner for GLW.ETORO. Skipping.
2026-05-26 16:27:28,838 [WARNING] No tournament winner for GLW.ETORO. Skipping.
2026-05-26 16:27:28,838 [WARNING] No tournament winner for GLW.ETORO. Skipping.
2026-05-26 16:27:28,838 [WARNING] No tournament winner for GLW.ETORO. Skipping.
2026-05-26 16:27:28,838 [WARNING] No tournament winner for GLW.ETORO. Skipping.
2026-05-26 16:27:28,838 [WARNING] No tournament winner for GLW.ETORO. Skipping.
2026-05-26 16:27:28,838 [WARNING] No tournament winner for GLW.ETORO. Skipping.
2026-05-26 16:27:28,838 [WARNING] No tournament winner for TSEM.ETORO. Skipping.
2026-05-26 16:27:28,838 [WARNING] No tournament winner for TSEM.ETORO. Skipping.
2026-05-26 16:27:28,838 [WARNING] No tournament winner for TSEM.ETORO. Skipping.
2026-05-26 16:27:28,838 [WARNING] No tournament winner for TSEM.ETORO. Skipping.
2026-05-26 16:27:28,838 [WARNING] No tournament winner for TSEM.ETORO. Skipping.
2026-05-26 16:27:28,838 [WARNING] No tournament winner for TSEM.ETORO. Skipping.
2026-05-26 16:27:28,838 [WARNING] No tournament winner for TSEM.ETORO. Skipping.
2026-05-26 16:27:28,838 [WARNING] No tournament winner for TSEM.ETORO. Skipping.
2026-05-26 16:27:28,838 [WARNING] No tournament winner for STX.US.ETORO. Skipping.
2026-05-26 16:27:28,838 [WARNING] No tournament winner for STX.US.ETORO. Skipping.
2026-05-26 16:27:28,838 [WARNING] No tournament winner for STX.US.ETORO. Skipping.
2026-05-26 16:27:28,838 [WARNING] No tournament winner for STX.US.ETORO. Skipping.
2026-05-26 16:27:28,838 [WARNING] No tournament winner for EEFT.ETORO. Skipping.
2026-05-26 16:27:28,838 [WARNING] No tournament winner for EEFT.ETORO. Skipping.
2026-05-26 16:27:28,838 [WARNING] No tournament winner for EEFT.ETORO. Skipping.
2026-05-26 16:27:28,838 [WARNING] No tournament winner for EEFT.ETORO. Skipping.
2026-05-26 16:27:28,838 [WARNING] No tournament winner for EEFT.ETORO. Skipping.
2026-05-26 16:27:28,838 [WARNING] No tournament winner for EEFT.ETORO. Skipping.
2026-05-26 16:27:28,838 [WARNING] No tournament winner for EEFT.ETORO. Skipping.
2026-05-26 16:27:28,838 [WARNING] No tournament winner for EEFT.ETORO. Skipping.
2026-05-26 16:27:28,838 [WARNING] No tournament winner for EEFT.ETORO. Skipping.
2026-05-26 16:27:28,838 [WARNING] No tournament winner for EEFT.ETORO. Skipping.
2026-05-26 16:27:28,838 [WARNING] No tournament winner for EEFT.ETORO. Skipping.
2026-05-26 16:27:28,838 [WARNING] No tournament winner for EEFT.ETORO. Skipping.
2026-05-26 16:27:28,838 [WARNING] No tournament winner for EEFT.ETORO. Skipping.
2026-05-26 16:27:28,838 [WARNING] No tournament winner for EEFT.ETORO. Skipping.
2026-05-26 16:27:28,838 [WARNING] No tournament winner for EEFT.ETORO. Skipping.
2026-05-26 16:27:28,839 [WARNING] No tournament winner for EEFT.ETORO. Skipping.
2026-05-26 16:27:28,839 [WARNING] No tournament winner for EEFT.ETORO. Skipping.
2026-05-26 16:27:28,839 [WARNING] No tournament winner for EEFT.ETORO. Skipping.
2026-05-26 16:27:28,839 [WARNING] No tournament winner for EEFT.ETORO. Skipping.
2026-05-26 16:27:28,839 [WARNING] No tournament winner for EEFT.ETORO. Skipping.
2026-05-26 16:27:28,839 [WARNING] No tournament winner for EEFT.ETORO. Skipping.
2026-05-26 16:27:28,839 [WARNING] No tournament winner for EEFT.ETORO. Skipping.
2026-05-26 16:27:28,839 [WARNING] No tournament winner for EEFT.ETORO. Skipping.
2026-05-26 16:27:28,839 [WARNING] No tournament winner for EEFT.ETORO. Skipping.
2026-05-26 16:27:28,839 [WARNING] No tournament winner for EEFT.ETORO. Skipping.
2026-05-26 16:27:28,839 [WARNING] No tournament winner for EEFT.ETORO. Skipping.
2026-05-26 16:27:28,839 [WARNING] No tournament winner for ACN.ETORO. Skipping.
2026-05-26 16:27:28,839 [WARNING] No tournament winner for ACN.ETORO. Skipping.
2026-05-26 16:27:28,839 [WARNING] No tournament winner for ACN.ETORO. Skipping.
2026-05-26 16:27:28,839 [WARNING] No tournament winner for GTLB.ETORO. Skipping.
2026-05-26 16:27:28,839 [WARNING] No tournament winner for GTLB.ETORO. Skipping.
2026-05-26 16:27:28,839 [WARNING] No tournament winner for GTLB.ETORO. Skipping.
2026-05-26 16:27:28,839 [WARNING] No tournament winner for GTLB.ETORO. Skipping.
2026-05-26 16:27:28,839 [WARNING] No tournament winner for GTLB.ETORO. Skipping.
2026-05-26 16:27:28,839 [WARNING] No tournament winner for ADBE.ETORO. Skipping.
2026-05-26 16:27:28,839 [WARNING] No tournament winner for ADBE.ETORO. Skipping.
2026-05-26 16:27:28,839 [WARNING] No tournament winner for ADBE.ETORO. Skipping.
2026-05-26 16:27:28,839 [WARNING] No tournament winner for CHTR.ETORO. Skipping.
2026-05-26 16:27:28,839 [WARNING] No tournament winner for CHTR.ETORO. Skipping.
2026-05-26 16:27:28,839 [WARNING] No tournament winner for CHTR.ETORO. Skipping.
2026-05-26 16:27:28,839 [WARNING] No tournament winner for CHTR.ETORO. Skipping.
2026-05-26 16:27:28,839 [WARNING] No tournament winner for CHTR.ETORO. Skipping.
2026-05-26 16:27:28,839 [WARNING] No tournament winner for CHTR.ETORO. Skipping.
2026-05-26 16:27:28,839 [WARNING] No tournament winner for CHTR.ETORO. Skipping.
2026-05-26 16:27:28,839 [WARNING] No tournament winner for CHTR.ETORO. Skipping.
2026-05-26 16:27:28,839 [WARNING] No tournament winner for CHTR.ETORO. Skipping.
2026-05-26 16:27:28,839 [WARNING] No tournament winner for DOCU.ETORO. Skipping.
2026-05-26 16:27:28,839 [WARNING] No tournament winner for DOCU.ETORO. Skipping.
2026-05-26 16:27:28,839 [WARNING] No tournament winner for DOCU.ETORO. Skipping.
2026-05-26 16:27:28,839 [WARNING] No tournament winner for DOCU.ETORO. Skipping.
2026-05-26 16:27:28,839 [WARNING] No tournament winner for HUBS.ETORO. Skipping.
2026-05-26 16:27:28,839 [WARNING] No tournament winner for HUBS.ETORO. Skipping.
2026-05-26 16:27:28,839 [WARNING] No tournament winner for HUBS.ETORO. Skipping.
2026-05-26 16:27:28,839 [WARNING] No tournament winner for HUBS.ETORO. Skipping.
2026-05-26 16:27:28,839 [WARNING] No tournament winner for HUBS.ETORO. Skipping.
2026-05-26 16:27:28,839 [WARNING] No tournament winner for HUBS.ETORO. Skipping.
2026-05-26 16:27:28,839 [WARNING] No tournament winner for HUBS.ETORO. Skipping.
2026-05-26 16:27:28,839 [WARNING] No tournament winner for HUBS.ETORO. Skipping.
2026-05-26 16:27:28,839 [WARNING] No tournament winner for HUBS.ETORO. Skipping.
2026-05-26 16:27:28,840 [WARNING] No tournament winner for HUBS.ETORO. Skipping.
2026-05-26 16:27:28,840 [WARNING] No tournament winner for HUBS.ETORO. Skipping.
2026-05-26 16:27:28,840 [WARNING] No tournament winner for HUBS.ETORO. Skipping.
2026-05-26 16:27:28,840 [WARNING] No tournament winner for HUBS.ETORO. Skipping.
2026-05-26 16:27:28,840 [WARNING] No tournament winner for HUBS.ETORO. Skipping.
2026-05-26 16:27:28,840 [WARNING] No tournament winner for HUBS.ETORO. Skipping.
2026-05-26 16:27:28,840 [WARNING] No tournament winner for HUBS.ETORO. Skipping.
2026-05-26 16:27:28,840 [WARNING] No tournament winner for HUBS.ETORO. Skipping.
2026-05-26 16:27:28,840 [WARNING] No tournament winner for HUBS.ETORO. Skipping.
2026-05-26 16:27:28,840 [WARNING] No tournament winner for ZS.ETORO. Skipping.
2026-05-26 16:27:28,840 [WARNING] No tournament winner for ZS.ETORO. Skipping.
2026-05-26 16:27:28,840 [WARNING] No tournament winner for ZS.ETORO. Skipping.
2026-05-26 16:27:28,840 [WARNING] No tournament winner for ZS.ETORO. Skipping.
2026-05-26 16:27:28,840 [WARNING] No tournament winner for ZS.ETORO. Skipping.
2026-05-26 16:27:28,840 [WARNING] No tournament winner for ZS.ETORO. Skipping.
2026-05-26 16:27:28,840 [WARNING] No tournament winner for ZS.ETORO. Skipping.
2026-05-26 16:27:28,840 [WARNING] No tournament winner for ZS.ETORO. Skipping.
2026-05-26 16:27:28,840 [WARNING] No tournament winner for ZS.ETORO. Skipping.
2026-05-26 16:27:28,840 [ERROR] No valid symbols to trade after cross-referencing universe and tournament.
