2026-05-29 18:57:41,841 [WARNING] Universe data is stale (fetched_at > 24 hours ago: 2026-05-16 07:02:04.610108+00:00)
2026-05-29 18:57:41,841 [WARNING] No tournament winner for CPRT.ETORO. Skipping.
2026-05-29 18:57:41,841 [WARNING] No tournament winner for CPRT.ETORO. Skipping.
2026-05-29 18:57:41,841 [WARNING] No tournament winner for CPRT.ETORO. Skipping.
2026-05-29 18:57:41,842 [WARNING] No tournament winner for CPRT.ETORO. Skipping.
2026-05-29 18:57:41,842 [WARNING] No tournament winner for CPRT.ETORO. Skipping.
2026-05-29 18:57:41,842 [WARNING] No tournament winner for CPRT.ETORO. Skipping.
2026-05-29 18:57:41,842 [WARNING] No tournament winner for CPRT.ETORO. Skipping.
2026-05-29 18:57:41,842 [WARNING] No tournament winner for CPRT.ETORO. Skipping.
2026-05-29 18:57:41,842 [WARNING] No tournament winner for CPRT.ETORO. Skipping.
2026-05-29 18:57:41,842 [WARNING] No tournament winner for CPRT.ETORO. Skipping.
2026-05-29 18:57:41,842 [WARNING] No tournament winner for CPRT.ETORO. Skipping.
2026-05-29 18:57:41,842 [WARNING] No tournament winner for CPRT.ETORO. Skipping.
2026-05-29 18:57:41,842 [WARNING] No tournament winner for CPRT.ETORO. Skipping.
2026-05-29 18:57:41,842 [WARNING] No tournament winner for CPRT.ETORO. Skipping.
2026-05-29 18:57:41,842 [WARNING] No tournament winner for CPRT.ETORO. Skipping.
2026-05-29 18:57:41,842 [WARNING] No tournament winner for WDAY.ETORO. Skipping.
2026-05-29 18:57:41,842 [WARNING] No tournament winner for WDAY.ETORO. Skipping.
2026-05-29 18:57:41,842 [WARNING] No tournament winner for WDAY.ETORO. Skipping.
2026-05-29 18:57:41,842 [WARNING] No tournament winner for WDAY.ETORO. Skipping.
2026-05-29 18:57:41,842 [WARNING] No tournament winner for WDAY.ETORO. Skipping.
2026-05-29 18:57:41,842 [WARNING] No tournament winner for FISV.ETORO. Skipping.
2026-05-29 18:57:41,842 [WARNING] No tournament winner for FISV.ETORO. Skipping.
2026-05-29 18:57:41,842 [WARNING] No tournament winner for FISV.ETORO. Skipping.
2026-05-29 18:57:41,842 [WARNING] No tournament winner for FISV.ETORO. Skipping.
2026-05-29 18:57:41,842 [WARNING] No tournament winner for FISV.ETORO. Skipping.
2026-05-29 18:57:41,842 [WARNING] No tournament winner for FISV.ETORO. Skipping.
2026-05-29 18:57:41,842 [WARNING] No tournament winner for FISV.ETORO. Skipping.
2026-05-29 18:57:41,842 [WARNING] No tournament winner for FISV.ETORO. Skipping.
2026-05-29 18:57:41,842 [WARNING] No tournament winner for FISV.ETORO. Skipping.
2026-05-29 18:57:41,842 [WARNING] No tournament winner for FISV.ETORO. Skipping.
2026-05-29 18:57:41,842 [WARNING] No tournament winner for FISV.ETORO. Skipping.
2026-05-29 18:57:41,842 [WARNING] No tournament winner for FISV.ETORO. Skipping.
2026-05-29 18:57:41,842 [WARNING] No tournament winner for FISV.ETORO. Skipping.
2026-05-29 18:57:41,842 [WARNING] No tournament winner for FISV.ETORO. Skipping.
2026-05-29 18:57:41,842 [WARNING] No tournament winner for FISV.ETORO. Skipping.
2026-05-29 18:57:41,842 [WARNING] No tournament winner for GOOGL.ETORO. Skipping.
2026-05-29 18:57:41,842 [WARNING] No tournament winner for GOOGL.ETORO. Skipping.
2026-05-29 18:57:41,842 [WARNING] No tournament winner for VLO.ETORO. Skipping.
2026-05-29 18:57:41,842 [WARNING] No tournament winner for VLO.ETORO. Skipping.
2026-05-29 18:57:41,842 [WARNING] No tournament winner for VLO.ETORO. Skipping.
2026-05-29 18:57:41,842 [WARNING] No tournament winner for VLO.ETORO. Skipping.
2026-05-29 18:57:41,842 [WARNING] No tournament winner for VLO.ETORO. Skipping.
2026-05-29 18:57:41,842 [WARNING] No tournament winner for VLO.ETORO. Skipping.
2026-05-29 18:57:41,842 [WARNING] No tournament winner for VLO.ETORO. Skipping.
2026-05-29 18:57:41,842 [WARNING] No tournament winner for VLO.ETORO. Skipping.
2026-05-29 18:57:41,842 [WARNING] No tournament winner for VLO.ETORO. Skipping.
2026-05-29 18:57:41,842 [WARNING] No tournament winner for VLO.ETORO. Skipping.
2026-05-29 18:57:41,842 [WARNING] No tournament winner for VLO.ETORO. Skipping.
2026-05-29 18:57:41,842 [WARNING] No tournament winner for VLO.ETORO. Skipping.
2026-05-29 18:57:41,842 [WARNING] No tournament winner for VLO.ETORO. Skipping.
2026-05-29 18:57:41,842 [WARNING] No tournament winner for VLO.ETORO. Skipping.
2026-05-29 18:57:41,842 [WARNING] No tournament winner for VLO.ETORO. Skipping.
2026-05-29 18:57:41,842 [WARNING] No tournament winner for VLO.ETORO. Skipping.
2026-05-29 18:57:41,842 [WARNING] No tournament winner for VLO.ETORO. Skipping.
2026-05-29 18:57:41,842 [WARNING] No tournament winner for VLO.ETORO. Skipping.
2026-05-29 18:57:41,842 [WARNING] No tournament winner for VLO.ETORO. Skipping.
2026-05-29 18:57:41,842 [WARNING] No tournament winner for VLO.ETORO. Skipping.
2026-05-29 18:57:41,842 [WARNING] No tournament winner for VLO.ETORO. Skipping.
2026-05-29 18:57:41,842 [WARNING] No tournament winner for VLO.ETORO. Skipping.
2026-05-29 18:57:41,842 [WARNING] No tournament winner for ESLT.ETORO. Skipping.
2026-05-29 18:57:41,842 [WARNING] No tournament winner for ESLT.ETORO. Skipping.
2026-05-29 18:57:41,842 [WARNING] No tournament winner for ESLT.ETORO. Skipping.
2026-05-29 18:57:41,842 [WARNING] No tournament winner for ESLT.ETORO. Skipping.
2026-05-29 18:57:41,842 [WARNING] No tournament winner for ESLT.ETORO. Skipping.
2026-05-29 18:57:41,842 [WARNING] No tournament winner for ESLT.ETORO. Skipping.
2026-05-29 18:57:41,842 [WARNING] No tournament winner for ESLT.ETORO. Skipping.
2026-05-29 18:57:41,843 [WARNING] No tournament winner for ESLT.ETORO. Skipping.
2026-05-29 18:57:41,843 [WARNING] No tournament winner for AG.ETORO. Skipping.
2026-05-29 18:57:41,843 [WARNING] No tournament winner for AG.ETORO. Skipping.
2026-05-29 18:57:41,843 [WARNING] No tournament winner for AG.ETORO. Skipping.
2026-05-29 18:57:41,843 [WARNING] No tournament winner for AG.ETORO. Skipping.
2026-05-29 18:57:41,843 [WARNING] No tournament winner for AG.ETORO. Skipping.
2026-05-29 18:57:41,843 [WARNING] No tournament winner for AG.ETORO. Skipping.
2026-05-29 18:57:41,843 [WARNING] No tournament winner for AG.ETORO. Skipping.
2026-05-29 18:57:41,843 [WARNING] No tournament winner for AG.ETORO. Skipping.
2026-05-29 18:57:41,843 [WARNING] No tournament winner for AG.ETORO. Skipping.
2026-05-29 18:57:41,843 [WARNING] No tournament winner for AG.ETORO. Skipping.
2026-05-29 18:57:41,843 [WARNING] No tournament winner for AG.ETORO. Skipping.
2026-05-29 18:57:41,843 [WARNING] No tournament winner for AG.ETORO. Skipping.
2026-05-29 18:57:41,843 [WARNING] No tournament winner for AG.ETORO. Skipping.
2026-05-29 18:57:41,843 [WARNING] No tournament winner for AG.ETORO. Skipping.
2026-05-29 18:57:41,843 [WARNING] No tournament winner for AG.ETORO. Skipping.
2026-05-29 18:57:41,843 [WARNING] No tournament winner for AG.ETORO. Skipping.
2026-05-29 18:57:41,843 [WARNING] No tournament winner for AG.ETORO. Skipping.
2026-05-29 18:57:41,843 [WARNING] No tournament winner for AG.ETORO. Skipping.
2026-05-29 18:57:41,843 [WARNING] No tournament winner for AG.ETORO. Skipping.
2026-05-29 18:57:41,843 [WARNING] No tournament winner for WBD.ETORO. Skipping.
2026-05-29 18:57:41,843 [WARNING] No tournament winner for WBD.ETORO. Skipping.
2026-05-29 18:57:41,843 [WARNING] No tournament winner for WBD.ETORO. Skipping.
2026-05-29 18:57:41,843 [WARNING] No tournament winner for WBD.ETORO. Skipping.
2026-05-29 18:57:41,843 [WARNING] No tournament winner for WBD.ETORO. Skipping.
2026-05-29 18:57:41,843 [WARNING] No tournament winner for WBD.ETORO. Skipping.
2026-05-29 18:57:41,843 [WARNING] No tournament winner for WBD.ETORO. Skipping.
2026-05-29 18:57:41,843 [WARNING] No tournament winner for WBD.ETORO. Skipping.
2026-05-29 18:57:41,843 [WARNING] No tournament winner for CAT.ETORO. Skipping.
2026-05-29 18:57:41,843 [WARNING] No tournament winner for CAT.ETORO. Skipping.
2026-05-29 18:57:41,843 [WARNING] No tournament winner for CAT.ETORO. Skipping.
2026-05-29 18:57:41,843 [WARNING] No tournament winner for CAT.ETORO. Skipping.
2026-05-29 18:57:41,843 [WARNING] No tournament winner for CAT.ETORO. Skipping.
2026-05-29 18:57:41,843 [WARNING] No tournament winner for CAT.ETORO. Skipping.
2026-05-29 18:57:41,843 [WARNING] No tournament winner for CAT.ETORO. Skipping.
2026-05-29 18:57:41,843 [WARNING] No tournament winner for CAT.ETORO. Skipping.
2026-05-29 18:57:41,843 [WARNING] No tournament winner for NOW.ETORO. Skipping.
2026-05-29 18:57:41,843 [WARNING] No tournament winner for NOW.ETORO. Skipping.
2026-05-29 18:57:41,843 [WARNING] No tournament winner for INSW.ETORO. Skipping.
2026-05-29 18:57:41,843 [WARNING] No tournament winner for INSW.ETORO. Skipping.
2026-05-29 18:57:41,843 [WARNING] No tournament winner for INSW.ETORO. Skipping.
2026-05-29 18:57:41,843 [WARNING] No tournament winner for INSW.ETORO. Skipping.
2026-05-29 18:57:41,843 [WARNING] No tournament winner for INSW.ETORO. Skipping.
2026-05-29 18:57:41,843 [WARNING] No tournament winner for INSW.ETORO. Skipping.
2026-05-29 18:57:41,843 [WARNING] No tournament winner for INSW.ETORO. Skipping.
2026-05-29 18:57:41,843 [WARNING] No tournament winner for INSW.ETORO. Skipping.
2026-05-29 18:57:41,843 [WARNING] No tournament winner for INSW.ETORO. Skipping.
2026-05-29 18:57:41,843 [WARNING] No tournament winner for INSW.ETORO. Skipping.
2026-05-29 18:57:41,843 [WARNING] No tournament winner for INSW.ETORO. Skipping.
2026-05-29 18:57:41,843 [WARNING] No tournament winner for INSW.ETORO. Skipping.
2026-05-29 18:57:41,843 [WARNING] No tournament winner for INSW.ETORO. Skipping.
2026-05-29 18:57:41,843 [WARNING] No tournament winner for INSW.ETORO. Skipping.
2026-05-29 18:57:41,843 [WARNING] No tournament winner for INSW.ETORO. Skipping.
2026-05-29 18:57:41,843 [WARNING] No tournament winner for INSW.ETORO. Skipping.
2026-05-29 18:57:41,843 [WARNING] No tournament winner for INSW.ETORO. Skipping.
2026-05-29 18:57:41,843 [WARNING] No tournament winner for INSW.ETORO. Skipping.
2026-05-29 18:57:41,843 [WARNING] No tournament winner for INSW.ETORO. Skipping.
2026-05-29 18:57:41,843 [WARNING] No tournament winner for INSW.ETORO. Skipping.
2026-05-29 18:57:41,843 [WARNING] No tournament winner for INSW.ETORO. Skipping.
2026-05-29 18:57:41,843 [WARNING] No tournament winner for INSW.ETORO. Skipping.
2026-05-29 18:57:41,843 [WARNING] No tournament winner for INSW.ETORO. Skipping.
2026-05-29 18:57:41,843 [WARNING] No tournament winner for INSW.ETORO. Skipping.
2026-05-29 18:57:41,843 [WARNING] No tournament winner for INSW.ETORO. Skipping.
2026-05-29 18:57:41,843 [WARNING] No tournament winner for INSW.ETORO. Skipping.
2026-05-29 18:57:41,843 [WARNING] No tournament winner for INSW.ETORO. Skipping.
2026-05-29 18:57:41,843 [WARNING] No tournament winner for INSW.ETORO. Skipping.
2026-05-29 18:57:41,843 [WARNING] No tournament winner for INSW.ETORO. Skipping.
2026-05-29 18:57:41,843 [WARNING] No tournament winner for INSW.ETORO. Skipping.
2026-05-29 18:57:41,843 [WARNING] No tournament winner for INSW.ETORO. Skipping.
2026-05-29 18:57:41,843 [WARNING] No tournament winner for INSW.ETORO. Skipping.
2026-05-29 18:57:41,843 [WARNING] No tournament winner for INSW.ETORO. Skipping.
2026-05-29 18:57:41,843 [WARNING] No tournament winner for INSW.ETORO. Skipping.
2026-05-29 18:57:41,843 [WARNING] No tournament winner for INSW.ETORO. Skipping.
2026-05-29 18:57:41,843 [WARNING] No tournament winner for INSW.ETORO. Skipping.
2026-05-29 18:57:41,843 [WARNING] No tournament winner for INSW.ETORO. Skipping.
2026-05-29 18:57:41,843 [WARNING] No tournament winner for INSW.ETORO. Skipping.
2026-05-29 18:57:41,843 [WARNING] No tournament winner for INSW.ETORO. Skipping.
2026-05-29 18:57:41,843 [WARNING] No tournament winner for INSW.ETORO. Skipping.
2026-05-29 18:57:41,843 [WARNING] No tournament winner for INSW.ETORO. Skipping.
2026-05-29 18:57:41,843 [WARNING] No tournament winner for INSW.ETORO. Skipping.
2026-05-29 18:57:41,843 [WARNING] No tournament winner for INSW.ETORO. Skipping.
2026-05-29 18:57:41,843 [WARNING] No tournament winner for INSW.ETORO. Skipping.
2026-05-29 18:57:41,843 [WARNING] No tournament winner for INSW.ETORO. Skipping.
2026-05-29 18:57:41,843 [WARNING] No tournament winner for INSW.ETORO. Skipping.
2026-05-29 18:57:41,843 [WARNING] No tournament winner for COHR.ETORO. Skipping.
2026-05-29 18:57:41,843 [WARNING] No tournament winner for COHR.ETORO. Skipping.
2026-05-29 18:57:41,843 [WARNING] No tournament winner for COHR.ETORO. Skipping.
2026-05-29 18:57:41,843 [WARNING] No tournament winner for COHR.ETORO. Skipping.
2026-05-29 18:57:41,843 [WARNING] No tournament winner for COHR.ETORO. Skipping.
2026-05-29 18:57:41,843 [WARNING] No tournament winner for COHR.ETORO. Skipping.
2026-05-29 18:57:41,843 [WARNING] No tournament winner for COHR.ETORO. Skipping.
2026-05-29 18:57:41,843 [WARNING] No tournament winner for COHR.ETORO. Skipping.
2026-05-29 18:57:41,843 [WARNING] No tournament winner for COHR.ETORO. Skipping.
2026-05-29 18:57:41,843 [WARNING] No tournament winner for COHR.ETORO. Skipping.
2026-05-29 18:57:41,843 [WARNING] No tournament winner for COHR.ETORO. Skipping.
2026-05-29 18:57:41,843 [WARNING] No tournament winner for COHR.ETORO. Skipping.
2026-05-29 18:57:41,843 [WARNING] No tournament winner for COHR.ETORO. Skipping.
2026-05-29 18:57:41,843 [WARNING] No tournament winner for COHR.ETORO. Skipping.
2026-05-29 18:57:41,843 [WARNING] No tournament winner for COHR.ETORO. Skipping.
2026-05-29 18:57:41,843 [WARNING] No tournament winner for COHR.ETORO. Skipping.
2026-05-29 18:57:41,843 [WARNING] No tournament winner for COHR.ETORO. Skipping.
2026-05-29 18:57:41,843 [WARNING] No tournament winner for CMG.ETORO. Skipping.
2026-05-29 18:57:41,843 [WARNING] No tournament winner for CMG.ETORO. Skipping.
2026-05-29 18:57:41,843 [WARNING] No tournament winner for CMG.ETORO. Skipping.
2026-05-29 18:57:41,843 [WARNING] No tournament winner for CMG.ETORO. Skipping.
2026-05-29 18:57:41,843 [WARNING] No tournament winner for CMG.ETORO. Skipping.
2026-05-29 18:57:41,843 [WARNING] No tournament winner for CMG.ETORO. Skipping.
2026-05-29 18:57:41,843 [WARNING] No tournament winner for CMG.ETORO. Skipping.
2026-05-29 18:57:41,843 [WARNING] No tournament winner for CMG.ETORO. Skipping.
2026-05-29 18:57:41,843 [WARNING] No tournament winner for CMG.ETORO. Skipping.
2026-05-29 18:57:41,843 [WARNING] No tournament winner for CMG.ETORO. Skipping.
2026-05-29 18:57:41,843 [WARNING] No tournament winner for CMG.ETORO. Skipping.
2026-05-29 18:57:41,843 [WARNING] No tournament winner for CMG.ETORO. Skipping.
2026-05-29 18:57:41,843 [WARNING] No tournament winner for CMG.ETORO. Skipping.
2026-05-29 18:57:41,843 [WARNING] No tournament winner for CMG.ETORO. Skipping.
2026-05-29 18:57:41,843 [WARNING] No tournament winner for CMG.ETORO. Skipping.
2026-05-29 18:57:41,843 [WARNING] No tournament winner for LRCX.ETORO. Skipping.
2026-05-29 18:57:41,843 [WARNING] No tournament winner for LRCX.ETORO. Skipping.
2026-05-29 18:57:41,843 [WARNING] No tournament winner for LRCX.ETORO. Skipping.
2026-05-29 18:57:41,843 [WARNING] No tournament winner for LRCX.ETORO. Skipping.
2026-05-29 18:57:41,843 [WARNING] No tournament winner for DUOL.ETORO. Skipping.
2026-05-29 18:57:41,843 [WARNING] No tournament winner for DUOL.ETORO. Skipping.
2026-05-29 18:57:41,843 [WARNING] No tournament winner for DUOL.ETORO. Skipping.
2026-05-29 18:57:41,843 [WARNING] No tournament winner for DUOL.ETORO. Skipping.
2026-05-29 18:57:41,843 [WARNING] No tournament winner for TTD.ETORO. Skipping.
2026-05-29 18:57:41,843 [WARNING] No tournament winner for TTD.ETORO. Skipping.
2026-05-29 18:57:41,843 [WARNING] No tournament winner for TTD.ETORO. Skipping.
2026-05-29 18:57:41,843 [WARNING] No tournament winner for TTD.ETORO. Skipping.
2026-05-29 18:57:41,843 [WARNING] No tournament winner for MTZ.ETORO. Skipping.
2026-05-29 18:57:41,843 [WARNING] No tournament winner for MTZ.ETORO. Skipping.
2026-05-29 18:57:41,843 [WARNING] No tournament winner for MTZ.ETORO. Skipping.
2026-05-29 18:57:41,843 [WARNING] No tournament winner for MTZ.ETORO. Skipping.
2026-05-29 18:57:41,843 [WARNING] No tournament winner for MTZ.ETORO. Skipping.
2026-05-29 18:57:41,843 [WARNING] No tournament winner for MTZ.ETORO. Skipping.
2026-05-29 18:57:41,843 [WARNING] No tournament winner for MTZ.ETORO. Skipping.
2026-05-29 18:57:41,843 [WARNING] No tournament winner for MTZ.ETORO. Skipping.
2026-05-29 18:57:41,843 [WARNING] No tournament winner for MTZ.ETORO. Skipping.
2026-05-29 18:57:41,843 [WARNING] No tournament winner for MTZ.ETORO. Skipping.
2026-05-29 18:57:41,843 [WARNING] No tournament winner for MTZ.ETORO. Skipping.
2026-05-29 18:57:41,843 [WARNING] No tournament winner for MTZ.ETORO. Skipping.
2026-05-29 18:57:41,843 [WARNING] No tournament winner for MTZ.ETORO. Skipping.
2026-05-29 18:57:41,843 [WARNING] No tournament winner for MTZ.ETORO. Skipping.
2026-05-29 18:57:41,843 [WARNING] No tournament winner for MTZ.ETORO. Skipping.
2026-05-29 18:57:41,843 [WARNING] No tournament winner for MTZ.ETORO. Skipping.
2026-05-29 18:57:41,843 [WARNING] No tournament winner for MTZ.ETORO. Skipping.
2026-05-29 18:57:41,843 [WARNING] No tournament winner for FICO.ETORO. Skipping.
2026-05-29 18:57:41,843 [WARNING] No tournament winner for FICO.ETORO. Skipping.
2026-05-29 18:57:41,843 [WARNING] No tournament winner for FICO.ETORO. Skipping.
2026-05-29 18:57:41,843 [WARNING] No tournament winner for FICO.ETORO. Skipping.
2026-05-29 18:57:41,843 [WARNING] No tournament winner for FICO.ETORO. Skipping.
2026-05-29 18:57:41,843 [WARNING] No tournament winner for FICO.ETORO. Skipping.
2026-05-29 18:57:41,843 [WARNING] No tournament winner for FICO.ETORO. Skipping.
2026-05-29 18:57:41,843 [WARNING] No tournament winner for FICO.ETORO. Skipping.
2026-05-29 18:57:41,843 [WARNING] No tournament winner for TTMI.ETORO. Skipping.
2026-05-29 18:57:41,843 [WARNING] No tournament winner for TTMI.ETORO. Skipping.
2026-05-29 18:57:41,843 [WARNING] No tournament winner for TTMI.ETORO. Skipping.
2026-05-29 18:57:41,843 [WARNING] No tournament winner for TTMI.ETORO. Skipping.
2026-05-29 18:57:41,843 [WARNING] No tournament winner for TTMI.ETORO. Skipping.
2026-05-29 18:57:41,843 [WARNING] No tournament winner for TTMI.ETORO. Skipping.
2026-05-29 18:57:41,843 [WARNING] No tournament winner for TTMI.ETORO. Skipping.
2026-05-29 18:57:41,843 [WARNING] No tournament winner for TTMI.ETORO. Skipping.
2026-05-29 18:57:41,843 [WARNING] No tournament winner for TTMI.ETORO. Skipping.
2026-05-29 18:57:41,844 [WARNING] No tournament winner for LULU.ETORO. Skipping.
2026-05-29 18:57:41,844 [WARNING] No tournament winner for LULU.ETORO. Skipping.
2026-05-29 18:57:41,844 [WARNING] No tournament winner for LULU.ETORO. Skipping.
2026-05-29 18:57:41,844 [WARNING] No tournament winner for LULU.ETORO. Skipping.
2026-05-29 18:57:41,844 [WARNING] No tournament winner for LULU.ETORO. Skipping.
2026-05-29 18:57:41,844 [WARNING] No tournament winner for LULU.ETORO. Skipping.
2026-05-29 18:57:41,844 [WARNING] No tournament winner for LULU.ETORO. Skipping.
2026-05-29 18:57:41,844 [WARNING] No tournament winner for MU.ETORO. Skipping.
2026-05-29 18:57:41,844 [WARNING] No tournament winner for HAL.ETORO. Skipping.
2026-05-29 18:57:41,844 [WARNING] No tournament winner for HAL.ETORO. Skipping.
2026-05-29 18:57:41,844 [WARNING] No tournament winner for HAL.ETORO. Skipping.
2026-05-29 18:57:41,844 [WARNING] No tournament winner for HAL.ETORO. Skipping.
2026-05-29 18:57:41,844 [WARNING] No tournament winner for HAL.ETORO. Skipping.
2026-05-29 18:57:41,844 [WARNING] No tournament winner for HAL.ETORO. Skipping.
2026-05-29 18:57:41,844 [WARNING] No tournament winner for HAL.ETORO. Skipping.
2026-05-29 18:57:41,844 [WARNING] No tournament winner for HAL.ETORO. Skipping.
2026-05-29 18:57:41,844 [WARNING] No tournament winner for HAL.ETORO. Skipping.
2026-05-29 18:57:41,844 [WARNING] No tournament winner for HAL.ETORO. Skipping.
2026-05-29 18:57:41,844 [WARNING] No tournament winner for HAL.ETORO. Skipping.
2026-05-29 18:57:41,844 [WARNING] No tournament winner for HAL.ETORO. Skipping.
2026-05-29 18:57:41,844 [WARNING] No tournament winner for HAL.ETORO. Skipping.
2026-05-29 18:57:41,844 [WARNING] No tournament winner for SE.ETORO. Skipping.
2026-05-29 18:57:41,844 [WARNING] No tournament winner for SE.ETORO. Skipping.
2026-05-29 18:57:41,844 [WARNING] No tournament winner for SE.ETORO. Skipping.
2026-05-29 18:57:41,844 [WARNING] No tournament winner for SE.ETORO. Skipping.
2026-05-29 18:57:41,844 [WARNING] No tournament winner for SE.ETORO. Skipping.
2026-05-29 18:57:41,844 [WARNING] No tournament winner for SE.ETORO. Skipping.
2026-05-29 18:57:41,844 [WARNING] No tournament winner for SE.ETORO. Skipping.
2026-05-29 18:57:41,844 [WARNING] No tournament winner for SE.ETORO. Skipping.
2026-05-29 18:57:41,844 [WARNING] No tournament winner for SE.ETORO. Skipping.
2026-05-29 18:57:41,844 [WARNING] No tournament winner for SE.ETORO. Skipping.
2026-05-29 18:57:41,844 [WARNING] No tournament winner for SE.ETORO. Skipping.
2026-05-29 18:57:41,844 [WARNING] No tournament winner for SE.ETORO. Skipping.
2026-05-29 18:57:41,844 [WARNING] No tournament winner for SE.ETORO. Skipping.
2026-05-29 18:57:41,844 [WARNING] No tournament winner for SE.ETORO. Skipping.
2026-05-29 18:57:41,844 [WARNING] No tournament winner for JNJ.ETORO. Skipping.
2026-05-29 18:57:41,844 [WARNING] No tournament winner for JNJ.ETORO. Skipping.
2026-05-29 18:57:41,844 [WARNING] No tournament winner for JNJ.ETORO. Skipping.
2026-05-29 18:57:41,844 [WARNING] No tournament winner for JNJ.ETORO. Skipping.
2026-05-29 18:57:41,844 [WARNING] No tournament winner for JNJ.ETORO. Skipping.
2026-05-29 18:57:41,844 [WARNING] No tournament winner for JNJ.ETORO. Skipping.
2026-05-29 18:57:41,844 [WARNING] No tournament winner for JNJ.ETORO. Skipping.
2026-05-29 18:57:41,844 [WARNING] No tournament winner for JNJ.ETORO. Skipping.
2026-05-29 18:57:41,844 [WARNING] No tournament winner for JNJ.ETORO. Skipping.
2026-05-29 18:57:41,844 [WARNING] No tournament winner for JNJ.ETORO. Skipping.
2026-05-29 18:57:41,844 [WARNING] No tournament winner for SQM.ETORO. Skipping.
2026-05-29 18:57:41,844 [WARNING] No tournament winner for SQM.ETORO. Skipping.
2026-05-29 18:57:41,844 [WARNING] No tournament winner for SQM.ETORO. Skipping.
2026-05-29 18:57:41,844 [WARNING] No tournament winner for SQM.ETORO. Skipping.
2026-05-29 18:57:41,844 [WARNING] No tournament winner for SQM.ETORO. Skipping.
2026-05-29 18:57:41,844 [WARNING] No tournament winner for SQM.ETORO. Skipping.
2026-05-29 18:57:41,844 [WARNING] No tournament winner for SQM.ETORO. Skipping.
2026-05-29 18:57:41,844 [WARNING] No tournament winner for SQM.ETORO. Skipping.
2026-05-29 18:57:41,844 [WARNING] No tournament winner for SQM.ETORO. Skipping.
2026-05-29 18:57:41,844 [WARNING] No tournament winner for SQM.ETORO. Skipping.
2026-05-29 18:57:41,844 [WARNING] No tournament winner for SQM.ETORO. Skipping.
2026-05-29 18:57:41,844 [WARNING] No tournament winner for SQM.ETORO. Skipping.
2026-05-29 18:57:41,844 [WARNING] No tournament winner for SQM.ETORO. Skipping.
2026-05-29 18:57:41,844 [WARNING] No tournament winner for SQM.ETORO. Skipping.
2026-05-29 18:57:41,844 [WARNING] No tournament winner for SQM.ETORO. Skipping.
2026-05-29 18:57:41,844 [WARNING] No tournament winner for SQM.ETORO. Skipping.
2026-05-29 18:57:41,844 [WARNING] No tournament winner for SQM.ETORO. Skipping.
2026-05-29 18:57:41,844 [WARNING] No tournament winner for SQM.ETORO. Skipping.
2026-05-29 18:57:41,844 [WARNING] No tournament winner for SQM.ETORO. Skipping.
2026-05-29 18:57:41,844 [WARNING] No tournament winner for MNDY.ETORO. Skipping.
2026-05-29 18:57:41,844 [WARNING] No tournament winner for MNDY.ETORO. Skipping.
2026-05-29 18:57:41,844 [WARNING] No tournament winner for MNDY.ETORO. Skipping.
2026-05-29 18:57:41,844 [WARNING] No tournament winner for MNDY.ETORO. Skipping.
2026-05-29 18:57:41,844 [WARNING] No tournament winner for MNDY.ETORO. Skipping.
2026-05-29 18:57:41,844 [WARNING] No tournament winner for GSAT.ETORO. Skipping.
2026-05-29 18:57:41,844 [WARNING] No tournament winner for GSAT.ETORO. Skipping.
2026-05-29 18:57:41,844 [WARNING] No tournament winner for GSAT.ETORO. Skipping.
2026-05-29 18:57:41,844 [WARNING] No tournament winner for GSAT.ETORO. Skipping.
2026-05-29 18:57:41,844 [WARNING] No tournament winner for GSAT.ETORO. Skipping.
2026-05-29 18:57:41,844 [WARNING] No tournament winner for GSAT.ETORO. Skipping.
2026-05-29 18:57:41,844 [WARNING] No tournament winner for GSAT.ETORO. Skipping.
2026-05-29 18:57:41,844 [WARNING] No tournament winner for GSAT.ETORO. Skipping.
2026-05-29 18:57:41,844 [WARNING] No tournament winner for GSAT.ETORO. Skipping.
2026-05-29 18:57:41,844 [WARNING] No tournament winner for GSAT.ETORO. Skipping.
2026-05-29 18:57:41,844 [WARNING] No tournament winner for GSAT.ETORO. Skipping.
2026-05-29 18:57:41,844 [WARNING] No tournament winner for GSAT.ETORO. Skipping.
2026-05-29 18:57:41,844 [WARNING] No tournament winner for GSAT.ETORO. Skipping.
2026-05-29 18:57:41,844 [WARNING] No tournament winner for GSAT.ETORO. Skipping.
2026-05-29 18:57:41,844 [WARNING] No tournament winner for GSAT.ETORO. Skipping.
2026-05-29 18:57:41,844 [WARNING] No tournament winner for GSAT.ETORO. Skipping.
2026-05-29 18:57:41,844 [WARNING] No tournament winner for GSAT.ETORO. Skipping.
2026-05-29 18:57:41,844 [WARNING] No tournament winner for VRT.ETORO. Skipping.
2026-05-29 18:57:41,844 [WARNING] No tournament winner for VRT.ETORO. Skipping.
2026-05-29 18:57:41,844 [WARNING] No tournament winner for VRT.ETORO. Skipping.
2026-05-29 18:57:41,844 [WARNING] No tournament winner for VRT.ETORO. Skipping.
2026-05-29 18:57:41,844 [WARNING] No tournament winner for VRT.ETORO. Skipping.
2026-05-29 18:57:41,844 [WARNING] No tournament winner for VRT.ETORO. Skipping.
2026-05-29 18:57:41,845 [WARNING] No tournament winner for VRT.ETORO. Skipping.
2026-05-29 18:57:41,845 [WARNING] No tournament winner for VRT.ETORO. Skipping.
2026-05-29 18:57:41,845 [WARNING] No tournament winner for VRT.ETORO. Skipping.
2026-05-29 18:57:41,845 [WARNING] No tournament winner for VRT.ETORO. Skipping.
2026-05-29 18:57:41,845 [WARNING] No tournament winner for CIEN.ETORO. Skipping.
2026-05-29 18:57:41,845 [WARNING] No tournament winner for CIEN.ETORO. Skipping.
2026-05-29 18:57:41,845 [WARNING] No tournament winner for CIEN.ETORO. Skipping.
2026-05-29 18:57:41,845 [WARNING] No tournament winner for CIEN.ETORO. Skipping.
2026-05-29 18:57:41,845 [WARNING] No tournament winner for CIEN.ETORO. Skipping.
2026-05-29 18:57:41,845 [WARNING] No tournament winner for CIEN.ETORO. Skipping.
2026-05-29 18:57:41,845 [WARNING] No tournament winner for CIEN.ETORO. Skipping.
2026-05-29 18:57:41,845 [WARNING] No tournament winner for CIEN.ETORO. Skipping.
2026-05-29 18:57:41,845 [WARNING] No tournament winner for POWL.ETORO. Skipping.
2026-05-29 18:57:41,845 [WARNING] No tournament winner for POWL.ETORO. Skipping.
2026-05-29 18:57:41,845 [WARNING] No tournament winner for POWL.ETORO. Skipping.
2026-05-29 18:57:41,845 [WARNING] No tournament winner for POWL.ETORO. Skipping.
2026-05-29 18:57:41,845 [WARNING] No tournament winner for POWL.ETORO. Skipping.
2026-05-29 18:57:41,845 [WARNING] No tournament winner for POWL.ETORO. Skipping.
2026-05-29 18:57:41,845 [WARNING] No tournament winner for POWL.ETORO. Skipping.
2026-05-29 18:57:41,845 [WARNING] No tournament winner for POWL.ETORO. Skipping.
2026-05-29 18:57:41,845 [WARNING] No tournament winner for POWL.ETORO. Skipping.
2026-05-29 18:57:41,845 [WARNING] No tournament winner for POWL.ETORO. Skipping.
2026-05-29 18:57:41,845 [WARNING] No tournament winner for POWL.ETORO. Skipping.
2026-05-29 18:57:41,845 [WARNING] No tournament winner for POWL.ETORO. Skipping.
2026-05-29 18:57:41,845 [WARNING] No tournament winner for CRM.ETORO. Skipping.
2026-05-29 18:57:41,845 [WARNING] No tournament winner for CRM.ETORO. Skipping.
2026-05-29 18:57:41,845 [WARNING] No tournament winner for WIX.ETORO. Skipping.
2026-05-29 18:57:41,845 [WARNING] No tournament winner for WIX.ETORO. Skipping.
2026-05-29 18:57:41,845 [WARNING] No tournament winner for WIX.ETORO. Skipping.
2026-05-29 18:57:41,845 [WARNING] No tournament winner for WIX.ETORO. Skipping.
2026-05-29 18:57:41,845 [WARNING] No tournament winner for WIX.ETORO. Skipping.
2026-05-29 18:57:41,845 [WARNING] No tournament winner for WDC.ETORO. Skipping.
2026-05-29 18:57:41,845 [WARNING] No tournament winner for WDC.ETORO. Skipping.
2026-05-29 18:57:41,845 [WARNING] No tournament winner for WDC.ETORO. Skipping.
2026-05-29 18:57:41,845 [WARNING] No tournament winner for SNAP.ETORO. Skipping.
2026-05-29 18:57:41,845 [WARNING] No tournament winner for PBR.ETORO. Skipping.
2026-05-29 18:57:41,845 [WARNING] No tournament winner for PBR.ETORO. Skipping.
2026-05-29 18:57:41,845 [WARNING] No tournament winner for PBR.ETORO. Skipping.
2026-05-29 18:57:41,845 [WARNING] No tournament winner for PBR.ETORO. Skipping.
2026-05-29 18:57:41,845 [WARNING] No tournament winner for TEAM.ETORO. Skipping.
2026-05-29 18:57:41,845 [WARNING] No tournament winner for TEAM.ETORO. Skipping.
2026-05-29 18:57:41,845 [WARNING] No tournament winner for TEAM.ETORO. Skipping.
2026-05-29 18:57:41,845 [WARNING] No tournament winner for TEAM.ETORO. Skipping.
2026-05-29 18:57:41,845 [WARNING] No tournament winner for TEAM.ETORO. Skipping.
2026-05-29 18:57:41,845 [WARNING] No tournament winner for TEAM.ETORO. Skipping.
2026-05-29 18:57:41,845 [WARNING] No tournament winner for TEAM.ETORO. Skipping.
2026-05-29 18:57:41,845 [WARNING] No tournament winner for TEAM.ETORO. Skipping.
2026-05-29 18:57:41,845 [WARNING] No tournament winner for TEAM.ETORO. Skipping.
2026-05-29 18:57:41,845 [WARNING] No tournament winner for TEAM.ETORO. Skipping.
2026-05-29 18:57:41,845 [WARNING] No tournament winner for E.ETORO. Skipping.
2026-05-29 18:57:41,845 [WARNING] No tournament winner for E.ETORO. Skipping.
2026-05-29 18:57:41,845 [WARNING] No tournament winner for E.ETORO. Skipping.
2026-05-29 18:57:41,845 [WARNING] No tournament winner for E.ETORO. Skipping.
2026-05-29 18:57:41,845 [WARNING] No tournament winner for E.ETORO. Skipping.
2026-05-29 18:57:41,845 [WARNING] No tournament winner for E.ETORO. Skipping.
2026-05-29 18:57:41,845 [WARNING] No tournament winner for E.ETORO. Skipping.
2026-05-29 18:57:41,845 [WARNING] No tournament winner for E.ETORO. Skipping.
2026-05-29 18:57:41,845 [WARNING] No tournament winner for E.ETORO. Skipping.
2026-05-29 18:57:41,845 [WARNING] No tournament winner for E.ETORO. Skipping.
2026-05-29 18:57:41,845 [WARNING] No tournament winner for E.ETORO. Skipping.
2026-05-29 18:57:41,845 [WARNING] No tournament winner for E.ETORO. Skipping.
2026-05-29 18:57:41,845 [WARNING] No tournament winner for E.ETORO. Skipping.
2026-05-29 18:57:41,845 [WARNING] No tournament winner for E.ETORO. Skipping.
2026-05-29 18:57:41,845 [WARNING] No tournament winner for E.ETORO. Skipping.
2026-05-29 18:57:41,845 [WARNING] No tournament winner for E.ETORO. Skipping.
2026-05-29 18:57:41,845 [WARNING] No tournament winner for E.ETORO. Skipping.
2026-05-29 18:57:41,845 [WARNING] No tournament winner for E.ETORO. Skipping.
2026-05-29 18:57:41,845 [WARNING] No tournament winner for E.ETORO. Skipping.
2026-05-29 18:57:41,845 [WARNING] No tournament winner for E.ETORO. Skipping.
2026-05-29 18:57:41,845 [WARNING] No tournament winner for E.ETORO. Skipping.
2026-05-29 18:57:41,845 [WARNING] No tournament winner for E.ETORO. Skipping.
2026-05-29 18:57:41,845 [WARNING] No tournament winner for E.ETORO. Skipping.
2026-05-29 18:57:41,845 [WARNING] No tournament winner for E.ETORO. Skipping.
2026-05-29 18:57:41,845 [WARNING] No tournament winner for E.ETORO. Skipping.
2026-05-29 18:57:41,845 [WARNING] No tournament winner for E.ETORO. Skipping.
2026-05-29 18:57:41,845 [WARNING] No tournament winner for E.ETORO. Skipping.
2026-05-29 18:57:41,845 [WARNING] No tournament winner for E.ETORO. Skipping.
2026-05-29 18:57:41,845 [WARNING] No tournament winner for E.ETORO. Skipping.
2026-05-29 18:57:41,845 [WARNING] No tournament winner for E.ETORO. Skipping.
2026-05-29 18:57:41,845 [WARNING] No tournament winner for E.ETORO. Skipping.
2026-05-29 18:57:41,845 [WARNING] No tournament winner for E.ETORO. Skipping.
2026-05-29 18:57:41,845 [WARNING] No tournament winner for E.ETORO. Skipping.
2026-05-29 18:57:41,846 [WARNING] No tournament winner for E.ETORO. Skipping.
2026-05-29 18:57:41,846 [WARNING] No tournament winner for E.ETORO. Skipping.
2026-05-29 18:57:41,846 [WARNING] No tournament winner for E.ETORO. Skipping.
2026-05-29 18:57:41,846 [WARNING] No tournament winner for E.ETORO. Skipping.
2026-05-29 18:57:41,846 [WARNING] No tournament winner for E.ETORO. Skipping.
2026-05-29 18:57:41,846 [WARNING] No tournament winner for E.ETORO. Skipping.
2026-05-29 18:57:41,846 [WARNING] No tournament winner for E.ETORO. Skipping.
2026-05-29 18:57:41,846 [WARNING] No tournament winner for E.ETORO. Skipping.
2026-05-29 18:57:41,846 [WARNING] No tournament winner for E.ETORO. Skipping.
2026-05-29 18:57:41,846 [WARNING] No tournament winner for E.ETORO. Skipping.
2026-05-29 18:57:41,846 [WARNING] No tournament winner for PINS.ETORO. Skipping.
2026-05-29 18:57:41,846 [WARNING] No tournament winner for PINS.ETORO. Skipping.
2026-05-29 18:57:41,846 [WARNING] No tournament winner for PINS.ETORO. Skipping.
2026-05-29 18:57:41,846 [WARNING] No tournament winner for PINS.ETORO. Skipping.
2026-05-29 18:57:41,846 [WARNING] No tournament winner for PINS.ETORO. Skipping.
2026-05-29 18:57:41,846 [WARNING] No tournament winner for PINS.ETORO. Skipping.
2026-05-29 18:57:41,846 [WARNING] No tournament winner for PINS.ETORO. Skipping.
2026-05-29 18:57:41,846 [WARNING] No tournament winner for GLW.ETORO. Skipping.
2026-05-29 18:57:41,846 [WARNING] No tournament winner for GLW.ETORO. Skipping.
2026-05-29 18:57:41,846 [WARNING] No tournament winner for GLW.ETORO. Skipping.
2026-05-29 18:57:41,846 [WARNING] No tournament winner for GLW.ETORO. Skipping.
2026-05-29 18:57:41,846 [WARNING] No tournament winner for GLW.ETORO. Skipping.
2026-05-29 18:57:41,846 [WARNING] No tournament winner for GLW.ETORO. Skipping.
2026-05-29 18:57:41,846 [WARNING] No tournament winner for GLW.ETORO. Skipping.
2026-05-29 18:57:41,846 [WARNING] No tournament winner for GLW.ETORO. Skipping.
2026-05-29 18:57:41,846 [WARNING] No tournament winner for GLW.ETORO. Skipping.
2026-05-29 18:57:41,846 [WARNING] No tournament winner for GLW.ETORO. Skipping.
2026-05-29 18:57:41,846 [WARNING] No tournament winner for GLW.ETORO. Skipping.
2026-05-29 18:57:41,846 [WARNING] No tournament winner for GLW.ETORO. Skipping.
2026-05-29 18:57:41,846 [WARNING] No tournament winner for GLW.ETORO. Skipping.
2026-05-29 18:57:41,846 [WARNING] No tournament winner for GLW.ETORO. Skipping.
2026-05-29 18:57:41,846 [WARNING] No tournament winner for GLW.ETORO. Skipping.
2026-05-29 18:57:41,846 [WARNING] No tournament winner for GLW.ETORO. Skipping.
2026-05-29 18:57:41,846 [WARNING] No tournament winner for GLW.ETORO. Skipping.
2026-05-29 18:57:41,846 [WARNING] No tournament winner for TSEM.ETORO. Skipping.
2026-05-29 18:57:41,846 [WARNING] No tournament winner for TSEM.ETORO. Skipping.
2026-05-29 18:57:41,846 [WARNING] No tournament winner for TSEM.ETORO. Skipping.
2026-05-29 18:57:41,846 [WARNING] No tournament winner for TSEM.ETORO. Skipping.
2026-05-29 18:57:41,846 [WARNING] No tournament winner for TSEM.ETORO. Skipping.
2026-05-29 18:57:41,846 [WARNING] No tournament winner for TSEM.ETORO. Skipping.
2026-05-29 18:57:41,846 [WARNING] No tournament winner for TSEM.ETORO. Skipping.
2026-05-29 18:57:41,846 [WARNING] No tournament winner for TSEM.ETORO. Skipping.
2026-05-29 18:57:41,846 [WARNING] No tournament winner for STX.US.ETORO. Skipping.
2026-05-29 18:57:41,846 [WARNING] No tournament winner for STX.US.ETORO. Skipping.
2026-05-29 18:57:41,846 [WARNING] No tournament winner for STX.US.ETORO. Skipping.
2026-05-29 18:57:41,846 [WARNING] No tournament winner for STX.US.ETORO. Skipping.
2026-05-29 18:57:41,846 [WARNING] No tournament winner for EEFT.ETORO. Skipping.
2026-05-29 18:57:41,846 [WARNING] No tournament winner for EEFT.ETORO. Skipping.
2026-05-29 18:57:41,846 [WARNING] No tournament winner for EEFT.ETORO. Skipping.
2026-05-29 18:57:41,846 [WARNING] No tournament winner for EEFT.ETORO. Skipping.
2026-05-29 18:57:41,846 [WARNING] No tournament winner for EEFT.ETORO. Skipping.
2026-05-29 18:57:41,846 [WARNING] No tournament winner for EEFT.ETORO. Skipping.
2026-05-29 18:57:41,846 [WARNING] No tournament winner for EEFT.ETORO. Skipping.
2026-05-29 18:57:41,846 [WARNING] No tournament winner for EEFT.ETORO. Skipping.
2026-05-29 18:57:41,846 [WARNING] No tournament winner for EEFT.ETORO. Skipping.
2026-05-29 18:57:41,846 [WARNING] No tournament winner for EEFT.ETORO. Skipping.
2026-05-29 18:57:41,846 [WARNING] No tournament winner for EEFT.ETORO. Skipping.
2026-05-29 18:57:41,846 [WARNING] No tournament winner for EEFT.ETORO. Skipping.
2026-05-29 18:57:41,846 [WARNING] No tournament winner for EEFT.ETORO. Skipping.
2026-05-29 18:57:41,846 [WARNING] No tournament winner for EEFT.ETORO. Skipping.
2026-05-29 18:57:41,846 [WARNING] No tournament winner for EEFT.ETORO. Skipping.
2026-05-29 18:57:41,846 [WARNING] No tournament winner for EEFT.ETORO. Skipping.
2026-05-29 18:57:41,846 [WARNING] No tournament winner for EEFT.ETORO. Skipping.
2026-05-29 18:57:41,846 [WARNING] No tournament winner for EEFT.ETORO. Skipping.
2026-05-29 18:57:41,846 [WARNING] No tournament winner for EEFT.ETORO. Skipping.
2026-05-29 18:57:41,846 [WARNING] No tournament winner for EEFT.ETORO. Skipping.
2026-05-29 18:57:41,846 [WARNING] No tournament winner for EEFT.ETORO. Skipping.
2026-05-29 18:57:41,846 [WARNING] No tournament winner for EEFT.ETORO. Skipping.
2026-05-29 18:57:41,846 [WARNING] No tournament winner for EEFT.ETORO. Skipping.
2026-05-29 18:57:41,846 [WARNING] No tournament winner for EEFT.ETORO. Skipping.
2026-05-29 18:57:41,846 [WARNING] No tournament winner for EEFT.ETORO. Skipping.
2026-05-29 18:57:41,846 [WARNING] No tournament winner for EEFT.ETORO. Skipping.
2026-05-29 18:57:41,846 [WARNING] No tournament winner for ACN.ETORO. Skipping.
2026-05-29 18:57:41,846 [WARNING] No tournament winner for ACN.ETORO. Skipping.
2026-05-29 18:57:41,846 [WARNING] No tournament winner for ACN.ETORO. Skipping.
2026-05-29 18:57:41,846 [WARNING] No tournament winner for GTLB.ETORO. Skipping.
2026-05-29 18:57:41,846 [WARNING] No tournament winner for GTLB.ETORO. Skipping.
2026-05-29 18:57:41,846 [WARNING] No tournament winner for GTLB.ETORO. Skipping.
2026-05-29 18:57:41,846 [WARNING] No tournament winner for GTLB.ETORO. Skipping.
2026-05-29 18:57:41,846 [WARNING] No tournament winner for GTLB.ETORO. Skipping.
2026-05-29 18:57:41,846 [WARNING] No tournament winner for ADBE.ETORO. Skipping.
2026-05-29 18:57:41,846 [WARNING] No tournament winner for ADBE.ETORO. Skipping.
2026-05-29 18:57:41,846 [WARNING] No tournament winner for ADBE.ETORO. Skipping.
2026-05-29 18:57:41,846 [WARNING] No tournament winner for CHTR.ETORO. Skipping.
2026-05-29 18:57:41,846 [WARNING] No tournament winner for CHTR.ETORO. Skipping.
2026-05-29 18:57:41,846 [WARNING] No tournament winner for CHTR.ETORO. Skipping.
2026-05-29 18:57:41,846 [WARNING] No tournament winner for CHTR.ETORO. Skipping.
2026-05-29 18:57:41,846 [WARNING] No tournament winner for CHTR.ETORO. Skipping.
2026-05-29 18:57:41,846 [WARNING] No tournament winner for CHTR.ETORO. Skipping.
2026-05-29 18:57:41,846 [WARNING] No tournament winner for CHTR.ETORO. Skipping.
2026-05-29 18:57:41,846 [WARNING] No tournament winner for CHTR.ETORO. Skipping.
2026-05-29 18:57:41,846 [WARNING] No tournament winner for CHTR.ETORO. Skipping.
2026-05-29 18:57:41,846 [WARNING] No tournament winner for DOCU.ETORO. Skipping.
2026-05-29 18:57:41,846 [WARNING] No tournament winner for DOCU.ETORO. Skipping.
2026-05-29 18:57:41,846 [WARNING] No tournament winner for DOCU.ETORO. Skipping.
2026-05-29 18:57:41,846 [WARNING] No tournament winner for DOCU.ETORO. Skipping.
2026-05-29 18:57:41,846 [WARNING] No tournament winner for HUBS.ETORO. Skipping.
2026-05-29 18:57:41,846 [WARNING] No tournament winner for HUBS.ETORO. Skipping.
2026-05-29 18:57:41,846 [WARNING] No tournament winner for HUBS.ETORO. Skipping.
2026-05-29 18:57:41,846 [WARNING] No tournament winner for HUBS.ETORO. Skipping.
2026-05-29 18:57:41,846 [WARNING] No tournament winner for HUBS.ETORO. Skipping.
2026-05-29 18:57:41,847 [WARNING] No tournament winner for HUBS.ETORO. Skipping.
2026-05-29 18:57:41,847 [WARNING] No tournament winner for HUBS.ETORO. Skipping.
2026-05-29 18:57:41,847 [WARNING] No tournament winner for HUBS.ETORO. Skipping.
2026-05-29 18:57:41,847 [WARNING] No tournament winner for HUBS.ETORO. Skipping.
2026-05-29 18:57:41,847 [WARNING] No tournament winner for HUBS.ETORO. Skipping.
2026-05-29 18:57:41,847 [WARNING] No tournament winner for HUBS.ETORO. Skipping.
2026-05-29 18:57:41,847 [WARNING] No tournament winner for HUBS.ETORO. Skipping.
2026-05-29 18:57:41,847 [WARNING] No tournament winner for HUBS.ETORO. Skipping.
2026-05-29 18:57:41,847 [WARNING] No tournament winner for HUBS.ETORO. Skipping.
2026-05-29 18:57:41,847 [WARNING] No tournament winner for HUBS.ETORO. Skipping.
2026-05-29 18:57:41,847 [WARNING] No tournament winner for HUBS.ETORO. Skipping.
2026-05-29 18:57:41,847 [WARNING] No tournament winner for HUBS.ETORO. Skipping.
2026-05-29 18:57:41,847 [WARNING] No tournament winner for HUBS.ETORO. Skipping.
2026-05-29 18:57:41,847 [WARNING] No tournament winner for ZS.ETORO. Skipping.
2026-05-29 18:57:41,847 [WARNING] No tournament winner for ZS.ETORO. Skipping.
2026-05-29 18:57:41,847 [WARNING] No tournament winner for ZS.ETORO. Skipping.
2026-05-29 18:57:41,847 [WARNING] No tournament winner for ZS.ETORO. Skipping.
2026-05-29 18:57:41,847 [WARNING] No tournament winner for ZS.ETORO. Skipping.
2026-05-29 18:57:41,847 [WARNING] No tournament winner for ZS.ETORO. Skipping.
2026-05-29 18:57:41,847 [WARNING] No tournament winner for ZS.ETORO. Skipping.
2026-05-29 18:57:41,847 [WARNING] No tournament winner for ZS.ETORO. Skipping.
2026-05-29 18:57:41,847 [WARNING] No tournament winner for ZS.ETORO. Skipping.
2026-05-29 18:57:41,847 [ERROR] No valid symbols to trade after cross-referencing universe and tournament.
2026-05-29 19:04:10,916 [WARNING] Universe data is stale (fetched_at > 24 hours ago: 2026-05-16 07:02:04.610108+00:00)
2026-05-29 19:04:10,917 [WARNING] No tournament winner for CPRT.ETORO. Skipping.
2026-05-29 19:04:10,917 [WARNING] No tournament winner for CPRT.ETORO. Skipping.
2026-05-29 19:04:10,917 [WARNING] No tournament winner for CPRT.ETORO. Skipping.
2026-05-29 19:04:10,917 [WARNING] No tournament winner for CPRT.ETORO. Skipping.
2026-05-29 19:04:10,917 [WARNING] No tournament winner for CPRT.ETORO. Skipping.
2026-05-29 19:04:10,917 [WARNING] No tournament winner for CPRT.ETORO. Skipping.
2026-05-29 19:04:10,917 [WARNING] No tournament winner for CPRT.ETORO. Skipping.
2026-05-29 19:04:10,917 [WARNING] No tournament winner for CPRT.ETORO. Skipping.
2026-05-29 19:04:10,917 [WARNING] No tournament winner for CPRT.ETORO. Skipping.
2026-05-29 19:04:10,917 [WARNING] No tournament winner for CPRT.ETORO. Skipping.
2026-05-29 19:04:10,917 [WARNING] No tournament winner for CPRT.ETORO. Skipping.
2026-05-29 19:04:10,917 [WARNING] No tournament winner for CPRT.ETORO. Skipping.
2026-05-29 19:04:10,917 [WARNING] No tournament winner for CPRT.ETORO. Skipping.
2026-05-29 19:04:10,917 [WARNING] No tournament winner for CPRT.ETORO. Skipping.
2026-05-29 19:04:10,917 [WARNING] No tournament winner for CPRT.ETORO. Skipping.
2026-05-29 19:04:10,917 [WARNING] No tournament winner for WDAY.ETORO. Skipping.
2026-05-29 19:04:10,917 [WARNING] No tournament winner for WDAY.ETORO. Skipping.
2026-05-29 19:04:10,917 [WARNING] No tournament winner for WDAY.ETORO. Skipping.
2026-05-29 19:04:10,917 [WARNING] No tournament winner for WDAY.ETORO. Skipping.
2026-05-29 19:04:10,917 [WARNING] No tournament winner for WDAY.ETORO. Skipping.
2026-05-29 19:04:10,917 [WARNING] No tournament winner for FISV.ETORO. Skipping.
2026-05-29 19:04:10,917 [WARNING] No tournament winner for FISV.ETORO. Skipping.
2026-05-29 19:04:10,917 [WARNING] No tournament winner for FISV.ETORO. Skipping.
2026-05-29 19:04:10,917 [WARNING] No tournament winner for FISV.ETORO. Skipping.
2026-05-29 19:04:10,917 [WARNING] No tournament winner for FISV.ETORO. Skipping.
2026-05-29 19:04:10,917 [WARNING] No tournament winner for FISV.ETORO. Skipping.
2026-05-29 19:04:10,917 [WARNING] No tournament winner for FISV.ETORO. Skipping.
2026-05-29 19:04:10,917 [WARNING] No tournament winner for FISV.ETORO. Skipping.
2026-05-29 19:04:10,917 [WARNING] No tournament winner for FISV.ETORO. Skipping.
2026-05-29 19:04:10,917 [WARNING] No tournament winner for FISV.ETORO. Skipping.
2026-05-29 19:04:10,917 [WARNING] No tournament winner for FISV.ETORO. Skipping.
2026-05-29 19:04:10,917 [WARNING] No tournament winner for FISV.ETORO. Skipping.
2026-05-29 19:04:10,917 [WARNING] No tournament winner for FISV.ETORO. Skipping.
2026-05-29 19:04:10,917 [WARNING] No tournament winner for FISV.ETORO. Skipping.
2026-05-29 19:04:10,917 [WARNING] No tournament winner for FISV.ETORO. Skipping.
2026-05-29 19:04:10,917 [WARNING] No tournament winner for GOOGL.ETORO. Skipping.
2026-05-29 19:04:10,917 [WARNING] No tournament winner for GOOGL.ETORO. Skipping.
2026-05-29 19:04:10,917 [WARNING] No tournament winner for VLO.ETORO. Skipping.
2026-05-29 19:04:10,917 [WARNING] No tournament winner for VLO.ETORO. Skipping.
2026-05-29 19:04:10,917 [WARNING] No tournament winner for VLO.ETORO. Skipping.
2026-05-29 19:04:10,917 [WARNING] No tournament winner for VLO.ETORO. Skipping.
2026-05-29 19:04:10,917 [WARNING] No tournament winner for VLO.ETORO. Skipping.
2026-05-29 19:04:10,917 [WARNING] No tournament winner for VLO.ETORO. Skipping.
2026-05-29 19:04:10,917 [WARNING] No tournament winner for VLO.ETORO. Skipping.
2026-05-29 19:04:10,917 [WARNING] No tournament winner for VLO.ETORO. Skipping.
2026-05-29 19:04:10,917 [WARNING] No tournament winner for VLO.ETORO. Skipping.
2026-05-29 19:04:10,917 [WARNING] No tournament winner for VLO.ETORO. Skipping.
2026-05-29 19:04:10,917 [WARNING] No tournament winner for VLO.ETORO. Skipping.
2026-05-29 19:04:10,917 [WARNING] No tournament winner for VLO.ETORO. Skipping.
2026-05-29 19:04:10,917 [WARNING] No tournament winner for VLO.ETORO. Skipping.
2026-05-29 19:04:10,917 [WARNING] No tournament winner for VLO.ETORO. Skipping.
2026-05-29 19:04:10,917 [WARNING] No tournament winner for VLO.ETORO. Skipping.
2026-05-29 19:04:10,917 [WARNING] No tournament winner for VLO.ETORO. Skipping.
2026-05-29 19:04:10,917 [WARNING] No tournament winner for VLO.ETORO. Skipping.
2026-05-29 19:04:10,917 [WARNING] No tournament winner for VLO.ETORO. Skipping.
2026-05-29 19:04:10,917 [WARNING] No tournament winner for VLO.ETORO. Skipping.
2026-05-29 19:04:10,917 [WARNING] No tournament winner for VLO.ETORO. Skipping.
2026-05-29 19:04:10,917 [WARNING] No tournament winner for VLO.ETORO. Skipping.
2026-05-29 19:04:10,917 [WARNING] No tournament winner for VLO.ETORO. Skipping.
2026-05-29 19:04:10,917 [WARNING] No tournament winner for ESLT.ETORO. Skipping.
2026-05-29 19:04:10,917 [WARNING] No tournament winner for ESLT.ETORO. Skipping.
2026-05-29 19:04:10,917 [WARNING] No tournament winner for ESLT.ETORO. Skipping.
2026-05-29 19:04:10,917 [WARNING] No tournament winner for ESLT.ETORO. Skipping.
2026-05-29 19:04:10,917 [WARNING] No tournament winner for ESLT.ETORO. Skipping.
2026-05-29 19:04:10,917 [WARNING] No tournament winner for ESLT.ETORO. Skipping.
2026-05-29 19:04:10,917 [WARNING] No tournament winner for ESLT.ETORO. Skipping.
2026-05-29 19:04:10,917 [WARNING] No tournament winner for ESLT.ETORO. Skipping.
2026-05-29 19:04:10,917 [WARNING] No tournament winner for AG.ETORO. Skipping.
2026-05-29 19:04:10,917 [WARNING] No tournament winner for AG.ETORO. Skipping.
2026-05-29 19:04:10,917 [WARNING] No tournament winner for AG.ETORO. Skipping.
2026-05-29 19:04:10,917 [WARNING] No tournament winner for AG.ETORO. Skipping.
2026-05-29 19:04:10,917 [WARNING] No tournament winner for AG.ETORO. Skipping.
2026-05-29 19:04:10,917 [WARNING] No tournament winner for AG.ETORO. Skipping.
2026-05-29 19:04:10,917 [WARNING] No tournament winner for AG.ETORO. Skipping.
2026-05-29 19:04:10,917 [WARNING] No tournament winner for AG.ETORO. Skipping.
2026-05-29 19:04:10,917 [WARNING] No tournament winner for AG.ETORO. Skipping.
2026-05-29 19:04:10,917 [WARNING] No tournament winner for AG.ETORO. Skipping.
2026-05-29 19:04:10,917 [WARNING] No tournament winner for AG.ETORO. Skipping.
2026-05-29 19:04:10,917 [WARNING] No tournament winner for AG.ETORO. Skipping.
2026-05-29 19:04:10,917 [WARNING] No tournament winner for AG.ETORO. Skipping.
2026-05-29 19:04:10,917 [WARNING] No tournament winner for AG.ETORO. Skipping.
2026-05-29 19:04:10,917 [WARNING] No tournament winner for AG.ETORO. Skipping.
2026-05-29 19:04:10,917 [WARNING] No tournament winner for AG.ETORO. Skipping.
2026-05-29 19:04:10,917 [WARNING] No tournament winner for AG.ETORO. Skipping.
2026-05-29 19:04:10,917 [WARNING] No tournament winner for AG.ETORO. Skipping.
2026-05-29 19:04:10,917 [WARNING] No tournament winner for AG.ETORO. Skipping.
2026-05-29 19:04:10,917 [WARNING] No tournament winner for WBD.ETORO. Skipping.
2026-05-29 19:04:10,917 [WARNING] No tournament winner for WBD.ETORO. Skipping.
2026-05-29 19:04:10,917 [WARNING] No tournament winner for WBD.ETORO. Skipping.
2026-05-29 19:04:10,917 [WARNING] No tournament winner for WBD.ETORO. Skipping.
2026-05-29 19:04:10,917 [WARNING] No tournament winner for WBD.ETORO. Skipping.
2026-05-29 19:04:10,917 [WARNING] No tournament winner for WBD.ETORO. Skipping.
2026-05-29 19:04:10,917 [WARNING] No tournament winner for WBD.ETORO. Skipping.
2026-05-29 19:04:10,917 [WARNING] No tournament winner for WBD.ETORO. Skipping.
2026-05-29 19:04:10,917 [WARNING] No tournament winner for CAT.ETORO. Skipping.
2026-05-29 19:04:10,917 [WARNING] No tournament winner for CAT.ETORO. Skipping.
2026-05-29 19:04:10,917 [WARNING] No tournament winner for CAT.ETORO. Skipping.
2026-05-29 19:04:10,917 [WARNING] No tournament winner for CAT.ETORO. Skipping.
2026-05-29 19:04:10,917 [WARNING] No tournament winner for CAT.ETORO. Skipping.
2026-05-29 19:04:10,917 [WARNING] No tournament winner for CAT.ETORO. Skipping.
2026-05-29 19:04:10,917 [WARNING] No tournament winner for CAT.ETORO. Skipping.
2026-05-29 19:04:10,917 [WARNING] No tournament winner for CAT.ETORO. Skipping.
2026-05-29 19:04:10,917 [WARNING] No tournament winner for NOW.ETORO. Skipping.
2026-05-29 19:04:10,917 [WARNING] No tournament winner for NOW.ETORO. Skipping.
2026-05-29 19:04:10,917 [WARNING] No tournament winner for INSW.ETORO. Skipping.
2026-05-29 19:04:10,917 [WARNING] No tournament winner for INSW.ETORO. Skipping.
2026-05-29 19:04:10,917 [WARNING] No tournament winner for INSW.ETORO. Skipping.
2026-05-29 19:04:10,917 [WARNING] No tournament winner for INSW.ETORO. Skipping.
2026-05-29 19:04:10,917 [WARNING] No tournament winner for INSW.ETORO. Skipping.
2026-05-29 19:04:10,917 [WARNING] No tournament winner for INSW.ETORO. Skipping.
2026-05-29 19:04:10,917 [WARNING] No tournament winner for INSW.ETORO. Skipping.
2026-05-29 19:04:10,917 [WARNING] No tournament winner for INSW.ETORO. Skipping.
2026-05-29 19:04:10,917 [WARNING] No tournament winner for INSW.ETORO. Skipping.
2026-05-29 19:04:10,917 [WARNING] No tournament winner for INSW.ETORO. Skipping.
2026-05-29 19:04:10,917 [WARNING] No tournament winner for INSW.ETORO. Skipping.
2026-05-29 19:04:10,917 [WARNING] No tournament winner for INSW.ETORO. Skipping.
2026-05-29 19:04:10,917 [WARNING] No tournament winner for INSW.ETORO. Skipping.
2026-05-29 19:04:10,917 [WARNING] No tournament winner for INSW.ETORO. Skipping.
2026-05-29 19:04:10,917 [WARNING] No tournament winner for INSW.ETORO. Skipping.
2026-05-29 19:04:10,917 [WARNING] No tournament winner for INSW.ETORO. Skipping.
2026-05-29 19:04:10,917 [WARNING] No tournament winner for INSW.ETORO. Skipping.
2026-05-29 19:04:10,917 [WARNING] No tournament winner for INSW.ETORO. Skipping.
2026-05-29 19:04:10,917 [WARNING] No tournament winner for INSW.ETORO. Skipping.
2026-05-29 19:04:10,917 [WARNING] No tournament winner for INSW.ETORO. Skipping.
2026-05-29 19:04:10,917 [WARNING] No tournament winner for INSW.ETORO. Skipping.
2026-05-29 19:04:10,917 [WARNING] No tournament winner for INSW.ETORO. Skipping.
2026-05-29 19:04:10,918 [WARNING] No tournament winner for INSW.ETORO. Skipping.
2026-05-29 19:04:10,918 [WARNING] No tournament winner for INSW.ETORO. Skipping.
2026-05-29 19:04:10,918 [WARNING] No tournament winner for INSW.ETORO. Skipping.
2026-05-29 19:04:10,918 [WARNING] No tournament winner for INSW.ETORO. Skipping.
2026-05-29 19:04:10,918 [WARNING] No tournament winner for INSW.ETORO. Skipping.
2026-05-29 19:04:10,918 [WARNING] No tournament winner for INSW.ETORO. Skipping.
2026-05-29 19:04:10,918 [WARNING] No tournament winner for INSW.ETORO. Skipping.
2026-05-29 19:04:10,918 [WARNING] No tournament winner for INSW.ETORO. Skipping.
2026-05-29 19:04:10,918 [WARNING] No tournament winner for INSW.ETORO. Skipping.
2026-05-29 19:04:10,918 [WARNING] No tournament winner for INSW.ETORO. Skipping.
2026-05-29 19:04:10,918 [WARNING] No tournament winner for INSW.ETORO. Skipping.
2026-05-29 19:04:10,918 [WARNING] No tournament winner for INSW.ETORO. Skipping.
2026-05-29 19:04:10,918 [WARNING] No tournament winner for INSW.ETORO. Skipping.
2026-05-29 19:04:10,918 [WARNING] No tournament winner for INSW.ETORO. Skipping.
2026-05-29 19:04:10,918 [WARNING] No tournament winner for INSW.ETORO. Skipping.
2026-05-29 19:04:10,918 [WARNING] No tournament winner for INSW.ETORO. Skipping.
2026-05-29 19:04:10,918 [WARNING] No tournament winner for INSW.ETORO. Skipping.
2026-05-29 19:04:10,918 [WARNING] No tournament winner for INSW.ETORO. Skipping.
2026-05-29 19:04:10,918 [WARNING] No tournament winner for INSW.ETORO. Skipping.
2026-05-29 19:04:10,918 [WARNING] No tournament winner for INSW.ETORO. Skipping.
2026-05-29 19:04:10,918 [WARNING] No tournament winner for INSW.ETORO. Skipping.
2026-05-29 19:04:10,918 [WARNING] No tournament winner for INSW.ETORO. Skipping.
2026-05-29 19:04:10,918 [WARNING] No tournament winner for INSW.ETORO. Skipping.
2026-05-29 19:04:10,918 [WARNING] No tournament winner for INSW.ETORO. Skipping.
2026-05-29 19:04:10,918 [WARNING] No tournament winner for COHR.ETORO. Skipping.
2026-05-29 19:04:10,918 [WARNING] No tournament winner for COHR.ETORO. Skipping.
2026-05-29 19:04:10,918 [WARNING] No tournament winner for COHR.ETORO. Skipping.
2026-05-29 19:04:10,918 [WARNING] No tournament winner for COHR.ETORO. Skipping.
2026-05-29 19:04:10,918 [WARNING] No tournament winner for COHR.ETORO. Skipping.
2026-05-29 19:04:10,918 [WARNING] No tournament winner for COHR.ETORO. Skipping.
2026-05-29 19:04:10,918 [WARNING] No tournament winner for COHR.ETORO. Skipping.
2026-05-29 19:04:10,918 [WARNING] No tournament winner for COHR.ETORO. Skipping.
2026-05-29 19:04:10,918 [WARNING] No tournament winner for COHR.ETORO. Skipping.
2026-05-29 19:04:10,918 [WARNING] No tournament winner for COHR.ETORO. Skipping.
2026-05-29 19:04:10,918 [WARNING] No tournament winner for COHR.ETORO. Skipping.
2026-05-29 19:04:10,918 [WARNING] No tournament winner for COHR.ETORO. Skipping.
2026-05-29 19:04:10,918 [WARNING] No tournament winner for COHR.ETORO. Skipping.
2026-05-29 19:04:10,918 [WARNING] No tournament winner for COHR.ETORO. Skipping.
2026-05-29 19:04:10,918 [WARNING] No tournament winner for COHR.ETORO. Skipping.
2026-05-29 19:04:10,918 [WARNING] No tournament winner for COHR.ETORO. Skipping.
2026-05-29 19:04:10,918 [WARNING] No tournament winner for COHR.ETORO. Skipping.
2026-05-29 19:04:10,918 [WARNING] No tournament winner for CMG.ETORO. Skipping.
2026-05-29 19:04:10,918 [WARNING] No tournament winner for CMG.ETORO. Skipping.
2026-05-29 19:04:10,918 [WARNING] No tournament winner for CMG.ETORO. Skipping.
2026-05-29 19:04:10,918 [WARNING] No tournament winner for CMG.ETORO. Skipping.
2026-05-29 19:04:10,918 [WARNING] No tournament winner for CMG.ETORO. Skipping.
2026-05-29 19:04:10,918 [WARNING] No tournament winner for CMG.ETORO. Skipping.
2026-05-29 19:04:10,918 [WARNING] No tournament winner for CMG.ETORO. Skipping.
2026-05-29 19:04:10,918 [WARNING] No tournament winner for CMG.ETORO. Skipping.
2026-05-29 19:04:10,918 [WARNING] No tournament winner for CMG.ETORO. Skipping.
2026-05-29 19:04:10,918 [WARNING] No tournament winner for CMG.ETORO. Skipping.
2026-05-29 19:04:10,918 [WARNING] No tournament winner for CMG.ETORO. Skipping.
2026-05-29 19:04:10,918 [WARNING] No tournament winner for CMG.ETORO. Skipping.
2026-05-29 19:04:10,918 [WARNING] No tournament winner for CMG.ETORO. Skipping.
2026-05-29 19:04:10,918 [WARNING] No tournament winner for CMG.ETORO. Skipping.
2026-05-29 19:04:10,918 [WARNING] No tournament winner for CMG.ETORO. Skipping.
2026-05-29 19:04:10,918 [WARNING] No tournament winner for LRCX.ETORO. Skipping.
2026-05-29 19:04:10,918 [WARNING] No tournament winner for LRCX.ETORO. Skipping.
2026-05-29 19:04:10,918 [WARNING] No tournament winner for LRCX.ETORO. Skipping.
2026-05-29 19:04:10,918 [WARNING] No tournament winner for LRCX.ETORO. Skipping.
2026-05-29 19:04:10,918 [WARNING] No tournament winner for DUOL.ETORO. Skipping.
2026-05-29 19:04:10,918 [WARNING] No tournament winner for DUOL.ETORO. Skipping.
2026-05-29 19:04:10,918 [WARNING] No tournament winner for DUOL.ETORO. Skipping.
2026-05-29 19:04:10,918 [WARNING] No tournament winner for DUOL.ETORO. Skipping.
2026-05-29 19:04:10,918 [WARNING] No tournament winner for TTD.ETORO. Skipping.
2026-05-29 19:04:10,918 [WARNING] No tournament winner for TTD.ETORO. Skipping.
2026-05-29 19:04:10,918 [WARNING] No tournament winner for TTD.ETORO. Skipping.
2026-05-29 19:04:10,918 [WARNING] No tournament winner for TTD.ETORO. Skipping.
2026-05-29 19:04:10,918 [WARNING] No tournament winner for MTZ.ETORO. Skipping.
2026-05-29 19:04:10,918 [WARNING] No tournament winner for MTZ.ETORO. Skipping.
2026-05-29 19:04:10,918 [WARNING] No tournament winner for MTZ.ETORO. Skipping.
2026-05-29 19:04:10,918 [WARNING] No tournament winner for MTZ.ETORO. Skipping.
2026-05-29 19:04:10,918 [WARNING] No tournament winner for MTZ.ETORO. Skipping.
2026-05-29 19:04:10,918 [WARNING] No tournament winner for MTZ.ETORO. Skipping.
2026-05-29 19:04:10,918 [WARNING] No tournament winner for MTZ.ETORO. Skipping.
2026-05-29 19:04:10,918 [WARNING] No tournament winner for MTZ.ETORO. Skipping.
2026-05-29 19:04:10,918 [WARNING] No tournament winner for MTZ.ETORO. Skipping.
2026-05-29 19:04:10,918 [WARNING] No tournament winner for MTZ.ETORO. Skipping.
2026-05-29 19:04:10,918 [WARNING] No tournament winner for MTZ.ETORO. Skipping.
2026-05-29 19:04:10,918 [WARNING] No tournament winner for MTZ.ETORO. Skipping.
2026-05-29 19:04:10,918 [WARNING] No tournament winner for MTZ.ETORO. Skipping.
2026-05-29 19:04:10,918 [WARNING] No tournament winner for MTZ.ETORO. Skipping.
2026-05-29 19:04:10,918 [WARNING] No tournament winner for MTZ.ETORO. Skipping.
2026-05-29 19:04:10,918 [WARNING] No tournament winner for MTZ.ETORO. Skipping.
2026-05-29 19:04:10,918 [WARNING] No tournament winner for MTZ.ETORO. Skipping.
2026-05-29 19:04:10,918 [WARNING] No tournament winner for FICO.ETORO. Skipping.
2026-05-29 19:04:10,918 [WARNING] No tournament winner for FICO.ETORO. Skipping.
2026-05-29 19:04:10,918 [WARNING] No tournament winner for FICO.ETORO. Skipping.
2026-05-29 19:04:10,918 [WARNING] No tournament winner for FICO.ETORO. Skipping.
2026-05-29 19:04:10,918 [WARNING] No tournament winner for FICO.ETORO. Skipping.
2026-05-29 19:04:10,918 [WARNING] No tournament winner for FICO.ETORO. Skipping.
2026-05-29 19:04:10,918 [WARNING] No tournament winner for FICO.ETORO. Skipping.
2026-05-29 19:04:10,918 [WARNING] No tournament winner for FICO.ETORO. Skipping.
2026-05-29 19:04:10,918 [WARNING] No tournament winner for TTMI.ETORO. Skipping.
2026-05-29 19:04:10,918 [WARNING] No tournament winner for TTMI.ETORO. Skipping.
2026-05-29 19:04:10,918 [WARNING] No tournament winner for TTMI.ETORO. Skipping.
2026-05-29 19:04:10,918 [WARNING] No tournament winner for TTMI.ETORO. Skipping.
2026-05-29 19:04:10,918 [WARNING] No tournament winner for TTMI.ETORO. Skipping.
2026-05-29 19:04:10,918 [WARNING] No tournament winner for TTMI.ETORO. Skipping.
2026-05-29 19:04:10,918 [WARNING] No tournament winner for TTMI.ETORO. Skipping.
2026-05-29 19:04:10,918 [WARNING] No tournament winner for TTMI.ETORO. Skipping.
2026-05-29 19:04:10,918 [WARNING] No tournament winner for TTMI.ETORO. Skipping.
2026-05-29 19:04:10,918 [WARNING] No tournament winner for LULU.ETORO. Skipping.
2026-05-29 19:04:10,918 [WARNING] No tournament winner for LULU.ETORO. Skipping.
2026-05-29 19:04:10,918 [WARNING] No tournament winner for LULU.ETORO. Skipping.
2026-05-29 19:04:10,918 [WARNING] No tournament winner for LULU.ETORO. Skipping.
2026-05-29 19:04:10,918 [WARNING] No tournament winner for LULU.ETORO. Skipping.
2026-05-29 19:04:10,918 [WARNING] No tournament winner for LULU.ETORO. Skipping.
2026-05-29 19:04:10,918 [WARNING] No tournament winner for LULU.ETORO. Skipping.
2026-05-29 19:04:10,918 [WARNING] No tournament winner for MU.ETORO. Skipping.
2026-05-29 19:04:10,918 [WARNING] No tournament winner for HAL.ETORO. Skipping.
2026-05-29 19:04:10,918 [WARNING] No tournament winner for HAL.ETORO. Skipping.
2026-05-29 19:04:10,918 [WARNING] No tournament winner for HAL.ETORO. Skipping.
2026-05-29 19:04:10,918 [WARNING] No tournament winner for HAL.ETORO. Skipping.
2026-05-29 19:04:10,918 [WARNING] No tournament winner for HAL.ETORO. Skipping.
2026-05-29 19:04:10,918 [WARNING] No tournament winner for HAL.ETORO. Skipping.
2026-05-29 19:04:10,918 [WARNING] No tournament winner for HAL.ETORO. Skipping.
2026-05-29 19:04:10,918 [WARNING] No tournament winner for HAL.ETORO. Skipping.
2026-05-29 19:04:10,918 [WARNING] No tournament winner for HAL.ETORO. Skipping.
2026-05-29 19:04:10,918 [WARNING] No tournament winner for HAL.ETORO. Skipping.
2026-05-29 19:04:10,918 [WARNING] No tournament winner for HAL.ETORO. Skipping.
2026-05-29 19:04:10,918 [WARNING] No tournament winner for HAL.ETORO. Skipping.
2026-05-29 19:04:10,918 [WARNING] No tournament winner for HAL.ETORO. Skipping.
2026-05-29 19:04:10,918 [WARNING] No tournament winner for SE.ETORO. Skipping.
2026-05-29 19:04:10,918 [WARNING] No tournament winner for SE.ETORO. Skipping.
2026-05-29 19:04:10,918 [WARNING] No tournament winner for SE.ETORO. Skipping.
2026-05-29 19:04:10,918 [WARNING] No tournament winner for SE.ETORO. Skipping.
2026-05-29 19:04:10,918 [WARNING] No tournament winner for SE.ETORO. Skipping.
2026-05-29 19:04:10,918 [WARNING] No tournament winner for SE.ETORO. Skipping.
2026-05-29 19:04:10,918 [WARNING] No tournament winner for SE.ETORO. Skipping.
2026-05-29 19:04:10,918 [WARNING] No tournament winner for SE.ETORO. Skipping.
2026-05-29 19:04:10,918 [WARNING] No tournament winner for SE.ETORO. Skipping.
2026-05-29 19:04:10,918 [WARNING] No tournament winner for SE.ETORO. Skipping.
2026-05-29 19:04:10,918 [WARNING] No tournament winner for SE.ETORO. Skipping.
2026-05-29 19:04:10,918 [WARNING] No tournament winner for SE.ETORO. Skipping.
2026-05-29 19:04:10,918 [WARNING] No tournament winner for SE.ETORO. Skipping.
2026-05-29 19:04:10,918 [WARNING] No tournament winner for SE.ETORO. Skipping.
2026-05-29 19:04:10,918 [WARNING] No tournament winner for JNJ.ETORO. Skipping.
2026-05-29 19:04:10,918 [WARNING] No tournament winner for JNJ.ETORO. Skipping.
2026-05-29 19:04:10,918 [WARNING] No tournament winner for JNJ.ETORO. Skipping.
2026-05-29 19:04:10,918 [WARNING] No tournament winner for JNJ.ETORO. Skipping.
2026-05-29 19:04:10,918 [WARNING] No tournament winner for JNJ.ETORO. Skipping.
2026-05-29 19:04:10,918 [WARNING] No tournament winner for JNJ.ETORO. Skipping.
2026-05-29 19:04:10,918 [WARNING] No tournament winner for JNJ.ETORO. Skipping.
2026-05-29 19:04:10,918 [WARNING] No tournament winner for JNJ.ETORO. Skipping.
2026-05-29 19:04:10,918 [WARNING] No tournament winner for JNJ.ETORO. Skipping.
2026-05-29 19:04:10,918 [WARNING] No tournament winner for JNJ.ETORO. Skipping.
2026-05-29 19:04:10,918 [WARNING] No tournament winner for SQM.ETORO. Skipping.
2026-05-29 19:04:10,918 [WARNING] No tournament winner for SQM.ETORO. Skipping.
2026-05-29 19:04:10,918 [WARNING] No tournament winner for SQM.ETORO. Skipping.
2026-05-29 19:04:10,918 [WARNING] No tournament winner for SQM.ETORO. Skipping.
2026-05-29 19:04:10,918 [WARNING] No tournament winner for SQM.ETORO. Skipping.
2026-05-29 19:04:10,918 [WARNING] No tournament winner for SQM.ETORO. Skipping.
2026-05-29 19:04:10,918 [WARNING] No tournament winner for SQM.ETORO. Skipping.
2026-05-29 19:04:10,918 [WARNING] No tournament winner for SQM.ETORO. Skipping.
2026-05-29 19:04:10,918 [WARNING] No tournament winner for SQM.ETORO. Skipping.
2026-05-29 19:04:10,918 [WARNING] No tournament winner for SQM.ETORO. Skipping.
2026-05-29 19:04:10,918 [WARNING] No tournament winner for SQM.ETORO. Skipping.
2026-05-29 19:04:10,918 [WARNING] No tournament winner for SQM.ETORO. Skipping.
2026-05-29 19:04:10,918 [WARNING] No tournament winner for SQM.ETORO. Skipping.
2026-05-29 19:04:10,918 [WARNING] No tournament winner for SQM.ETORO. Skipping.
2026-05-29 19:04:10,918 [WARNING] No tournament winner for SQM.ETORO. Skipping.
2026-05-29 19:04:10,918 [WARNING] No tournament winner for SQM.ETORO. Skipping.
2026-05-29 19:04:10,918 [WARNING] No tournament winner for SQM.ETORO. Skipping.
2026-05-29 19:04:10,918 [WARNING] No tournament winner for SQM.ETORO. Skipping.
2026-05-29 19:04:10,918 [WARNING] No tournament winner for SQM.ETORO. Skipping.
2026-05-29 19:04:10,918 [WARNING] No tournament winner for MNDY.ETORO. Skipping.
2026-05-29 19:04:10,918 [WARNING] No tournament winner for MNDY.ETORO. Skipping.
2026-05-29 19:04:10,918 [WARNING] No tournament winner for MNDY.ETORO. Skipping.
2026-05-29 19:04:10,919 [WARNING] No tournament winner for MNDY.ETORO. Skipping.
2026-05-29 19:04:10,919 [WARNING] No tournament winner for MNDY.ETORO. Skipping.
2026-05-29 19:04:10,919 [WARNING] No tournament winner for GSAT.ETORO. Skipping.
2026-05-29 19:04:10,919 [WARNING] No tournament winner for GSAT.ETORO. Skipping.
2026-05-29 19:04:10,919 [WARNING] No tournament winner for GSAT.ETORO. Skipping.
2026-05-29 19:04:10,919 [WARNING] No tournament winner for GSAT.ETORO. Skipping.
2026-05-29 19:04:10,919 [WARNING] No tournament winner for GSAT.ETORO. Skipping.
2026-05-29 19:04:10,919 [WARNING] No tournament winner for GSAT.ETORO. Skipping.
2026-05-29 19:04:10,919 [WARNING] No tournament winner for GSAT.ETORO. Skipping.
2026-05-29 19:04:10,919 [WARNING] No tournament winner for GSAT.ETORO. Skipping.
2026-05-29 19:04:10,919 [WARNING] No tournament winner for GSAT.ETORO. Skipping.
2026-05-29 19:04:10,919 [WARNING] No tournament winner for GSAT.ETORO. Skipping.
2026-05-29 19:04:10,919 [WARNING] No tournament winner for GSAT.ETORO. Skipping.
2026-05-29 19:04:10,919 [WARNING] No tournament winner for GSAT.ETORO. Skipping.
2026-05-29 19:04:10,919 [WARNING] No tournament winner for GSAT.ETORO. Skipping.
2026-05-29 19:04:10,919 [WARNING] No tournament winner for GSAT.ETORO. Skipping.
2026-05-29 19:04:10,919 [WARNING] No tournament winner for GSAT.ETORO. Skipping.
2026-05-29 19:04:10,919 [WARNING] No tournament winner for GSAT.ETORO. Skipping.
2026-05-29 19:04:10,919 [WARNING] No tournament winner for GSAT.ETORO. Skipping.
2026-05-29 19:04:10,919 [WARNING] No tournament winner for VRT.ETORO. Skipping.
2026-05-29 19:04:10,919 [WARNING] No tournament winner for VRT.ETORO. Skipping.
2026-05-29 19:04:10,919 [WARNING] No tournament winner for VRT.ETORO. Skipping.
2026-05-29 19:04:10,919 [WARNING] No tournament winner for VRT.ETORO. Skipping.
2026-05-29 19:04:10,919 [WARNING] No tournament winner for VRT.ETORO. Skipping.
2026-05-29 19:04:10,919 [WARNING] No tournament winner for VRT.ETORO. Skipping.
2026-05-29 19:04:10,919 [WARNING] No tournament winner for VRT.ETORO. Skipping.
2026-05-29 19:04:10,919 [WARNING] No tournament winner for VRT.ETORO. Skipping.
2026-05-29 19:04:10,919 [WARNING] No tournament winner for VRT.ETORO. Skipping.
2026-05-29 19:04:10,919 [WARNING] No tournament winner for VRT.ETORO. Skipping.
2026-05-29 19:04:10,919 [WARNING] No tournament winner for CIEN.ETORO. Skipping.
2026-05-29 19:04:10,919 [WARNING] No tournament winner for CIEN.ETORO. Skipping.
2026-05-29 19:04:10,919 [WARNING] No tournament winner for CIEN.ETORO. Skipping.
2026-05-29 19:04:10,919 [WARNING] No tournament winner for CIEN.ETORO. Skipping.
2026-05-29 19:04:10,919 [WARNING] No tournament winner for CIEN.ETORO. Skipping.
2026-05-29 19:04:10,919 [WARNING] No tournament winner for CIEN.ETORO. Skipping.
2026-05-29 19:04:10,919 [WARNING] No tournament winner for CIEN.ETORO. Skipping.
2026-05-29 19:04:10,919 [WARNING] No tournament winner for CIEN.ETORO. Skipping.
2026-05-29 19:04:10,919 [WARNING] No tournament winner for POWL.ETORO. Skipping.
2026-05-29 19:04:10,919 [WARNING] No tournament winner for POWL.ETORO. Skipping.
2026-05-29 19:04:10,919 [WARNING] No tournament winner for POWL.ETORO. Skipping.
2026-05-29 19:04:10,919 [WARNING] No tournament winner for POWL.ETORO. Skipping.
2026-05-29 19:04:10,919 [WARNING] No tournament winner for POWL.ETORO. Skipping.
2026-05-29 19:04:10,919 [WARNING] No tournament winner for POWL.ETORO. Skipping.
2026-05-29 19:04:10,919 [WARNING] No tournament winner for POWL.ETORO. Skipping.
2026-05-29 19:04:10,919 [WARNING] No tournament winner for POWL.ETORO. Skipping.
2026-05-29 19:04:10,919 [WARNING] No tournament winner for POWL.ETORO. Skipping.
2026-05-29 19:04:10,919 [WARNING] No tournament winner for POWL.ETORO. Skipping.
2026-05-29 19:04:10,919 [WARNING] No tournament winner for POWL.ETORO. Skipping.
2026-05-29 19:04:10,919 [WARNING] No tournament winner for POWL.ETORO. Skipping.
2026-05-29 19:04:10,919 [WARNING] No tournament winner for CRM.ETORO. Skipping.
2026-05-29 19:04:10,919 [WARNING] No tournament winner for CRM.ETORO. Skipping.
2026-05-29 19:04:10,919 [WARNING] No tournament winner for WIX.ETORO. Skipping.
2026-05-29 19:04:10,919 [WARNING] No tournament winner for WIX.ETORO. Skipping.
2026-05-29 19:04:10,919 [WARNING] No tournament winner for WIX.ETORO. Skipping.
2026-05-29 19:04:10,919 [WARNING] No tournament winner for WIX.ETORO. Skipping.
2026-05-29 19:04:10,919 [WARNING] No tournament winner for WIX.ETORO. Skipping.
2026-05-29 19:04:10,919 [WARNING] No tournament winner for WDC.ETORO. Skipping.
2026-05-29 19:04:10,919 [WARNING] No tournament winner for WDC.ETORO. Skipping.
2026-05-29 19:04:10,919 [WARNING] No tournament winner for WDC.ETORO. Skipping.
2026-05-29 19:04:10,919 [WARNING] No tournament winner for SNAP.ETORO. Skipping.
2026-05-29 19:04:10,919 [WARNING] No tournament winner for PBR.ETORO. Skipping.
2026-05-29 19:04:10,919 [WARNING] No tournament winner for PBR.ETORO. Skipping.
2026-05-29 19:04:10,919 [WARNING] No tournament winner for PBR.ETORO. Skipping.
2026-05-29 19:04:10,919 [WARNING] No tournament winner for PBR.ETORO. Skipping.
2026-05-29 19:04:10,919 [WARNING] No tournament winner for TEAM.ETORO. Skipping.
2026-05-29 19:04:10,919 [WARNING] No tournament winner for TEAM.ETORO. Skipping.
2026-05-29 19:04:10,919 [WARNING] No tournament winner for TEAM.ETORO. Skipping.
2026-05-29 19:04:10,919 [WARNING] No tournament winner for TEAM.ETORO. Skipping.
2026-05-29 19:04:10,919 [WARNING] No tournament winner for TEAM.ETORO. Skipping.
2026-05-29 19:04:10,919 [WARNING] No tournament winner for TEAM.ETORO. Skipping.
2026-05-29 19:04:10,919 [WARNING] No tournament winner for TEAM.ETORO. Skipping.
2026-05-29 19:04:10,919 [WARNING] No tournament winner for TEAM.ETORO. Skipping.
2026-05-29 19:04:10,919 [WARNING] No tournament winner for TEAM.ETORO. Skipping.
2026-05-29 19:04:10,919 [WARNING] No tournament winner for TEAM.ETORO. Skipping.
2026-05-29 19:04:10,919 [WARNING] No tournament winner for E.ETORO. Skipping.
2026-05-29 19:04:10,919 [WARNING] No tournament winner for E.ETORO. Skipping.
2026-05-29 19:04:10,919 [WARNING] No tournament winner for E.ETORO. Skipping.
2026-05-29 19:04:10,919 [WARNING] No tournament winner for E.ETORO. Skipping.
2026-05-29 19:04:10,919 [WARNING] No tournament winner for E.ETORO. Skipping.
2026-05-29 19:04:10,919 [WARNING] No tournament winner for E.ETORO. Skipping.
2026-05-29 19:04:10,919 [WARNING] No tournament winner for E.ETORO. Skipping.
2026-05-29 19:04:10,919 [WARNING] No tournament winner for E.ETORO. Skipping.
2026-05-29 19:04:10,919 [WARNING] No tournament winner for E.ETORO. Skipping.
2026-05-29 19:04:10,919 [WARNING] No tournament winner for E.ETORO. Skipping.
2026-05-29 19:04:10,919 [WARNING] No tournament winner for E.ETORO. Skipping.
2026-05-29 19:04:10,919 [WARNING] No tournament winner for E.ETORO. Skipping.
2026-05-29 19:04:10,919 [WARNING] No tournament winner for E.ETORO. Skipping.
2026-05-29 19:04:10,919 [WARNING] No tournament winner for E.ETORO. Skipping.
2026-05-29 19:04:10,919 [WARNING] No tournament winner for E.ETORO. Skipping.
2026-05-29 19:04:10,919 [WARNING] No tournament winner for E.ETORO. Skipping.
2026-05-29 19:04:10,919 [WARNING] No tournament winner for E.ETORO. Skipping.
2026-05-29 19:04:10,919 [WARNING] No tournament winner for E.ETORO. Skipping.
2026-05-29 19:04:10,919 [WARNING] No tournament winner for E.ETORO. Skipping.
2026-05-29 19:04:10,919 [WARNING] No tournament winner for E.ETORO. Skipping.
2026-05-29 19:04:10,919 [WARNING] No tournament winner for E.ETORO. Skipping.
2026-05-29 19:04:10,919 [WARNING] No tournament winner for E.ETORO. Skipping.
2026-05-29 19:04:10,919 [WARNING] No tournament winner for E.ETORO. Skipping.
2026-05-29 19:04:10,919 [WARNING] No tournament winner for E.ETORO. Skipping.
2026-05-29 19:04:10,919 [WARNING] No tournament winner for E.ETORO. Skipping.
2026-05-29 19:04:10,919 [WARNING] No tournament winner for E.ETORO. Skipping.
2026-05-29 19:04:10,919 [WARNING] No tournament winner for E.ETORO. Skipping.
2026-05-29 19:04:10,919 [WARNING] No tournament winner for E.ETORO. Skipping.
2026-05-29 19:04:10,919 [WARNING] No tournament winner for E.ETORO. Skipping.
2026-05-29 19:04:10,919 [WARNING] No tournament winner for E.ETORO. Skipping.
2026-05-29 19:04:10,919 [WARNING] No tournament winner for E.ETORO. Skipping.
2026-05-29 19:04:10,919 [WARNING] No tournament winner for E.ETORO. Skipping.
2026-05-29 19:04:10,919 [WARNING] No tournament winner for E.ETORO. Skipping.
2026-05-29 19:04:10,919 [WARNING] No tournament winner for E.ETORO. Skipping.
2026-05-29 19:04:10,919 [WARNING] No tournament winner for E.ETORO. Skipping.
2026-05-29 19:04:10,919 [WARNING] No tournament winner for E.ETORO. Skipping.
2026-05-29 19:04:10,919 [WARNING] No tournament winner for E.ETORO. Skipping.
2026-05-29 19:04:10,919 [WARNING] No tournament winner for E.ETORO. Skipping.
2026-05-29 19:04:10,919 [WARNING] No tournament winner for E.ETORO. Skipping.
2026-05-29 19:04:10,919 [WARNING] No tournament winner for E.ETORO. Skipping.
2026-05-29 19:04:10,919 [WARNING] No tournament winner for E.ETORO. Skipping.
2026-05-29 19:04:10,919 [WARNING] No tournament winner for E.ETORO. Skipping.
2026-05-29 19:04:10,919 [WARNING] No tournament winner for E.ETORO. Skipping.
2026-05-29 19:04:10,919 [WARNING] No tournament winner for PINS.ETORO. Skipping.
2026-05-29 19:04:10,919 [WARNING] No tournament winner for PINS.ETORO. Skipping.
2026-05-29 19:04:10,919 [WARNING] No tournament winner for PINS.ETORO. Skipping.
2026-05-29 19:04:10,919 [WARNING] No tournament winner for PINS.ETORO. Skipping.
2026-05-29 19:04:10,919 [WARNING] No tournament winner for PINS.ETORO. Skipping.
2026-05-29 19:04:10,919 [WARNING] No tournament winner for PINS.ETORO. Skipping.
2026-05-29 19:04:10,919 [WARNING] No tournament winner for PINS.ETORO. Skipping.
2026-05-29 19:04:10,919 [WARNING] No tournament winner for GLW.ETORO. Skipping.
2026-05-29 19:04:10,919 [WARNING] No tournament winner for GLW.ETORO. Skipping.
2026-05-29 19:04:10,919 [WARNING] No tournament winner for GLW.ETORO. Skipping.
2026-05-29 19:04:10,919 [WARNING] No tournament winner for GLW.ETORO. Skipping.
2026-05-29 19:04:10,919 [WARNING] No tournament winner for GLW.ETORO. Skipping.
2026-05-29 19:04:10,919 [WARNING] No tournament winner for GLW.ETORO. Skipping.
2026-05-29 19:04:10,919 [WARNING] No tournament winner for GLW.ETORO. Skipping.
2026-05-29 19:04:10,919 [WARNING] No tournament winner for GLW.ETORO. Skipping.
2026-05-29 19:04:10,919 [WARNING] No tournament winner for GLW.ETORO. Skipping.
2026-05-29 19:04:10,919 [WARNING] No tournament winner for GLW.ETORO. Skipping.
2026-05-29 19:04:10,919 [WARNING] No tournament winner for GLW.ETORO. Skipping.
2026-05-29 19:04:10,919 [WARNING] No tournament winner for GLW.ETORO. Skipping.
2026-05-29 19:04:10,919 [WARNING] No tournament winner for GLW.ETORO. Skipping.
2026-05-29 19:04:10,919 [WARNING] No tournament winner for GLW.ETORO. Skipping.
2026-05-29 19:04:10,919 [WARNING] No tournament winner for GLW.ETORO. Skipping.
2026-05-29 19:04:10,919 [WARNING] No tournament winner for GLW.ETORO. Skipping.
2026-05-29 19:04:10,919 [WARNING] No tournament winner for GLW.ETORO. Skipping.
2026-05-29 19:04:10,919 [WARNING] No tournament winner for TSEM.ETORO. Skipping.
2026-05-29 19:04:10,919 [WARNING] No tournament winner for TSEM.ETORO. Skipping.
2026-05-29 19:04:10,919 [WARNING] No tournament winner for TSEM.ETORO. Skipping.
2026-05-29 19:04:10,919 [WARNING] No tournament winner for TSEM.ETORO. Skipping.
2026-05-29 19:04:10,919 [WARNING] No tournament winner for TSEM.ETORO. Skipping.
2026-05-29 19:04:10,919 [WARNING] No tournament winner for TSEM.ETORO. Skipping.
2026-05-29 19:04:10,919 [WARNING] No tournament winner for TSEM.ETORO. Skipping.
2026-05-29 19:04:10,919 [WARNING] No tournament winner for TSEM.ETORO. Skipping.
2026-05-29 19:04:10,919 [WARNING] No tournament winner for STX.US.ETORO. Skipping.
2026-05-29 19:04:10,919 [WARNING] No tournament winner for STX.US.ETORO. Skipping.
2026-05-29 19:04:10,919 [WARNING] No tournament winner for STX.US.ETORO. Skipping.
2026-05-29 19:04:10,919 [WARNING] No tournament winner for STX.US.ETORO. Skipping.
2026-05-29 19:04:10,919 [WARNING] No tournament winner for EEFT.ETORO. Skipping.
2026-05-29 19:04:10,919 [WARNING] No tournament winner for EEFT.ETORO. Skipping.
2026-05-29 19:04:10,919 [WARNING] No tournament winner for EEFT.ETORO. Skipping.
2026-05-29 19:04:10,919 [WARNING] No tournament winner for EEFT.ETORO. Skipping.
2026-05-29 19:04:10,919 [WARNING] No tournament winner for EEFT.ETORO. Skipping.
2026-05-29 19:04:10,919 [WARNING] No tournament winner for EEFT.ETORO. Skipping.
2026-05-29 19:04:10,919 [WARNING] No tournament winner for EEFT.ETORO. Skipping.
2026-05-29 19:04:10,919 [WARNING] No tournament winner for EEFT.ETORO. Skipping.
2026-05-29 19:04:10,919 [WARNING] No tournament winner for EEFT.ETORO. Skipping.
2026-05-29 19:04:10,919 [WARNING] No tournament winner for EEFT.ETORO. Skipping.
2026-05-29 19:04:10,919 [WARNING] No tournament winner for EEFT.ETORO. Skipping.
2026-05-29 19:04:10,919 [WARNING] No tournament winner for EEFT.ETORO. Skipping.
2026-05-29 19:04:10,919 [WARNING] No tournament winner for EEFT.ETORO. Skipping.
2026-05-29 19:04:10,919 [WARNING] No tournament winner for EEFT.ETORO. Skipping.
2026-05-29 19:04:10,919 [WARNING] No tournament winner for EEFT.ETORO. Skipping.
2026-05-29 19:04:10,919 [WARNING] No tournament winner for EEFT.ETORO. Skipping.
2026-05-29 19:04:10,919 [WARNING] No tournament winner for EEFT.ETORO. Skipping.
2026-05-29 19:04:10,919 [WARNING] No tournament winner for EEFT.ETORO. Skipping.
2026-05-29 19:04:10,919 [WARNING] No tournament winner for EEFT.ETORO. Skipping.
2026-05-29 19:04:10,920 [WARNING] No tournament winner for EEFT.ETORO. Skipping.
2026-05-29 19:04:10,920 [WARNING] No tournament winner for EEFT.ETORO. Skipping.
2026-05-29 19:04:10,920 [WARNING] No tournament winner for EEFT.ETORO. Skipping.
2026-05-29 19:04:10,920 [WARNING] No tournament winner for EEFT.ETORO. Skipping.
2026-05-29 19:04:10,920 [WARNING] No tournament winner for EEFT.ETORO. Skipping.
2026-05-29 19:04:10,920 [WARNING] No tournament winner for EEFT.ETORO. Skipping.
2026-05-29 19:04:10,920 [WARNING] No tournament winner for EEFT.ETORO. Skipping.
2026-05-29 19:04:10,920 [WARNING] No tournament winner for ACN.ETORO. Skipping.
2026-05-29 19:04:10,920 [WARNING] No tournament winner for ACN.ETORO. Skipping.
2026-05-29 19:04:10,920 [WARNING] No tournament winner for ACN.ETORO. Skipping.
2026-05-29 19:04:10,920 [WARNING] No tournament winner for GTLB.ETORO. Skipping.
2026-05-29 19:04:10,920 [WARNING] No tournament winner for GTLB.ETORO. Skipping.
2026-05-29 19:04:10,920 [WARNING] No tournament winner for GTLB.ETORO. Skipping.
2026-05-29 19:04:10,920 [WARNING] No tournament winner for GTLB.ETORO. Skipping.
2026-05-29 19:04:10,920 [WARNING] No tournament winner for GTLB.ETORO. Skipping.
2026-05-29 19:04:10,920 [WARNING] No tournament winner for ADBE.ETORO. Skipping.
2026-05-29 19:04:10,920 [WARNING] No tournament winner for ADBE.ETORO. Skipping.
2026-05-29 19:04:10,920 [WARNING] No tournament winner for ADBE.ETORO. Skipping.
2026-05-29 19:04:10,920 [WARNING] No tournament winner for CHTR.ETORO. Skipping.
2026-05-29 19:04:10,920 [WARNING] No tournament winner for CHTR.ETORO. Skipping.
2026-05-29 19:04:10,920 [WARNING] No tournament winner for CHTR.ETORO. Skipping.
2026-05-29 19:04:10,920 [WARNING] No tournament winner for CHTR.ETORO. Skipping.
2026-05-29 19:04:10,920 [WARNING] No tournament winner for CHTR.ETORO. Skipping.
2026-05-29 19:04:10,920 [WARNING] No tournament winner for CHTR.ETORO. Skipping.
2026-05-29 19:04:10,920 [WARNING] No tournament winner for CHTR.ETORO. Skipping.
2026-05-29 19:04:10,920 [WARNING] No tournament winner for CHTR.ETORO. Skipping.
2026-05-29 19:04:10,920 [WARNING] No tournament winner for CHTR.ETORO. Skipping.
2026-05-29 19:04:10,920 [WARNING] No tournament winner for DOCU.ETORO. Skipping.
2026-05-29 19:04:10,920 [WARNING] No tournament winner for DOCU.ETORO. Skipping.
2026-05-29 19:04:10,920 [WARNING] No tournament winner for DOCU.ETORO. Skipping.
2026-05-29 19:04:10,920 [WARNING] No tournament winner for DOCU.ETORO. Skipping.
2026-05-29 19:04:10,920 [WARNING] No tournament winner for HUBS.ETORO. Skipping.
2026-05-29 19:04:10,920 [WARNING] No tournament winner for HUBS.ETORO. Skipping.
2026-05-29 19:04:10,920 [WARNING] No tournament winner for HUBS.ETORO. Skipping.
2026-05-29 19:04:10,920 [WARNING] No tournament winner for HUBS.ETORO. Skipping.
2026-05-29 19:04:10,920 [WARNING] No tournament winner for HUBS.ETORO. Skipping.
2026-05-29 19:04:10,920 [WARNING] No tournament winner for HUBS.ETORO. Skipping.
2026-05-29 19:04:10,920 [WARNING] No tournament winner for HUBS.ETORO. Skipping.
2026-05-29 19:04:10,920 [WARNING] No tournament winner for HUBS.ETORO. Skipping.
2026-05-29 19:04:10,920 [WARNING] No tournament winner for HUBS.ETORO. Skipping.
2026-05-29 19:04:10,920 [WARNING] No tournament winner for HUBS.ETORO. Skipping.
2026-05-29 19:04:10,920 [WARNING] No tournament winner for HUBS.ETORO. Skipping.
2026-05-29 19:04:10,920 [WARNING] No tournament winner for HUBS.ETORO. Skipping.
2026-05-29 19:04:10,920 [WARNING] No tournament winner for HUBS.ETORO. Skipping.
2026-05-29 19:04:10,920 [WARNING] No tournament winner for HUBS.ETORO. Skipping.
2026-05-29 19:04:10,920 [WARNING] No tournament winner for HUBS.ETORO. Skipping.
2026-05-29 19:04:10,920 [WARNING] No tournament winner for HUBS.ETORO. Skipping.
2026-05-29 19:04:10,920 [WARNING] No tournament winner for HUBS.ETORO. Skipping.
2026-05-29 19:04:10,920 [WARNING] No tournament winner for HUBS.ETORO. Skipping.
2026-05-29 19:04:10,920 [WARNING] No tournament winner for ZS.ETORO. Skipping.
2026-05-29 19:04:10,920 [WARNING] No tournament winner for ZS.ETORO. Skipping.
2026-05-29 19:04:10,920 [WARNING] No tournament winner for ZS.ETORO. Skipping.
2026-05-29 19:04:10,920 [WARNING] No tournament winner for ZS.ETORO. Skipping.
2026-05-29 19:04:10,920 [WARNING] No tournament winner for ZS.ETORO. Skipping.
2026-05-29 19:04:10,920 [WARNING] No tournament winner for ZS.ETORO. Skipping.
2026-05-29 19:04:10,920 [WARNING] No tournament winner for ZS.ETORO. Skipping.
2026-05-29 19:04:10,920 [WARNING] No tournament winner for ZS.ETORO. Skipping.
2026-05-29 19:04:10,920 [WARNING] No tournament winner for ZS.ETORO. Skipping.
2026-05-29 19:04:10,920 [ERROR] No valid symbols to trade after cross-referencing universe and tournament.
