2026-05-11T15:24:47.635383000Z [INFO] eToro-MultiBot.TradingNode: =================================================================
2026-05-11T15:24:47.635388000Z [INFO] eToro-MultiBot.TradingNode:  NAUTILUS TRADER - Automated Algorithmic Trading Platform
2026-05-11T15:24:47.635389000Z [INFO] eToro-MultiBot.TradingNode:  by Nautech Systems Pty Ltd.
2026-05-11T15:24:47.635389001Z [INFO] eToro-MultiBot.TradingNode:  Copyright (C) 2015-2026. All rights reserved.
2026-05-11T15:24:47.635389002Z [INFO] eToro-MultiBot.TradingNode: =================================================================
2026-05-11T15:24:47.635389003Z [INFO] eToro-MultiBot.TradingNode: 
2026-05-11T15:24:47.635389004Z [INFO] eToro-MultiBot.TradingNode: ⠀⠀⠀⠀⠀⠀⠀⠀⠀⠀⠀⠀⠀⣠⣴⣶⡟⠀⠀⠀⠀⠀⠀⠀⠀⠀⠀⠀⠀⠀⠀
2026-05-11T15:24:47.635390000Z [INFO] eToro-MultiBot.TradingNode: ⠀⠀⠀⠀⠀⠀⠀⠀⠀⠀⠀⣰⣾⣿⣿⣿⠀⢸⣿⣿⣿⣿⣶⣶⣤⣀⠀⠀⠀⠀⠀
2026-05-11T15:24:47.635390001Z [INFO] eToro-MultiBot.TradingNode: ⠀⠀⠀⠀⠀⠀⢀⣴⡇⢀⣾⣿⣿⣿⣿⣿⠀⣾⣿⣿⣿⣿⣿⣿⣿⠿⠓⠀⠀⠀⠀
2026-05-11T15:24:47.635390002Z [INFO] eToro-MultiBot.TradingNode: ⠀⠀⠀⠀⠀⣰⣿⣿⡀⢸⣿⣿⣿⣿⣿⣿⠀⣿⣿⣿⣿⣿⣿⠟⠁⣠⣄⠀⠀⠀⠀
2026-05-11T15:24:47.635390003Z [INFO] eToro-MultiBot.TradingNode: ⠀⠀⠀⠀⢠⣿⣿⣿⣇⠀⢿⣿⣿⣿⣿⣿⠀⢻⣿⣿⣿⡿⢃⣠⣾⣿⣿⣧⡀⠀⠀
2026-05-11T15:24:47.635390004Z [INFO] eToro-MultiBot.TradingNode: ⠀⠀⠀⠠⣾⣿⣿⣿⣿⣿⣧⠈⠋⢀⣴⣧⠀⣿⡏⢠⡀⢸⣿⣿⣿⣿⣿⣿⣿⡇⠀
2026-05-11T15:24:47.635390005Z [INFO] eToro-MultiBot.TradingNode: ⠀⠀⠀⣀⠙⢿⣿⣿⣿⣿⣿⠇⢠⣿⣿⣿⡄⠹⠃⠼⠃⠈⠉⠛⠛⠛⠛⠛⠻⠇⠀
2026-05-11T15:24:47.635390006Z [INFO] eToro-MultiBot.TradingNode: ⠀⠀⢸⡟⢠⣤⠉⠛⠿⢿⣿⠀⢸⣿⡿⠋⣠⣤⣄⠀⣾⣿⣿⣶⣶⣶⣦⡄⠀⠀⠀
2026-05-11T15:24:47.635390007Z [INFO] eToro-MultiBot.TradingNode: ⠀⠀⠸⠀⣾⠏⣸⣷⠂⣠⣤⠀⠘⢁⣴⣾⣿⣿⣿⡆⠘⣿⣿⣿⣿⣿⣿⠀⠀⠀⠀
2026-05-11T15:24:47.635391000Z [INFO] eToro-MultiBot.TradingNode: ⠀⠀⠀⠀⠛⠀⣿⡟⠀⢻⣿⡄⠸⣿⣿⣿⣿⣿⣿⣿⡀⠘⣿⣿⣿⣿⠟⠀⠀⠀⠀
2026-05-11T15:24:47.635391001Z [INFO] eToro-MultiBot.TradingNode: ⠀⠀⠀⠀⠀⠀⣿⠇⠀⠀⢻⡿⠀⠈⠻⣿⣿⣿⣿⣿⡇⠀⢹⣿⠿⠋⠀⠀⠀⠀⠀
2026-05-11T15:24:47.635391002Z [INFO] eToro-MultiBot.TradingNode: ⠀⠀⠀⠀⠀⠀⠋⠀⠀⠀⡘⠁⠀⠀⠀⠀⠀⠀⠀⠀⠀⠀⠈⠁⠀⠀⠀⠀⠀⠀⠀
2026-05-11T15:24:47.635391003Z [INFO] eToro-MultiBot.TradingNode: 
2026-05-11T15:24:47.635391004Z [INFO] eToro-MultiBot.TradingNode: =================================================================
2026-05-11T15:24:47.635391005Z [INFO] eToro-MultiBot.TradingNode:  SYSTEM SPECIFICATION
2026-05-11T15:24:47.635391006Z [INFO] eToro-MultiBot.TradingNode: =================================================================
2026-05-11T15:24:47.635392000Z [INFO] eToro-MultiBot.TradingNode: CPU architecture: Apple M1
2026-05-11T15:24:47.635392001Z [INFO] eToro-MultiBot.TradingNode: CPU(s): 8 @ 3204 MHz
2026-05-11T15:24:47.635393000Z [INFO] eToro-MultiBot.TradingNode: OS: kernel-25.4.0 macOS 26.4.1
2026-05-11T15:24:47.635407000Z [INFO] eToro-MultiBot.TradingNode: =================================================================
2026-05-11T15:24:47.635408000Z [INFO] eToro-MultiBot.TradingNode:  MEMORY USAGE
2026-05-11T15:24:47.635408001Z [INFO] eToro-MultiBot.TradingNode: =================================================================
2026-05-11T15:24:47.635413000Z [INFO] eToro-MultiBot.TradingNode: RAM-Total: 16.00 GiB
2026-05-11T15:24:47.635414000Z [INFO] eToro-MultiBot.TradingNode: RAM-Used: 10.59 GiB (66.18%)
2026-05-11T15:24:47.635414001Z [INFO] eToro-MultiBot.TradingNode: RAM-Avail: 5.41 GiB (33.82%)
2026-05-11T15:24:47.635415000Z [INFO] eToro-MultiBot.TradingNode: Swap: disabled
2026-05-11T15:24:47.635427000Z [INFO] eToro-MultiBot.TradingNode: =================================================================
2026-05-11T15:24:47.635428000Z [INFO] eToro-MultiBot.TradingNode:  IDENTIFIERS
2026-05-11T15:24:47.635428001Z [INFO] eToro-MultiBot.TradingNode: =================================================================
2026-05-11T15:24:47.635428002Z [INFO] eToro-MultiBot.TradingNode: trader_id: eToro-MultiBot
2026-05-11T15:24:47.635429000Z [INFO] eToro-MultiBot.TradingNode: machine_id: MacBook-Air-von-John.local
2026-05-11T15:24:47.635429001Z [INFO] eToro-MultiBot.TradingNode: instance_id: 36c5c37d-056e-4f8a-951d-1fe390979d0d
2026-05-11T15:24:47.635429002Z [INFO] eToro-MultiBot.TradingNode: PID: 7097
2026-05-11T15:24:47.635430000Z [INFO] eToro-MultiBot.TradingNode: =================================================================
2026-05-11T15:24:47.635430001Z [INFO] eToro-MultiBot.TradingNode:  VERSIONING
2026-05-11T15:24:47.635430002Z [INFO] eToro-MultiBot.TradingNode: =================================================================
2026-05-11T15:24:47.635513000Z [INFO] eToro-MultiBot.TradingNode: nautilus_trader: 1.226.0
2026-05-11T15:24:47.635534000Z [INFO] eToro-MultiBot.TradingNode: python: 3.14.4
2026-05-11T15:24:47.635537000Z [INFO] eToro-MultiBot.TradingNode: numpy: 2.4.4
2026-05-11T15:24:47.635538000Z [INFO] eToro-MultiBot.TradingNode: pandas: 2.3.3
2026-05-11T15:24:47.635539000Z [INFO] eToro-MultiBot.TradingNode: msgspec: 0.21.1
2026-05-11T15:24:47.635541000Z [INFO] eToro-MultiBot.TradingNode: pyarrow: 24.0.0
2026-05-11T15:24:47.635542000Z [INFO] eToro-MultiBot.TradingNode: pytz: 2026.2
2026-05-11T15:24:47.635543000Z [INFO] eToro-MultiBot.TradingNode: uvloop: 0.22.1
2026-05-11T15:24:47.635543001Z [INFO] eToro-MultiBot.TradingNode: =================================================================
2026-05-11T15:24:47.635558000Z [INFO] eToro-MultiBot.TradingNode: Building system kernel
2026-05-11T15:24:47.635664000Z [DEBUG] eToro-MultiBot.TradingNode: Event loop signal handling setup for (<Signals.SIGTERM: 15>, <Signals.SIGINT: 2>, <Signals.SIGABRT: 6>)
2026-05-11T15:24:47.635698000Z [INFO] eToro-MultiBot.MessageBus: config.database=None
2026-05-11T15:24:47.635699000Z [INFO] eToro-MultiBot.MessageBus: config.encoding='msgpack'
2026-05-11T15:24:47.635700000Z [INFO] eToro-MultiBot.MessageBus: config.timestamps_as_iso8601=False
2026-05-11T15:24:47.635700001Z [INFO] eToro-MultiBot.MessageBus: config.buffer_interval_ms=None
2026-05-11T15:24:47.635701000Z [INFO] eToro-MultiBot.MessageBus: config.autotrim_mins=None
2026-05-11T15:24:47.635701001Z [INFO] eToro-MultiBot.MessageBus: config.use_trader_prefix=True
2026-05-11T15:24:47.635701002Z [INFO] eToro-MultiBot.MessageBus: config.use_trader_id=True
2026-05-11T15:24:47.635702000Z [INFO] eToro-MultiBot.MessageBus: config.use_instance_id=False
2026-05-11T15:24:47.635702001Z [INFO] eToro-MultiBot.MessageBus: config.streams_prefix='stream'
2026-05-11T15:24:47.635703000Z [INFO] eToro-MultiBot.MessageBus: config.types_filter=None
2026-05-11T15:24:47.635735000Z [DEBUG] eToro-MultiBot.MessageBus: Added Subscription(topic=commands.system.shutdown, handler=<bound method NautilusKernel._on_shutdown_system of <nautilus_trader.system.kernel.NautilusKernel object at 0x128027e00>>, priority=0)
2026-05-11T15:24:47.635750000Z [INFO] eToro-MultiBot.Cache: READY
2026-05-11T15:24:47.636035000Z [DEBUG] eToro-MultiBot.MessageBus: Added endpoint 'Portfolio.update_account' <bound method Portfolio.update_account of <nautilus_trader.portfolio.portfolio.Portfolio object at 0x127991440>>
2026-05-11T15:24:47.636036000Z [DEBUG] eToro-MultiBot.MessageBus: Added endpoint 'Portfolio.update_order' <bound method Portfolio.update_order of <nautilus_trader.portfolio.portfolio.Portfolio object at 0x127991440>>
2026-05-11T15:24:47.636037000Z [DEBUG] eToro-MultiBot.MessageBus: Added endpoint 'Portfolio.update_position' <bound method Portfolio.update_position of <nautilus_trader.portfolio.portfolio.Portfolio object at 0x127991440>>
2026-05-11T15:24:47.636041000Z [DEBUG] eToro-MultiBot.MessageBus: Added Subscription(topic=events.order.*, handler=<bound method Portfolio.on_order_event of <nautilus_trader.portfolio.portfolio.Portfolio object at 0x127991440>>, priority=10)
2026-05-11T15:24:47.636044000Z [DEBUG] eToro-MultiBot.MessageBus: Added Subscription(topic=events.position.*, handler=<bound method Portfolio.on_position_event of <nautilus_trader.portfolio.portfolio.Portfolio object at 0x127991440>>, priority=10)
2026-05-11T15:24:47.636047000Z [DEBUG] eToro-MultiBot.MessageBus: Added Subscription(topic=data.quotes.*, handler=<bound method Portfolio.update_quote_tick of <nautilus_trader.portfolio.portfolio.Portfolio object at 0x127991440>>, priority=10)
2026-05-11T15:24:47.636049000Z [DEBUG] eToro-MultiBot.MessageBus: Added Subscription(topic=data.bars.*EXTERNAL, handler=<bound method Portfolio.update_bar of <nautilus_trader.portfolio.portfolio.Portfolio object at 0x127991440>>, priority=10)
2026-05-11T15:24:47.636140000Z [INFO] eToro-MultiBot.DataEngine: READY
2026-05-11T15:24:47.636352000Z [DEBUG] eToro-MultiBot.MessageBus: Added endpoint 'DataEngine.execute' <bound method LiveDataEngine.execute of LiveDataEngine(DataEngine)>
2026-05-11T15:24:47.636354000Z [DEBUG] eToro-MultiBot.MessageBus: Added endpoint 'DataEngine.process' <bound method LiveDataEngine.process of LiveDataEngine(DataEngine)>
2026-05-11T15:24:47.636355000Z [DEBUG] eToro-MultiBot.MessageBus: Added endpoint 'DataEngine.request' <bound method LiveDataEngine.request of LiveDataEngine(DataEngine)>
2026-05-11T15:24:47.636356000Z [DEBUG] eToro-MultiBot.MessageBus: Added endpoint 'DataEngine.response' <bound method LiveDataEngine.response of LiveDataEngine(DataEngine)>
2026-05-11T15:24:47.636361000Z [DEBUG] eToro-MultiBot.MessageBus: Added endpoint 'DataEngine.process_historical' <bound method DataEngine.process_historical of LiveDataEngine(DataEngine)>
2026-05-11T15:24:47.636390000Z [INFO] eToro-MultiBot.DataEngine: config.graceful_shutdown_on_exception=False
2026-05-11T15:24:47.636418000Z [INFO] eToro-MultiBot.RiskEngine: READY
2026-05-11T15:24:47.636438000Z [INFO] eToro-MultiBot.RiskEngine: TradingState is ACTIVE
2026-05-11T15:24:47.636477000Z [INFO] eToro-MultiBot.Throttler-ORDER_SUBMIT_THROTTLER: READY
2026-05-11T15:24:47.636492000Z [INFO] eToro-MultiBot.RiskEngine: Set MAX_ORDER_SUBMIT_RATE: 100/00:00:01
2026-05-11T15:24:47.636507000Z [INFO] eToro-MultiBot.Throttler-ORDER_MODIFY_THROTTLER: READY
2026-05-11T15:24:47.636513000Z [INFO] eToro-MultiBot.RiskEngine: Set MAX_ORDER_MODIFY_RATE: 100/00:00:01
2026-05-11T15:24:47.636516000Z [DEBUG] eToro-MultiBot.MessageBus: Added endpoint 'RiskEngine.execute' <bound method LiveRiskEngine.execute of LiveRiskEngine(RiskEngine)>
2026-05-11T15:24:47.636517000Z [DEBUG] eToro-MultiBot.MessageBus: Added endpoint 'RiskEngine.process' <bound method LiveRiskEngine.process of LiveRiskEngine(RiskEngine)>
2026-05-11T15:24:47.636520000Z [DEBUG] eToro-MultiBot.MessageBus: Added Subscription(topic=events.order.*, handler=<bound method RiskEngine._handle_event of LiveRiskEngine(RiskEngine)>, priority=10)
2026-05-11T15:24:47.636522000Z [DEBUG] eToro-MultiBot.MessageBus: Added Subscription(topic=events.position.*, handler=<bound method RiskEngine._handle_event of LiveRiskEngine(RiskEngine)>, priority=10)
2026-05-11T15:24:47.636530000Z [INFO] eToro-MultiBot.RiskEngine: config.graceful_shutdown_on_exception=False
2026-05-11T15:24:47.636580000Z [INFO] eToro-MultiBot.ExecEngine: READY
2026-05-11T15:24:47.636596000Z [INFO] eToro-MultiBot.ExecEngine: config.snapshot_orders=False
2026-05-11T15:24:47.636598000Z [INFO] eToro-MultiBot.ExecEngine: config.snapshot_positions=False
2026-05-11T15:24:47.636598001Z [INFO] eToro-MultiBot.ExecEngine: config.snapshot_positions_interval_secs=None
2026-05-11T15:24:47.636599000Z [INFO] eToro-MultiBot.ExecEngine: config.allow_overfills=False
2026-05-11T15:24:47.636600000Z [DEBUG] eToro-MultiBot.MessageBus: Added endpoint 'ExecEngine.execute' <bound method LiveExecutionEngine.execute of LiveExecutionEngine(ExecEngine)>
2026-05-11T15:24:47.636601000Z [DEBUG] eToro-MultiBot.MessageBus: Added endpoint 'ExecEngine.process' <bound method LiveExecutionEngine.process of LiveExecutionEngine(ExecEngine)>
2026-05-11T15:24:47.636621000Z [INFO] eToro-MultiBot.ExecEngine: config.reconciliation=True
2026-05-11T15:24:47.636622000Z [INFO] eToro-MultiBot.ExecEngine: config.reconciliation_lookback_mins=None
2026-05-11T15:24:47.636623000Z [INFO] eToro-MultiBot.ExecEngine: config.reconciliation_instrument_ids=None
2026-05-11T15:24:47.636623001Z [INFO] eToro-MultiBot.ExecEngine: config.filter_unclaimed_external_orders=False
2026-05-11T15:24:47.636624000Z [INFO] eToro-MultiBot.ExecEngine: config.filter_position_reports=False
2026-05-11T15:24:47.636624001Z [INFO] eToro-MultiBot.ExecEngine: config.filtered_client_order_ids=None
2026-05-11T15:24:47.636625000Z [INFO] eToro-MultiBot.ExecEngine: config.inflight_check_interval_ms=2000
2026-05-11T15:24:47.636625001Z [INFO] eToro-MultiBot.ExecEngine: config.inflight_check_threshold_ms=5000
2026-05-11T15:24:47.636625002Z [INFO] eToro-MultiBot.ExecEngine: config.inflight_check_retries=5
2026-05-11T15:24:47.636626000Z [INFO] eToro-MultiBot.ExecEngine: config.own_books_audit_interval_secs=None
2026-05-11T15:24:47.636626001Z [INFO] eToro-MultiBot.ExecEngine: config.open_check_interval_secs=None
2026-05-11T15:24:47.636627000Z [INFO] eToro-MultiBot.ExecEngine: config.open_check_open_only=True
2026-05-11T15:24:47.636627001Z [INFO] eToro-MultiBot.ExecEngine: config.open_check_lookback_mins=60
2026-05-11T15:24:47.636627002Z [INFO] eToro-MultiBot.ExecEngine: config.open_check_threshold_ms=5000
2026-05-11T15:24:47.636628000Z [INFO] eToro-MultiBot.ExecEngine: config.open_check_missing_retries=5
2026-05-11T15:24:47.636628001Z [INFO] eToro-MultiBot.ExecEngine: config.max_single_order_queries_per_cycle=10
2026-05-11T15:24:47.636629000Z [INFO] eToro-MultiBot.ExecEngine: config.single_order_query_delay_ms=100
2026-05-11T15:24:47.636629001Z [INFO] eToro-MultiBot.ExecEngine: config.position_check_interval_secs=None
2026-05-11T15:24:47.636629002Z [INFO] eToro-MultiBot.ExecEngine: config.position_check_lookback_mins=60
2026-05-11T15:24:47.636630000Z [INFO] eToro-MultiBot.ExecEngine: config.position_check_threshold_ms=5000
2026-05-11T15:24:47.636630001Z [INFO] eToro-MultiBot.ExecEngine: config.position_check_retries=3
2026-05-11T15:24:47.636632000Z [INFO] eToro-MultiBot.ExecEngine: config.reconciliation_startup_delay_secs=10.0
2026-05-11T15:24:47.636632001Z [INFO] eToro-MultiBot.ExecEngine: config.purge_closed_orders_interval_mins=None
2026-05-11T15:24:47.636633000Z [INFO] eToro-MultiBot.ExecEngine: config.purge_closed_orders_buffer_mins=None
2026-05-11T15:24:47.636633001Z [INFO] eToro-MultiBot.ExecEngine: config.purge_closed_positions_interval_mins=None
2026-05-11T15:24:47.636634000Z [INFO] eToro-MultiBot.ExecEngine: config.purge_closed_positions_buffer_mins=None
2026-05-11T15:24:47.636634001Z [INFO] eToro-MultiBot.ExecEngine: config.purge_account_events_interval_mins=None
2026-05-11T15:24:47.636634002Z [INFO] eToro-MultiBot.ExecEngine: config.purge_account_events_lookback_mins=None
2026-05-11T15:24:47.636635000Z [INFO] eToro-MultiBot.ExecEngine: config.purge_from_database=False
2026-05-11T15:24:47.636635001Z [INFO] eToro-MultiBot.ExecEngine: config.graceful_shutdown_on_exception=False
2026-05-11T15:24:47.636641000Z [DEBUG] eToro-MultiBot.MessageBus: Added endpoint 'ExecEngine.reconcile_execution_report' <bound method LiveExecutionEngine.reconcile_execution_report of LiveExecutionEngine(ExecEngine)>
2026-05-11T15:24:47.636642000Z [DEBUG] eToro-MultiBot.MessageBus: Added endpoint 'ExecEngine.reconcile_execution_mass_status' <bound method LiveExecutionEngine.reconcile_execution_mass_status of LiveExecutionEngine(ExecEngine)>
2026-05-11T15:24:47.636651000Z [DEBUG] eToro-MultiBot.Cache: Clearing index
2026-05-11T15:24:47.636652000Z [DEBUG] eToro-MultiBot.Cache: Cleared index
2026-05-11T15:24:47.636653000Z [DEBUG] eToro-MultiBot.ExecEngine: clear_index took 0ms
2026-05-11T15:24:47.636655000Z [DEBUG] eToro-MultiBot.Cache: Loading general cache from database
2026-05-11T15:24:47.636657000Z [INFO] eToro-MultiBot.Cache: Cached 0 general objects from database
2026-05-11T15:24:47.636658000Z [DEBUG] eToro-MultiBot.ExecEngine: cache_general took 0ms
2026-05-11T15:24:47.636660000Z [DEBUG] eToro-MultiBot.Cache: Loading currencies from database
2026-05-11T15:24:47.636661000Z [INFO] eToro-MultiBot.Cache: Cached 0 currencies from database
2026-05-11T15:24:47.636662000Z [DEBUG] eToro-MultiBot.ExecEngine: cache_currencies took 0ms
2026-05-11T15:24:47.636663000Z [DEBUG] eToro-MultiBot.Cache: Loading instruments from database
2026-05-11T15:24:47.636663001Z [INFO] eToro-MultiBot.Cache: Cached 0 instruments from database
2026-05-11T15:24:47.636664000Z [DEBUG] eToro-MultiBot.ExecEngine: cache_instruments took 0ms
2026-05-11T15:24:47.636665000Z [DEBUG] eToro-MultiBot.Cache: Loading accounts from database
2026-05-11T15:24:47.636666000Z [INFO] eToro-MultiBot.Cache: Cached 0 accounts from database
2026-05-11T15:24:47.636666001Z [DEBUG] eToro-MultiBot.ExecEngine: cache_accounts took 0ms
2026-05-11T15:24:47.636667000Z [DEBUG] eToro-MultiBot.Cache: Loading orders from database
2026-05-11T15:24:47.636667001Z [INFO] eToro-MultiBot.Cache: Cached 0 orders from database
2026-05-11T15:24:47.636668000Z [DEBUG] eToro-MultiBot.ExecEngine: cache_orders took 0ms
2026-05-11T15:24:47.636669000Z [DEBUG] eToro-MultiBot.Cache: Loading order lists
2026-05-11T15:24:47.636669001Z [INFO] eToro-MultiBot.Cache: Cached 0 order lists from database
2026-05-11T15:24:47.636670000Z [DEBUG] eToro-MultiBot.ExecEngine: cache_order_lists took 0ms
2026-05-11T15:24:47.636671000Z [DEBUG] eToro-MultiBot.Cache: Loading positions from database
2026-05-11T15:24:47.636671001Z [INFO] eToro-MultiBot.Cache: Cached 0 positions from database
2026-05-11T15:24:47.636672000Z [DEBUG] eToro-MultiBot.ExecEngine: cache_positions took 0ms
2026-05-11T15:24:47.636672001Z [DEBUG] eToro-MultiBot.Cache: Building index
2026-05-11T15:24:47.636676000Z [DEBUG] eToro-MultiBot.Cache: Index built in 0.000s
2026-05-11T15:24:47.636677000Z [DEBUG] eToro-MultiBot.ExecEngine: build_index took 0ms
2026-05-11T15:24:47.636679000Z [INFO] eToro-MultiBot.Cache: Checking data integrity
2026-05-11T15:24:47.636686000Z [INFO] eToro-MultiBot.Cache: Integrity check passed in 5μs
2026-05-11T15:24:47.636687000Z [DEBUG] eToro-MultiBot.ExecEngine: check_integrity took 0ms
2026-05-11T15:24:47.636695000Z [DEBUG] eToro-MultiBot.ExecEngine: _set_position_id_counts took 0ms
2026-05-11T15:24:47.636696000Z [INFO] eToro-MultiBot.ExecEngine: Loaded cache in 0ms
2026-05-11T15:24:47.636726000Z [INFO] eToro-MultiBot.OrderEmulator: READY
2026-05-11T15:24:47.636745000Z [DEBUG] eToro-MultiBot.MessageBus: Added endpoint 'OrderEmulator.execute' <bound method OrderEmulator.execute of OrderEmulator(OrderEmulator)>
2026-05-11T15:24:47.636757000Z [INFO] eToro-MultiBot.eToro-MultiBot: READY
2026-05-11T15:24:47.636769000Z [INFO] eToro-MultiBot.TradingNode: Initialized in 1ms
2026-05-11T15:24:47.636777000Z [INFO] eToro-MultiBot.TradingNode: has_cache_backing=False
2026-05-11T15:24:47.636779000Z [INFO] eToro-MultiBot.TradingNode: has_msgbus_backing=False
2026-05-11T15:24:47.638874000Z [INFO] eToro-MultiBot.SmaCrossoverStrategy_TSLA.ETORO_0: READY
2026-05-11T15:24:47.638902000Z [DEBUG] eToro-MultiBot.MessageBus: Added Subscription(topic=events.order.SmaCrossoverStrategy_TSLA.ETORO_0-000, handler=<bound method Strategy.handle_event of SmaCrossoverStrategy(SmaCrossoverStrategy_TSLA.ETORO_0-000)>, priority=0)
2026-05-11T15:24:47.638905000Z [DEBUG] eToro-MultiBot.MessageBus: Added Subscription(topic=events.position.SmaCrossoverStrategy_TSLA.ETORO_0-000, handler=<bound method Strategy.handle_event of SmaCrossoverStrategy(SmaCrossoverStrategy_TSLA.ETORO_0-000)>, priority=0)
2026-05-11T15:24:47.638913000Z [INFO] eToro-MultiBot.ExecEngine: Registered OMS.UNSPECIFIED for Strategy SmaCrossoverStrategy_TSLA.ETORO_0-000
2026-05-11T15:24:47.638915000Z [INFO] eToro-MultiBot.eToro-MultiBot: Registered Strategy SmaCrossoverStrategy_TSLA.ETORO_0-000
2026-05-11T15:24:47.639025000Z [INFO] eToro-MultiBot.SmaCrossoverStrategy_HUT.ETORO_1: READY
2026-05-11T15:24:47.639042000Z [DEBUG] eToro-MultiBot.MessageBus: Added Subscription(topic=events.order.SmaCrossoverStrategy_HUT.ETORO_1-001, handler=<bound method Strategy.handle_event of SmaCrossoverStrategy(SmaCrossoverStrategy_HUT.ETORO_1-001)>, priority=0)
2026-05-11T15:24:47.639046000Z [DEBUG] eToro-MultiBot.MessageBus: Added Subscription(topic=events.position.SmaCrossoverStrategy_HUT.ETORO_1-001, handler=<bound method Strategy.handle_event of SmaCrossoverStrategy(SmaCrossoverStrategy_HUT.ETORO_1-001)>, priority=0)
2026-05-11T15:24:47.639048000Z [INFO] eToro-MultiBot.ExecEngine: Registered OMS.UNSPECIFIED for Strategy SmaCrossoverStrategy_HUT.ETORO_1-001
2026-05-11T15:24:47.639050000Z [INFO] eToro-MultiBot.eToro-MultiBot: Registered Strategy SmaCrossoverStrategy_HUT.ETORO_1-001
2026-05-11T15:24:47.639122000Z [INFO] eToro-MultiBot.SmaCrossoverStrategy_RIOT.ETORO_2: READY
2026-05-11T15:24:47.639137000Z [DEBUG] eToro-MultiBot.MessageBus: Added Subscription(topic=events.order.SmaCrossoverStrategy_RIOT.ETORO_2-002, handler=<bound method Strategy.handle_event of SmaCrossoverStrategy(SmaCrossoverStrategy_RIOT.ETORO_2-002)>, priority=0)
2026-05-11T15:24:47.639142000Z [DEBUG] eToro-MultiBot.MessageBus: Added Subscription(topic=events.position.SmaCrossoverStrategy_RIOT.ETORO_2-002, handler=<bound method Strategy.handle_event of SmaCrossoverStrategy(SmaCrossoverStrategy_RIOT.ETORO_2-002)>, priority=0)
2026-05-11T15:24:47.639143000Z [INFO] eToro-MultiBot.ExecEngine: Registered OMS.UNSPECIFIED for Strategy SmaCrossoverStrategy_RIOT.ETORO_2-002
2026-05-11T15:24:47.639144000Z [INFO] eToro-MultiBot.eToro-MultiBot: Registered Strategy SmaCrossoverStrategy_RIOT.ETORO_2-002
2026-05-11T15:24:47.639297000Z [INFO] eToro-MultiBot.SmaCrossoverStrategy_NVDA.ETORO_3: READY
2026-05-11T15:24:47.639325000Z [DEBUG] eToro-MultiBot.MessageBus: Added Subscription(topic=events.order.SmaCrossoverStrategy_NVDA.ETORO_3-003, handler=<bound method Strategy.handle_event of SmaCrossoverStrategy(SmaCrossoverStrategy_NVDA.ETORO_3-003)>, priority=0)
2026-05-11T15:24:47.639329000Z [DEBUG] eToro-MultiBot.MessageBus: Added Subscription(topic=events.position.SmaCrossoverStrategy_NVDA.ETORO_3-003, handler=<bound method Strategy.handle_event of SmaCrossoverStrategy(SmaCrossoverStrategy_NVDA.ETORO_3-003)>, priority=0)
2026-05-11T15:24:47.639332000Z [INFO] eToro-MultiBot.ExecEngine: Registered OMS.UNSPECIFIED for Strategy SmaCrossoverStrategy_NVDA.ETORO_3-003
2026-05-11T15:24:47.639334000Z [INFO] eToro-MultiBot.eToro-MultiBot: Registered Strategy SmaCrossoverStrategy_NVDA.ETORO_3-003
2026-05-11T15:24:47.639425000Z [INFO] eToro-MultiBot.SmaCrossoverStrategy_FSLY.ETORO_4: READY
2026-05-11T15:24:47.639443000Z [DEBUG] eToro-MultiBot.MessageBus: Added Subscription(topic=events.order.SmaCrossoverStrategy_FSLY.ETORO_4-004, handler=<bound method Strategy.handle_event of SmaCrossoverStrategy(SmaCrossoverStrategy_FSLY.ETORO_4-004)>, priority=0)
2026-05-11T15:24:47.639447000Z [DEBUG] eToro-MultiBot.MessageBus: Added Subscription(topic=events.position.SmaCrossoverStrategy_FSLY.ETORO_4-004, handler=<bound method Strategy.handle_event of SmaCrossoverStrategy(SmaCrossoverStrategy_FSLY.ETORO_4-004)>, priority=0)
2026-05-11T15:24:47.639449000Z [INFO] eToro-MultiBot.ExecEngine: Registered OMS.UNSPECIFIED for Strategy SmaCrossoverStrategy_FSLY.ETORO_4-004
2026-05-11T15:24:47.639450000Z [INFO] eToro-MultiBot.eToro-MultiBot: Registered Strategy SmaCrossoverStrategy_FSLY.ETORO_4-004
2026-05-11T15:24:47.639516000Z [INFO] eToro-MultiBot.SmaCrossoverStrategy_INSM.ETORO_5: READY
2026-05-11T15:24:47.639530000Z [DEBUG] eToro-MultiBot.MessageBus: Added Subscription(topic=events.order.SmaCrossoverStrategy_INSM.ETORO_5-005, handler=<bound method Strategy.handle_event of SmaCrossoverStrategy(SmaCrossoverStrategy_INSM.ETORO_5-005)>, priority=0)
2026-05-11T15:24:47.639532000Z [DEBUG] eToro-MultiBot.MessageBus: Added Subscription(topic=events.position.SmaCrossoverStrategy_INSM.ETORO_5-005, handler=<bound method Strategy.handle_event of SmaCrossoverStrategy(SmaCrossoverStrategy_INSM.ETORO_5-005)>, priority=0)
2026-05-11T15:24:47.639534000Z [INFO] eToro-MultiBot.ExecEngine: Registered OMS.UNSPECIFIED for Strategy SmaCrossoverStrategy_INSM.ETORO_5-005
2026-05-11T15:24:47.639535000Z [INFO] eToro-MultiBot.eToro-MultiBot: Registered Strategy SmaCrossoverStrategy_INSM.ETORO_5-005
2026-05-11T15:24:47.639846000Z [INFO] eToro-MultiBot.SmaCrossoverStrategy_BTC.ETORO_6: READY
2026-05-11T15:24:47.639966000Z [DEBUG] eToro-MultiBot.MessageBus: Added Subscription(topic=events.order.SmaCrossoverStrategy_BTC.ETORO_6-006, handler=<bound method Strategy.handle_event of SmaCrossoverStrategy(SmaCrossoverStrategy_BTC.ETORO_6-006)>, priority=0)
2026-05-11T15:24:47.639973000Z [DEBUG] eToro-MultiBot.MessageBus: Added Subscription(topic=events.position.SmaCrossoverStrategy_BTC.ETORO_6-006, handler=<bound method Strategy.handle_event of SmaCrossoverStrategy(SmaCrossoverStrategy_BTC.ETORO_6-006)>, priority=0)
2026-05-11T15:24:47.639975000Z [INFO] eToro-MultiBot.ExecEngine: Registered OMS.UNSPECIFIED for Strategy SmaCrossoverStrategy_BTC.ETORO_6-006
2026-05-11T15:24:47.639977000Z [INFO] eToro-MultiBot.eToro-MultiBot: Registered Strategy SmaCrossoverStrategy_BTC.ETORO_6-006
2026-05-11T15:24:47.640564000Z [INFO] eToro-MultiBot.SmaCrossoverStrategy_ETH.ETORO_7: READY
2026-05-11T15:24:47.640602000Z [DEBUG] eToro-MultiBot.MessageBus: Added Subscription(topic=events.order.SmaCrossoverStrategy_ETH.ETORO_7-007, handler=<bound method Strategy.handle_event of SmaCrossoverStrategy(SmaCrossoverStrategy_ETH.ETORO_7-007)>, priority=0)
2026-05-11T15:24:47.640608000Z [DEBUG] eToro-MultiBot.MessageBus: Added Subscription(topic=events.position.SmaCrossoverStrategy_ETH.ETORO_7-007, handler=<bound method Strategy.handle_event of SmaCrossoverStrategy(SmaCrossoverStrategy_ETH.ETORO_7-007)>, priority=0)
2026-05-11T15:24:47.640611000Z [INFO] eToro-MultiBot.ExecEngine: Registered OMS.UNSPECIFIED for Strategy SmaCrossoverStrategy_ETH.ETORO_7-007
2026-05-11T15:24:47.640612000Z [INFO] eToro-MultiBot.eToro-MultiBot: Registered Strategy SmaCrossoverStrategy_ETH.ETORO_7-007
2026-05-11T15:24:47.640701000Z [INFO] eToro-MultiBot.SmaCrossoverStrategy_ADA.ETORO_8: READY
2026-05-11T15:24:47.640727000Z [DEBUG] eToro-MultiBot.MessageBus: Added Subscription(topic=events.order.SmaCrossoverStrategy_ADA.ETORO_8-008, handler=<bound method Strategy.handle_event of SmaCrossoverStrategy(SmaCrossoverStrategy_ADA.ETORO_8-008)>, priority=0)
2026-05-11T15:24:47.640732000Z [DEBUG] eToro-MultiBot.MessageBus: Added Subscription(topic=events.position.SmaCrossoverStrategy_ADA.ETORO_8-008, handler=<bound method Strategy.handle_event of SmaCrossoverStrategy(SmaCrossoverStrategy_ADA.ETORO_8-008)>, priority=0)
2026-05-11T15:24:47.640734000Z [INFO] eToro-MultiBot.ExecEngine: Registered OMS.UNSPECIFIED for Strategy SmaCrossoverStrategy_ADA.ETORO_8-008
2026-05-11T15:24:47.640735000Z [INFO] eToro-MultiBot.eToro-MultiBot: Registered Strategy SmaCrossoverStrategy_ADA.ETORO_8-008
2026-05-11T15:24:47.640944000Z [INFO] eToro-MultiBot.SmaCrossoverStrategy_XRP.ETORO_9: READY
2026-05-11T15:24:47.640972000Z [DEBUG] eToro-MultiBot.MessageBus: Added Subscription(topic=events.order.SmaCrossoverStrategy_XRP.ETORO_9-009, handler=<bound method Strategy.handle_event of SmaCrossoverStrategy(SmaCrossoverStrategy_XRP.ETORO_9-009)>, priority=0)
2026-05-11T15:24:47.640976000Z [DEBUG] eToro-MultiBot.MessageBus: Added Subscription(topic=events.position.SmaCrossoverStrategy_XRP.ETORO_9-009, handler=<bound method Strategy.handle_event of SmaCrossoverStrategy(SmaCrossoverStrategy_XRP.ETORO_9-009)>, priority=0)
2026-05-11T15:24:47.640978000Z [INFO] eToro-MultiBot.ExecEngine: Registered OMS.UNSPECIFIED for Strategy SmaCrossoverStrategy_XRP.ETORO_9-009
2026-05-11T15:24:47.640979000Z [INFO] eToro-MultiBot.eToro-MultiBot: Registered Strategy SmaCrossoverStrategy_XRP.ETORO_9-009
2026-05-11T15:24:47.641058000Z [INFO] eToro-MultiBot.SmaCrossoverStrategy_AERO.ETORO_10: READY
2026-05-11T15:24:47.641077000Z [DEBUG] eToro-MultiBot.MessageBus: Added Subscription(topic=events.order.SmaCrossoverStrategy_AERO.ETORO_10-010, handler=<bound method Strategy.handle_event of SmaCrossoverStrategy(SmaCrossoverStrategy_AERO.ETORO_10-010)>, priority=0)
2026-05-11T15:24:47.641081000Z [DEBUG] eToro-MultiBot.MessageBus: Added Subscription(topic=events.position.SmaCrossoverStrategy_AERO.ETORO_10-010, handler=<bound method Strategy.handle_event of SmaCrossoverStrategy(SmaCrossoverStrategy_AERO.ETORO_10-010)>, priority=0)
2026-05-11T15:24:47.641083000Z [INFO] eToro-MultiBot.ExecEngine: Registered OMS.UNSPECIFIED for Strategy SmaCrossoverStrategy_AERO.ETORO_10-010
2026-05-11T15:24:47.641084000Z [INFO] eToro-MultiBot.eToro-MultiBot: Registered Strategy SmaCrossoverStrategy_AERO.ETORO_10-010
2026-05-11T15:24:47.641192000Z [INFO] eToro-MultiBot.SmaCrossoverStrategy_HYPE.ETORO_11: READY
2026-05-11T15:24:47.641212000Z [DEBUG] eToro-MultiBot.MessageBus: Added Subscription(topic=events.order.SmaCrossoverStrategy_HYPE.ETORO_11-011, handler=<bound method Strategy.handle_event of SmaCrossoverStrategy(SmaCrossoverStrategy_HYPE.ETORO_11-011)>, priority=0)
2026-05-11T15:24:47.641216000Z [DEBUG] eToro-MultiBot.MessageBus: Added Subscription(topic=events.position.SmaCrossoverStrategy_HYPE.ETORO_11-011, handler=<bound method Strategy.handle_event of SmaCrossoverStrategy(SmaCrossoverStrategy_HYPE.ETORO_11-011)>, priority=0)
2026-05-11T15:24:47.641218000Z [INFO] eToro-MultiBot.ExecEngine: Registered OMS.UNSPECIFIED for Strategy SmaCrossoverStrategy_HYPE.ETORO_11-011
2026-05-11T15:24:47.641219000Z [INFO] eToro-MultiBot.eToro-MultiBot: Registered Strategy SmaCrossoverStrategy_HYPE.ETORO_11-011
2026-05-11T15:24:47.641299000Z [INFO] eToro-MultiBot.SmaCrossoverStrategy_ONDO.ETORO_12: READY
2026-05-11T15:24:47.641315000Z [DEBUG] eToro-MultiBot.MessageBus: Added Subscription(topic=events.order.SmaCrossoverStrategy_ONDO.ETORO_12-012, handler=<bound method Strategy.handle_event of SmaCrossoverStrategy(SmaCrossoverStrategy_ONDO.ETORO_12-012)>, priority=0)
2026-05-11T15:24:47.641319000Z [DEBUG] eToro-MultiBot.MessageBus: Added Subscription(topic=events.position.SmaCrossoverStrategy_ONDO.ETORO_12-012, handler=<bound method Strategy.handle_event of SmaCrossoverStrategy(SmaCrossoverStrategy_ONDO.ETORO_12-012)>, priority=0)
2026-05-11T15:24:47.641320000Z [INFO] eToro-MultiBot.ExecEngine: Registered OMS.UNSPECIFIED for Strategy SmaCrossoverStrategy_ONDO.ETORO_12-012
2026-05-11T15:24:47.641321000Z [INFO] eToro-MultiBot.eToro-MultiBot: Registered Strategy SmaCrossoverStrategy_ONDO.ETORO_12-012
2026-05-11T15:24:47.641383000Z [INFO] eToro-MultiBot.SmaCrossoverStrategy_01211.HK.ETORO_13: READY
2026-05-11T15:24:47.641397000Z [DEBUG] eToro-MultiBot.MessageBus: Added Subscription(topic=events.order.SmaCrossoverStrategy_01211.HK.ETORO_13-013, handler=<bound method Strategy.handle_event of SmaCrossoverStrategy(SmaCrossoverStrategy_01211.HK.ETORO_13-013)>, priority=0)
2026-05-11T15:24:47.641401000Z [DEBUG] eToro-MultiBot.MessageBus: Added Subscription(topic=events.position.SmaCrossoverStrategy_01211.HK.ETORO_13-013, handler=<bound method Strategy.handle_event of SmaCrossoverStrategy(SmaCrossoverStrategy_01211.HK.ETORO_13-013)>, priority=0)
2026-05-11T15:24:47.641402000Z [INFO] eToro-MultiBot.ExecEngine: Registered OMS.UNSPECIFIED for Strategy SmaCrossoverStrategy_01211.HK.ETORO_13-013
2026-05-11T15:24:47.641404000Z [INFO] eToro-MultiBot.eToro-MultiBot: Registered Strategy SmaCrossoverStrategy_01211.HK.ETORO_13-013
2026-05-11T15:24:47.641461000Z [INFO] eToro-MultiBot.SmaCrossoverStrategy_XPEV.ETORO_14: READY
2026-05-11T15:24:47.641479000Z [DEBUG] eToro-MultiBot.MessageBus: Added Subscription(topic=events.order.SmaCrossoverStrategy_XPEV.ETORO_14-014, handler=<bound method Strategy.handle_event of SmaCrossoverStrategy(SmaCrossoverStrategy_XPEV.ETORO_14-014)>, priority=0)
2026-05-11T15:24:47.641483000Z [DEBUG] eToro-MultiBot.MessageBus: Added Subscription(topic=events.position.SmaCrossoverStrategy_XPEV.ETORO_14-014, handler=<bound method Strategy.handle_event of SmaCrossoverStrategy(SmaCrossoverStrategy_XPEV.ETORO_14-014)>, priority=0)
2026-05-11T15:24:47.641484000Z [INFO] eToro-MultiBot.ExecEngine: Registered OMS.UNSPECIFIED for Strategy SmaCrossoverStrategy_XPEV.ETORO_14-014
2026-05-11T15:24:47.641485000Z [INFO] eToro-MultiBot.eToro-MultiBot: Registered Strategy SmaCrossoverStrategy_XPEV.ETORO_14-014
2026-05-11T15:24:47.641539000Z [INFO] eToro-MultiBot.SmaCrossoverStrategy_PLTR.ETORO_15: READY
2026-05-11T15:24:47.641553000Z [DEBUG] eToro-MultiBot.MessageBus: Added Subscription(topic=events.order.SmaCrossoverStrategy_PLTR.ETORO_15-015, handler=<bound method Strategy.handle_event of SmaCrossoverStrategy(SmaCrossoverStrategy_PLTR.ETORO_15-015)>, priority=0)
2026-05-11T15:24:47.641557000Z [DEBUG] eToro-MultiBot.MessageBus: Added Subscription(topic=events.position.SmaCrossoverStrategy_PLTR.ETORO_15-015, handler=<bound method Strategy.handle_event of SmaCrossoverStrategy(SmaCrossoverStrategy_PLTR.ETORO_15-015)>, priority=0)
2026-05-11T15:24:47.641558000Z [INFO] eToro-MultiBot.ExecEngine: Registered OMS.UNSPECIFIED for Strategy SmaCrossoverStrategy_PLTR.ETORO_15-015
2026-05-11T15:24:47.641559000Z [INFO] eToro-MultiBot.eToro-MultiBot: Registered Strategy SmaCrossoverStrategy_PLTR.ETORO_15-015
2026-05-11T15:24:47.641610000Z [INFO] eToro-MultiBot.SmaCrossoverStrategy_RHM.DE.ETORO_16: READY
2026-05-11T15:24:47.641626000Z [DEBUG] eToro-MultiBot.MessageBus: Added Subscription(topic=events.order.SmaCrossoverStrategy_RHM.DE.ETORO_16-016, handler=<bound method Strategy.handle_event of SmaCrossoverStrategy(SmaCrossoverStrategy_RHM.DE.ETORO_16-016)>, priority=0)
2026-05-11T15:24:47.641630000Z [DEBUG] eToro-MultiBot.MessageBus: Added Subscription(topic=events.position.SmaCrossoverStrategy_RHM.DE.ETORO_16-016, handler=<bound method Strategy.handle_event of SmaCrossoverStrategy(SmaCrossoverStrategy_RHM.DE.ETORO_16-016)>, priority=0)
2026-05-11T15:24:47.641631000Z [INFO] eToro-MultiBot.ExecEngine: Registered OMS.UNSPECIFIED for Strategy SmaCrossoverStrategy_RHM.DE.ETORO_16-016
2026-05-11T15:24:47.641632000Z [INFO] eToro-MultiBot.eToro-MultiBot: Registered Strategy SmaCrossoverStrategy_RHM.DE.ETORO_16-016
2026-05-11T15:24:47.641687000Z [INFO] eToro-MultiBot.SmaCrossoverStrategy_NVS.ETORO_17: READY
2026-05-11T15:24:47.641703000Z [DEBUG] eToro-MultiBot.MessageBus: Added Subscription(topic=events.order.SmaCrossoverStrategy_NVS.ETORO_17-017, handler=<bound method Strategy.handle_event of SmaCrossoverStrategy(SmaCrossoverStrategy_NVS.ETORO_17-017)>, priority=0)
2026-05-11T15:24:47.641708000Z [DEBUG] eToro-MultiBot.MessageBus: Added Subscription(topic=events.position.SmaCrossoverStrategy_NVS.ETORO_17-017, handler=<bound method Strategy.handle_event of SmaCrossoverStrategy(SmaCrossoverStrategy_NVS.ETORO_17-017)>, priority=0)
2026-05-11T15:24:47.641710000Z [INFO] eToro-MultiBot.ExecEngine: Registered OMS.UNSPECIFIED for Strategy SmaCrossoverStrategy_NVS.ETORO_17-017
2026-05-11T15:24:47.641711000Z [INFO] eToro-MultiBot.eToro-MultiBot: Registered Strategy SmaCrossoverStrategy_NVS.ETORO_17-017
2026-05-11T15:24:47.641848000Z [INFO] eToro-MultiBot.SmaCrossoverStrategy_ROP.ZU.ETORO_18: READY
2026-05-11T15:24:47.641866000Z [DEBUG] eToro-MultiBot.MessageBus: Added Subscription(topic=events.order.SmaCrossoverStrategy_ROP.ZU.ETORO_18-018, handler=<bound method Strategy.handle_event of SmaCrossoverStrategy(SmaCrossoverStrategy_ROP.ZU.ETORO_18-018)>, priority=0)
2026-05-11T15:24:47.641869000Z [DEBUG] eToro-MultiBot.MessageBus: Added Subscription(topic=events.position.SmaCrossoverStrategy_ROP.ZU.ETORO_18-018, handler=<bound method Strategy.handle_event of SmaCrossoverStrategy(SmaCrossoverStrategy_ROP.ZU.ETORO_18-018)>, priority=0)
2026-05-11T15:24:47.641870000Z [INFO] eToro-MultiBot.ExecEngine: Registered OMS.UNSPECIFIED for Strategy SmaCrossoverStrategy_ROP.ZU.ETORO_18-018
2026-05-11T15:24:47.641871000Z [INFO] eToro-MultiBot.eToro-MultiBot: Registered Strategy SmaCrossoverStrategy_ROP.ZU.ETORO_18-018
2026-05-11T15:24:47.642001000Z [INFO] eToro-MultiBot.SmaCrossoverStrategy_DOGE.ETORO_19: READY
2026-05-11T15:24:47.642034000Z [DEBUG] eToro-MultiBot.MessageBus: Added Subscription(topic=events.order.SmaCrossoverStrategy_DOGE.ETORO_19-019, handler=<bound method Strategy.handle_event of SmaCrossoverStrategy(SmaCrossoverStrategy_DOGE.ETORO_19-019)>, priority=0)
2026-05-11T15:24:47.642039000Z [DEBUG] eToro-MultiBot.MessageBus: Added Subscription(topic=events.position.SmaCrossoverStrategy_DOGE.ETORO_19-019, handler=<bound method Strategy.handle_event of SmaCrossoverStrategy(SmaCrossoverStrategy_DOGE.ETORO_19-019)>, priority=0)
2026-05-11T15:24:47.642041000Z [INFO] eToro-MultiBot.ExecEngine: Registered OMS.UNSPECIFIED for Strategy SmaCrossoverStrategy_DOGE.ETORO_19-019
2026-05-11T15:24:47.642044000Z [INFO] eToro-MultiBot.eToro-MultiBot: Registered Strategy SmaCrossoverStrategy_DOGE.ETORO_19-019
2026-05-11T15:24:47.642135000Z [INFO] eToro-MultiBot.SmaCrossoverStrategy_SHIBxM.ETORO_20: READY
2026-05-11T15:24:47.642156000Z [DEBUG] eToro-MultiBot.MessageBus: Added Subscription(topic=events.order.SmaCrossoverStrategy_SHIBxM.ETORO_20-020, handler=<bound method Strategy.handle_event of SmaCrossoverStrategy(SmaCrossoverStrategy_SHIBxM.ETORO_20-020)>, priority=0)
2026-05-11T15:24:47.642161000Z [DEBUG] eToro-MultiBot.MessageBus: Added Subscription(topic=events.position.SmaCrossoverStrategy_SHIBxM.ETORO_20-020, handler=<bound method Strategy.handle_event of SmaCrossoverStrategy(SmaCrossoverStrategy_SHIBxM.ETORO_20-020)>, priority=0)
2026-05-11T15:24:47.642162000Z [INFO] eToro-MultiBot.ExecEngine: Registered OMS.UNSPECIFIED for Strategy SmaCrossoverStrategy_SHIBxM.ETORO_20-020
2026-05-11T15:24:47.642163000Z [INFO] eToro-MultiBot.eToro-MultiBot: Registered Strategy SmaCrossoverStrategy_SHIBxM.ETORO_20-020
2026-05-11T15:24:47.642230000Z [INFO] eToro-MultiBot.SmaCrossoverStrategy_PEPExM.ETORO_21: READY
2026-05-11T15:24:47.642246000Z [DEBUG] eToro-MultiBot.MessageBus: Added Subscription(topic=events.order.SmaCrossoverStrategy_PEPExM.ETORO_21-021, handler=<bound method Strategy.handle_event of SmaCrossoverStrategy(SmaCrossoverStrategy_PEPExM.ETORO_21-021)>, priority=0)
2026-05-11T15:24:47.642250000Z [DEBUG] eToro-MultiBot.MessageBus: Added Subscription(topic=events.position.SmaCrossoverStrategy_PEPExM.ETORO_21-021, handler=<bound method Strategy.handle_event of SmaCrossoverStrategy(SmaCrossoverStrategy_PEPExM.ETORO_21-021)>, priority=0)
2026-05-11T15:24:47.642255000Z [INFO] eToro-MultiBot.ExecEngine: Registered OMS.UNSPECIFIED for Strategy SmaCrossoverStrategy_PEPExM.ETORO_21-021
2026-05-11T15:24:47.642258000Z [INFO] eToro-MultiBot.eToro-MultiBot: Registered Strategy SmaCrossoverStrategy_PEPExM.ETORO_21-021
2026-05-11T15:24:47.642327000Z [INFO] eToro-MultiBot.SmaCrossoverStrategy_SOL.ETORO_22: READY
2026-05-11T15:24:47.642345000Z [DEBUG] eToro-MultiBot.MessageBus: Added Subscription(topic=events.order.SmaCrossoverStrategy_SOL.ETORO_22-022, handler=<bound method Strategy.handle_event of SmaCrossoverStrategy(SmaCrossoverStrategy_SOL.ETORO_22-022)>, priority=0)
2026-05-11T15:24:47.642349000Z [DEBUG] eToro-MultiBot.MessageBus: Added Subscription(topic=events.position.SmaCrossoverStrategy_SOL.ETORO_22-022, handler=<bound method Strategy.handle_event of SmaCrossoverStrategy(SmaCrossoverStrategy_SOL.ETORO_22-022)>, priority=0)
2026-05-11T15:24:47.642351000Z [INFO] eToro-MultiBot.ExecEngine: Registered OMS.UNSPECIFIED for Strategy SmaCrossoverStrategy_SOL.ETORO_22-022
2026-05-11T15:24:47.642352000Z [INFO] eToro-MultiBot.eToro-MultiBot: Registered Strategy SmaCrossoverStrategy_SOL.ETORO_22-022
2026-05-11T15:24:47.642405000Z [INFO] eToro-MultiBot.SmaCrossoverStrategy_AVAX.ETORO_23: READY
2026-05-11T15:24:47.642420000Z [DEBUG] eToro-MultiBot.MessageBus: Added Subscription(topic=events.order.SmaCrossoverStrategy_AVAX.ETORO_23-023, handler=<bound method Strategy.handle_event of SmaCrossoverStrategy(SmaCrossoverStrategy_AVAX.ETORO_23-023)>, priority=0)
2026-05-11T15:24:47.642424000Z [DEBUG] eToro-MultiBot.MessageBus: Added Subscription(topic=events.position.SmaCrossoverStrategy_AVAX.ETORO_23-023, handler=<bound method Strategy.handle_event of SmaCrossoverStrategy(SmaCrossoverStrategy_AVAX.ETORO_23-023)>, priority=0)
2026-05-11T15:24:47.642426000Z [INFO] eToro-MultiBot.ExecEngine: Registered OMS.UNSPECIFIED for Strategy SmaCrossoverStrategy_AVAX.ETORO_23-023
2026-05-11T15:24:47.642426001Z [INFO] eToro-MultiBot.eToro-MultiBot: Registered Strategy SmaCrossoverStrategy_AVAX.ETORO_23-023
2026-05-11T15:24:47.642483000Z [INFO] eToro-MultiBot.SmaCrossoverStrategy_NATGAS.ETORO_24: READY
2026-05-11T15:24:47.642499000Z [DEBUG] eToro-MultiBot.MessageBus: Added Subscription(topic=events.order.SmaCrossoverStrategy_NATGAS.ETORO_24-024, handler=<bound method Strategy.handle_event of SmaCrossoverStrategy(SmaCrossoverStrategy_NATGAS.ETORO_24-024)>, priority=0)
2026-05-11T15:24:47.642502000Z [DEBUG] eToro-MultiBot.MessageBus: Added Subscription(topic=events.position.SmaCrossoverStrategy_NATGAS.ETORO_24-024, handler=<bound method Strategy.handle_event of SmaCrossoverStrategy(SmaCrossoverStrategy_NATGAS.ETORO_24-024)>, priority=0)
2026-05-11T15:24:47.642503000Z [INFO] eToro-MultiBot.ExecEngine: Registered OMS.UNSPECIFIED for Strategy SmaCrossoverStrategy_NATGAS.ETORO_24-024
2026-05-11T15:24:47.642504000Z [INFO] eToro-MultiBot.eToro-MultiBot: Registered Strategy SmaCrossoverStrategy_NATGAS.ETORO_24-024
2026-05-11T15:24:47.642573000Z [INFO] eToro-MultiBot.SmaCrossoverStrategy_PALL.ETORO_25: READY
2026-05-11T15:24:47.642594000Z [DEBUG] eToro-MultiBot.MessageBus: Added Subscription(topic=events.order.SmaCrossoverStrategy_PALL.ETORO_25-025, handler=<bound method Strategy.handle_event of SmaCrossoverStrategy(SmaCrossoverStrategy_PALL.ETORO_25-025)>, priority=0)
2026-05-11T15:24:47.642598000Z [DEBUG] eToro-MultiBot.MessageBus: Added Subscription(topic=events.position.SmaCrossoverStrategy_PALL.ETORO_25-025, handler=<bound method Strategy.handle_event of SmaCrossoverStrategy(SmaCrossoverStrategy_PALL.ETORO_25-025)>, priority=0)
2026-05-11T15:24:47.642600000Z [INFO] eToro-MultiBot.ExecEngine: Registered OMS.UNSPECIFIED for Strategy SmaCrossoverStrategy_PALL.ETORO_25-025
2026-05-11T15:24:47.642601000Z [INFO] eToro-MultiBot.eToro-MultiBot: Registered Strategy SmaCrossoverStrategy_PALL.ETORO_25-025
2026-05-11T15:24:47.642657000Z [INFO] eToro-MultiBot.SmaCrossoverStrategy_USDTRY.ETORO_26: READY
2026-05-11T15:24:47.642673000Z [DEBUG] eToro-MultiBot.MessageBus: Added Subscription(topic=events.order.SmaCrossoverStrategy_USDTRY.ETORO_26-026, handler=<bound method Strategy.handle_event of SmaCrossoverStrategy(SmaCrossoverStrategy_USDTRY.ETORO_26-026)>, priority=0)
2026-05-11T15:24:47.642696000Z [DEBUG] eToro-MultiBot.MessageBus: Added Subscription(topic=events.position.SmaCrossoverStrategy_USDTRY.ETORO_26-026, handler=<bound method Strategy.handle_event of SmaCrossoverStrategy(SmaCrossoverStrategy_USDTRY.ETORO_26-026)>, priority=0)
2026-05-11T15:24:47.642700000Z [INFO] eToro-MultiBot.ExecEngine: Registered OMS.UNSPECIFIED for Strategy SmaCrossoverStrategy_USDTRY.ETORO_26-026
2026-05-11T15:24:47.642701000Z [INFO] eToro-MultiBot.eToro-MultiBot: Registered Strategy SmaCrossoverStrategy_USDTRY.ETORO_26-026
2026-05-11T15:24:47.642808000Z [INFO] eToro-MultiBot.SmaCrossoverStrategy_USDZAR.ETORO_27: READY
2026-05-11T15:24:47.642824000Z [DEBUG] eToro-MultiBot.MessageBus: Added Subscription(topic=events.order.SmaCrossoverStrategy_USDZAR.ETORO_27-027, handler=<bound method Strategy.handle_event of SmaCrossoverStrategy(SmaCrossoverStrategy_USDZAR.ETORO_27-027)>, priority=0)
2026-05-11T15:24:47.642829000Z [DEBUG] eToro-MultiBot.MessageBus: Added Subscription(topic=events.position.SmaCrossoverStrategy_USDZAR.ETORO_27-027, handler=<bound method Strategy.handle_event of SmaCrossoverStrategy(SmaCrossoverStrategy_USDZAR.ETORO_27-027)>, priority=0)
2026-05-11T15:24:47.642830000Z [INFO] eToro-MultiBot.ExecEngine: Registered OMS.UNSPECIFIED for Strategy SmaCrossoverStrategy_USDZAR.ETORO_27-027
2026-05-11T15:24:47.642831000Z [INFO] eToro-MultiBot.eToro-MultiBot: Registered Strategy SmaCrossoverStrategy_USDZAR.ETORO_27-027
2026-05-11T15:24:47.642874000Z [INFO] eToro-MultiBot.TradingNode: Building data client for ETORO_WS_CLIENT
2026-05-11T15:24:47.642897000Z [INFO] eToro-MultiBot.InstrumentProvider: READY
2026-05-11T15:24:47.642926000Z [INFO] eToro-MultiBot.DataClient-ETORO_WS_CLIENT: READY
2026-05-11T15:24:47.642972000Z [INFO] eToro-MultiBot.DataEngine: Registered ETORO_WS_CLIENT
2026-05-11T15:24:47.642982000Z [INFO] eToro-MultiBot.TradingNode: Building execution client for ETORO
2026-05-11T15:24:47.642991000Z [INFO] eToro-MultiBot.InstrumentProvider: READY
2026-05-11T15:24:47.643017000Z [INFO] eToro-MultiBot.ExecClient-ETORO: READY
2026-05-11T15:24:47.643059000Z [INFO] eToro-MultiBot.ExecEngine: Registered ExecutionClient-ETORO
2026-05-11T15:24:47.643202000Z [INFO] eToro-MultiBot.TradingNode: STARTING
2026-05-11T15:24:47.643220000Z [DEBUG] eToro-MultiBot.SmaCrossoverStrategy_TSLA.ETORO_0: Registered <concurrent.futures.thread.ThreadPoolExecutor object at 0x129be4050>
2026-05-11T15:24:47.643228000Z [DEBUG] eToro-MultiBot.SmaCrossoverStrategy_HUT.ETORO_1: Registered <concurrent.futures.thread.ThreadPoolExecutor object at 0x129be4050>
2026-05-11T15:24:47.643231000Z [DEBUG] eToro-MultiBot.SmaCrossoverStrategy_RIOT.ETORO_2: Registered <concurrent.futures.thread.ThreadPoolExecutor object at 0x129be4050>
2026-05-11T15:24:47.643236000Z [DEBUG] eToro-MultiBot.SmaCrossoverStrategy_NVDA.ETORO_3: Registered <concurrent.futures.thread.ThreadPoolExecutor object at 0x129be4050>
2026-05-11T15:24:47.643241000Z [DEBUG] eToro-MultiBot.SmaCrossoverStrategy_FSLY.ETORO_4: Registered <concurrent.futures.thread.ThreadPoolExecutor object at 0x129be4050>
2026-05-11T15:24:47.643248000Z [DEBUG] eToro-MultiBot.SmaCrossoverStrategy_INSM.ETORO_5: Registered <concurrent.futures.thread.ThreadPoolExecutor object at 0x129be4050>
2026-05-11T15:24:47.643252000Z [DEBUG] eToro-MultiBot.SmaCrossoverStrategy_BTC.ETORO_6: Registered <concurrent.futures.thread.ThreadPoolExecutor object at 0x129be4050>
2026-05-11T15:24:47.643254000Z [DEBUG] eToro-MultiBot.SmaCrossoverStrategy_ETH.ETORO_7: Registered <concurrent.futures.thread.ThreadPoolExecutor object at 0x129be4050>
2026-05-11T15:24:47.643257000Z [DEBUG] eToro-MultiBot.SmaCrossoverStrategy_ADA.ETORO_8: Registered <concurrent.futures.thread.ThreadPoolExecutor object at 0x129be4050>
2026-05-11T15:24:47.643260000Z [DEBUG] eToro-MultiBot.SmaCrossoverStrategy_XRP.ETORO_9: Registered <concurrent.futures.thread.ThreadPoolExecutor object at 0x129be4050>
2026-05-11T15:24:47.643265000Z [DEBUG] eToro-MultiBot.SmaCrossoverStrategy_AERO.ETORO_10: Registered <concurrent.futures.thread.ThreadPoolExecutor object at 0x129be4050>
2026-05-11T15:24:47.643269000Z [DEBUG] eToro-MultiBot.SmaCrossoverStrategy_HYPE.ETORO_11: Registered <concurrent.futures.thread.ThreadPoolExecutor object at 0x129be4050>
2026-05-11T15:24:47.643272000Z [DEBUG] eToro-MultiBot.SmaCrossoverStrategy_ONDO.ETORO_12: Registered <concurrent.futures.thread.ThreadPoolExecutor object at 0x129be4050>
2026-05-11T15:24:47.643275000Z [DEBUG] eToro-MultiBot.SmaCrossoverStrategy_01211.HK.ETORO_13: Registered <concurrent.futures.thread.ThreadPoolExecutor object at 0x129be4050>
2026-05-11T15:24:47.643278000Z [DEBUG] eToro-MultiBot.SmaCrossoverStrategy_XPEV.ETORO_14: Registered <concurrent.futures.thread.ThreadPoolExecutor object at 0x129be4050>
2026-05-11T15:24:47.643281000Z [DEBUG] eToro-MultiBot.SmaCrossoverStrategy_PLTR.ETORO_15: Registered <concurrent.futures.thread.ThreadPoolExecutor object at 0x129be4050>
2026-05-11T15:24:47.643286000Z [DEBUG] eToro-MultiBot.SmaCrossoverStrategy_RHM.DE.ETORO_16: Registered <concurrent.futures.thread.ThreadPoolExecutor object at 0x129be4050>
2026-05-11T15:24:47.643290000Z [DEBUG] eToro-MultiBot.SmaCrossoverStrategy_NVS.ETORO_17: Registered <concurrent.futures.thread.ThreadPoolExecutor object at 0x129be4050>
2026-05-11T15:24:47.643292000Z [DEBUG] eToro-MultiBot.SmaCrossoverStrategy_ROP.ZU.ETORO_18: Registered <concurrent.futures.thread.ThreadPoolExecutor object at 0x129be4050>
2026-05-11T15:24:47.643294000Z [DEBUG] eToro-MultiBot.SmaCrossoverStrategy_DOGE.ETORO_19: Registered <concurrent.futures.thread.ThreadPoolExecutor object at 0x129be4050>
2026-05-11T15:24:47.643296000Z [DEBUG] eToro-MultiBot.SmaCrossoverStrategy_SHIBxM.ETORO_20: Registered <concurrent.futures.thread.ThreadPoolExecutor object at 0x129be4050>
2026-05-11T15:24:47.643300000Z [DEBUG] eToro-MultiBot.SmaCrossoverStrategy_PEPExM.ETORO_21: Registered <concurrent.futures.thread.ThreadPoolExecutor object at 0x129be4050>
2026-05-11T15:24:47.643302000Z [DEBUG] eToro-MultiBot.SmaCrossoverStrategy_SOL.ETORO_22: Registered <concurrent.futures.thread.ThreadPoolExecutor object at 0x129be4050>
2026-05-11T15:24:47.643305000Z [DEBUG] eToro-MultiBot.SmaCrossoverStrategy_AVAX.ETORO_23: Registered <concurrent.futures.thread.ThreadPoolExecutor object at 0x129be4050>
2026-05-11T15:24:47.643307000Z [DEBUG] eToro-MultiBot.SmaCrossoverStrategy_NATGAS.ETORO_24: Registered <concurrent.futures.thread.ThreadPoolExecutor object at 0x129be4050>
2026-05-11T15:24:47.643311000Z [DEBUG] eToro-MultiBot.SmaCrossoverStrategy_PALL.ETORO_25: Registered <concurrent.futures.thread.ThreadPoolExecutor object at 0x129be4050>
2026-05-11T15:24:47.643314000Z [DEBUG] eToro-MultiBot.SmaCrossoverStrategy_USDTRY.ETORO_26: Registered <concurrent.futures.thread.ThreadPoolExecutor object at 0x129be4050>
2026-05-11T15:24:47.643316000Z [DEBUG] eToro-MultiBot.SmaCrossoverStrategy_USDZAR.ETORO_27: Registered <concurrent.futures.thread.ThreadPoolExecutor object at 0x129be4050>
2026-05-11T15:24:47.643322000Z [DEBUG] eToro-MultiBot.DataEngine: STARTING
2026-05-11T15:24:47.643327000Z [DEBUG] eToro-MultiBot.DataClient-ETORO_WS_CLIENT: STARTING
2026-05-11T15:24:47.643332000Z [INFO] eToro-MultiBot.DataClient-ETORO_WS_CLIENT: RUNNING
2026-05-11T15:24:47.643345000Z [DEBUG] eToro-MultiBot.DataEngine: Scheduled task 'cmd_queue'
2026-05-11T15:24:47.643347000Z [DEBUG] eToro-MultiBot.DataEngine: Scheduled task 'req_queue'
2026-05-11T15:24:47.643347001Z [DEBUG] eToro-MultiBot.DataEngine: Scheduled task 'res_queue'
2026-05-11T15:24:47.643347002Z [DEBUG] eToro-MultiBot.DataEngine: Scheduled task 'data_queue'
2026-05-11T15:24:47.643352000Z [INFO] eToro-MultiBot.DataEngine: RUNNING
2026-05-11T15:24:47.643357000Z [DEBUG] eToro-MultiBot.RiskEngine: STARTING
2026-05-11T15:24:47.643367000Z [DEBUG] eToro-MultiBot.RiskEngine: Scheduled task 'cmd_queue'
2026-05-11T15:24:47.643369000Z [DEBUG] eToro-MultiBot.RiskEngine: Scheduled task 'evt_queue'
2026-05-11T15:24:47.643372000Z [INFO] eToro-MultiBot.RiskEngine: RUNNING
2026-05-11T15:24:47.643375000Z [DEBUG] eToro-MultiBot.ExecEngine: STARTING
2026-05-11T15:24:47.643377000Z [DEBUG] eToro-MultiBot.ExecClient-ETORO: STARTING
2026-05-11T15:24:47.643379000Z [INFO] eToro-MultiBot.ExecClient-ETORO: RUNNING
2026-05-11T15:24:47.643389000Z [DEBUG] eToro-MultiBot.ExecEngine: Scheduled task 'cmd_queue'
2026-05-11T15:24:47.643391000Z [DEBUG] eToro-MultiBot.ExecEngine: Scheduled task 'evt_queue'
2026-05-11T15:24:47.643393000Z [DEBUG] eToro-MultiBot.ExecEngine: Scheduled task 'continuous_reconciliation'
2026-05-11T15:24:47.643394000Z [INFO] eToro-MultiBot.ExecEngine: Started reconciliation task
2026-05-11T15:24:47.643397000Z [INFO] eToro-MultiBot.ExecEngine: RUNNING
2026-05-11T15:24:47.643402000Z [INFO] eToro-MultiBot.DataEngine: Connecting all clients...
2026-05-11T15:24:47.643405000Z [INFO] eToro-MultiBot.DataClient-ETORO_WS_CLIENT: Connecting...
2026-05-11T15:24:47.643408000Z [DEBUG] eToro-MultiBot.DataClient-ETORO_WS_CLIENT: Creating async task '_connect'
2026-05-11T15:24:47.643414000Z [INFO] eToro-MultiBot.ExecEngine: Connecting all clients...
2026-05-11T15:24:47.643417000Z [INFO] eToro-MultiBot.ExecClient-ETORO: Connecting...
2026-05-11T15:24:47.643419000Z [DEBUG] eToro-MultiBot.ExecClient-ETORO: Creating task '_connect'
2026-05-11T15:24:47.643424000Z [INFO] eToro-MultiBot.TradingNode: Awaiting engine connections and initializations (120.0s timeout)...
2026-05-11T15:24:47.643530000Z [DEBUG] eToro-MultiBot.DataEngine: DataCommand message queue processing starting (qsize=0)
2026-05-11T15:24:47.643535000Z [DEBUG] eToro-MultiBot.DataEngine: RequestData message queue processing starting (qsize=0)
2026-05-11T15:24:47.643537000Z [DEBUG] eToro-MultiBot.DataEngine: DataResponse message queue processing starting (qsize=0)
2026-05-11T15:24:47.643539000Z [DEBUG] eToro-MultiBot.DataEngine: Data queue processing starting (qsize=0)
2026-05-11T15:24:47.643541000Z [DEBUG] eToro-MultiBot.RiskEngine: Command message queue processing (qsize=0)
2026-05-11T15:24:47.643543000Z [DEBUG] eToro-MultiBot.RiskEngine: Event message queue processing starting (qsize=0)
2026-05-11T15:24:47.643546000Z [DEBUG] eToro-MultiBot.ExecEngine: Command message queue processing starting (qsize=0)
2026-05-11T15:24:47.643550000Z [DEBUG] eToro-MultiBot.ExecEngine: Event message queue processing starting (qsize=0)
2026-05-11T15:24:47.643559000Z [INFO] eToro-MultiBot.ExecEngine: Starting continuous reconciliation with intervals: inflight=2000ms, consistency=Nones, position=Nones
2026-05-11T15:24:47.643562000Z [INFO] eToro-MultiBot.ExecEngine: Awaiting startup reconciliation completion before starting continuous checks
2026-05-11T15:24:47.660123000Z [INFO] eToro-MultiBot.DataClient-ETORO_WS_CLIENT: WebSocket Verbindungsversuch 1/5 zu wss://ws.etoro.com/ws ...
2026-05-11T15:24:47.675331000Z [INFO] eToro-MultiBot.ExecClient-ETORO: ⚠️  DRY-RUN MODE: no real orders will be sent.
2026-05-11T15:24:47.675594000Z [ERROR] eToro-MultiBot.ExecClient-ETORO: Error on '_connect'
TypeError(Argument 'account_id' has incorrect type (expected nautilus_trader.model.identifiers.AccountId, got NoneType))

2026-05-11T15:24:47.952954000Z [INFO] eToro-MultiBot.DataClient-ETORO_WS_CLIENT: WebSocket verbunden. Authentifiziere...
2026-05-11T15:24:47.953061000Z [DEBUG] eToro-MultiBot.Cache: Added currency USD
2026-05-11T15:24:47.953064000Z [DEBUG] eToro-MultiBot.Cache: Added instrument USDZAR.ETORO
2026-05-11T15:24:47.953119000Z [DEBUG] eToro-MultiBot.Cache: Added instrument INSM.ETORO
2026-05-11T15:24:47.953138000Z [DEBUG] eToro-MultiBot.Cache: Added instrument NVDA.ETORO
2026-05-11T15:24:47.953153000Z [DEBUG] eToro-MultiBot.Cache: Added instrument NVS.ETORO
2026-05-11T15:24:47.953168000Z [DEBUG] eToro-MultiBot.Cache: Added instrument BTC.ETORO
2026-05-11T15:24:47.953182000Z [DEBUG] eToro-MultiBot.Cache: Added instrument SHIBxM.ETORO
2026-05-11T15:24:47.953196000Z [DEBUG] eToro-MultiBot.Cache: Added instrument ROP.ZU.ETORO
2026-05-11T15:24:47.953210000Z [DEBUG] eToro-MultiBot.Cache: Added instrument 01211.HK.ETORO
2026-05-11T15:24:47.953223000Z [DEBUG] eToro-MultiBot.Cache: Added instrument NATGAS.ETORO
2026-05-11T15:24:47.953235000Z [DEBUG] eToro-MultiBot.Cache: Added instrument XRP.ETORO
2026-05-11T15:24:47.953250000Z [DEBUG] eToro-MultiBot.Cache: Added instrument RIOT.ETORO
2026-05-11T15:24:47.953264000Z [DEBUG] eToro-MultiBot.Cache: Added instrument HUT.ETORO
2026-05-11T15:24:47.953275000Z [DEBUG] eToro-MultiBot.Cache: Added instrument SOL.ETORO
2026-05-11T15:24:47.953286000Z [DEBUG] eToro-MultiBot.Cache: Added instrument ADA.ETORO
2026-05-11T15:24:47.953299000Z [DEBUG] eToro-MultiBot.Cache: Added instrument PEPExM.ETORO
2026-05-11T15:24:47.953311000Z [DEBUG] eToro-MultiBot.Cache: Added instrument AERO.ETORO
2026-05-11T15:24:47.953326000Z [DEBUG] eToro-MultiBot.Cache: Added instrument PLTR.ETORO
2026-05-11T15:24:47.953339000Z [DEBUG] eToro-MultiBot.Cache: Added instrument ONDO.ETORO
2026-05-11T15:24:47.953349000Z [DEBUG] eToro-MultiBot.Cache: Added instrument DOGE.ETORO
2026-05-11T15:24:47.953360000Z [DEBUG] eToro-MultiBot.Cache: Added instrument FSLY.ETORO
2026-05-11T15:24:47.953374000Z [DEBUG] eToro-MultiBot.Cache: Added instrument XPEV.ETORO
2026-05-11T15:24:47.953386000Z [DEBUG] eToro-MultiBot.Cache: Added instrument PALL.ETORO
2026-05-11T15:24:47.953396000Z [DEBUG] eToro-MultiBot.Cache: Added instrument AVAX.ETORO
