2026-05-11T10:48:40.250413726Z [INFO] eToro-MultiBot.TradingNode: =================================================================
2026-05-11T10:48:40.250418508Z [INFO] eToro-MultiBot.TradingNode:  NAUTILUS TRADER - Automated Algorithmic Trading Platform
2026-05-11T10:48:40.250418862Z [INFO] eToro-MultiBot.TradingNode:  by Nautech Systems Pty Ltd.
2026-05-11T10:48:40.250419079Z [INFO] eToro-MultiBot.TradingNode:  Copyright (C) 2015-2026. All rights reserved.
2026-05-11T10:48:40.250419510Z [INFO] eToro-MultiBot.TradingNode: =================================================================
2026-05-11T10:48:40.250419782Z [INFO] eToro-MultiBot.TradingNode: 
2026-05-11T10:48:40.250419972Z [INFO] eToro-MultiBot.TradingNode: ⠀⠀⠀⠀⠀⠀⠀⠀⠀⠀⠀⠀⠀⣠⣴⣶⡟⠀⠀⠀⠀⠀⠀⠀⠀⠀⠀⠀⠀⠀⠀
2026-05-11T10:48:40.250420233Z [INFO] eToro-MultiBot.TradingNode: ⠀⠀⠀⠀⠀⠀⠀⠀⠀⠀⠀⣰⣾⣿⣿⣿⠀⢸⣿⣿⣿⣿⣶⣶⣤⣀⠀⠀⠀⠀⠀
2026-05-11T10:48:40.250420491Z [INFO] eToro-MultiBot.TradingNode: ⠀⠀⠀⠀⠀⠀⢀⣴⡇⢀⣾⣿⣿⣿⣿⣿⠀⣾⣿⣿⣿⣿⣿⣿⣿⠿⠓⠀⠀⠀⠀
2026-05-11T10:48:40.250420753Z [INFO] eToro-MultiBot.TradingNode: ⠀⠀⠀⠀⠀⣰⣿⣿⡀⢸⣿⣿⣿⣿⣿⣿⠀⣿⣿⣿⣿⣿⣿⠟⠁⣠⣄⠀⠀⠀⠀
2026-05-11T10:48:40.250421008Z [INFO] eToro-MultiBot.TradingNode: ⠀⠀⠀⠀⢠⣿⣿⣿⣇⠀⢿⣿⣿⣿⣿⣿⠀⢻⣿⣿⣿⡿⢃⣠⣾⣿⣿⣧⡀⠀⠀
2026-05-11T10:48:40.250431456Z [INFO] eToro-MultiBot.TradingNode: ⠀⠀⠀⠠⣾⣿⣿⣿⣿⣿⣧⠈⠋⢀⣴⣧⠀⣿⡏⢠⡀⢸⣿⣿⣿⣿⣿⣿⣿⡇⠀
2026-05-11T10:48:40.250431767Z [INFO] eToro-MultiBot.TradingNode: ⠀⠀⠀⣀⠙⢿⣿⣿⣿⣿⣿⠇⢠⣿⣿⣿⡄⠹⠃⠼⠃⠈⠉⠛⠛⠛⠛⠛⠻⠇⠀
2026-05-11T10:48:40.250432170Z [INFO] eToro-MultiBot.TradingNode: ⠀⠀⢸⡟⢠⣤⠉⠛⠿⢿⣿⠀⢸⣿⡿⠋⣠⣤⣄⠀⣾⣿⣿⣶⣶⣶⣦⡄⠀⠀⠀
2026-05-11T10:48:40.250432607Z [INFO] eToro-MultiBot.TradingNode: ⠀⠀⠸⠀⣾⠏⣸⣷⠂⣠⣤⠀⠘⢁⣴⣾⣿⣿⣿⡆⠘⣿⣿⣿⣿⣿⣿⠀⠀⠀⠀
2026-05-11T10:48:40.250432782Z [INFO] eToro-MultiBot.TradingNode: ⠀⠀⠀⠀⠛⠀⣿⡟⠀⢻⣿⡄⠸⣿⣿⣿⣿⣿⣿⣿⡀⠘⣿⣿⣿⣿⠟⠀⠀⠀⠀
2026-05-11T10:48:40.250432949Z [INFO] eToro-MultiBot.TradingNode: ⠀⠀⠀⠀⠀⠀⣿⠇⠀⠀⢻⡿⠀⠈⠻⣿⣿⣿⣿⣿⡇⠀⢹⣿⠿⠋⠀⠀⠀⠀⠀
2026-05-11T10:48:40.250433244Z [INFO] eToro-MultiBot.TradingNode: ⠀⠀⠀⠀⠀⠀⠋⠀⠀⠀⡘⠁⠀⠀⠀⠀⠀⠀⠀⠀⠀⠀⠈⠁⠀⠀⠀⠀⠀⠀⠀
2026-05-11T10:48:40.250433546Z [INFO] eToro-MultiBot.TradingNode: 
2026-05-11T10:48:40.250433895Z [INFO] eToro-MultiBot.TradingNode: =================================================================
2026-05-11T10:48:40.250434389Z [INFO] eToro-MultiBot.TradingNode:  SYSTEM SPECIFICATION
2026-05-11T10:48:40.250434582Z [INFO] eToro-MultiBot.TradingNode: =================================================================
2026-05-11T10:48:40.250435723Z [INFO] eToro-MultiBot.TradingNode: CPU architecture: Intel(R) Core(TM) i7-4810MQ CPU @ 2.80GHz
2026-05-11T10:48:40.250436422Z [INFO] eToro-MultiBot.TradingNode: CPU(s): 8 @ 800 MHz
2026-05-11T10:48:40.250437007Z [INFO] eToro-MultiBot.TradingNode: OS: kernel-6.17.0-23-generic Linux (Ubuntu 24.04)
2026-05-11T10:48:40.250495775Z [INFO] eToro-MultiBot.TradingNode: =================================================================
2026-05-11T10:48:40.250496734Z [INFO] eToro-MultiBot.TradingNode:  MEMORY USAGE
2026-05-11T10:48:40.250496952Z [INFO] eToro-MultiBot.TradingNode: =================================================================
2026-05-11T10:48:40.250498776Z [INFO] eToro-MultiBot.TradingNode: RAM-Total: 31.22 GiB
2026-05-11T10:48:40.250499744Z [INFO] eToro-MultiBot.TradingNode: RAM-Used: 5.85 GiB (18.73%)
2026-05-11T10:48:40.250500380Z [INFO] eToro-MultiBot.TradingNode: RAM-Avail: 25.37 GiB (81.27%)
2026-05-11T10:48:40.250501193Z [INFO] eToro-MultiBot.TradingNode: Swap-Total: 8.00 GiB
2026-05-11T10:48:40.250501685Z [INFO] eToro-MultiBot.TradingNode: Swap-Used: 0.00 GiB (0.00%)
2026-05-11T10:48:40.250503745Z [INFO] eToro-MultiBot.TradingNode: Swap-Avail: 8.00 GiB (100.00%)
2026-05-11T10:48:40.250504582Z [INFO] eToro-MultiBot.TradingNode: =================================================================
2026-05-11T10:48:40.250504800Z [INFO] eToro-MultiBot.TradingNode:  IDENTIFIERS
2026-05-11T10:48:40.250504999Z [INFO] eToro-MultiBot.TradingNode: =================================================================
2026-05-11T10:48:40.250505980Z [INFO] eToro-MultiBot.TradingNode: trader_id: eToro-MultiBot
2026-05-11T10:48:40.250506524Z [INFO] eToro-MultiBot.TradingNode: machine_id: user-ThinkPad-W541
2026-05-11T10:48:40.250507830Z [INFO] eToro-MultiBot.TradingNode: instance_id: 87fe625a-7d4d-407c-9815-34415890cc21
2026-05-11T10:48:40.250508337Z [INFO] eToro-MultiBot.TradingNode: PID: 43037
2026-05-11T10:48:40.250508838Z [INFO] eToro-MultiBot.TradingNode: =================================================================
2026-05-11T10:48:40.250509046Z [INFO] eToro-MultiBot.TradingNode:  VERSIONING
2026-05-11T10:48:40.250509242Z [INFO] eToro-MultiBot.TradingNode: =================================================================
2026-05-11T10:48:40.250527305Z [INFO] eToro-MultiBot.TradingNode: nautilus_trader: 1.226.0
2026-05-11T10:48:40.250532659Z [INFO] eToro-MultiBot.TradingNode: python: 3.12.3
2026-05-11T10:48:40.250535513Z [INFO] eToro-MultiBot.TradingNode: numpy: 2.4.4
2026-05-11T10:48:40.250538892Z [INFO] eToro-MultiBot.TradingNode: pandas: 2.3.3
2026-05-11T10:48:40.250541655Z [INFO] eToro-MultiBot.TradingNode: msgspec: 0.21.1
2026-05-11T10:48:40.250544260Z [INFO] eToro-MultiBot.TradingNode: pyarrow: 24.0.0
2026-05-11T10:48:40.250547347Z [INFO] eToro-MultiBot.TradingNode: pytz: 2026.2
2026-05-11T10:48:40.250549902Z [INFO] eToro-MultiBot.TradingNode: uvloop: 0.22.1
2026-05-11T10:48:40.250550107Z [INFO] eToro-MultiBot.TradingNode: =================================================================
2026-05-11T10:48:40.250564726Z [INFO] eToro-MultiBot.TradingNode: Building system kernel
2026-05-11T10:48:40.250744134Z [DEBUG] eToro-MultiBot.TradingNode: Event loop signal handling setup for (<Signals.SIGTERM: 15>, <Signals.SIGINT: 2>, <Signals.SIGABRT: 6>)
2026-05-11T10:48:40.250772873Z [INFO] eToro-MultiBot.MessageBus: config.database=None
2026-05-11T10:48:40.250774046Z [INFO] eToro-MultiBot.MessageBus: config.encoding='msgpack'
2026-05-11T10:48:40.250775068Z [INFO] eToro-MultiBot.MessageBus: config.timestamps_as_iso8601=False
2026-05-11T10:48:40.250775787Z [INFO] eToro-MultiBot.MessageBus: config.buffer_interval_ms=None
2026-05-11T10:48:40.250776738Z [INFO] eToro-MultiBot.MessageBus: config.autotrim_mins=None
2026-05-11T10:48:40.250777642Z [INFO] eToro-MultiBot.MessageBus: config.use_trader_prefix=True
2026-05-11T10:48:40.250778917Z [INFO] eToro-MultiBot.MessageBus: config.use_trader_id=True
2026-05-11T10:48:40.250780281Z [INFO] eToro-MultiBot.MessageBus: config.use_instance_id=False
2026-05-11T10:48:40.250781252Z [INFO] eToro-MultiBot.MessageBus: config.streams_prefix='stream'
2026-05-11T10:48:40.250781920Z [INFO] eToro-MultiBot.MessageBus: config.types_filter=None
2026-05-11T10:48:40.250813123Z [DEBUG] eToro-MultiBot.MessageBus: Added Subscription(topic=commands.system.shutdown, handler=<bound method NautilusKernel._on_shutdown_system of <nautilus_trader.system.kernel.NautilusKernel object at 0x7696a8d56f60>>, priority=0)
2026-05-11T10:48:40.250829835Z [INFO] eToro-MultiBot.Cache: READY
2026-05-11T10:48:40.251426656Z [DEBUG] eToro-MultiBot.MessageBus: Added endpoint 'Portfolio.update_account' <bound method Portfolio.update_account of <nautilus_trader.portfolio.portfolio.Portfolio object at 0x769654605340>>
2026-05-11T10:48:40.251433368Z [DEBUG] eToro-MultiBot.MessageBus: Added endpoint 'Portfolio.update_order' <bound method Portfolio.update_order of <nautilus_trader.portfolio.portfolio.Portfolio object at 0x769654605340>>
2026-05-11T10:48:40.251445704Z [DEBUG] eToro-MultiBot.MessageBus: Added endpoint 'Portfolio.update_position' <bound method Portfolio.update_position of <nautilus_trader.portfolio.portfolio.Portfolio object at 0x769654605340>>
2026-05-11T10:48:40.251453770Z [DEBUG] eToro-MultiBot.MessageBus: Added Subscription(topic=events.order.*, handler=<bound method Portfolio.on_order_event of <nautilus_trader.portfolio.portfolio.Portfolio object at 0x769654605340>>, priority=10)
2026-05-11T10:48:40.251459455Z [DEBUG] eToro-MultiBot.MessageBus: Added Subscription(topic=events.position.*, handler=<bound method Portfolio.on_position_event of <nautilus_trader.portfolio.portfolio.Portfolio object at 0x769654605340>>, priority=10)
2026-05-11T10:48:40.251464601Z [DEBUG] eToro-MultiBot.MessageBus: Added Subscription(topic=data.quotes.*, handler=<bound method Portfolio.update_quote_tick of <nautilus_trader.portfolio.portfolio.Portfolio object at 0x769654605340>>, priority=10)
2026-05-11T10:48:40.251470041Z [DEBUG] eToro-MultiBot.MessageBus: Added Subscription(topic=data.bars.*EXTERNAL, handler=<bound method Portfolio.update_bar of <nautilus_trader.portfolio.portfolio.Portfolio object at 0x769654605340>>, priority=10)
2026-05-11T10:48:40.251796893Z [INFO] eToro-MultiBot.DataEngine: READY
2026-05-11T10:48:40.251874215Z [DEBUG] eToro-MultiBot.MessageBus: Added endpoint 'DataEngine.execute' <bound method LiveDataEngine.execute of LiveDataEngine(DataEngine)>
2026-05-11T10:48:40.251878973Z [DEBUG] eToro-MultiBot.MessageBus: Added endpoint 'DataEngine.process' <bound method LiveDataEngine.process of LiveDataEngine(DataEngine)>
2026-05-11T10:48:40.251880924Z [DEBUG] eToro-MultiBot.MessageBus: Added endpoint 'DataEngine.request' <bound method LiveDataEngine.request of LiveDataEngine(DataEngine)>
2026-05-11T10:48:40.251882506Z [DEBUG] eToro-MultiBot.MessageBus: Added endpoint 'DataEngine.response' <bound method LiveDataEngine.response of LiveDataEngine(DataEngine)>
2026-05-11T10:48:40.251884770Z [DEBUG] eToro-MultiBot.MessageBus: Added endpoint 'DataEngine.process_historical' <bound method DataEngine.process_historical of LiveDataEngine(DataEngine)>
2026-05-11T10:48:40.251942508Z [INFO] eToro-MultiBot.DataEngine: config.graceful_shutdown_on_exception=False
2026-05-11T10:48:40.252000061Z [INFO] eToro-MultiBot.RiskEngine: READY
2026-05-11T10:48:40.252040382Z [INFO] eToro-MultiBot.RiskEngine: TradingState is ACTIVE
2026-05-11T10:48:40.252119496Z [INFO] eToro-MultiBot.Throttler-ORDER_SUBMIT_THROTTLER: READY
2026-05-11T10:48:40.252141458Z [INFO] eToro-MultiBot.RiskEngine: Set MAX_ORDER_SUBMIT_RATE: 100/00:00:01
2026-05-11T10:48:40.252166185Z [INFO] eToro-MultiBot.Throttler-ORDER_MODIFY_THROTTLER: READY
2026-05-11T10:48:40.252176948Z [INFO] eToro-MultiBot.RiskEngine: Set MAX_ORDER_MODIFY_RATE: 100/00:00:01
2026-05-11T10:48:40.252182579Z [DEBUG] eToro-MultiBot.MessageBus: Added endpoint 'RiskEngine.execute' <bound method LiveRiskEngine.execute of LiveRiskEngine(RiskEngine)>
2026-05-11T10:48:40.252184451Z [DEBUG] eToro-MultiBot.MessageBus: Added endpoint 'RiskEngine.process' <bound method LiveRiskEngine.process of LiveRiskEngine(RiskEngine)>
2026-05-11T10:48:40.252191195Z [DEBUG] eToro-MultiBot.MessageBus: Added Subscription(topic=events.order.*, handler=<bound method RiskEngine._handle_event of LiveRiskEngine(RiskEngine)>, priority=10)
2026-05-11T10:48:40.252195360Z [DEBUG] eToro-MultiBot.MessageBus: Added Subscription(topic=events.position.*, handler=<bound method RiskEngine._handle_event of LiveRiskEngine(RiskEngine)>, priority=10)
2026-05-11T10:48:40.252223224Z [INFO] eToro-MultiBot.RiskEngine: config.graceful_shutdown_on_exception=False
2026-05-11T10:48:40.252284267Z [INFO] eToro-MultiBot.ExecEngine: READY
2026-05-11T10:48:40.252317747Z [INFO] eToro-MultiBot.ExecEngine: config.snapshot_orders=False
2026-05-11T10:48:40.252320264Z [INFO] eToro-MultiBot.ExecEngine: config.snapshot_positions=False
2026-05-11T10:48:40.252321164Z [INFO] eToro-MultiBot.ExecEngine: config.snapshot_positions_interval_secs=None
2026-05-11T10:48:40.252321792Z [INFO] eToro-MultiBot.ExecEngine: config.allow_overfills=False
2026-05-11T10:48:40.252325665Z [DEBUG] eToro-MultiBot.MessageBus: Added endpoint 'ExecEngine.execute' <bound method LiveExecutionEngine.execute of LiveExecutionEngine(ExecEngine)>
2026-05-11T10:48:40.252327447Z [DEBUG] eToro-MultiBot.MessageBus: Added endpoint 'ExecEngine.process' <bound method LiveExecutionEngine.process of LiveExecutionEngine(ExecEngine)>
2026-05-11T10:48:40.252372986Z [INFO] eToro-MultiBot.ExecEngine: config.reconciliation=True
2026-05-11T10:48:40.252375910Z [INFO] eToro-MultiBot.ExecEngine: config.reconciliation_lookback_mins=None
2026-05-11T10:48:40.252376616Z [INFO] eToro-MultiBot.ExecEngine: config.reconciliation_instrument_ids=None
2026-05-11T10:48:40.252377491Z [INFO] eToro-MultiBot.ExecEngine: config.filter_unclaimed_external_orders=False
2026-05-11T10:48:40.252378157Z [INFO] eToro-MultiBot.ExecEngine: config.filter_position_reports=False
2026-05-11T10:48:40.252378837Z [INFO] eToro-MultiBot.ExecEngine: config.filtered_client_order_ids=None
2026-05-11T10:48:40.252379820Z [INFO] eToro-MultiBot.ExecEngine: config.inflight_check_interval_ms=2000
2026-05-11T10:48:40.252381009Z [INFO] eToro-MultiBot.ExecEngine: config.inflight_check_threshold_ms=5000
2026-05-11T10:48:40.252381719Z [INFO] eToro-MultiBot.ExecEngine: config.inflight_check_retries=5
2026-05-11T10:48:40.252382534Z [INFO] eToro-MultiBot.ExecEngine: config.own_books_audit_interval_secs=None
2026-05-11T10:48:40.252383283Z [INFO] eToro-MultiBot.ExecEngine: config.open_check_interval_secs=None
2026-05-11T10:48:40.252383797Z [INFO] eToro-MultiBot.ExecEngine: config.open_check_open_only=True
2026-05-11T10:48:40.252384594Z [INFO] eToro-MultiBot.ExecEngine: config.open_check_lookback_mins=60
2026-05-11T10:48:40.252385221Z [INFO] eToro-MultiBot.ExecEngine: config.open_check_threshold_ms=5000
2026-05-11T10:48:40.252385784Z [INFO] eToro-MultiBot.ExecEngine: config.open_check_missing_retries=5
2026-05-11T10:48:40.252386449Z [INFO] eToro-MultiBot.ExecEngine: config.max_single_order_queries_per_cycle=10
2026-05-11T10:48:40.252387103Z [INFO] eToro-MultiBot.ExecEngine: config.single_order_query_delay_ms=100
2026-05-11T10:48:40.252387879Z [INFO] eToro-MultiBot.ExecEngine: config.position_check_interval_secs=None
2026-05-11T10:48:40.252388460Z [INFO] eToro-MultiBot.ExecEngine: config.position_check_lookback_mins=60
2026-05-11T10:48:40.252389154Z [INFO] eToro-MultiBot.ExecEngine: config.position_check_threshold_ms=5000
2026-05-11T10:48:40.252389786Z [INFO] eToro-MultiBot.ExecEngine: config.position_check_retries=3
2026-05-11T10:48:40.252393180Z [INFO] eToro-MultiBot.ExecEngine: config.reconciliation_startup_delay_secs=10.0
2026-05-11T10:48:40.252394035Z [INFO] eToro-MultiBot.ExecEngine: config.purge_closed_orders_interval_mins=None
2026-05-11T10:48:40.252394698Z [INFO] eToro-MultiBot.ExecEngine: config.purge_closed_orders_buffer_mins=None
2026-05-11T10:48:40.252395348Z [INFO] eToro-MultiBot.ExecEngine: config.purge_closed_positions_interval_mins=None
2026-05-11T10:48:40.252399759Z [INFO] eToro-MultiBot.ExecEngine: config.purge_closed_positions_buffer_mins=None
2026-05-11T10:48:40.252400459Z [INFO] eToro-MultiBot.ExecEngine: config.purge_account_events_interval_mins=None
2026-05-11T10:48:40.252401799Z [INFO] eToro-MultiBot.ExecEngine: config.purge_account_events_lookback_mins=None
2026-05-11T10:48:40.252403396Z [INFO] eToro-MultiBot.ExecEngine: config.purge_from_database=False
2026-05-11T10:48:40.252404104Z [INFO] eToro-MultiBot.ExecEngine: config.graceful_shutdown_on_exception=False
2026-05-11T10:48:40.252412528Z [DEBUG] eToro-MultiBot.MessageBus: Added endpoint 'ExecEngine.reconcile_execution_report' <bound method LiveExecutionEngine.reconcile_execution_report of LiveExecutionEngine(ExecEngine)>
2026-05-11T10:48:40.252414740Z [DEBUG] eToro-MultiBot.MessageBus: Added endpoint 'ExecEngine.reconcile_execution_mass_status' <bound method LiveExecutionEngine.reconcile_execution_mass_status of LiveExecutionEngine(ExecEngine)>
2026-05-11T10:48:40.252428566Z [DEBUG] eToro-MultiBot.Cache: Clearing index
2026-05-11T10:48:40.252430087Z [DEBUG] eToro-MultiBot.Cache: Cleared index
2026-05-11T10:48:40.252433093Z [DEBUG] eToro-MultiBot.ExecEngine: clear_index took 0ms
2026-05-11T10:48:40.252437745Z [DEBUG] eToro-MultiBot.Cache: Loading general cache from database
2026-05-11T10:48:40.252441741Z [INFO] eToro-MultiBot.Cache: Cached 0 general objects from database
2026-05-11T10:48:40.252443330Z [DEBUG] eToro-MultiBot.ExecEngine: cache_general took 0ms
2026-05-11T10:48:40.252444324Z [DEBUG] eToro-MultiBot.Cache: Loading currencies from database
2026-05-11T10:48:40.252445783Z [INFO] eToro-MultiBot.Cache: Cached 0 currencies from database
2026-05-11T10:48:40.252447347Z [DEBUG] eToro-MultiBot.ExecEngine: cache_currencies took 0ms
2026-05-11T10:48:40.252448589Z [DEBUG] eToro-MultiBot.Cache: Loading instruments from database
2026-05-11T10:48:40.252449470Z [INFO] eToro-MultiBot.Cache: Cached 0 instruments from database
2026-05-11T10:48:40.252450343Z [DEBUG] eToro-MultiBot.ExecEngine: cache_instruments took 0ms
2026-05-11T10:48:40.252451394Z [DEBUG] eToro-MultiBot.Cache: Loading accounts from database
2026-05-11T10:48:40.252452735Z [INFO] eToro-MultiBot.Cache: Cached 0 accounts from database
2026-05-11T10:48:40.252453641Z [DEBUG] eToro-MultiBot.ExecEngine: cache_accounts took 0ms
2026-05-11T10:48:40.252454610Z [DEBUG] eToro-MultiBot.Cache: Loading orders from database
2026-05-11T10:48:40.252455851Z [INFO] eToro-MultiBot.Cache: Cached 0 orders from database
2026-05-11T10:48:40.252456904Z [DEBUG] eToro-MultiBot.ExecEngine: cache_orders took 0ms
2026-05-11T10:48:40.252458024Z [DEBUG] eToro-MultiBot.Cache: Loading order lists
2026-05-11T10:48:40.252459314Z [INFO] eToro-MultiBot.Cache: Cached 0 order lists from database
2026-05-11T10:48:40.252460865Z [DEBUG] eToro-MultiBot.ExecEngine: cache_order_lists took 0ms
2026-05-11T10:48:40.252461787Z [DEBUG] eToro-MultiBot.Cache: Loading positions from database
2026-05-11T10:48:40.252462582Z [INFO] eToro-MultiBot.Cache: Cached 0 positions from database
2026-05-11T10:48:40.252463545Z [DEBUG] eToro-MultiBot.ExecEngine: cache_positions took 0ms
2026-05-11T10:48:40.252465234Z [DEBUG] eToro-MultiBot.Cache: Building index
2026-05-11T10:48:40.252471102Z [DEBUG] eToro-MultiBot.Cache: Index built in 0.000s
2026-05-11T10:48:40.252472279Z [DEBUG] eToro-MultiBot.ExecEngine: build_index took 0ms
2026-05-11T10:48:40.252475304Z [INFO] eToro-MultiBot.Cache: Checking data integrity
2026-05-11T10:48:40.252483690Z [INFO] eToro-MultiBot.Cache: Integrity check passed in 6μs
2026-05-11T10:48:40.252485331Z [DEBUG] eToro-MultiBot.ExecEngine: check_integrity took 0ms
2026-05-11T10:48:40.252497227Z [DEBUG] eToro-MultiBot.ExecEngine: _set_position_id_counts took 0ms
2026-05-11T10:48:40.252498881Z [INFO] eToro-MultiBot.ExecEngine: Loaded cache in 0ms
2026-05-11T10:48:40.252545460Z [INFO] eToro-MultiBot.OrderEmulator: READY
2026-05-11T10:48:40.252607230Z [DEBUG] eToro-MultiBot.MessageBus: Added endpoint 'OrderEmulator.execute' <bound method OrderEmulator.execute of OrderEmulator(OrderEmulator)>
2026-05-11T10:48:40.252637763Z [INFO] eToro-MultiBot.eToro-MultiBot: READY
2026-05-11T10:48:40.252682117Z [INFO] eToro-MultiBot.TradingNode: Initialized in 4ms
2026-05-11T10:48:40.252703298Z [INFO] eToro-MultiBot.TradingNode: has_cache_backing=False
2026-05-11T10:48:40.252707553Z [INFO] eToro-MultiBot.TradingNode: has_msgbus_backing=False
2026-05-11T10:48:40.255612462Z [INFO] eToro-MultiBot.SmaCrossoverStrategy_TSLA.ETORO_0: READY
2026-05-11T10:48:40.255722062Z [DEBUG] eToro-MultiBot.MessageBus: Added Subscription(topic=events.order.SmaCrossoverStrategy_TSLA.ETORO_0-000, handler=<bound method Strategy.handle_event of SmaCrossoverStrategy(SmaCrossoverStrategy_TSLA.ETORO_0-000)>, priority=0)
2026-05-11T10:48:40.255729881Z [DEBUG] eToro-MultiBot.MessageBus: Added Subscription(topic=events.position.SmaCrossoverStrategy_TSLA.ETORO_0-000, handler=<bound method Strategy.handle_event of SmaCrossoverStrategy(SmaCrossoverStrategy_TSLA.ETORO_0-000)>, priority=0)
2026-05-11T10:48:40.255746418Z [INFO] eToro-MultiBot.ExecEngine: Registered OMS.UNSPECIFIED for Strategy SmaCrossoverStrategy_TSLA.ETORO_0-000
2026-05-11T10:48:40.255751494Z [INFO] eToro-MultiBot.eToro-MultiBot: Registered Strategy SmaCrossoverStrategy_TSLA.ETORO_0-000
2026-05-11T10:48:40.256024727Z [INFO] eToro-MultiBot.SmaCrossoverStrategy_HUT.ETORO_1: READY
2026-05-11T10:48:40.256066373Z [DEBUG] eToro-MultiBot.MessageBus: Added Subscription(topic=events.order.SmaCrossoverStrategy_HUT.ETORO_1-001, handler=<bound method Strategy.handle_event of SmaCrossoverStrategy(SmaCrossoverStrategy_HUT.ETORO_1-001)>, priority=0)
2026-05-11T10:48:40.256073764Z [DEBUG] eToro-MultiBot.MessageBus: Added Subscription(topic=events.position.SmaCrossoverStrategy_HUT.ETORO_1-001, handler=<bound method Strategy.handle_event of SmaCrossoverStrategy(SmaCrossoverStrategy_HUT.ETORO_1-001)>, priority=0)
2026-05-11T10:48:40.256078199Z [INFO] eToro-MultiBot.ExecEngine: Registered OMS.UNSPECIFIED for Strategy SmaCrossoverStrategy_HUT.ETORO_1-001
2026-05-11T10:48:40.256080881Z [INFO] eToro-MultiBot.eToro-MultiBot: Registered Strategy SmaCrossoverStrategy_HUT.ETORO_1-001
2026-05-11T10:48:40.256235339Z [INFO] eToro-MultiBot.SmaCrossoverStrategy_RIOT.ETORO_2: READY
2026-05-11T10:48:40.256287977Z [DEBUG] eToro-MultiBot.MessageBus: Added Subscription(topic=events.order.SmaCrossoverStrategy_RIOT.ETORO_2-002, handler=<bound method Strategy.handle_event of SmaCrossoverStrategy(SmaCrossoverStrategy_RIOT.ETORO_2-002)>, priority=0)
2026-05-11T10:48:40.256295377Z [DEBUG] eToro-MultiBot.MessageBus: Added Subscription(topic=events.position.SmaCrossoverStrategy_RIOT.ETORO_2-002, handler=<bound method Strategy.handle_event of SmaCrossoverStrategy(SmaCrossoverStrategy_RIOT.ETORO_2-002)>, priority=0)
2026-05-11T10:48:40.256299383Z [INFO] eToro-MultiBot.ExecEngine: Registered OMS.UNSPECIFIED for Strategy SmaCrossoverStrategy_RIOT.ETORO_2-002
2026-05-11T10:48:40.256301544Z [INFO] eToro-MultiBot.eToro-MultiBot: Registered Strategy SmaCrossoverStrategy_RIOT.ETORO_2-002
2026-05-11T10:48:40.256461932Z [INFO] eToro-MultiBot.SmaCrossoverStrategy_NVDA.ETORO_3: READY
2026-05-11T10:48:40.256507900Z [DEBUG] eToro-MultiBot.MessageBus: Added Subscription(topic=events.order.SmaCrossoverStrategy_NVDA.ETORO_3-003, handler=<bound method Strategy.handle_event of SmaCrossoverStrategy(SmaCrossoverStrategy_NVDA.ETORO_3-003)>, priority=0)
2026-05-11T10:48:40.256516225Z [DEBUG] eToro-MultiBot.MessageBus: Added Subscription(topic=events.position.SmaCrossoverStrategy_NVDA.ETORO_3-003, handler=<bound method Strategy.handle_event of SmaCrossoverStrategy(SmaCrossoverStrategy_NVDA.ETORO_3-003)>, priority=0)
2026-05-11T10:48:40.256520108Z [INFO] eToro-MultiBot.ExecEngine: Registered OMS.UNSPECIFIED for Strategy SmaCrossoverStrategy_NVDA.ETORO_3-003
2026-05-11T10:48:40.256522202Z [INFO] eToro-MultiBot.eToro-MultiBot: Registered Strategy SmaCrossoverStrategy_NVDA.ETORO_3-003
2026-05-11T10:48:40.256678235Z [INFO] eToro-MultiBot.SmaCrossoverStrategy_FSLY.ETORO_4: READY
2026-05-11T10:48:40.256719029Z [DEBUG] eToro-MultiBot.MessageBus: Added Subscription(topic=events.order.SmaCrossoverStrategy_FSLY.ETORO_4-004, handler=<bound method Strategy.handle_event of SmaCrossoverStrategy(SmaCrossoverStrategy_FSLY.ETORO_4-004)>, priority=0)
2026-05-11T10:48:40.256725955Z [DEBUG] eToro-MultiBot.MessageBus: Added Subscription(topic=events.position.SmaCrossoverStrategy_FSLY.ETORO_4-004, handler=<bound method Strategy.handle_event of SmaCrossoverStrategy(SmaCrossoverStrategy_FSLY.ETORO_4-004)>, priority=0)
2026-05-11T10:48:40.256729805Z [INFO] eToro-MultiBot.ExecEngine: Registered OMS.UNSPECIFIED for Strategy SmaCrossoverStrategy_FSLY.ETORO_4-004
2026-05-11T10:48:40.256731964Z [INFO] eToro-MultiBot.eToro-MultiBot: Registered Strategy SmaCrossoverStrategy_FSLY.ETORO_4-004
2026-05-11T10:48:40.256975895Z [INFO] eToro-MultiBot.SmaCrossoverStrategy_INSM.ETORO_5: READY
2026-05-11T10:48:40.257018827Z [DEBUG] eToro-MultiBot.MessageBus: Added Subscription(topic=events.order.SmaCrossoverStrategy_INSM.ETORO_5-005, handler=<bound method Strategy.handle_event of SmaCrossoverStrategy(SmaCrossoverStrategy_INSM.ETORO_5-005)>, priority=0)
2026-05-11T10:48:40.257025687Z [DEBUG] eToro-MultiBot.MessageBus: Added Subscription(topic=events.position.SmaCrossoverStrategy_INSM.ETORO_5-005, handler=<bound method Strategy.handle_event of SmaCrossoverStrategy(SmaCrossoverStrategy_INSM.ETORO_5-005)>, priority=0)
2026-05-11T10:48:40.257029712Z [INFO] eToro-MultiBot.ExecEngine: Registered OMS.UNSPECIFIED for Strategy SmaCrossoverStrategy_INSM.ETORO_5-005
2026-05-11T10:48:40.257032054Z [INFO] eToro-MultiBot.eToro-MultiBot: Registered Strategy SmaCrossoverStrategy_INSM.ETORO_5-005
2026-05-11T10:48:40.257204105Z [INFO] eToro-MultiBot.SmaCrossoverStrategy_BTC.ETORO_6: READY
2026-05-11T10:48:40.257248608Z [DEBUG] eToro-MultiBot.MessageBus: Added Subscription(topic=events.order.SmaCrossoverStrategy_BTC.ETORO_6-006, handler=<bound method Strategy.handle_event of SmaCrossoverStrategy(SmaCrossoverStrategy_BTC.ETORO_6-006)>, priority=0)
2026-05-11T10:48:40.257255507Z [DEBUG] eToro-MultiBot.MessageBus: Added Subscription(topic=events.position.SmaCrossoverStrategy_BTC.ETORO_6-006, handler=<bound method Strategy.handle_event of SmaCrossoverStrategy(SmaCrossoverStrategy_BTC.ETORO_6-006)>, priority=0)
2026-05-11T10:48:40.257259256Z [INFO] eToro-MultiBot.ExecEngine: Registered OMS.UNSPECIFIED for Strategy SmaCrossoverStrategy_BTC.ETORO_6-006
2026-05-11T10:48:40.257261199Z [INFO] eToro-MultiBot.eToro-MultiBot: Registered Strategy SmaCrossoverStrategy_BTC.ETORO_6-006
2026-05-11T10:48:40.257422259Z [INFO] eToro-MultiBot.SmaCrossoverStrategy_ETH.ETORO_7: READY
2026-05-11T10:48:40.257468291Z [DEBUG] eToro-MultiBot.MessageBus: Added Subscription(topic=events.order.SmaCrossoverStrategy_ETH.ETORO_7-007, handler=<bound method Strategy.handle_event of SmaCrossoverStrategy(SmaCrossoverStrategy_ETH.ETORO_7-007)>, priority=0)
2026-05-11T10:48:40.257475304Z [DEBUG] eToro-MultiBot.MessageBus: Added Subscription(topic=events.position.SmaCrossoverStrategy_ETH.ETORO_7-007, handler=<bound method Strategy.handle_event of SmaCrossoverStrategy(SmaCrossoverStrategy_ETH.ETORO_7-007)>, priority=0)
2026-05-11T10:48:40.257479223Z [INFO] eToro-MultiBot.ExecEngine: Registered OMS.UNSPECIFIED for Strategy SmaCrossoverStrategy_ETH.ETORO_7-007
2026-05-11T10:48:40.257481235Z [INFO] eToro-MultiBot.eToro-MultiBot: Registered Strategy SmaCrossoverStrategy_ETH.ETORO_7-007
2026-05-11T10:48:40.257662647Z [INFO] eToro-MultiBot.SmaCrossoverStrategy_ADA.ETORO_8: READY
2026-05-11T10:48:40.257719482Z [DEBUG] eToro-MultiBot.MessageBus: Added Subscription(topic=events.order.SmaCrossoverStrategy_ADA.ETORO_8-008, handler=<bound method Strategy.handle_event of SmaCrossoverStrategy(SmaCrossoverStrategy_ADA.ETORO_8-008)>, priority=0)
2026-05-11T10:48:40.257730076Z [DEBUG] eToro-MultiBot.MessageBus: Added Subscription(topic=events.position.SmaCrossoverStrategy_ADA.ETORO_8-008, handler=<bound method Strategy.handle_event of SmaCrossoverStrategy(SmaCrossoverStrategy_ADA.ETORO_8-008)>, priority=0)
2026-05-11T10:48:40.257735681Z [INFO] eToro-MultiBot.ExecEngine: Registered OMS.UNSPECIFIED for Strategy SmaCrossoverStrategy_ADA.ETORO_8-008
2026-05-11T10:48:40.257738719Z [INFO] eToro-MultiBot.eToro-MultiBot: Registered Strategy SmaCrossoverStrategy_ADA.ETORO_8-008
2026-05-11T10:48:40.257922084Z [INFO] eToro-MultiBot.SmaCrossoverStrategy_XRP.ETORO_9: READY
2026-05-11T10:48:40.257982895Z [DEBUG] eToro-MultiBot.MessageBus: Added Subscription(topic=events.order.SmaCrossoverStrategy_XRP.ETORO_9-009, handler=<bound method Strategy.handle_event of SmaCrossoverStrategy(SmaCrossoverStrategy_XRP.ETORO_9-009)>, priority=0)
2026-05-11T10:48:40.257994123Z [DEBUG] eToro-MultiBot.MessageBus: Added Subscription(topic=events.position.SmaCrossoverStrategy_XRP.ETORO_9-009, handler=<bound method Strategy.handle_event of SmaCrossoverStrategy(SmaCrossoverStrategy_XRP.ETORO_9-009)>, priority=0)
2026-05-11T10:48:40.258004521Z [INFO] eToro-MultiBot.ExecEngine: Registered OMS.UNSPECIFIED for Strategy SmaCrossoverStrategy_XRP.ETORO_9-009
2026-05-11T10:48:40.258007793Z [INFO] eToro-MultiBot.eToro-MultiBot: Registered Strategy SmaCrossoverStrategy_XRP.ETORO_9-009
2026-05-11T10:48:40.258217508Z [INFO] eToro-MultiBot.SmaCrossoverStrategy_AERO.ETORO_10: READY
2026-05-11T10:48:40.258300014Z [DEBUG] eToro-MultiBot.MessageBus: Added Subscription(topic=events.order.SmaCrossoverStrategy_AERO.ETORO_10-010, handler=<bound method Strategy.handle_event of SmaCrossoverStrategy(SmaCrossoverStrategy_AERO.ETORO_10-010)>, priority=0)
2026-05-11T10:48:40.258313745Z [DEBUG] eToro-MultiBot.MessageBus: Added Subscription(topic=events.position.SmaCrossoverStrategy_AERO.ETORO_10-010, handler=<bound method Strategy.handle_event of SmaCrossoverStrategy(SmaCrossoverStrategy_AERO.ETORO_10-010)>, priority=0)
2026-05-11T10:48:40.258321803Z [INFO] eToro-MultiBot.ExecEngine: Registered OMS.UNSPECIFIED for Strategy SmaCrossoverStrategy_AERO.ETORO_10-010
2026-05-11T10:48:40.258327567Z [INFO] eToro-MultiBot.eToro-MultiBot: Registered Strategy SmaCrossoverStrategy_AERO.ETORO_10-010
2026-05-11T10:48:40.258506786Z [INFO] eToro-MultiBot.SmaCrossoverStrategy_HYPE.ETORO_11: READY
2026-05-11T10:48:40.258566850Z [DEBUG] eToro-MultiBot.MessageBus: Added Subscription(topic=events.order.SmaCrossoverStrategy_HYPE.ETORO_11-011, handler=<bound method Strategy.handle_event of SmaCrossoverStrategy(SmaCrossoverStrategy_HYPE.ETORO_11-011)>, priority=0)
2026-05-11T10:48:40.258574966Z [DEBUG] eToro-MultiBot.MessageBus: Added Subscription(topic=events.position.SmaCrossoverStrategy_HYPE.ETORO_11-011, handler=<bound method Strategy.handle_event of SmaCrossoverStrategy(SmaCrossoverStrategy_HYPE.ETORO_11-011)>, priority=0)
2026-05-11T10:48:40.258579866Z [INFO] eToro-MultiBot.ExecEngine: Registered OMS.UNSPECIFIED for Strategy SmaCrossoverStrategy_HYPE.ETORO_11-011
2026-05-11T10:48:40.258582523Z [INFO] eToro-MultiBot.eToro-MultiBot: Registered Strategy SmaCrossoverStrategy_HYPE.ETORO_11-011
2026-05-11T10:48:40.258735580Z [INFO] eToro-MultiBot.SmaCrossoverStrategy_ONDO.ETORO_12: READY
2026-05-11T10:48:40.258782526Z [DEBUG] eToro-MultiBot.MessageBus: Added Subscription(topic=events.order.SmaCrossoverStrategy_ONDO.ETORO_12-012, handler=<bound method Strategy.handle_event of SmaCrossoverStrategy(SmaCrossoverStrategy_ONDO.ETORO_12-012)>, priority=0)
2026-05-11T10:48:40.258791274Z [DEBUG] eToro-MultiBot.MessageBus: Added Subscription(topic=events.position.SmaCrossoverStrategy_ONDO.ETORO_12-012, handler=<bound method Strategy.handle_event of SmaCrossoverStrategy(SmaCrossoverStrategy_ONDO.ETORO_12-012)>, priority=0)
2026-05-11T10:48:40.258795650Z [INFO] eToro-MultiBot.ExecEngine: Registered OMS.UNSPECIFIED for Strategy SmaCrossoverStrategy_ONDO.ETORO_12-012
2026-05-11T10:48:40.258797806Z [INFO] eToro-MultiBot.eToro-MultiBot: Registered Strategy SmaCrossoverStrategy_ONDO.ETORO_12-012
2026-05-11T10:48:40.258947718Z [INFO] eToro-MultiBot.SmaCrossoverStrategy_01211.HK.ETORO_13: READY
2026-05-11T10:48:40.258989424Z [DEBUG] eToro-MultiBot.MessageBus: Added Subscription(topic=events.order.SmaCrossoverStrategy_01211.HK.ETORO_13-013, handler=<bound method Strategy.handle_event of SmaCrossoverStrategy(SmaCrossoverStrategy_01211.HK.ETORO_13-013)>, priority=0)
2026-05-11T10:48:40.258996371Z [DEBUG] eToro-MultiBot.MessageBus: Added Subscription(topic=events.position.SmaCrossoverStrategy_01211.HK.ETORO_13-013, handler=<bound method Strategy.handle_event of SmaCrossoverStrategy(SmaCrossoverStrategy_01211.HK.ETORO_13-013)>, priority=0)
2026-05-11T10:48:40.259000033Z [INFO] eToro-MultiBot.ExecEngine: Registered OMS.UNSPECIFIED for Strategy SmaCrossoverStrategy_01211.HK.ETORO_13-013
2026-05-11T10:48:40.259002028Z [INFO] eToro-MultiBot.eToro-MultiBot: Registered Strategy SmaCrossoverStrategy_01211.HK.ETORO_13-013
2026-05-11T10:48:40.259130265Z [INFO] eToro-MultiBot.SmaCrossoverStrategy_XPEV.ETORO_14: READY
2026-05-11T10:48:40.259173781Z [DEBUG] eToro-MultiBot.MessageBus: Added Subscription(topic=events.order.SmaCrossoverStrategy_XPEV.ETORO_14-014, handler=<bound method Strategy.handle_event of SmaCrossoverStrategy(SmaCrossoverStrategy_XPEV.ETORO_14-014)>, priority=0)
2026-05-11T10:48:40.259181081Z [DEBUG] eToro-MultiBot.MessageBus: Added Subscription(topic=events.position.SmaCrossoverStrategy_XPEV.ETORO_14-014, handler=<bound method Strategy.handle_event of SmaCrossoverStrategy(SmaCrossoverStrategy_XPEV.ETORO_14-014)>, priority=0)
2026-05-11T10:48:40.259185014Z [INFO] eToro-MultiBot.ExecEngine: Registered OMS.UNSPECIFIED for Strategy SmaCrossoverStrategy_XPEV.ETORO_14-014
2026-05-11T10:48:40.259187139Z [INFO] eToro-MultiBot.eToro-MultiBot: Registered Strategy SmaCrossoverStrategy_XPEV.ETORO_14-014
2026-05-11T10:48:40.259332366Z [INFO] eToro-MultiBot.SmaCrossoverStrategy_PLTR.ETORO_15: READY
2026-05-11T10:48:40.259372924Z [DEBUG] eToro-MultiBot.MessageBus: Added Subscription(topic=events.order.SmaCrossoverStrategy_PLTR.ETORO_15-015, handler=<bound method Strategy.handle_event of SmaCrossoverStrategy(SmaCrossoverStrategy_PLTR.ETORO_15-015)>, priority=0)
2026-05-11T10:48:40.259379889Z [DEBUG] eToro-MultiBot.MessageBus: Added Subscription(topic=events.position.SmaCrossoverStrategy_PLTR.ETORO_15-015, handler=<bound method Strategy.handle_event of SmaCrossoverStrategy(SmaCrossoverStrategy_PLTR.ETORO_15-015)>, priority=0)
2026-05-11T10:48:40.259383813Z [INFO] eToro-MultiBot.ExecEngine: Registered OMS.UNSPECIFIED for Strategy SmaCrossoverStrategy_PLTR.ETORO_15-015
2026-05-11T10:48:40.259388351Z [INFO] eToro-MultiBot.eToro-MultiBot: Registered Strategy SmaCrossoverStrategy_PLTR.ETORO_15-015
2026-05-11T10:48:40.259530453Z [INFO] eToro-MultiBot.SmaCrossoverStrategy_RHM.DE.ETORO_16: READY
2026-05-11T10:48:40.259570714Z [DEBUG] eToro-MultiBot.MessageBus: Added Subscription(topic=events.order.SmaCrossoverStrategy_RHM.DE.ETORO_16-016, handler=<bound method Strategy.handle_event of SmaCrossoverStrategy(SmaCrossoverStrategy_RHM.DE.ETORO_16-016)>, priority=0)
2026-05-11T10:48:40.259577977Z [DEBUG] eToro-MultiBot.MessageBus: Added Subscription(topic=events.position.SmaCrossoverStrategy_RHM.DE.ETORO_16-016, handler=<bound method Strategy.handle_event of SmaCrossoverStrategy(SmaCrossoverStrategy_RHM.DE.ETORO_16-016)>, priority=0)
2026-05-11T10:48:40.259584705Z [INFO] eToro-MultiBot.ExecEngine: Registered OMS.UNSPECIFIED for Strategy SmaCrossoverStrategy_RHM.DE.ETORO_16-016
2026-05-11T10:48:40.259586956Z [INFO] eToro-MultiBot.eToro-MultiBot: Registered Strategy SmaCrossoverStrategy_RHM.DE.ETORO_16-016
2026-05-11T10:48:40.259759749Z [INFO] eToro-MultiBot.SmaCrossoverStrategy_NVS.ETORO_17: READY
2026-05-11T10:48:40.259803474Z [DEBUG] eToro-MultiBot.MessageBus: Added Subscription(topic=events.order.SmaCrossoverStrategy_NVS.ETORO_17-017, handler=<bound method Strategy.handle_event of SmaCrossoverStrategy(SmaCrossoverStrategy_NVS.ETORO_17-017)>, priority=0)
2026-05-11T10:48:40.259812029Z [DEBUG] eToro-MultiBot.MessageBus: Added Subscription(topic=events.position.SmaCrossoverStrategy_NVS.ETORO_17-017, handler=<bound method Strategy.handle_event of SmaCrossoverStrategy(SmaCrossoverStrategy_NVS.ETORO_17-017)>, priority=0)
2026-05-11T10:48:40.259815646Z [INFO] eToro-MultiBot.ExecEngine: Registered OMS.UNSPECIFIED for Strategy SmaCrossoverStrategy_NVS.ETORO_17-017
2026-05-11T10:48:40.259817712Z [INFO] eToro-MultiBot.eToro-MultiBot: Registered Strategy SmaCrossoverStrategy_NVS.ETORO_17-017
2026-05-11T10:48:40.259954848Z [INFO] eToro-MultiBot.SmaCrossoverStrategy_ROP.ZU.ETORO_18: READY
2026-05-11T10:48:40.259999217Z [DEBUG] eToro-MultiBot.MessageBus: Added Subscription(topic=events.order.SmaCrossoverStrategy_ROP.ZU.ETORO_18-018, handler=<bound method Strategy.handle_event of SmaCrossoverStrategy(SmaCrossoverStrategy_ROP.ZU.ETORO_18-018)>, priority=0)
2026-05-11T10:48:40.260006603Z [DEBUG] eToro-MultiBot.MessageBus: Added Subscription(topic=events.position.SmaCrossoverStrategy_ROP.ZU.ETORO_18-018, handler=<bound method Strategy.handle_event of SmaCrossoverStrategy(SmaCrossoverStrategy_ROP.ZU.ETORO_18-018)>, priority=0)
2026-05-11T10:48:40.260010342Z [INFO] eToro-MultiBot.ExecEngine: Registered OMS.UNSPECIFIED for Strategy SmaCrossoverStrategy_ROP.ZU.ETORO_18-018
2026-05-11T10:48:40.260012465Z [INFO] eToro-MultiBot.eToro-MultiBot: Registered Strategy SmaCrossoverStrategy_ROP.ZU.ETORO_18-018
2026-05-11T10:48:40.260142956Z [INFO] eToro-MultiBot.SmaCrossoverStrategy_DOGE.ETORO_19: READY
2026-05-11T10:48:40.260188430Z [DEBUG] eToro-MultiBot.MessageBus: Added Subscription(topic=events.order.SmaCrossoverStrategy_DOGE.ETORO_19-019, handler=<bound method Strategy.handle_event of SmaCrossoverStrategy(SmaCrossoverStrategy_DOGE.ETORO_19-019)>, priority=0)
2026-05-11T10:48:40.260195952Z [DEBUG] eToro-MultiBot.MessageBus: Added Subscription(topic=events.position.SmaCrossoverStrategy_DOGE.ETORO_19-019, handler=<bound method Strategy.handle_event of SmaCrossoverStrategy(SmaCrossoverStrategy_DOGE.ETORO_19-019)>, priority=0)
2026-05-11T10:48:40.260199706Z [INFO] eToro-MultiBot.ExecEngine: Registered OMS.UNSPECIFIED for Strategy SmaCrossoverStrategy_DOGE.ETORO_19-019
2026-05-11T10:48:40.260201773Z [INFO] eToro-MultiBot.eToro-MultiBot: Registered Strategy SmaCrossoverStrategy_DOGE.ETORO_19-019
2026-05-11T10:48:40.260335030Z [INFO] eToro-MultiBot.SmaCrossoverStrategy_SHIBxM.ETORO_20: READY
2026-05-11T10:48:40.260375329Z [DEBUG] eToro-MultiBot.MessageBus: Added Subscription(topic=events.order.SmaCrossoverStrategy_SHIBxM.ETORO_20-020, handler=<bound method Strategy.handle_event of SmaCrossoverStrategy(SmaCrossoverStrategy_SHIBxM.ETORO_20-020)>, priority=0)
2026-05-11T10:48:40.260382820Z [DEBUG] eToro-MultiBot.MessageBus: Added Subscription(topic=events.position.SmaCrossoverStrategy_SHIBxM.ETORO_20-020, handler=<bound method Strategy.handle_event of SmaCrossoverStrategy(SmaCrossoverStrategy_SHIBxM.ETORO_20-020)>, priority=0)
2026-05-11T10:48:40.260386506Z [INFO] eToro-MultiBot.ExecEngine: Registered OMS.UNSPECIFIED for Strategy SmaCrossoverStrategy_SHIBxM.ETORO_20-020
2026-05-11T10:48:40.260388473Z [INFO] eToro-MultiBot.eToro-MultiBot: Registered Strategy SmaCrossoverStrategy_SHIBxM.ETORO_20-020
2026-05-11T10:48:40.260520019Z [INFO] eToro-MultiBot.SmaCrossoverStrategy_PEPExM.ETORO_21: READY
2026-05-11T10:48:40.260565347Z [DEBUG] eToro-MultiBot.MessageBus: Added Subscription(topic=events.order.SmaCrossoverStrategy_PEPExM.ETORO_21-021, handler=<bound method Strategy.handle_event of SmaCrossoverStrategy(SmaCrossoverStrategy_PEPExM.ETORO_21-021)>, priority=0)
2026-05-11T10:48:40.260573015Z [DEBUG] eToro-MultiBot.MessageBus: Added Subscription(topic=events.position.SmaCrossoverStrategy_PEPExM.ETORO_21-021, handler=<bound method Strategy.handle_event of SmaCrossoverStrategy(SmaCrossoverStrategy_PEPExM.ETORO_21-021)>, priority=0)
2026-05-11T10:48:40.260577249Z [INFO] eToro-MultiBot.ExecEngine: Registered OMS.UNSPECIFIED for Strategy SmaCrossoverStrategy_PEPExM.ETORO_21-021
2026-05-11T10:48:40.260579473Z [INFO] eToro-MultiBot.eToro-MultiBot: Registered Strategy SmaCrossoverStrategy_PEPExM.ETORO_21-021
2026-05-11T10:48:40.260710826Z [INFO] eToro-MultiBot.SmaCrossoverStrategy_SOL.ETORO_22: READY
2026-05-11T10:48:40.260750612Z [DEBUG] eToro-MultiBot.MessageBus: Added Subscription(topic=events.order.SmaCrossoverStrategy_SOL.ETORO_22-022, handler=<bound method Strategy.handle_event of SmaCrossoverStrategy(SmaCrossoverStrategy_SOL.ETORO_22-022)>, priority=0)
2026-05-11T10:48:40.260758031Z [DEBUG] eToro-MultiBot.MessageBus: Added Subscription(topic=events.position.SmaCrossoverStrategy_SOL.ETORO_22-022, handler=<bound method Strategy.handle_event of SmaCrossoverStrategy(SmaCrossoverStrategy_SOL.ETORO_22-022)>, priority=0)
2026-05-11T10:48:40.260761599Z [INFO] eToro-MultiBot.ExecEngine: Registered OMS.UNSPECIFIED for Strategy SmaCrossoverStrategy_SOL.ETORO_22-022
2026-05-11T10:48:40.260763510Z [INFO] eToro-MultiBot.eToro-MultiBot: Registered Strategy SmaCrossoverStrategy_SOL.ETORO_22-022
2026-05-11T10:48:40.260895357Z [INFO] eToro-MultiBot.SmaCrossoverStrategy_AVAX.ETORO_23: READY
2026-05-11T10:48:40.260935249Z [DEBUG] eToro-MultiBot.MessageBus: Added Subscription(topic=events.order.SmaCrossoverStrategy_AVAX.ETORO_23-023, handler=<bound method Strategy.handle_event of SmaCrossoverStrategy(SmaCrossoverStrategy_AVAX.ETORO_23-023)>, priority=0)
2026-05-11T10:48:40.260942606Z [DEBUG] eToro-MultiBot.MessageBus: Added Subscription(topic=events.position.SmaCrossoverStrategy_AVAX.ETORO_23-023, handler=<bound method Strategy.handle_event of SmaCrossoverStrategy(SmaCrossoverStrategy_AVAX.ETORO_23-023)>, priority=0)
2026-05-11T10:48:40.260946211Z [INFO] eToro-MultiBot.ExecEngine: Registered OMS.UNSPECIFIED for Strategy SmaCrossoverStrategy_AVAX.ETORO_23-023
2026-05-11T10:48:40.260948220Z [INFO] eToro-MultiBot.eToro-MultiBot: Registered Strategy SmaCrossoverStrategy_AVAX.ETORO_23-023
2026-05-11T10:48:40.261092054Z [INFO] eToro-MultiBot.SmaCrossoverStrategy_NATGAS.ETORO_24: READY
2026-05-11T10:48:40.261137408Z [DEBUG] eToro-MultiBot.MessageBus: Added Subscription(topic=events.order.SmaCrossoverStrategy_NATGAS.ETORO_24-024, handler=<bound method Strategy.handle_event of SmaCrossoverStrategy(SmaCrossoverStrategy_NATGAS.ETORO_24-024)>, priority=0)
2026-05-11T10:48:40.261145606Z [DEBUG] eToro-MultiBot.MessageBus: Added Subscription(topic=events.position.SmaCrossoverStrategy_NATGAS.ETORO_24-024, handler=<bound method Strategy.handle_event of SmaCrossoverStrategy(SmaCrossoverStrategy_NATGAS.ETORO_24-024)>, priority=0)
2026-05-11T10:48:40.261149158Z [INFO] eToro-MultiBot.ExecEngine: Registered OMS.UNSPECIFIED for Strategy SmaCrossoverStrategy_NATGAS.ETORO_24-024
2026-05-11T10:48:40.261151212Z [INFO] eToro-MultiBot.eToro-MultiBot: Registered Strategy SmaCrossoverStrategy_NATGAS.ETORO_24-024
2026-05-11T10:48:40.261279247Z [INFO] eToro-MultiBot.SmaCrossoverStrategy_PALL.ETORO_25: READY
2026-05-11T10:48:40.261324731Z [DEBUG] eToro-MultiBot.MessageBus: Added Subscription(topic=events.order.SmaCrossoverStrategy_PALL.ETORO_25-025, handler=<bound method Strategy.handle_event of SmaCrossoverStrategy(SmaCrossoverStrategy_PALL.ETORO_25-025)>, priority=0)
2026-05-11T10:48:40.261332745Z [DEBUG] eToro-MultiBot.MessageBus: Added Subscription(topic=events.position.SmaCrossoverStrategy_PALL.ETORO_25-025, handler=<bound method Strategy.handle_event of SmaCrossoverStrategy(SmaCrossoverStrategy_PALL.ETORO_25-025)>, priority=0)
2026-05-11T10:48:40.261336366Z [INFO] eToro-MultiBot.ExecEngine: Registered OMS.UNSPECIFIED for Strategy SmaCrossoverStrategy_PALL.ETORO_25-025
2026-05-11T10:48:40.261338460Z [INFO] eToro-MultiBot.eToro-MultiBot: Registered Strategy SmaCrossoverStrategy_PALL.ETORO_25-025
2026-05-11T10:48:40.261471933Z [INFO] eToro-MultiBot.SmaCrossoverStrategy_USDTRY.ETORO_26: READY
2026-05-11T10:48:40.261515109Z [DEBUG] eToro-MultiBot.MessageBus: Added Subscription(topic=events.order.SmaCrossoverStrategy_USDTRY.ETORO_26-026, handler=<bound method Strategy.handle_event of SmaCrossoverStrategy(SmaCrossoverStrategy_USDTRY.ETORO_26-026)>, priority=0)
2026-05-11T10:48:40.261522822Z [DEBUG] eToro-MultiBot.MessageBus: Added Subscription(topic=events.position.SmaCrossoverStrategy_USDTRY.ETORO_26-026, handler=<bound method Strategy.handle_event of SmaCrossoverStrategy(SmaCrossoverStrategy_USDTRY.ETORO_26-026)>, priority=0)
2026-05-11T10:48:40.261526605Z [INFO] eToro-MultiBot.ExecEngine: Registered OMS.UNSPECIFIED for Strategy SmaCrossoverStrategy_USDTRY.ETORO_26-026
2026-05-11T10:48:40.261529057Z [INFO] eToro-MultiBot.eToro-MultiBot: Registered Strategy SmaCrossoverStrategy_USDTRY.ETORO_26-026
2026-05-11T10:48:40.261662291Z [INFO] eToro-MultiBot.SmaCrossoverStrategy_USDZAR.ETORO_27: READY
2026-05-11T10:48:40.261703119Z [DEBUG] eToro-MultiBot.MessageBus: Added Subscription(topic=events.order.SmaCrossoverStrategy_USDZAR.ETORO_27-027, handler=<bound method Strategy.handle_event of SmaCrossoverStrategy(SmaCrossoverStrategy_USDZAR.ETORO_27-027)>, priority=0)
2026-05-11T10:48:40.261710743Z [DEBUG] eToro-MultiBot.MessageBus: Added Subscription(topic=events.position.SmaCrossoverStrategy_USDZAR.ETORO_27-027, handler=<bound method Strategy.handle_event of SmaCrossoverStrategy(SmaCrossoverStrategy_USDZAR.ETORO_27-027)>, priority=0)
2026-05-11T10:48:40.261714276Z [INFO] eToro-MultiBot.ExecEngine: Registered OMS.UNSPECIFIED for Strategy SmaCrossoverStrategy_USDZAR.ETORO_27-027
2026-05-11T10:48:40.261716387Z [INFO] eToro-MultiBot.eToro-MultiBot: Registered Strategy SmaCrossoverStrategy_USDZAR.ETORO_27-027
2026-05-11T10:48:40.261790836Z [INFO] eToro-MultiBot.TradingNode: Building data client for ETORO_WS_CLIENT
2026-05-11T10:48:40.261815626Z [INFO] eToro-MultiBot.InstrumentProvider: READY
2026-05-11T10:48:40.261857878Z [INFO] eToro-MultiBot.DataClient-ETORO_WS_CLIENT: READY
2026-05-11T10:48:40.261935432Z [INFO] eToro-MultiBot.DataEngine: Registered ETORO_WS_CLIENT
2026-05-11T10:48:40.261945681Z [INFO] eToro-MultiBot.TradingNode: Building execution client for ETORO
2026-05-11T10:48:40.261959001Z [INFO] eToro-MultiBot.InstrumentProvider: READY
2026-05-11T10:48:40.261996164Z [INFO] eToro-MultiBot.ExecClient-ETORO: READY
2026-05-11T10:48:40.262071334Z [INFO] eToro-MultiBot.ExecEngine: Registered ExecutionClient-ETORO
2026-05-11T10:48:40.262376887Z [INFO] eToro-MultiBot.TradingNode: STARTING
2026-05-11T10:48:40.262415695Z [DEBUG] eToro-MultiBot.SmaCrossoverStrategy_TSLA.ETORO_0: Registered <concurrent.futures.thread.ThreadPoolExecutor object at 0x769654619940>
2026-05-11T10:48:40.262432568Z [DEBUG] eToro-MultiBot.SmaCrossoverStrategy_HUT.ETORO_1: Registered <concurrent.futures.thread.ThreadPoolExecutor object at 0x769654619940>
2026-05-11T10:48:40.262443420Z [DEBUG] eToro-MultiBot.SmaCrossoverStrategy_RIOT.ETORO_2: Registered <concurrent.futures.thread.ThreadPoolExecutor object at 0x769654619940>
2026-05-11T10:48:40.262455165Z [DEBUG] eToro-MultiBot.SmaCrossoverStrategy_NVDA.ETORO_3: Registered <concurrent.futures.thread.ThreadPoolExecutor object at 0x769654619940>
2026-05-11T10:48:40.262465613Z [DEBUG] eToro-MultiBot.SmaCrossoverStrategy_FSLY.ETORO_4: Registered <concurrent.futures.thread.ThreadPoolExecutor object at 0x769654619940>
2026-05-11T10:48:40.262472083Z [DEBUG] eToro-MultiBot.SmaCrossoverStrategy_INSM.ETORO_5: Registered <concurrent.futures.thread.ThreadPoolExecutor object at 0x769654619940>
2026-05-11T10:48:40.262484027Z [DEBUG] eToro-MultiBot.SmaCrossoverStrategy_BTC.ETORO_6: Registered <concurrent.futures.thread.ThreadPoolExecutor object at 0x769654619940>
2026-05-11T10:48:40.262490839Z [DEBUG] eToro-MultiBot.SmaCrossoverStrategy_ETH.ETORO_7: Registered <concurrent.futures.thread.ThreadPoolExecutor object at 0x769654619940>
2026-05-11T10:48:40.262499615Z [DEBUG] eToro-MultiBot.SmaCrossoverStrategy_ADA.ETORO_8: Registered <concurrent.futures.thread.ThreadPoolExecutor object at 0x769654619940>
2026-05-11T10:48:40.262505627Z [DEBUG] eToro-MultiBot.SmaCrossoverStrategy_XRP.ETORO_9: Registered <concurrent.futures.thread.ThreadPoolExecutor object at 0x769654619940>
2026-05-11T10:48:40.262516195Z [DEBUG] eToro-MultiBot.SmaCrossoverStrategy_AERO.ETORO_10: Registered <concurrent.futures.thread.ThreadPoolExecutor object at 0x769654619940>
2026-05-11T10:48:40.262524151Z [DEBUG] eToro-MultiBot.SmaCrossoverStrategy_HYPE.ETORO_11: Registered <concurrent.futures.thread.ThreadPoolExecutor object at 0x769654619940>
2026-05-11T10:48:40.262533761Z [DEBUG] eToro-MultiBot.SmaCrossoverStrategy_ONDO.ETORO_12: Registered <concurrent.futures.thread.ThreadPoolExecutor object at 0x769654619940>
2026-05-11T10:48:40.262539543Z [DEBUG] eToro-MultiBot.SmaCrossoverStrategy_01211.HK.ETORO_13: Registered <concurrent.futures.thread.ThreadPoolExecutor object at 0x769654619940>
2026-05-11T10:48:40.262558926Z [DEBUG] eToro-MultiBot.SmaCrossoverStrategy_XPEV.ETORO_14: Registered <concurrent.futures.thread.ThreadPoolExecutor object at 0x769654619940>
2026-05-11T10:48:40.262569309Z [DEBUG] eToro-MultiBot.SmaCrossoverStrategy_PLTR.ETORO_15: Registered <concurrent.futures.thread.ThreadPoolExecutor object at 0x769654619940>
2026-05-11T10:48:40.262578549Z [DEBUG] eToro-MultiBot.SmaCrossoverStrategy_RHM.DE.ETORO_16: Registered <concurrent.futures.thread.ThreadPoolExecutor object at 0x769654619940>
2026-05-11T10:48:40.262591783Z [DEBUG] eToro-MultiBot.SmaCrossoverStrategy_NVS.ETORO_17: Registered <concurrent.futures.thread.ThreadPoolExecutor object at 0x769654619940>
2026-05-11T10:48:40.262602603Z [DEBUG] eToro-MultiBot.SmaCrossoverStrategy_ROP.ZU.ETORO_18: Registered <concurrent.futures.thread.ThreadPoolExecutor object at 0x769654619940>
2026-05-11T10:48:40.262607258Z [DEBUG] eToro-MultiBot.SmaCrossoverStrategy_DOGE.ETORO_19: Registered <concurrent.futures.thread.ThreadPoolExecutor object at 0x769654619940>
2026-05-11T10:48:40.262616152Z [DEBUG] eToro-MultiBot.SmaCrossoverStrategy_SHIBxM.ETORO_20: Registered <concurrent.futures.thread.ThreadPoolExecutor object at 0x769654619940>
2026-05-11T10:48:40.262620532Z [DEBUG] eToro-MultiBot.SmaCrossoverStrategy_PEPExM.ETORO_21: Registered <concurrent.futures.thread.ThreadPoolExecutor object at 0x769654619940>
2026-05-11T10:48:40.262628130Z [DEBUG] eToro-MultiBot.SmaCrossoverStrategy_SOL.ETORO_22: Registered <concurrent.futures.thread.ThreadPoolExecutor object at 0x769654619940>
2026-05-11T10:48:40.262636449Z [DEBUG] eToro-MultiBot.SmaCrossoverStrategy_AVAX.ETORO_23: Registered <concurrent.futures.thread.ThreadPoolExecutor object at 0x769654619940>
2026-05-11T10:48:40.262642406Z [DEBUG] eToro-MultiBot.SmaCrossoverStrategy_NATGAS.ETORO_24: Registered <concurrent.futures.thread.ThreadPoolExecutor object at 0x769654619940>
2026-05-11T10:48:40.262648955Z [DEBUG] eToro-MultiBot.SmaCrossoverStrategy_PALL.ETORO_25: Registered <concurrent.futures.thread.ThreadPoolExecutor object at 0x769654619940>
2026-05-11T10:48:40.262653994Z [DEBUG] eToro-MultiBot.SmaCrossoverStrategy_USDTRY.ETORO_26: Registered <concurrent.futures.thread.ThreadPoolExecutor object at 0x769654619940>
2026-05-11T10:48:40.262663564Z [DEBUG] eToro-MultiBot.SmaCrossoverStrategy_USDZAR.ETORO_27: Registered <concurrent.futures.thread.ThreadPoolExecutor object at 0x769654619940>
2026-05-11T10:48:40.262677625Z [DEBUG] eToro-MultiBot.DataEngine: STARTING
2026-05-11T10:48:40.262683520Z [DEBUG] eToro-MultiBot.DataClient-ETORO_WS_CLIENT: STARTING
2026-05-11T10:48:40.262700981Z [INFO] eToro-MultiBot.DataClient-ETORO_WS_CLIENT: RUNNING
2026-05-11T10:48:40.262730965Z [DEBUG] eToro-MultiBot.DataEngine: Scheduled task 'cmd_queue'
2026-05-11T10:48:40.262736205Z [DEBUG] eToro-MultiBot.DataEngine: Scheduled task 'req_queue'
2026-05-11T10:48:40.262737374Z [DEBUG] eToro-MultiBot.DataEngine: Scheduled task 'res_queue'
2026-05-11T10:48:40.262739030Z [DEBUG] eToro-MultiBot.DataEngine: Scheduled task 'data_queue'
2026-05-11T10:48:40.262751802Z [INFO] eToro-MultiBot.DataEngine: RUNNING
2026-05-11T10:48:40.262763766Z [DEBUG] eToro-MultiBot.RiskEngine: STARTING
2026-05-11T10:48:40.262777637Z [DEBUG] eToro-MultiBot.RiskEngine: Scheduled task 'cmd_queue'
2026-05-11T10:48:40.262781704Z [DEBUG] eToro-MultiBot.RiskEngine: Scheduled task 'evt_queue'
2026-05-11T10:48:40.262792291Z [INFO] eToro-MultiBot.RiskEngine: RUNNING
2026-05-11T10:48:40.262804029Z [DEBUG] eToro-MultiBot.ExecEngine: STARTING
2026-05-11T10:48:40.262808373Z [DEBUG] eToro-MultiBot.ExecClient-ETORO: STARTING
2026-05-11T10:48:40.262817405Z [INFO] eToro-MultiBot.ExecClient-ETORO: RUNNING
2026-05-11T10:48:40.262837767Z [DEBUG] eToro-MultiBot.ExecEngine: Scheduled task 'cmd_queue'
2026-05-11T10:48:40.262840467Z [DEBUG] eToro-MultiBot.ExecEngine: Scheduled task 'evt_queue'
2026-05-11T10:48:40.262846658Z [DEBUG] eToro-MultiBot.ExecEngine: Scheduled task 'continuous_reconciliation'
2026-05-11T10:48:40.262848685Z [INFO] eToro-MultiBot.ExecEngine: Started reconciliation task
2026-05-11T10:48:40.262859256Z [INFO] eToro-MultiBot.ExecEngine: RUNNING
2026-05-11T10:48:40.262870805Z [INFO] eToro-MultiBot.DataEngine: Connecting all clients...
2026-05-11T10:48:40.262874725Z [INFO] eToro-MultiBot.DataClient-ETORO_WS_CLIENT: Connecting...
2026-05-11T10:48:40.262881551Z [DEBUG] eToro-MultiBot.DataClient-ETORO_WS_CLIENT: Creating async task '_connect'
2026-05-11T10:48:40.262895822Z [INFO] eToro-MultiBot.ExecEngine: Connecting all clients...
2026-05-11T10:48:40.262900776Z [INFO] eToro-MultiBot.ExecClient-ETORO: Connecting...
2026-05-11T10:48:40.262906122Z [DEBUG] eToro-MultiBot.ExecClient-ETORO: Creating task '_connect'
2026-05-11T10:48:40.262925125Z [INFO] eToro-MultiBot.TradingNode: Awaiting engine connections and initializations (120.0s timeout)...
2026-05-11T10:48:40.263113661Z [DEBUG] eToro-MultiBot.DataEngine: DataCommand message queue processing starting (qsize=0)
2026-05-11T10:48:40.263121869Z [DEBUG] eToro-MultiBot.DataEngine: RequestData message queue processing starting (qsize=0)
2026-05-11T10:48:40.263125873Z [DEBUG] eToro-MultiBot.DataEngine: DataResponse message queue processing starting (qsize=0)
2026-05-11T10:48:40.263132228Z [DEBUG] eToro-MultiBot.DataEngine: Data queue processing starting (qsize=0)
2026-05-11T10:48:40.263136790Z [DEBUG] eToro-MultiBot.RiskEngine: Command message queue processing (qsize=0)
2026-05-11T10:48:40.263142971Z [DEBUG] eToro-MultiBot.RiskEngine: Event message queue processing starting (qsize=0)
2026-05-11T10:48:40.263146747Z [DEBUG] eToro-MultiBot.ExecEngine: Command message queue processing starting (qsize=0)
2026-05-11T10:48:40.263151431Z [DEBUG] eToro-MultiBot.ExecEngine: Event message queue processing starting (qsize=0)
2026-05-11T10:48:40.263164654Z [INFO] eToro-MultiBot.ExecEngine: Starting continuous reconciliation with intervals: inflight=2000ms, consistency=Nones, position=Nones
2026-05-11T10:48:40.263168461Z [INFO] eToro-MultiBot.ExecEngine: Awaiting startup reconciliation completion before starting continuous checks
2026-05-11T10:48:40.311973991Z [INFO] eToro-MultiBot.DataClient-ETORO_WS_CLIENT: WebSocket Verbindungsversuch 1/5 zu wss://ws.etoro.com/ws ...
2026-05-11T10:48:40.326580648Z [INFO] eToro-MultiBot.ExecClient-ETORO: ⚠️  DRY-RUN MODE: no real orders will be sent.
2026-05-11T10:48:40.367550728Z [INFO] eToro-MultiBot.ExecClient-ETORO: Execution WS connect attempt 1/5 ...
2026-05-11T10:48:40.686349726Z [WARN] eToro-MultiBot.ExecClient-ETORO: Auth response not JSON: b'\x00'
2026-05-11T10:48:40.686463334Z [INFO] eToro-MultiBot.ExecClient-ETORO: Subscribed to trading notification topics.
2026-05-11T10:48:40.686481945Z [DEBUG] eToro-MultiBot.ExecClient-ETORO: Creating task 'exec_ws_loop'
2026-05-11T10:48:40.686494280Z [INFO] eToro-MultiBot.ExecClient-ETORO: Execution WS connected and authenticated.
2026-05-11T10:48:40.686592652Z [INFO] eToro-MultiBot.ExecClient-ETORO: Connected
2026-05-11T10:48:40.686636118Z [INFO] eToro-MultiBot.DataClient-ETORO_WS_CLIENT: WebSocket verbunden. Authentifiziere...
2026-05-11T10:48:40.686778781Z [DEBUG] eToro-MultiBot.Cache: Added currency USD
2026-05-11T10:48:40.686784793Z [DEBUG] eToro-MultiBot.Cache: Added instrument USDZAR.ETORO
2026-05-11T10:48:40.686906787Z [DEBUG] eToro-MultiBot.Cache: Added instrument NVS.ETORO
2026-05-11T10:48:40.686972368Z [DEBUG] eToro-MultiBot.Cache: Added instrument PALL.ETORO
2026-05-11T10:48:40.687025971Z [DEBUG] eToro-MultiBot.Cache: Added instrument 01211.HK.ETORO
2026-05-11T10:48:40.687063153Z [DEBUG] eToro-MultiBot.Cache: Added instrument RIOT.ETORO
2026-05-11T10:48:40.687097868Z [DEBUG] eToro-MultiBot.Cache: Added instrument AERO.ETORO
2026-05-11T10:48:40.687131077Z [DEBUG] eToro-MultiBot.Cache: Added instrument USDTRY.ETORO
2026-05-11T10:48:40.687163509Z [DEBUG] eToro-MultiBot.Cache: Added instrument ROP.ZU.ETORO
2026-05-11T10:48:40.687199989Z [DEBUG] eToro-MultiBot.Cache: Added instrument DOGE.ETORO
2026-05-11T10:48:40.687232212Z [DEBUG] eToro-MultiBot.Cache: Added instrument BTC.ETORO
2026-05-11T10:48:40.687264101Z [DEBUG] eToro-MultiBot.Cache: Added instrument HUT.ETORO
2026-05-11T10:48:40.687328250Z [DEBUG] eToro-MultiBot.Cache: Added instrument TSLA.ETORO
2026-05-11T10:48:40.687358991Z [DEBUG] eToro-MultiBot.Cache: Added instrument XPEV.ETORO
2026-05-11T10:48:40.687387677Z [DEBUG] eToro-MultiBot.Cache: Added instrument INSM.ETORO
2026-05-11T10:48:40.687420245Z [DEBUG] eToro-MultiBot.Cache: Added instrument ETH.ETORO
2026-05-11T10:48:40.687449419Z [DEBUG] eToro-MultiBot.Cache: Added instrument ADA.ETORO
2026-05-11T10:48:40.687484068Z [DEBUG] eToro-MultiBot.Cache: Added instrument SHIBxM.ETORO
2026-05-11T10:48:40.687513808Z [DEBUG] eToro-MultiBot.Cache: Added instrument NATGAS.ETORO
2026-05-11T10:48:40.687556765Z [DEBUG] eToro-MultiBot.Cache: Added instrument ONDO.ETORO
2026-05-11T10:48:40.687587762Z [DEBUG] eToro-MultiBot.Cache: Added instrument PEPExM.ETORO
2026-05-11T10:48:40.687626398Z [DEBUG] eToro-MultiBot.Cache: Added instrument XRP.ETORO
2026-05-11T10:48:40.687659429Z [DEBUG] eToro-MultiBot.Cache: Added instrument NVDA.ETORO
2026-05-11T10:48:40.687687763Z [DEBUG] eToro-MultiBot.Cache: Added instrument SOL.ETORO
2026-05-11T10:48:40.687716242Z [DEBUG] eToro-MultiBot.Cache: Added instrument HYPE.ETORO
2026-05-11T10:48:40.687743283Z [DEBUG] eToro-MultiBot.Cache: Added instrument FSLY.ETORO
2026-05-11T10:48:40.687770246Z [DEBUG] eToro-MultiBot.Cache: Added instrument RHM.DE.ETORO
2026-05-11T10:48:40.687797968Z [DEBUG] eToro-MultiBot.Cache: Added instrument AVAX.ETORO
2026-05-11T10:48:40.687829005Z [DEBUG] eToro-MultiBot.Cache: Added instrument PLTR.ETORO
2026-05-11T10:48:40.687954005Z [WARN] eToro-MultiBot.DataClient-ETORO_WS_CLIENT: Auth-Antwort konnte nicht geparst werden: b'\x00'
2026-05-11T10:48:40.688052825Z [INFO] eToro-MultiBot.DataClient-ETORO_WS_CLIENT: Abonniert: ['instrument:42', 'instrument:4232', 'instrument:3208', 'instrument:2380', 'instrument:6270', 'instrument:100421', 'instrument:62', 'instrument:1402', 'instrument:100043', 'instrument:100000', 'instrument:8671', 'instrument:1111', 'instrument:6700', 'instrument:9119', 'instrument:100001', 'instrument:100017', 'instrument:100080', 'instrument:22', 'instrument:100323', 'instrument:100303', 'instrument:100003', 'instrument:1137', 'instrument:100063', 'instrument:100446', 'instrument:5045', 'instrument:2587', 'instrument:100085', 'instrument:7991']
2026-05-11T10:48:40.688061690Z [DEBUG] eToro-MultiBot.DataClient-ETORO_WS_CLIENT: Creating async task 'message_loop'
2026-05-11T10:48:40.688155507Z [DEBUG] eToro-MultiBot.DataClient-ETORO_WS_CLIENT: Coroutine '_connect' completed
2026-05-11T10:48:40.688175589Z [INFO] eToro-MultiBot.DataClient-ETORO_WS_CLIENT: Connected
2026-05-11T10:48:40.688220102Z [INFO] eToro-MultiBot.TradingNode: Awaiting execution state reconciliation (30.0s timeout)...
2026-05-11T10:48:40.688262130Z [INFO] eToro-MultiBot.ExecClient-ETORO: Generating ExecutionMassStatus...
2026-05-11T10:48:40.688780789Z [ERROR] eToro-MultiBot.ExecClient-ETORO: Cannot reconcile execution state
NotImplementedError(method `generate_order_status_reports` must be implemented in the subclass)
Traceback (most recent call last):
  File "/home/user/etoro_nautilus/venv/lib/python3.12/site-packages/nautilus_trader/live/execution_client.py", line 491, in generate_mass_status
    reports = await asyncio.gather(
              ^^^^^^^^^^^^^^^^^^^^^
  File "/home/user/etoro_nautilus/venv/lib/python3.12/site-packages/nautilus_trader/live/execution_client.py", line 382, in generate_order_status_reports
    raise NotImplementedError(

2026-05-11T10:48:40.688811697Z [WARN] eToro-MultiBot.ExecEngine: No execution mass status available for reconciliation (likely due to an adapter client error when generating reports)
2026-05-11T10:48:40.688820543Z [ERROR] eToro-MultiBot.TradingNode: Execution state could not be reconciled
2026-05-11T10:48:40.688824803Z [INFO] eToro-MultiBot.TradingNode: RUNNING
2026-05-11T10:48:40.688890591Z [INFO] eToro-MultiBot.ExecEngine: Startup reconciliation completed
2026-05-11T10:48:40.688896675Z [INFO] eToro-MultiBot.ExecEngine: Applying post-reconciliation startup delay (10.0s)
2026-05-11T10:48:40.749120308Z [INFO] eToro-MultiBot.DataClient-ETORO_WS_CLIENT: Snapshot USDZAR.ETORO: MarketOpen=True, AllowBuy=True
2026-05-11T10:48:40.749226833Z [INFO] eToro-MultiBot.DataClient-ETORO_WS_CLIENT: Snapshot NVS.ETORO: MarketOpen=False, AllowBuy=True
2026-05-11T10:48:40.749259818Z [INFO] eToro-MultiBot.DataClient-ETORO_WS_CLIENT: Snapshot PALL.ETORO: MarketOpen=False, AllowBuy=True
2026-05-11T10:48:40.749297674Z [INFO] eToro-MultiBot.DataClient-ETORO_WS_CLIENT: Snapshot 01211.HK.ETORO: MarketOpen=True, AllowBuy=True
2026-05-11T10:48:40.749322184Z [INFO] eToro-MultiBot.DataClient-ETORO_WS_CLIENT: Snapshot RIOT.ETORO: MarketOpen=True, AllowBuy=True
2026-05-11T10:48:40.749344531Z [INFO] eToro-MultiBot.DataClient-ETORO_WS_CLIENT: Snapshot AERO.ETORO: MarketOpen=True, AllowBuy=True
2026-05-11T10:48:40.749366326Z [INFO] eToro-MultiBot.DataClient-ETORO_WS_CLIENT: Snapshot USDTRY.ETORO: MarketOpen=True, AllowBuy=True
2026-05-11T10:48:40.749388075Z [INFO] eToro-MultiBot.DataClient-ETORO_WS_CLIENT: Snapshot ROP.ZU.ETORO: MarketOpen=True, AllowBuy=True
2026-05-11T10:48:40.749408354Z [INFO] eToro-MultiBot.DataClient-ETORO_WS_CLIENT: Snapshot DOGE.ETORO: MarketOpen=True, AllowBuy=True
2026-05-11T10:48:40.749455247Z [INFO] eToro-MultiBot.DataClient-ETORO_WS_CLIENT: Snapshot BTC.ETORO: MarketOpen=True, AllowBuy=True
2026-05-11T10:48:40.749477073Z [INFO] eToro-MultiBot.DataClient-ETORO_WS_CLIENT: Snapshot HUT.ETORO: MarketOpen=False, AllowBuy=True
2026-05-11T10:48:40.749504797Z [INFO] eToro-MultiBot.DataClient-ETORO_WS_CLIENT: Snapshot TSLA.ETORO: MarketOpen=True, AllowBuy=True
2026-05-11T10:48:40.749533155Z [INFO] eToro-MultiBot.DataClient-ETORO_WS_CLIENT: Snapshot XPEV.ETORO: MarketOpen=False, AllowBuy=True
2026-05-11T10:48:40.749562330Z [INFO] eToro-MultiBot.DataClient-ETORO_WS_CLIENT: Snapshot INSM.ETORO: MarketOpen=False, AllowBuy=True
2026-05-11T10:48:40.749588522Z [INFO] eToro-MultiBot.DataClient-ETORO_WS_CLIENT: Snapshot ETH.ETORO: MarketOpen=True, AllowBuy=True
2026-05-11T10:48:40.749613335Z [INFO] eToro-MultiBot.DataClient-ETORO_WS_CLIENT: Snapshot ADA.ETORO: MarketOpen=True, AllowBuy=True
2026-05-11T10:48:40.749637197Z [INFO] eToro-MultiBot.DataClient-ETORO_WS_CLIENT: Snapshot SHIBxM.ETORO: MarketOpen=True, AllowBuy=True
2026-05-11T10:48:40.749661305Z [INFO] eToro-MultiBot.DataClient-ETORO_WS_CLIENT: Snapshot NATGAS.ETORO: MarketOpen=True, AllowBuy=True
2026-05-11T10:48:40.749687964Z [INFO] eToro-MultiBot.DataClient-ETORO_WS_CLIENT: Snapshot ONDO.ETORO: MarketOpen=True, AllowBuy=True
2026-05-11T10:48:40.749712450Z [INFO] eToro-MultiBot.DataClient-ETORO_WS_CLIENT: Snapshot PEPExM.ETORO: MarketOpen=True, AllowBuy=True
2026-05-11T10:48:40.749736144Z [INFO] eToro-MultiBot.DataClient-ETORO_WS_CLIENT: Snapshot XRP.ETORO: MarketOpen=True, AllowBuy=True
2026-05-11T10:48:40.749759845Z [INFO] eToro-MultiBot.DataClient-ETORO_WS_CLIENT: Snapshot NVDA.ETORO: MarketOpen=True, AllowBuy=True
2026-05-11T10:48:40.749783535Z [INFO] eToro-MultiBot.DataClient-ETORO_WS_CLIENT: Snapshot SOL.ETORO: MarketOpen=True, AllowBuy=True
2026-05-11T10:48:40.749807525Z [INFO] eToro-MultiBot.DataClient-ETORO_WS_CLIENT: Snapshot HYPE.ETORO: MarketOpen=True, AllowBuy=True
2026-05-11T10:48:40.749831250Z [INFO] eToro-MultiBot.DataClient-ETORO_WS_CLIENT: Snapshot FSLY.ETORO: MarketOpen=False, AllowBuy=True
2026-05-11T10:48:40.749855056Z [INFO] eToro-MultiBot.DataClient-ETORO_WS_CLIENT: Snapshot RHM.DE.ETORO: MarketOpen=True, AllowBuy=True
2026-05-11T10:48:40.749879073Z [INFO] eToro-MultiBot.DataClient-ETORO_WS_CLIENT: Snapshot AVAX.ETORO: MarketOpen=True, AllowBuy=True
2026-05-11T10:48:40.749903325Z [INFO] eToro-MultiBot.DataClient-ETORO_WS_CLIENT: Snapshot PLTR.ETORO: MarketOpen=True, AllowBuy=True
2026-05-11T10:48:53.667808478Z [INFO] eToro-MultiBot.DataClient-ETORO_WS_CLIENT: Heartbeat: 60 Ticks verarbeitet.
2026-05-11T10:48:54.688481965Z [DEBUG] eToro-MultiBot.ExecEngine: Checking in-flight orders status
2026-05-11T10:48:56.689000723Z [DEBUG] eToro-MultiBot.ExecEngine: Checking in-flight orders status
2026-05-11T10:49:00.690322753Z [DEBUG] eToro-MultiBot.ExecEngine: Checking in-flight orders status
2026-05-11T10:49:02.691486859Z [DEBUG] eToro-MultiBot.ExecEngine: Checking in-flight orders status
2026-05-11T10:49:04.692564907Z [DEBUG] eToro-MultiBot.ExecEngine: Checking in-flight orders status
2026-05-11T10:49:06.693930440Z [DEBUG] eToro-MultiBot.ExecEngine: Checking in-flight orders status
2026-05-11T10:49:08.694747323Z [DEBUG] eToro-MultiBot.ExecEngine: Checking in-flight orders status
2026-05-11T10:49:10.695351373Z [DEBUG] eToro-MultiBot.ExecEngine: Checking in-flight orders status
2026-05-11T10:49:12.137166679Z [INFO] eToro-MultiBot.DataClient-ETORO_WS_CLIENT: Heartbeat: 120 Ticks verarbeitet.
2026-05-11T10:49:12.695732712Z [DEBUG] eToro-MultiBot.ExecEngine: Checking in-flight orders status
2026-05-11T10:49:14.696060532Z [DEBUG] eToro-MultiBot.ExecEngine: Checking in-flight orders status
2026-05-11T10:49:18.696255791Z [DEBUG] eToro-MultiBot.ExecEngine: Checking in-flight orders status
2026-05-11T10:49:20.697080763Z [DEBUG] eToro-MultiBot.ExecEngine: Checking in-flight orders status
2026-05-11T10:49:22.697421433Z [DEBUG] eToro-MultiBot.ExecEngine: Checking in-flight orders status
2026-05-11T10:49:24.698387480Z [DEBUG] eToro-MultiBot.ExecEngine: Checking in-flight orders status
2026-05-11T10:49:26.699006542Z [DEBUG] eToro-MultiBot.ExecEngine: Checking in-flight orders status
2026-05-11T10:49:27.585774171Z [INFO] eToro-MultiBot.DataClient-ETORO_WS_CLIENT: Heartbeat: 180 Ticks verarbeitet.
2026-05-11T10:49:30.698884304Z [DEBUG] eToro-MultiBot.ExecEngine: Checking in-flight orders status
2026-05-11T10:49:32.699306896Z [DEBUG] eToro-MultiBot.ExecEngine: Checking in-flight orders status
2026-05-11T10:49:34.700492412Z [DEBUG] eToro-MultiBot.ExecEngine: Checking in-flight orders status
2026-05-11T10:49:36.700815327Z [DEBUG] eToro-MultiBot.ExecEngine: Checking in-flight orders status
2026-05-11T10:49:40.701219518Z [DEBUG] eToro-MultiBot.ExecEngine: Checking in-flight orders status
2026-05-11T10:49:43.182230460Z [INFO] eToro-MultiBot.DataClient-ETORO_WS_CLIENT: Heartbeat: 240 Ticks verarbeitet.
2026-05-11T10:49:44.700662017Z [DEBUG] eToro-MultiBot.ExecEngine: Checking in-flight orders status
2026-05-11T10:49:46.701259608Z [DEBUG] eToro-MultiBot.ExecEngine: Checking in-flight orders status
2026-05-11T10:49:48.701853663Z [DEBUG] eToro-MultiBot.ExecEngine: Checking in-flight orders status
2026-05-11T10:49:52.701913449Z [DEBUG] eToro-MultiBot.ExecEngine: Checking in-flight orders status
2026-05-11T10:49:54.702024629Z [DEBUG] eToro-MultiBot.ExecEngine: Checking in-flight orders status
2026-05-11T10:49:58.701744188Z [DEBUG] eToro-MultiBot.ExecEngine: Checking in-flight orders status
2026-05-11T10:49:59.622706272Z [INFO] eToro-MultiBot.DataClient-ETORO_WS_CLIENT: Heartbeat: 300 Ticks verarbeitet.
2026-05-11T10:50:00.701810545Z [DEBUG] eToro-MultiBot.ExecEngine: Checking in-flight orders status
2026-05-11T10:50:02.702416642Z [DEBUG] eToro-MultiBot.ExecEngine: Checking in-flight orders status
2026-05-11T10:50:04.703043851Z [DEBUG] eToro-MultiBot.ExecEngine: Checking in-flight orders status
2026-05-11T10:50:08.703432922Z [DEBUG] eToro-MultiBot.ExecEngine: Checking in-flight orders status
2026-05-11T10:50:09.141638399Z [INFO] eToro-MultiBot.DataClient-ETORO_WS_CLIENT: Heartbeat: 360 Ticks verarbeitet.
2026-05-11T10:50:10.704141693Z [DEBUG] eToro-MultiBot.ExecEngine: Checking in-flight orders status
2026-05-11T10:50:14.703885023Z [DEBUG] eToro-MultiBot.ExecEngine: Checking in-flight orders status
2026-05-11T10:50:16.704207671Z [DEBUG] eToro-MultiBot.ExecEngine: Checking in-flight orders status
2026-05-11T10:50:20.704033053Z [DEBUG] eToro-MultiBot.ExecEngine: Checking in-flight orders status
2026-05-11T10:50:22.704112480Z [DEBUG] eToro-MultiBot.ExecEngine: Checking in-flight orders status
2026-05-11T10:50:23.684713139Z [INFO] eToro-MultiBot.DataClient-ETORO_WS_CLIENT: Heartbeat: 420 Ticks verarbeitet.
2026-05-11T10:50:26.704166540Z [DEBUG] eToro-MultiBot.ExecEngine: Checking in-flight orders status
2026-05-11T10:50:30.703576097Z [DEBUG] eToro-MultiBot.ExecEngine: Checking in-flight orders status
2026-05-11T10:50:32.704275911Z [DEBUG] eToro-MultiBot.ExecEngine: Checking in-flight orders status
2026-05-11T10:50:34.704667075Z [DEBUG] eToro-MultiBot.ExecEngine: Checking in-flight orders status
2026-05-11T10:50:38.130633561Z [INFO] eToro-MultiBot.DataClient-ETORO_WS_CLIENT: Heartbeat: 480 Ticks verarbeitet.
2026-05-11T10:50:38.704724950Z [DEBUG] eToro-MultiBot.ExecEngine: Checking in-flight orders status
2026-05-11T10:50:40.705223739Z [DEBUG] eToro-MultiBot.ExecEngine: Checking in-flight orders status
2026-05-11T10:50:42.706000358Z [DEBUG] eToro-MultiBot.ExecEngine: Checking in-flight orders status
2026-05-11T10:50:44.706932073Z [DEBUG] eToro-MultiBot.ExecEngine: Checking in-flight orders status
2026-05-11T10:50:46.708712676Z [DEBUG] eToro-MultiBot.ExecEngine: Checking in-flight orders status
2026-05-11T10:50:48.710262461Z [DEBUG] eToro-MultiBot.ExecEngine: Checking in-flight orders status
2026-05-11T10:50:50.710422619Z [DEBUG] eToro-MultiBot.ExecEngine: Checking in-flight orders status
2026-05-11T10:50:51.653935949Z [INFO] eToro-MultiBot.DataClient-ETORO_WS_CLIENT: Heartbeat: 540 Ticks verarbeitet.
2026-05-11T10:50:52.711694031Z [DEBUG] eToro-MultiBot.ExecEngine: Checking in-flight orders status
2026-05-11T10:50:54.712133842Z [DEBUG] eToro-MultiBot.ExecEngine: Checking in-flight orders status
2026-05-11T10:50:58.712333496Z [DEBUG] eToro-MultiBot.ExecEngine: Checking in-flight orders status
2026-05-11T10:51:00.712773805Z [DEBUG] eToro-MultiBot.ExecEngine: Checking in-flight orders status
2026-05-11T10:51:02.713435569Z [DEBUG] eToro-MultiBot.ExecEngine: Checking in-flight orders status
2026-05-11T10:51:04.713790568Z [DEBUG] eToro-MultiBot.ExecEngine: Checking in-flight orders status
2026-05-11T10:51:06.175421215Z [INFO] eToro-MultiBot.DataClient-ETORO_WS_CLIENT: Heartbeat: 600 Ticks verarbeitet.
2026-05-11T10:51:06.713808315Z [DEBUG] eToro-MultiBot.ExecEngine: Checking in-flight orders status
2026-05-11T10:51:10.713718903Z [DEBUG] eToro-MultiBot.ExecEngine: Checking in-flight orders status
2026-05-11T10:51:12.714387325Z [DEBUG] eToro-MultiBot.ExecEngine: Checking in-flight orders status
2026-05-11T10:51:14.715503124Z [DEBUG] eToro-MultiBot.ExecEngine: Checking in-flight orders status
2026-05-11T10:51:16.715897379Z [DEBUG] eToro-MultiBot.ExecEngine: Checking in-flight orders status
2026-05-11T10:51:18.277304711Z [INFO] eToro-MultiBot.DataClient-ETORO_WS_CLIENT: Heartbeat: 660 Ticks verarbeitet.
2026-05-11T10:51:18.716116364Z [DEBUG] eToro-MultiBot.ExecEngine: Checking in-flight orders status
2026-05-11T10:51:22.716355438Z [DEBUG] eToro-MultiBot.ExecEngine: Checking in-flight orders status
2026-05-11T10:51:24.717119305Z [DEBUG] eToro-MultiBot.ExecEngine: Checking in-flight orders status
2026-05-11T10:51:26.717332068Z [DEBUG] eToro-MultiBot.ExecEngine: Checking in-flight orders status
2026-05-11T10:51:28.717834803Z [DEBUG] eToro-MultiBot.ExecEngine: Checking in-flight orders status
2026-05-11T10:51:30.719338159Z [DEBUG] eToro-MultiBot.ExecEngine: Checking in-flight orders status
2026-05-11T10:51:32.108694221Z [INFO] eToro-MultiBot.DataClient-ETORO_WS_CLIENT: Heartbeat: 720 Ticks verarbeitet.
2026-05-11T10:51:32.720338621Z [DEBUG] eToro-MultiBot.ExecEngine: Checking in-flight orders status
2026-05-11T10:51:34.721495053Z [DEBUG] eToro-MultiBot.ExecEngine: Checking in-flight orders status
2026-05-11T10:51:36.722205058Z [DEBUG] eToro-MultiBot.ExecEngine: Checking in-flight orders status
2026-05-11T10:51:38.723431019Z [DEBUG] eToro-MultiBot.ExecEngine: Checking in-flight orders status
2026-05-11T10:51:40.724118719Z [DEBUG] eToro-MultiBot.ExecEngine: Checking in-flight orders status
2026-05-11T10:51:42.724735117Z [DEBUG] eToro-MultiBot.ExecEngine: Checking in-flight orders status
2026-05-11T10:51:44.080582831Z [INFO] eToro-MultiBot.DataClient-ETORO_WS_CLIENT: Heartbeat: 780 Ticks verarbeitet.
2026-05-11T10:51:46.724993165Z [DEBUG] eToro-MultiBot.ExecEngine: Checking in-flight orders status
2026-05-11T10:51:50.724930759Z [DEBUG] eToro-MultiBot.ExecEngine: Checking in-flight orders status
2026-05-11T10:51:52.726008991Z [DEBUG] eToro-MultiBot.ExecEngine: Checking in-flight orders status
2026-05-11T10:51:54.726867237Z [DEBUG] eToro-MultiBot.ExecEngine: Checking in-flight orders status
2026-05-11T10:51:58.620693713Z [INFO] eToro-MultiBot.DataClient-ETORO_WS_CLIENT: Heartbeat: 840 Ticks verarbeitet.
2026-05-11T10:51:58.726811870Z [DEBUG] eToro-MultiBot.ExecEngine: Checking in-flight orders status
2026-05-11T10:52:00.726921244Z [DEBUG] eToro-MultiBot.ExecEngine: Checking in-flight orders status
2026-05-11T10:52:02.727375390Z [DEBUG] eToro-MultiBot.ExecEngine: Checking in-flight orders status
2026-05-11T10:52:04.727820724Z [DEBUG] eToro-MultiBot.ExecEngine: Checking in-flight orders status
2026-05-11T10:52:06.727907750Z [DEBUG] eToro-MultiBot.ExecEngine: Checking in-flight orders status
2026-05-11T10:52:09.094740479Z [INFO] eToro-MultiBot.DataClient-ETORO_WS_CLIENT: Heartbeat: 900 Ticks verarbeitet.
2026-05-11T10:52:10.728462648Z [DEBUG] eToro-MultiBot.ExecEngine: Checking in-flight orders status
2026-05-11T10:52:12.728720996Z [DEBUG] eToro-MultiBot.ExecEngine: Checking in-flight orders status
2026-05-11T10:52:14.729502722Z [DEBUG] eToro-MultiBot.ExecEngine: Checking in-flight orders status
2026-05-11T10:52:16.730578073Z [DEBUG] eToro-MultiBot.ExecEngine: Checking in-flight orders status
2026-05-11T10:52:18.731307611Z [DEBUG] eToro-MultiBot.ExecEngine: Checking in-flight orders status
2026-05-11T10:52:22.731820507Z [DEBUG] eToro-MultiBot.ExecEngine: Checking in-flight orders status
2026-05-11T10:52:24.732485907Z [DEBUG] eToro-MultiBot.ExecEngine: Checking in-flight orders status
2026-05-11T10:52:26.062826430Z [INFO] eToro-MultiBot.DataClient-ETORO_WS_CLIENT: Heartbeat: 960 Ticks verarbeitet.
2026-05-11T10:52:26.732755581Z [DEBUG] eToro-MultiBot.ExecEngine: Checking in-flight orders status
2026-05-11T10:52:28.732843177Z [DEBUG] eToro-MultiBot.ExecEngine: Checking in-flight orders status
2026-05-11T10:52:30.733370318Z [DEBUG] eToro-MultiBot.ExecEngine: Checking in-flight orders status
2026-05-11T10:52:32.734364167Z [DEBUG] eToro-MultiBot.ExecEngine: Checking in-flight orders status
2026-05-11T10:52:34.735298263Z [DEBUG] eToro-MultiBot.ExecEngine: Checking in-flight orders status
2026-05-11T10:52:36.735792969Z [DEBUG] eToro-MultiBot.ExecEngine: Checking in-flight orders status
2026-05-11T10:52:40.736255001Z [DEBUG] eToro-MultiBot.ExecEngine: Checking in-flight orders status
2026-05-11T10:52:42.737068076Z [DEBUG] eToro-MultiBot.ExecEngine: Checking in-flight orders status
2026-05-11T10:52:44.053888477Z [INFO] eToro-MultiBot.DataClient-ETORO_WS_CLIENT: Heartbeat: 1020 Ticks verarbeitet.
2026-05-11T10:52:44.737874795Z [DEBUG] eToro-MultiBot.ExecEngine: Checking in-flight orders status
2026-05-11T10:52:46.739463186Z [DEBUG] eToro-MultiBot.ExecEngine: Checking in-flight orders status
2026-05-11T10:52:48.739853830Z [DEBUG] eToro-MultiBot.ExecEngine: Checking in-flight orders status
2026-05-11T10:52:52.739627859Z [DEBUG] eToro-MultiBot.ExecEngine: Checking in-flight orders status
2026-05-11T10:52:54.740510236Z [DEBUG] eToro-MultiBot.ExecEngine: Checking in-flight orders status
2026-05-11T10:52:56.740652555Z [DEBUG] eToro-MultiBot.ExecEngine: Checking in-flight orders status
2026-05-11T10:52:58.740794684Z [DEBUG] eToro-MultiBot.ExecEngine: Checking in-flight orders status
2026-05-11T10:53:02.670467631Z [INFO] eToro-MultiBot.DataClient-ETORO_WS_CLIENT: Heartbeat: 1080 Ticks verarbeitet.
2026-05-11T10:53:02.740799964Z [DEBUG] eToro-MultiBot.ExecEngine: Checking in-flight orders status
2026-05-11T10:53:04.741427718Z [DEBUG] eToro-MultiBot.ExecEngine: Checking in-flight orders status
2026-05-11T10:53:06.742531486Z [DEBUG] eToro-MultiBot.ExecEngine: Checking in-flight orders status
2026-05-11T10:53:08.743049261Z [DEBUG] eToro-MultiBot.ExecEngine: Checking in-flight orders status
2026-05-11T10:53:12.743840010Z [DEBUG] eToro-MultiBot.ExecEngine: Checking in-flight orders status
2026-05-11T10:53:14.744322264Z [DEBUG] eToro-MultiBot.ExecEngine: Checking in-flight orders status
2026-05-11T10:53:16.745036636Z [DEBUG] eToro-MultiBot.ExecEngine: Checking in-flight orders status
2026-05-11T10:53:18.745607596Z [DEBUG] eToro-MultiBot.ExecEngine: Checking in-flight orders status
2026-05-11T10:53:20.746111372Z [DEBUG] eToro-MultiBot.ExecEngine: Checking in-flight orders status
2026-05-11T10:53:22.746728765Z [DEBUG] eToro-MultiBot.ExecEngine: Checking in-flight orders status
2026-05-11T10:53:23.116685092Z [INFO] eToro-MultiBot.DataClient-ETORO_WS_CLIENT: Heartbeat: 1140 Ticks verarbeitet.
2026-05-11T10:53:24.747374557Z [DEBUG] eToro-MultiBot.ExecEngine: Checking in-flight orders status
2026-05-11T10:53:26.748179853Z [DEBUG] eToro-MultiBot.ExecEngine: Checking in-flight orders status
2026-05-11T10:53:28.748391767Z [DEBUG] eToro-MultiBot.ExecEngine: Checking in-flight orders status
2026-05-11T10:53:30.748817325Z [DEBUG] eToro-MultiBot.ExecEngine: Checking in-flight orders status
2026-05-11T10:53:32.749477823Z [DEBUG] eToro-MultiBot.ExecEngine: Checking in-flight orders status
2026-05-11T10:53:34.749707733Z [DEBUG] eToro-MultiBot.ExecEngine: Checking in-flight orders status
2026-05-11T10:53:36.750532433Z [DEBUG] eToro-MultiBot.ExecEngine: Checking in-flight orders status
2026-05-11T10:53:38.752212260Z [DEBUG] eToro-MultiBot.ExecEngine: Checking in-flight orders status
2026-05-11T10:53:40.752517220Z [DEBUG] eToro-MultiBot.ExecEngine: Checking in-flight orders status
2026-05-11T10:53:42.753484907Z [DEBUG] eToro-MultiBot.ExecEngine: Checking in-flight orders status
2026-05-11T10:53:44.753923408Z [DEBUG] eToro-MultiBot.ExecEngine: Checking in-flight orders status
2026-05-11T10:53:46.137888160Z [INFO] eToro-MultiBot.DataClient-ETORO_WS_CLIENT: Heartbeat: 1200 Ticks verarbeitet.
2026-05-11T10:53:46.754352574Z [DEBUG] eToro-MultiBot.ExecEngine: Checking in-flight orders status
2026-05-11T10:53:48.755492392Z [DEBUG] eToro-MultiBot.ExecEngine: Checking in-flight orders status
2026-05-11T10:53:50.755975974Z [DEBUG] eToro-MultiBot.ExecEngine: Checking in-flight orders status
2026-05-11T10:53:54.755514707Z [DEBUG] eToro-MultiBot.ExecEngine: Checking in-flight orders status
2026-05-11T10:53:56.755533543Z [DEBUG] eToro-MultiBot.ExecEngine: Checking in-flight orders status
2026-05-11T10:53:58.755860483Z [DEBUG] eToro-MultiBot.ExecEngine: Checking in-flight orders status
2026-05-11T10:54:02.531771851Z [INFO] eToro-MultiBot.DataClient-ETORO_WS_CLIENT: Heartbeat: 1260 Ticks verarbeitet.
2026-05-11T10:54:02.755086126Z [DEBUG] eToro-MultiBot.ExecEngine: Checking in-flight orders status
2026-05-11T10:54:04.755815778Z [DEBUG] eToro-MultiBot.ExecEngine: Checking in-flight orders status
2026-05-11T10:54:06.757419843Z [DEBUG] eToro-MultiBot.ExecEngine: Checking in-flight orders status
2026-05-11T10:54:08.758143546Z [DEBUG] eToro-MultiBot.ExecEngine: Checking in-flight orders status
2026-05-11T10:54:12.758516823Z [DEBUG] eToro-MultiBot.ExecEngine: Checking in-flight orders status
2026-05-11T10:54:14.759222667Z [DEBUG] eToro-MultiBot.ExecEngine: Checking in-flight orders status
2026-05-11T10:54:16.759925953Z [DEBUG] eToro-MultiBot.ExecEngine: Checking in-flight orders status
2026-05-11T10:54:18.760325412Z [DEBUG] eToro-MultiBot.ExecEngine: Checking in-flight orders status
2026-05-11T10:54:20.760341473Z [DEBUG] eToro-MultiBot.ExecEngine: Checking in-flight orders status
2026-05-11T10:54:22.760650869Z [DEBUG] eToro-MultiBot.ExecEngine: Checking in-flight orders status
2026-05-11T10:54:23.716709230Z [INFO] eToro-MultiBot.DataClient-ETORO_WS_CLIENT: Heartbeat: 1320 Ticks verarbeitet.
2026-05-11T10:54:24.761330092Z [DEBUG] eToro-MultiBot.ExecEngine: Checking in-flight orders status
2026-05-11T10:54:26.761373921Z [DEBUG] eToro-MultiBot.ExecEngine: Checking in-flight orders status
2026-05-11T10:54:28.762459525Z [DEBUG] eToro-MultiBot.ExecEngine: Checking in-flight orders status
2026-05-11T10:54:30.763487012Z [DEBUG] eToro-MultiBot.ExecEngine: Checking in-flight orders status
2026-05-11T10:54:32.763706000Z [DEBUG] eToro-MultiBot.ExecEngine: Checking in-flight orders status
2026-05-11T10:54:34.765663351Z [DEBUG] eToro-MultiBot.ExecEngine: Checking in-flight orders status
2026-05-11T10:54:36.766416565Z [DEBUG] eToro-MultiBot.ExecEngine: Checking in-flight orders status
2026-05-11T10:54:38.767486414Z [DEBUG] eToro-MultiBot.ExecEngine: Checking in-flight orders status
2026-05-11T10:54:40.767736529Z [DEBUG] eToro-MultiBot.ExecEngine: Checking in-flight orders status
2026-05-11T10:54:41.093030703Z [INFO] eToro-MultiBot.DataClient-ETORO_WS_CLIENT: Heartbeat: 1380 Ticks verarbeitet.
2026-05-11T10:54:42.768422086Z [DEBUG] eToro-MultiBot.ExecEngine: Checking in-flight orders status
2026-05-11T10:54:44.768867507Z [DEBUG] eToro-MultiBot.ExecEngine: Checking in-flight orders status
2026-05-11T10:54:48.769478442Z [DEBUG] eToro-MultiBot.ExecEngine: Checking in-flight orders status
2026-05-11T10:54:50.769713466Z [DEBUG] eToro-MultiBot.ExecEngine: Checking in-flight orders status
2026-05-11T10:54:52.770032538Z [DEBUG] eToro-MultiBot.ExecEngine: Checking in-flight orders status
2026-05-11T10:54:54.772986395Z [DEBUG] eToro-MultiBot.ExecEngine: Checking in-flight orders status
2026-05-11T10:54:58.122086696Z [INFO] eToro-MultiBot.DataClient-ETORO_WS_CLIENT: Heartbeat: 1440 Ticks verarbeitet.
2026-05-11T10:54:58.773547984Z [DEBUG] eToro-MultiBot.ExecEngine: Checking in-flight orders status
2026-05-11T10:55:00.774082321Z [DEBUG] eToro-MultiBot.ExecEngine: Checking in-flight orders status
2026-05-11T10:55:02.774448565Z [DEBUG] eToro-MultiBot.ExecEngine: Checking in-flight orders status
2026-05-11T10:55:04.774789728Z [DEBUG] eToro-MultiBot.ExecEngine: Checking in-flight orders status
2026-05-11T10:55:06.775147014Z [DEBUG] eToro-MultiBot.ExecEngine: Checking in-flight orders status
2026-05-11T10:55:09.054543332Z [INFO] eToro-MultiBot.DataClient-ETORO_WS_CLIENT: Heartbeat: 1500 Ticks verarbeitet.
2026-05-11T10:55:10.774713801Z [DEBUG] eToro-MultiBot.ExecEngine: Checking in-flight orders status
2026-05-11T10:55:12.775354147Z [DEBUG] eToro-MultiBot.ExecEngine: Checking in-flight orders status
2026-05-11T10:55:14.776495119Z [DEBUG] eToro-MultiBot.ExecEngine: Checking in-flight orders status
2026-05-11T10:55:16.777125765Z [DEBUG] eToro-MultiBot.ExecEngine: Checking in-flight orders status
2026-05-11T10:55:18.778152088Z [DEBUG] eToro-MultiBot.ExecEngine: Checking in-flight orders status
2026-05-11T10:55:22.778394803Z [DEBUG] eToro-MultiBot.ExecEngine: Checking in-flight orders status
2026-05-11T10:55:24.779039402Z [DEBUG] eToro-MultiBot.ExecEngine: Checking in-flight orders status
2026-05-11T10:55:26.780364551Z [DEBUG] eToro-MultiBot.ExecEngine: Checking in-flight orders status
2026-05-11T10:55:27.714763366Z [INFO] eToro-MultiBot.DataClient-ETORO_WS_CLIENT: Heartbeat: 1560 Ticks verarbeitet.
2026-05-11T10:55:28.780724352Z [DEBUG] eToro-MultiBot.ExecEngine: Checking in-flight orders status
2026-05-11T10:55:30.780763441Z [DEBUG] eToro-MultiBot.ExecEngine: Checking in-flight orders status
2026-05-11T10:55:32.782325055Z [DEBUG] eToro-MultiBot.ExecEngine: Checking in-flight orders status
2026-05-11T10:55:34.782958149Z [DEBUG] eToro-MultiBot.ExecEngine: Checking in-flight orders status
2026-05-11T10:55:36.783722107Z [DEBUG] eToro-MultiBot.ExecEngine: Checking in-flight orders status
2026-05-11T10:55:38.783759449Z [DEBUG] eToro-MultiBot.ExecEngine: Checking in-flight orders status
2026-05-11T10:55:40.618917755Z [INFO] eToro-MultiBot.DataClient-ETORO_WS_CLIENT: Heartbeat: 1620 Ticks verarbeitet.
2026-05-11T10:55:40.784357753Z [DEBUG] eToro-MultiBot.ExecEngine: Checking in-flight orders status
2026-05-11T10:55:42.784572067Z [DEBUG] eToro-MultiBot.ExecEngine: Checking in-flight orders status
2026-05-11T10:55:44.784859201Z [DEBUG] eToro-MultiBot.ExecEngine: Checking in-flight orders status
2026-05-11T10:55:48.785432492Z [DEBUG] eToro-MultiBot.ExecEngine: Checking in-flight orders status
2026-05-11T10:55:50.786406675Z [DEBUG] eToro-MultiBot.ExecEngine: Checking in-flight orders status
2026-05-11T10:55:52.786921739Z [DEBUG] eToro-MultiBot.ExecEngine: Checking in-flight orders status
2026-05-11T10:55:54.788117053Z [DEBUG] eToro-MultiBot.ExecEngine: Checking in-flight orders status
2026-05-11T10:55:57.052477985Z [INFO] eToro-MultiBot.DataClient-ETORO_WS_CLIENT: Heartbeat: 1680 Ticks verarbeitet.
2026-05-11T10:55:58.787784168Z [DEBUG] eToro-MultiBot.ExecEngine: Checking in-flight orders status
2026-05-11T10:56:00.788341068Z [DEBUG] eToro-MultiBot.ExecEngine: Checking in-flight orders status
2026-05-11T10:56:02.788620702Z [DEBUG] eToro-MultiBot.ExecEngine: Checking in-flight orders status
2026-05-11T10:56:04.789531343Z [DEBUG] eToro-MultiBot.ExecEngine: Checking in-flight orders status
2026-05-11T10:56:06.790473109Z [DEBUG] eToro-MultiBot.ExecEngine: Checking in-flight orders status
2026-05-11T10:56:08.791142455Z [DEBUG] eToro-MultiBot.ExecEngine: Checking in-flight orders status
2026-05-11T10:56:10.791943080Z [DEBUG] eToro-MultiBot.ExecEngine: Checking in-flight orders status
2026-05-11T10:56:14.791984534Z [DEBUG] eToro-MultiBot.ExecEngine: Checking in-flight orders status
2026-05-11T10:56:16.203512854Z [INFO] eToro-MultiBot.DataClient-ETORO_WS_CLIENT: Heartbeat: 1740 Ticks verarbeitet.
2026-05-11T10:56:18.792404412Z [DEBUG] eToro-MultiBot.ExecEngine: Checking in-flight orders status
2026-05-11T10:56:20.792932518Z [DEBUG] eToro-MultiBot.ExecEngine: Checking in-flight orders status
2026-05-11T10:56:22.792971646Z [DEBUG] eToro-MultiBot.ExecEngine: Checking in-flight orders status
2026-05-11T10:56:26.792765979Z [DEBUG] eToro-MultiBot.ExecEngine: Checking in-flight orders status
2026-05-11T10:56:28.793612612Z [DEBUG] eToro-MultiBot.ExecEngine: Checking in-flight orders status
2026-05-11T10:56:30.794431947Z [DEBUG] eToro-MultiBot.ExecEngine: Checking in-flight orders status
2026-05-11T10:56:32.328138225Z [INFO] eToro-MultiBot.DataClient-ETORO_WS_CLIENT: Heartbeat: 1800 Ticks verarbeitet.
2026-05-11T10:56:32.795158682Z [DEBUG] eToro-MultiBot.ExecEngine: Checking in-flight orders status
2026-05-11T10:56:34.795446870Z [DEBUG] eToro-MultiBot.ExecEngine: Checking in-flight orders status
2026-05-11T10:56:38.796381806Z [DEBUG] eToro-MultiBot.ExecEngine: Checking in-flight orders status
2026-05-11T10:56:40.797357321Z [DEBUG] eToro-MultiBot.ExecEngine: Checking in-flight orders status
2026-05-11T10:56:42.797784561Z [DEBUG] eToro-MultiBot.ExecEngine: Checking in-flight orders status
2026-05-11T10:56:44.798461813Z [DEBUG] eToro-MultiBot.ExecEngine: Checking in-flight orders status
2026-05-11T10:56:46.799312592Z [DEBUG] eToro-MultiBot.ExecEngine: Checking in-flight orders status
2026-05-11T10:56:48.800135967Z [DEBUG] eToro-MultiBot.ExecEngine: Checking in-flight orders status
2026-05-11T10:56:52.115741371Z [INFO] eToro-MultiBot.DataClient-ETORO_WS_CLIENT: Heartbeat: 1860 Ticks verarbeitet.
2026-05-11T10:56:52.799863700Z [DEBUG] eToro-MultiBot.ExecEngine: Checking in-flight orders status
2026-05-11T10:56:54.799952493Z [DEBUG] eToro-MultiBot.ExecEngine: Checking in-flight orders status
2026-05-11T10:56:58.800333001Z [DEBUG] eToro-MultiBot.ExecEngine: Checking in-flight orders status
2026-05-11T10:57:00.801386301Z [DEBUG] eToro-MultiBot.ExecEngine: Checking in-flight orders status
2026-05-11T10:57:02.802168870Z [DEBUG] eToro-MultiBot.ExecEngine: Checking in-flight orders status
2026-05-11T10:57:04.803362229Z [DEBUG] eToro-MultiBot.ExecEngine: Checking in-flight orders status
2026-05-11T10:57:06.803754368Z [DEBUG] eToro-MultiBot.ExecEngine: Checking in-flight orders status
2026-05-11T10:57:08.803825402Z [DEBUG] eToro-MultiBot.ExecEngine: Checking in-flight orders status
2026-05-11T10:57:10.804894719Z [DEBUG] eToro-MultiBot.ExecEngine: Checking in-flight orders status
2026-05-11T10:57:12.805823821Z [DEBUG] eToro-MultiBot.ExecEngine: Checking in-flight orders status
2026-05-11T10:57:13.594282883Z [INFO] eToro-MultiBot.DataClient-ETORO_WS_CLIENT: Heartbeat: 1920 Ticks verarbeitet.
2026-05-11T10:57:14.806940630Z [DEBUG] eToro-MultiBot.ExecEngine: Checking in-flight orders status
2026-05-11T10:57:16.808135084Z [DEBUG] eToro-MultiBot.ExecEngine: Checking in-flight orders status
2026-05-11T10:57:18.809318088Z [DEBUG] eToro-MultiBot.ExecEngine: Checking in-flight orders status
2026-05-11T10:57:20.810423662Z [DEBUG] eToro-MultiBot.ExecEngine: Checking in-flight orders status
2026-05-11T10:57:22.811429400Z [DEBUG] eToro-MultiBot.ExecEngine: Checking in-flight orders status
2026-05-11T10:57:24.811755878Z [DEBUG] eToro-MultiBot.ExecEngine: Checking in-flight orders status
2026-05-11T10:57:28.811844489Z [DEBUG] eToro-MultiBot.ExecEngine: Checking in-flight orders status
2026-05-11T10:57:30.812310773Z [DEBUG] eToro-MultiBot.ExecEngine: Checking in-flight orders status
2026-05-11T10:57:32.813013747Z [DEBUG] eToro-MultiBot.ExecEngine: Checking in-flight orders status
2026-05-11T10:57:33.163608534Z [INFO] eToro-MultiBot.DataClient-ETORO_WS_CLIENT: Heartbeat: 1980 Ticks verarbeitet.
2026-05-11T10:57:34.813142254Z [DEBUG] eToro-MultiBot.ExecEngine: Checking in-flight orders status
2026-05-11T10:57:36.813548625Z [DEBUG] eToro-MultiBot.ExecEngine: Checking in-flight orders status
2026-05-11T10:57:38.813957737Z [DEBUG] eToro-MultiBot.ExecEngine: Checking in-flight orders status
2026-05-11T10:57:40.814543065Z [DEBUG] eToro-MultiBot.ExecEngine: Checking in-flight orders status
2026-05-11T10:57:42.815091775Z [DEBUG] eToro-MultiBot.ExecEngine: Checking in-flight orders status
2026-05-11T10:57:44.816580966Z [DEBUG] eToro-MultiBot.ExecEngine: Checking in-flight orders status
2026-05-11T10:57:46.816653145Z [DEBUG] eToro-MultiBot.ExecEngine: Checking in-flight orders status
2026-05-11T10:57:47.134090162Z [INFO] eToro-MultiBot.DataClient-ETORO_WS_CLIENT: Heartbeat: 2040 Ticks verarbeitet.
2026-05-11T10:57:48.817201388Z [DEBUG] eToro-MultiBot.ExecEngine: Checking in-flight orders status
2026-05-11T10:57:50.817451779Z [DEBUG] eToro-MultiBot.ExecEngine: Checking in-flight orders status
2026-05-11T10:57:52.818124849Z [DEBUG] eToro-MultiBot.ExecEngine: Checking in-flight orders status
2026-05-11T10:57:54.818941334Z [DEBUG] eToro-MultiBot.ExecEngine: Checking in-flight orders status
2026-05-11T10:57:56.820350453Z [DEBUG] eToro-MultiBot.ExecEngine: Checking in-flight orders status
2026-05-11T10:57:57.584592224Z [INFO] eToro-MultiBot.DataClient-ETORO_WS_CLIENT: Heartbeat: 2100 Ticks verarbeitet.
2026-05-11T10:57:58.821327519Z [DEBUG] eToro-MultiBot.ExecEngine: Checking in-flight orders status
2026-05-11T10:58:00.821744854Z [DEBUG] eToro-MultiBot.ExecEngine: Checking in-flight orders status
2026-05-11T10:58:02.821907841Z [DEBUG] eToro-MultiBot.ExecEngine: Checking in-flight orders status
2026-05-11T10:58:04.822237428Z [DEBUG] eToro-MultiBot.ExecEngine: Checking in-flight orders status
2026-05-11T10:58:06.823509622Z [DEBUG] eToro-MultiBot.ExecEngine: Checking in-flight orders status
2026-05-11T10:58:08.823976773Z [DEBUG] eToro-MultiBot.ExecEngine: Checking in-flight orders status
2026-05-11T10:58:09.573240358Z [INFO] eToro-MultiBot.DataClient-ETORO_WS_CLIENT: Heartbeat: 2160 Ticks verarbeitet.
2026-05-11T10:58:10.824251990Z [DEBUG] eToro-MultiBot.ExecEngine: Checking in-flight orders status
2026-05-11T10:58:12.825393477Z [DEBUG] eToro-MultiBot.ExecEngine: Checking in-flight orders status
2026-05-11T10:58:14.826533403Z [DEBUG] eToro-MultiBot.ExecEngine: Checking in-flight orders status
2026-05-11T10:58:16.827604824Z [DEBUG] eToro-MultiBot.ExecEngine: Checking in-flight orders status
2026-05-11T10:58:18.828155120Z [DEBUG] eToro-MultiBot.ExecEngine: Checking in-flight orders status
2026-05-11T10:58:20.828675461Z [DEBUG] eToro-MultiBot.ExecEngine: Checking in-flight orders status
2026-05-11T10:58:22.507495791Z [INFO] eToro-MultiBot.DataClient-ETORO_WS_CLIENT: Heartbeat: 2220 Ticks verarbeitet.
2026-05-11T10:58:22.829032664Z [DEBUG] eToro-MultiBot.ExecEngine: Checking in-flight orders status
2026-05-11T10:58:24.829035707Z [DEBUG] eToro-MultiBot.ExecEngine: Checking in-flight orders status
2026-05-11T10:58:26.829922841Z [DEBUG] eToro-MultiBot.ExecEngine: Checking in-flight orders status
2026-05-11T10:58:28.830385037Z [DEBUG] eToro-MultiBot.ExecEngine: Checking in-flight orders status
2026-05-11T10:58:32.830795347Z [DEBUG] eToro-MultiBot.ExecEngine: Checking in-flight orders status
2026-05-11T10:58:34.832130927Z [DEBUG] eToro-MultiBot.ExecEngine: Checking in-flight orders status
2026-05-11T10:58:35.532361277Z [INFO] eToro-MultiBot.DataClient-ETORO_WS_CLIENT: Heartbeat: 2280 Ticks verarbeitet.
2026-05-11T10:58:38.833351497Z [DEBUG] eToro-MultiBot.ExecEngine: Checking in-flight orders status
2026-05-11T10:58:40.834307991Z [DEBUG] eToro-MultiBot.ExecEngine: Checking in-flight orders status
2026-05-11T10:58:42.835517159Z [DEBUG] eToro-MultiBot.ExecEngine: Checking in-flight orders status
2026-05-11T10:58:44.835978717Z [DEBUG] eToro-MultiBot.ExecEngine: Checking in-flight orders status
2026-05-11T10:58:45.505701794Z [INFO] eToro-MultiBot.DataClient-ETORO_WS_CLIENT: Heartbeat: 2340 Ticks verarbeitet.
2026-05-11T10:58:48.835815943Z [DEBUG] eToro-MultiBot.ExecEngine: Checking in-flight orders status
2026-05-11T10:58:50.836331212Z [DEBUG] eToro-MultiBot.ExecEngine: Checking in-flight orders status
2026-05-11T10:58:52.837152557Z [DEBUG] eToro-MultiBot.ExecEngine: Checking in-flight orders status
2026-05-11T10:58:54.837159695Z [DEBUG] eToro-MultiBot.ExecEngine: Checking in-flight orders status
2026-05-11T10:58:56.837364923Z [DEBUG] eToro-MultiBot.ExecEngine: Checking in-flight orders status
2026-05-11T10:58:58.838029761Z [DEBUG] eToro-MultiBot.ExecEngine: Checking in-flight orders status
2026-05-11T10:59:00.129205407Z [INFO] eToro-MultiBot.DataClient-ETORO_WS_CLIENT: Heartbeat: 2400 Ticks verarbeitet.
2026-05-11T10:59:00.839115575Z [DEBUG] eToro-MultiBot.ExecEngine: Checking in-flight orders status
2026-05-11T10:59:02.839210380Z [DEBUG] eToro-MultiBot.ExecEngine: Checking in-flight orders status
2026-05-11T10:59:04.839877626Z [DEBUG] eToro-MultiBot.ExecEngine: Checking in-flight orders status
2026-05-11T10:59:06.840023455Z [DEBUG] eToro-MultiBot.ExecEngine: Checking in-flight orders status
2026-05-11T10:59:08.841177280Z [DEBUG] eToro-MultiBot.ExecEngine: Checking in-flight orders status
2026-05-11T10:59:10.841375325Z [DEBUG] eToro-MultiBot.ExecEngine: Checking in-flight orders status
2026-05-11T10:59:12.841769390Z [DEBUG] eToro-MultiBot.ExecEngine: Checking in-flight orders status
2026-05-11T10:59:14.124439242Z [INFO] eToro-MultiBot.DataClient-ETORO_WS_CLIENT: Heartbeat: 2460 Ticks verarbeitet.
2026-05-11T10:59:14.842377806Z [DEBUG] eToro-MultiBot.ExecEngine: Checking in-flight orders status
2026-05-11T10:59:16.842794074Z [DEBUG] eToro-MultiBot.ExecEngine: Checking in-flight orders status
2026-05-11T10:59:18.843207777Z [DEBUG] eToro-MultiBot.ExecEngine: Checking in-flight orders status
2026-05-11T10:59:22.842893565Z [DEBUG] eToro-MultiBot.ExecEngine: Checking in-flight orders status
2026-05-11T10:59:24.843328281Z [DEBUG] eToro-MultiBot.ExecEngine: Checking in-flight orders status
2026-05-11T10:59:26.843740821Z [DEBUG] eToro-MultiBot.ExecEngine: Checking in-flight orders status
2026-05-11T10:59:28.844668245Z [DEBUG] eToro-MultiBot.ExecEngine: Checking in-flight orders status
2026-05-11T10:59:30.091689209Z [INFO] eToro-MultiBot.DataClient-ETORO_WS_CLIENT: Heartbeat: 2520 Ticks verarbeitet.
2026-05-11T10:59:30.844882510Z [DEBUG] eToro-MultiBot.ExecEngine: Checking in-flight orders status
2026-05-11T10:59:32.845398032Z [DEBUG] eToro-MultiBot.ExecEngine: Checking in-flight orders status
2026-05-11T10:59:34.845915092Z [DEBUG] eToro-MultiBot.ExecEngine: Checking in-flight orders status
2026-05-11T10:59:36.846634057Z [DEBUG] eToro-MultiBot.ExecEngine: Checking in-flight orders status
2026-05-11T10:59:38.847537658Z [DEBUG] eToro-MultiBot.ExecEngine: Checking in-flight orders status
2026-05-11T10:59:40.848366586Z [DEBUG] eToro-MultiBot.ExecEngine: Checking in-flight orders status
2026-05-11T10:59:42.849259390Z [DEBUG] eToro-MultiBot.ExecEngine: Checking in-flight orders status
2026-05-11T10:59:44.837550873Z [INFO] eToro-MultiBot.DataClient-ETORO_WS_CLIENT: Heartbeat: 2580 Ticks verarbeitet.
2026-05-11T10:59:44.849890644Z [DEBUG] eToro-MultiBot.ExecEngine: Checking in-flight orders status
2026-05-11T10:59:46.850441116Z [DEBUG] eToro-MultiBot.ExecEngine: Checking in-flight orders status
2026-05-11T10:59:48.850612669Z [DEBUG] eToro-MultiBot.ExecEngine: Checking in-flight orders status
2026-05-11T10:59:50.851428587Z [DEBUG] eToro-MultiBot.ExecEngine: Checking in-flight orders status
2026-05-11T10:59:52.851474619Z [DEBUG] eToro-MultiBot.ExecEngine: Checking in-flight orders status
2026-05-11T10:59:54.852098586Z [DEBUG] eToro-MultiBot.ExecEngine: Checking in-flight orders status
2026-05-11T10:59:56.050510923Z [INFO] eToro-MultiBot.DataClient-ETORO_WS_CLIENT: Heartbeat: 2640 Ticks verarbeitet.
