2026-06-04 22:02:34,432 | INFO     | orchestrator | ╔════════════════════════════════════════════════════════════╗
2026-06-04 22:02:34,432 | INFO     | orchestrator | ║  eToro Nautilus — Daily Orchestrator v2.0                  ║
2026-06-04 22:02:34,432 | INFO     | orchestrator | ║  Start: 2026-06-04T20:02:34.432913+00:00                    ║
2026-06-04 22:02:34,432 | INFO     | orchestrator | ║  DRY-RUN: NEIN                                                 ║
2026-06-04 22:02:34,433 | INFO     | orchestrator | ║  Standalone: Kein adapters/-Import                        ║
2026-06-04 22:02:34,433 | INFO     | orchestrator | ╚════════════════════════════════════════════════════════════╝
2026-06-04 22:02:34,433 | INFO     | orchestrator | [JSON_EVENT] {"event_type": "ORCHESTRATOR_START", "timestamp_utc": "2026-06-04T20:02:34.433093+00:00", "dry_run": false, "skip_api_fetch": false, "version": "2.0", "python": "3.12.3 (main, Mar 23 2026, 19:04:32) [GCC 13.3.0]"}
2026-06-04 22:02:34,467 | INFO     | orchestrator | ════════════════════════════════════════════════════════════
2026-06-04 22:02:34,467 | INFO     | orchestrator | PHASE 1: Universe & Mapping
2026-06-04 22:02:34,496 | INFO     | orchestrator | ════════════════════════════════════════════════════════════
2026-06-04 22:02:34,497 | INFO     | orchestrator | [Phase 1] Universe-Alter: 0.0h — frisch genug.
2026-06-04 22:02:34,498 | INFO     | orchestrator | [Phase 1] 106 eindeutige Instrumente im Universum.
2026-06-04 22:02:34,498 | INFO     | orchestrator | [JSON_EVENT] {"event_type": "PHASE1_COMPLETE", "timestamp_utc": "2026-06-04T20:02:34.498819+00:00", "universe_size": 106, "unmapped_count": 0}
2026-06-04 22:02:34,498 | INFO     | orchestrator | ════════════════════════════════════════════════════════════
2026-06-04 22:02:34,498 | INFO     | orchestrator | PHASE 2: Datenbeschaffung (Multi-ZIP, Merge, API-Backfill)
2026-06-04 22:02:34,498 | INFO     | orchestrator | ════════════════════════════════════════════════════════════
2026-06-04 22:02:34,499 | INFO     | orchestrator | [Phase 2a] Keine ZIP-Dateien in data/import/ gefunden.
2026-06-04 22:02:34,499 | INFO     | api_backfiller | [api_backfiller] Universe geladen: 106 Instrumente.
2026-06-04 22:02:34,499 | INFO     | orchestrator | [Phase 2c] API-Backfill für 106 Symbole …
2026-06-04 22:02:34,499 | DEBUG    | asyncio | Using selector: EpollSelector
2026-06-04 22:02:34,500 | INFO     | api_backfiller | [api_backfiller] Starte Backfill: 2026-05-28 → 2026-06-04 | 106 Instrumente
2026-06-04 22:02:34,500 | INFO     | api_backfiller | [api_backfiller] Lade Instrument-Precisions via eToro API …
2026-06-04 22:02:34,623 | DEBUG    | api_backfiller | [api_backfiller] Raw API response (first 500 chars): {'instrumentDisplayDatas': [{'instrumentID': 1012, 'instrumentDisplayName': 'Caterpillar', 'instrumentTypeID': 5, 'exchangeID': 5, 'images': [{'instrumentID': 1012, 'width': 50.0, 'height': 50.0, 'uri': 'https://etoro-cdn.etorostatic.com/market-avatars/cat/50x50.png'}, {'instrumentID': 1012, 'width': 150.0, 'height': 150.0, 'uri': 'https://etoro-cdn.etorostatic.com/market-avatars/cat/150x150.png'}, {'instrumentID': 1012, 'width': 35.0, 'height': 35.0, 'uri': 'https://etoro-cdn.etorostatic.com/ma
2026-06-04 22:02:34,623 | ERROR    | api_backfiller | [api_backfiller] Fehlende/Ungültige Precision für ID 1012 (CAT) aus API. Überspringe Instrument, um blindes (2,2) Fallback zu verhindern.
2026-06-04 22:02:34,623 | ERROR    | api_backfiller | [api_backfiller] Fehlende/Ungültige Precision für ID 1102 (PBR) aus API. Überspringe Instrument, um blindes (2,2) Fallback zu verhindern.
2026-06-04 22:02:34,623 | ERROR    | api_backfiller | [api_backfiller] Fehlende/Ungültige Precision für ID 1115 (NOK) aus API. Überspringe Instrument, um blindes (2,2) Fallback zu verhindern.
2026-06-04 22:02:34,623 | ERROR    | api_backfiller | [api_backfiller] Fehlende/Ungültige Precision für ID 1129 (WDC) aus API. Überspringe Instrument, um blindes (2,2) Fallback zu verhindern.
2026-06-04 22:02:34,623 | ERROR    | api_backfiller | [api_backfiller] Fehlende/Ungültige Precision für ID 1130 (MU) aus API. Überspringe Instrument, um blindes (2,2) Fallback zu verhindern.
2026-06-04 22:02:34,624 | ERROR    | api_backfiller | [api_backfiller] Fehlende/Ungültige Precision für ID 1138 (FDX) aus API. Überspringe Instrument, um blindes (2,2) Fallback zu verhindern.
2026-06-04 22:02:34,624 | ERROR    | api_backfiller | [api_backfiller] Fehlende/Ungültige Precision für ID 1184 (PINS) aus API. Überspringe Instrument, um blindes (2,2) Fallback zu verhindern.
2026-06-04 22:02:34,624 | ERROR    | api_backfiller | [api_backfiller] Fehlende/Ungültige Precision für ID 1341 (GEV) aus API. Überspringe Instrument, um blindes (2,2) Fallback zu verhindern.
2026-06-04 22:02:34,624 | ERROR    | api_backfiller | [api_backfiller] Fehlende/Ungültige Precision für ID 1484 (PYPL) aus API. Überspringe Instrument, um blindes (2,2) Fallback zu verhindern.
2026-06-04 22:02:34,624 | ERROR    | api_backfiller | [api_backfiller] Fehlende/Ungültige Precision für ID 1585 (GIS) aus API. Überspringe Instrument, um blindes (2,2) Fallback zu verhindern.
2026-06-04 22:02:34,624 | ERROR    | api_backfiller | [api_backfiller] Fehlende/Ungültige Precision für ID 1586 (CAG) aus API. Überspringe Instrument, um blindes (2,2) Fallback zu verhindern.
2026-06-04 22:02:34,624 | ERROR    | api_backfiller | [api_backfiller] Fehlende/Ungültige Precision für ID 1687 (GLW) aus API. Überspringe Instrument, um blindes (2,2) Fallback zu verhindern.
2026-06-04 22:02:34,624 | ERROR    | api_backfiller | [api_backfiller] Fehlende/Ungültige Precision für ID 1706 (AMAT) aus API. Überspringe Instrument, um blindes (2,2) Fallback zu verhindern.
2026-06-04 22:02:34,624 | ERROR    | api_backfiller | [api_backfiller] Fehlende/Ungültige Precision für ID 1832 (AMD) aus API. Überspringe Instrument, um blindes (2,2) Fallback zu verhindern.
2026-06-04 22:02:34,624 | ERROR    | api_backfiller | [api_backfiller] Fehlende/Ungültige Precision für ID 1865 (FISV) aus API. Überspringe Instrument, um blindes (2,2) Fallback zu verhindern.
2026-06-04 22:02:34,624 | ERROR    | api_backfiller | [api_backfiller] Fehlende/Ungültige Precision für ID 1905 (MTZ) aus API. Überspringe Instrument, um blindes (2,2) Fallback zu verhindern.
2026-06-04 22:02:34,624 | ERROR    | api_backfiller | [api_backfiller] Fehlende/Ungültige Precision für ID 1906 (LRCX) aus API. Überspringe Instrument, um blindes (2,2) Fallback zu verhindern.
2026-06-04 22:02:34,624 | ERROR    | api_backfiller | [api_backfiller] Fehlende/Ungültige Precision für ID 1914 (INTU) aus API. Überspringe Instrument, um blindes (2,2) Fallback zu verhindern.
2026-06-04 22:02:34,624 | ERROR    | api_backfiller | [api_backfiller] Fehlende/Ungültige Precision für ID 1945 (CMG) aus API. Überspringe Instrument, um blindes (2,2) Fallback zu verhindern.
2026-06-04 22:02:34,624 | ERROR    | api_backfiller | [api_backfiller] Fehlende/Ungültige Precision für ID 4067 (GSAT) aus API. Überspringe Instrument, um blindes (2,2) Fallback zu verhindern.
2026-06-04 22:02:34,624 | ERROR    | api_backfiller | [api_backfiller] Fehlende/Ungültige Precision für ID 4260 (NOW) aus API. Überspringe Instrument, um blindes (2,2) Fallback zu verhindern.
2026-06-04 22:02:34,624 | ERROR    | api_backfiller | [api_backfiller] Fehlende/Ungültige Precision für ID 4263 (WDAY) aus API. Überspringe Instrument, um blindes (2,2) Fallback zu verhindern.
2026-06-04 22:02:34,624 | ERROR    | api_backfiller | [api_backfiller] Fehlende/Ungültige Precision für ID 4309 (LULU) aus API. Überspringe Instrument, um blindes (2,2) Fallback zu verhindern.
2026-06-04 22:02:34,624 | ERROR    | api_backfiller | [api_backfiller] Fehlende/Ungültige Precision für ID 4356 (STX.US) aus API. Überspringe Instrument, um blindes (2,2) Fallback zu verhindern.
2026-06-04 22:02:34,624 | ERROR    | api_backfiller | [api_backfiller] Fehlende/Ungültige Precision für ID 4358 (MRVL) aus API. Überspringe Instrument, um blindes (2,2) Fallback zu verhindern.
2026-06-04 22:02:34,624 | ERROR    | api_backfiller | [api_backfiller] Fehlende/Ungültige Precision für ID 4399 (TTD) aus API. Überspringe Instrument, um blindes (2,2) Fallback zu verhindern.
2026-06-04 22:02:34,624 | ERROR    | api_backfiller | [api_backfiller] Fehlende/Ungültige Precision für ID 4421 (CIEN) aus API. Überspringe Instrument, um blindes (2,2) Fallback zu verhindern.
2026-06-04 22:02:34,624 | ERROR    | api_backfiller | [api_backfiller] Fehlende/Ungültige Precision für ID 4482 (TME) aus API. Überspringe Instrument, um blindes (2,2) Fallback zu verhindern.
2026-06-04 22:02:34,624 | ERROR    | api_backfiller | [api_backfiller] Fehlende/Ungültige Precision für ID 5491 (ASX) aus API. Überspringe Instrument, um blindes (2,2) Fallback zu verhindern.
2026-06-04 22:02:34,624 | ERROR    | api_backfiller | [api_backfiller] Fehlende/Ungültige Precision für ID 5657 (SMTC) aus API. Überspringe Instrument, um blindes (2,2) Fallback zu verhindern.
2026-06-04 22:02:34,624 | ERROR    | api_backfiller | [api_backfiller] Fehlende/Ungültige Precision für ID 5960 (SE) aus API. Überspringe Instrument, um blindes (2,2) Fallback zu verhindern.
2026-06-04 22:02:34,624 | ERROR    | api_backfiller | [api_backfiller] Fehlende/Ungültige Precision für ID 5967 (CPRT) aus API. Überspringe Instrument, um blindes (2,2) Fallback zu verhindern.
2026-06-04 22:02:34,625 | ERROR    | api_backfiller | [api_backfiller] Fehlende/Ungültige Precision für ID 6071 (AXON) aus API. Überspringe Instrument, um blindes (2,2) Fallback zu verhindern.
2026-06-04 22:02:34,625 | ERROR    | api_backfiller | [api_backfiller] Fehlende/Ungültige Precision für ID 6094 (COHR) aus API. Überspringe Instrument, um blindes (2,2) Fallback zu verhindern.
2026-06-04 22:02:34,625 | ERROR    | api_backfiller | [api_backfiller] Fehlende/Ungültige Precision für ID 6434 (GOOGL) aus API. Überspringe Instrument, um blindes (2,2) Fallback zu verhindern.
2026-06-04 22:02:34,625 | ERROR    | api_backfiller | [api_backfiller] Fehlende/Ungültige Precision für ID 6473 (MSTR) aus API. Überspringe Instrument, um blindes (2,2) Fallback zu verhindern.
2026-06-04 22:02:34,625 | ERROR    | api_backfiller | [api_backfiller] Fehlende/Ungültige Precision für ID 6549 (TER) aus API. Überspringe Instrument, um blindes (2,2) Fallback zu verhindern.
2026-06-04 22:02:34,625 | ERROR    | api_backfiller | [api_backfiller] Fehlende/Ungültige Precision für ID 6681 (ELF) aus API. Überspringe Instrument, um blindes (2,2) Fallback zu verhindern.
2026-06-04 22:02:34,625 | ERROR    | api_backfiller | [api_backfiller] Fehlende/Ungültige Precision für ID 6705 (FRO) aus API. Überspringe Instrument, um blindes (2,2) Fallback zu verhindern.
2026-06-04 22:02:34,625 | ERROR    | api_backfiller | [api_backfiller] Fehlende/Ungültige Precision für ID 6844 (NVO) aus API. Überspringe Instrument, um blindes (2,2) Fallback zu verhindern.
2026-06-04 22:02:34,625 | ERROR    | api_backfiller | [api_backfiller] Fehlende/Ungültige Precision für ID 6940 (SQM) aus API. Überspringe Instrument, um blindes (2,2) Fallback zu verhindern.
2026-06-04 22:02:34,625 | ERROR    | api_backfiller | [api_backfiller] Fehlende/Ungültige Precision für ID 7852 (AMKR) aus API. Überspringe Instrument, um blindes (2,2) Fallback zu verhindern.
2026-06-04 22:02:34,625 | ERROR    | api_backfiller | [api_backfiller] Fehlende/Ungültige Precision für ID 7930 (LQDA) aus API. Überspringe Instrument, um blindes (2,2) Fallback zu verhindern.
2026-06-04 22:02:34,625 | ERROR    | api_backfiller | [api_backfiller] Fehlende/Ungültige Precision für ID 8604 (KD) aus API. Überspringe Instrument, um blindes (2,2) Fallback zu verhindern.
2026-06-04 22:02:34,625 | ERROR    | api_backfiller | [api_backfiller] Fehlende/Ungültige Precision für ID 8637 (DUOL) aus API. Überspringe Instrument, um blindes (2,2) Fallback zu verhindern.
2026-06-04 22:02:34,625 | ERROR    | api_backfiller | [api_backfiller] Fehlende/Ungültige Precision für ID 8867 (VRT) aus API. Überspringe Instrument, um blindes (2,2) Fallback zu verhindern.
2026-06-04 22:02:34,625 | ERROR    | api_backfiller | [api_backfiller] Fehlende/Ungültige Precision für ID 9271 (MNDY) aus API. Überspringe Instrument, um blindes (2,2) Fallback zu verhindern.
2026-06-04 22:02:34,625 | ERROR    | api_backfiller | [api_backfiller] Fehlende/Ungültige Precision für ID 9814 (POWL) aus API. Überspringe Instrument, um blindes (2,2) Fallback zu verhindern.
2026-06-04 22:02:34,625 | ERROR    | api_backfiller | [api_backfiller] Fehlende/Ungültige Precision für ID 10476 (SEI.US) aus API. Überspringe Instrument, um blindes (2,2) Fallback zu verhindern.
2026-06-04 22:02:34,625 | ERROR    | api_backfiller | [api_backfiller] Fehlende/Ungültige Precision für ID 14310 (NTSK) aus API. Überspringe Instrument, um blindes (2,2) Fallback zu verhindern.
2026-06-04 22:02:35,207 | DEBUG    | api_backfiller | [api_backfiller] Raw API response (first 500 chars): {'instrumentDisplayDatas': [{'instrumentID': 22, 'instrumentDisplayName': 'Natural Gas (Non Expiry)', 'instrumentTypeID': 2, 'exchangeID': 2, 'images': [{'instrumentID': 22, 'width': 35.0, 'height': 35.0, 'uri': 'https://etoro-cdn.etorostatic.com/market-avatars/natgas/35x35.png'}, {'instrumentID': 22, 'width': 80.0, 'height': 80.0}, {'instrumentID': 22, 'width': 50.0, 'height': 50.0, 'uri': 'https://etoro-cdn.etorostatic.com/market-avatars/natgas/50x50.png'}, {'instrumentID': 22, 'width': 150.0,
2026-06-04 22:02:35,208 | DEBUG    | api_backfiller | [api_backfiller] ID 22: price_precision via historischem Fallback=5
2026-06-04 22:02:35,208 | DEBUG    | api_backfiller | [api_backfiller] ID 22: size_precision via historischem Fallback=5
2026-06-04 22:02:35,208 | DEBUG    | api_backfiller | [api_backfiller] ID 22 (NATGAS): price_prec=5, size_prec=5
2026-06-04 22:02:35,208 | DEBUG    | api_backfiller | [api_backfiller] ID 42: price_precision via historischem Fallback=5
2026-06-04 22:02:35,208 | DEBUG    | api_backfiller | [api_backfiller] ID 42: size_precision via historischem Fallback=5
2026-06-04 22:02:35,208 | DEBUG    | api_backfiller | [api_backfiller] ID 42 (USDZAR): price_prec=5, size_prec=5
2026-06-04 22:02:35,208 | DEBUG    | api_backfiller | [api_backfiller] ID 62: price_precision via historischem Fallback=5
2026-06-04 22:02:35,208 | DEBUG    | api_backfiller | [api_backfiller] ID 62: size_precision via historischem Fallback=5
2026-06-04 22:02:35,208 | DEBUG    | api_backfiller | [api_backfiller] ID 62 (USDTRY): price_prec=5, size_prec=5
2026-06-04 22:02:35,208 | ERROR    | api_backfiller | [api_backfiller] Fehlende/Ungültige Precision für ID 1002 (GOOG) aus API. Überspringe Instrument, um blindes (2,2) Fallback zu verhindern.
2026-06-04 22:02:35,208 | ERROR    | api_backfiller | [api_backfiller] Fehlende/Ungültige Precision für ID 1022 (JNJ) aus API. Überspringe Instrument, um blindes (2,2) Fallback zu verhindern.
2026-06-04 22:02:35,208 | ERROR    | api_backfiller | [api_backfiller] Fehlende/Ungültige Precision für ID 1111 (TSLA) aus API. Überspringe Instrument, um blindes (2,2) Fallback zu verhindern.
2026-06-04 22:02:35,208 | ERROR    | api_backfiller | [api_backfiller] Fehlende/Ungültige Precision für ID 1126 (ADBE) aus API. Überspringe Instrument, um blindes (2,2) Fallback zu verhindern.
2026-06-04 22:02:35,208 | ERROR    | api_backfiller | [api_backfiller] Fehlende/Ungültige Precision für ID 1137 (NVDA) aus API. Überspringe Instrument, um blindes (2,2) Fallback zu verhindern.
2026-06-04 22:02:35,208 | ERROR    | api_backfiller | [api_backfiller] Fehlende/Ungültige Precision für ID 1160 (WIX) aus API. Überspringe Instrument, um blindes (2,2) Fallback zu verhindern.
2026-06-04 22:02:35,208 | ERROR    | api_backfiller | [api_backfiller] Fehlende/Ungültige Precision für ID 1402 (ROP.ZU) aus API. Überspringe Instrument, um blindes (2,2) Fallback zu verhindern.
2026-06-04 22:02:35,208 | ERROR    | api_backfiller | [api_backfiller] Fehlende/Ungültige Precision für ID 1450 (ACN) aus API. Überspringe Instrument, um blindes (2,2) Fallback zu verhindern.
2026-06-04 22:02:35,208 | ERROR    | api_backfiller | [api_backfiller] Fehlende/Ungültige Precision für ID 1497 (VLO) aus API. Überspringe Instrument, um blindes (2,2) Fallback zu verhindern.
2026-06-04 22:02:35,208 | ERROR    | api_backfiller | [api_backfiller] Fehlende/Ungültige Precision für ID 1531 (HAL) aus API. Überspringe Instrument, um blindes (2,2) Fallback zu verhindern.
2026-06-04 22:02:35,208 | ERROR    | api_backfiller | [api_backfiller] Fehlende/Ungültige Precision für ID 1552 (ABT.US) aus API. Überspringe Instrument, um blindes (2,2) Fallback zu verhindern.
2026-06-04 22:02:35,208 | ERROR    | api_backfiller | [api_backfiller] Fehlende/Ungültige Precision für ID 1704 (CHTR) aus API. Überspringe Instrument, um blindes (2,2) Fallback zu verhindern.
2026-06-04 22:02:35,208 | ERROR    | api_backfiller | [api_backfiller] Fehlende/Ungültige Precision für ID 1839 (CRM) aus API. Überspringe Instrument, um blindes (2,2) Fallback zu verhindern.
2026-06-04 22:02:35,208 | ERROR    | api_backfiller | [api_backfiller] Fehlende/Ungültige Precision für ID 1979 (SNAP) aus API. Überspringe Instrument, um blindes (2,2) Fallback zu verhindern.
2026-06-04 22:02:35,208 | ERROR    | api_backfiller | [api_backfiller] Fehlende/Ungültige Precision für ID 2380 (01211.HK) aus API. Überspringe Instrument, um blindes (2,2) Fallback zu verhindern.
2026-06-04 22:02:35,208 | ERROR    | api_backfiller | [api_backfiller] Fehlende/Ungültige Precision für ID 2587 (RHM.DE) aus API. Überspringe Instrument, um blindes (2,2) Fallback zu verhindern.
2026-06-04 22:02:35,209 | DEBUG    | api_backfiller | [api_backfiller] ID 3208: price_precision via historischem Fallback=5
2026-06-04 22:02:35,209 | DEBUG    | api_backfiller | [api_backfiller] ID 3208: size_precision via historischem Fallback=5
2026-06-04 22:02:35,209 | DEBUG    | api_backfiller | [api_backfiller] ID 3208 (PALL): price_prec=5, size_prec=5
2026-06-04 22:02:35,209 | ERROR    | api_backfiller | [api_backfiller] Fehlende/Ungültige Precision für ID 4074 (HUBS) aus API. Überspringe Instrument, um blindes (2,2) Fallback zu verhindern.
2026-06-04 22:02:35,209 | ERROR    | api_backfiller | [api_backfiller] Fehlende/Ungültige Precision für ID 4087 (JAZZ) aus API. Überspringe Instrument, um blindes (2,2) Fallback zu verhindern.
2026-06-04 22:02:35,209 | ERROR    | api_backfiller | [api_backfiller] Fehlende/Ungültige Precision für ID 4194 (ZTS) aus API. Überspringe Instrument, um blindes (2,2) Fallback zu verhindern.
2026-06-04 22:02:35,209 | ERROR    | api_backfiller | [api_backfiller] Fehlende/Ungültige Precision für ID 4232 (NVS) aus API. Überspringe Instrument, um blindes (2,2) Fallback zu verhindern.
2026-06-04 22:02:35,209 | ERROR    | api_backfiller | [api_backfiller] Fehlende/Ungültige Precision für ID 4272 (CCL) aus API. Überspringe Instrument, um blindes (2,2) Fallback zu verhindern.
2026-06-04 22:02:35,209 | ERROR    | api_backfiller | [api_backfiller] Fehlende/Ungültige Precision für ID 4286 (TEAM) aus API. Überspringe Instrument, um blindes (2,2) Fallback zu verhindern.
2026-06-04 22:02:35,209 | ERROR    | api_backfiller | [api_backfiller] Fehlende/Ungültige Precision für ID 4398 (DOCU) aus API. Überspringe Instrument, um blindes (2,2) Fallback zu verhindern.
2026-06-04 22:02:35,209 | ERROR    | api_backfiller | [api_backfiller] Fehlende/Ungültige Precision für ID 4403 (ZS) aus API. Überspringe Instrument, um blindes (2,2) Fallback zu verhindern.
2026-06-04 22:02:35,209 | ERROR    | api_backfiller | [api_backfiller] Fehlende/Ungültige Precision für ID 5045 (FSLY) aus API. Überspringe Instrument, um blindes (2,2) Fallback zu verhindern.
2026-06-04 22:02:35,209 | ERROR    | api_backfiller | [api_backfiller] Fehlende/Ungültige Precision für ID 5635 (EEFT) aus API. Überspringe Instrument, um blindes (2,2) Fallback zu verhindern.
2026-06-04 22:02:35,209 | ERROR    | api_backfiller | [api_backfiller] Fehlende/Ungültige Precision für ID 6270 (RIOT) aus API. Überspringe Instrument, um blindes (2,2) Fallback zu verhindern.
2026-06-04 22:02:35,209 | ERROR    | api_backfiller | [api_backfiller] Fehlende/Ungültige Precision für ID 6552 (TSEM) aus API. Überspringe Instrument, um blindes (2,2) Fallback zu verhindern.
2026-06-04 22:02:35,209 | ERROR    | api_backfiller | [api_backfiller] Fehlende/Ungültige Precision für ID 6584 (AG) aus API. Überspringe Instrument, um blindes (2,2) Fallback zu verhindern.
2026-06-04 22:02:35,209 | ERROR    | api_backfiller | [api_backfiller] Fehlende/Ungültige Precision für ID 6700 (XPEV) aus API. Überspringe Instrument, um blindes (2,2) Fallback zu verhindern.
2026-06-04 22:02:35,209 | ERROR    | api_backfiller | [api_backfiller] Fehlende/Ungültige Precision für ID 7991 (PLTR) aus API. Überspringe Instrument, um blindes (2,2) Fallback zu verhindern.
2026-06-04 22:02:35,209 | ERROR    | api_backfiller | [api_backfiller] Fehlende/Ungültige Precision für ID 8585 (GTLB) aus API. Überspringe Instrument, um blindes (2,2) Fallback zu verhindern.
2026-06-04 22:02:35,209 | ERROR    | api_backfiller | [api_backfiller] Fehlende/Ungültige Precision für ID 8611 (WBD) aus API. Überspringe Instrument, um blindes (2,2) Fallback zu verhindern.
2026-06-04 22:02:35,209 | ERROR    | api_backfiller | [api_backfiller] Fehlende/Ungültige Precision für ID 8638 (E) aus API. Überspringe Instrument, um blindes (2,2) Fallback zu verhindern.
2026-06-04 22:02:35,209 | ERROR    | api_backfiller | [api_backfiller] Fehlende/Ungültige Precision für ID 8671 (HUT) aus API. Überspringe Instrument, um blindes (2,2) Fallback zu verhindern.
2026-06-04 22:02:35,209 | ERROR    | api_backfiller | [api_backfiller] Fehlende/Ungültige Precision für ID 9077 (FICO) aus API. Überspringe Instrument, um blindes (2,2) Fallback zu verhindern.
2026-06-04 22:02:35,209 | ERROR    | api_backfiller | [api_backfiller] Fehlende/Ungültige Precision für ID 9119 (INSM) aus API. Überspringe Instrument, um blindes (2,2) Fallback zu verhindern.
2026-06-04 22:02:35,209 | ERROR    | api_backfiller | [api_backfiller] Fehlende/Ungültige Precision für ID 9517 (INSW) aus API. Überspringe Instrument, um blindes (2,2) Fallback zu verhindern.
2026-06-04 22:02:35,209 | ERROR    | api_backfiller | [api_backfiller] Fehlende/Ungültige Precision für ID 9803 (TTMI) aus API. Überspringe Instrument, um blindes (2,2) Fallback zu verhindern.
2026-06-04 22:02:35,209 | ERROR    | api_backfiller | [api_backfiller] Fehlende/Ungültige Precision für ID 15233 (ESLT) aus API. Überspringe Instrument, um blindes (2,2) Fallback zu verhindern.
2026-06-04 22:02:35,209 | DEBUG    | api_backfiller | [api_backfiller] ID 100000: price_precision via historischem Fallback=2
2026-06-04 22:02:35,209 | DEBUG    | api_backfiller | [api_backfiller] ID 100000: size_precision via historischem Fallback=8
2026-06-04 22:02:35,210 | DEBUG    | api_backfiller | [api_backfiller] ID 100000 (BTC): price_prec=2, size_prec=8
2026-06-04 22:02:35,210 | DEBUG    | api_backfiller | [api_backfiller] ID 100001: price_precision via historischem Fallback=2
2026-06-04 22:02:35,210 | DEBUG    | api_backfiller | [api_backfiller] ID 100001: size_precision via historischem Fallback=8
2026-06-04 22:02:35,210 | DEBUG    | api_backfiller | [api_backfiller] ID 100001 (ETH): price_prec=2, size_prec=8
2026-06-04 22:02:35,210 | DEBUG    | api_backfiller | [api_backfiller] ID 100003: price_precision via historischem Fallback=2
2026-06-04 22:02:35,210 | DEBUG    | api_backfiller | [api_backfiller] ID 100003: size_precision via historischem Fallback=8
2026-06-04 22:02:35,210 | DEBUG    | api_backfiller | [api_backfiller] ID 100003 (XRP): price_prec=2, size_prec=8
2026-06-04 22:02:35,210 | DEBUG    | api_backfiller | [api_backfiller] ID 100017: price_precision via historischem Fallback=2
2026-06-04 22:02:35,210 | DEBUG    | api_backfiller | [api_backfiller] ID 100017: size_precision via historischem Fallback=8
2026-06-04 22:02:35,210 | DEBUG    | api_backfiller | [api_backfiller] ID 100017 (ADA): price_prec=2, size_prec=8
2026-06-04 22:02:35,210 | DEBUG    | api_backfiller | [api_backfiller] ID 100043: price_precision via historischem Fallback=2
2026-06-04 22:02:35,210 | DEBUG    | api_backfiller | [api_backfiller] ID 100043: size_precision via historischem Fallback=8
2026-06-04 22:02:35,210 | DEBUG    | api_backfiller | [api_backfiller] ID 100043 (DOGE): price_prec=2, size_prec=8
2026-06-04 22:02:35,210 | DEBUG    | api_backfiller | [api_backfiller] ID 100063: price_precision via historischem Fallback=2
2026-06-04 22:02:35,210 | DEBUG    | api_backfiller | [api_backfiller] ID 100063: size_precision via historischem Fallback=8
2026-06-04 22:02:35,210 | DEBUG    | api_backfiller | [api_backfiller] ID 100063 (SOL): price_prec=2, size_prec=8
2026-06-04 22:02:35,771 | DEBUG    | api_backfiller | [api_backfiller] Raw API response (first 500 chars): {'instrumentDisplayDatas': [{'instrumentID': 100080, 'instrumentDisplayName': 'Shiba (in millions)', 'instrumentTypeID': 10, 'exchangeID': 8, 'images': [{'instrumentID': 100080, 'width': 35.0, 'height': 35.0, 'uri': 'https://etoro-cdn.etorostatic.com/market-avatars/100080/35x35.png'}, {'instrumentID': 100080, 'width': 50.0, 'height': 50.0, 'uri': 'https://etoro-cdn.etorostatic.com/market-avatars/100080/50x50.png'}, {'instrumentID': 100080, 'width': 150.0, 'height': 150.0, 'uri': 'https://etoro-c
2026-06-04 22:02:35,772 | DEBUG    | api_backfiller | [api_backfiller] ID 100080: price_precision via historischem Fallback=8
2026-06-04 22:02:35,772 | DEBUG    | api_backfiller | [api_backfiller] ID 100080: size_precision via historischem Fallback=8
2026-06-04 22:02:35,772 | DEBUG    | api_backfiller | [api_backfiller] ID 100080 (SHIBxM): price_prec=8, size_prec=8
2026-06-04 22:02:35,772 | DEBUG    | api_backfiller | [api_backfiller] ID 100085: price_precision via historischem Fallback=2
2026-06-04 22:02:35,772 | DEBUG    | api_backfiller | [api_backfiller] ID 100085: size_precision via historischem Fallback=8
2026-06-04 22:02:35,772 | DEBUG    | api_backfiller | [api_backfiller] ID 100085 (AVAX): price_prec=2, size_prec=8
2026-06-04 22:02:35,772 | DEBUG    | api_backfiller | [api_backfiller] ID 100303: price_precision via historischem Fallback=8
2026-06-04 22:02:35,772 | DEBUG    | api_backfiller | [api_backfiller] ID 100303: size_precision via historischem Fallback=8
2026-06-04 22:02:35,772 | DEBUG    | api_backfiller | [api_backfiller] ID 100303 (PEPExM): price_prec=8, size_prec=8
2026-06-04 22:02:35,772 | DEBUG    | api_backfiller | [api_backfiller] ID 100323: price_precision via historischem Fallback=2
2026-06-04 22:02:35,772 | DEBUG    | api_backfiller | [api_backfiller] ID 100323: size_precision via historischem Fallback=8
2026-06-04 22:02:35,772 | DEBUG    | api_backfiller | [api_backfiller] ID 100323 (ONDO): price_prec=2, size_prec=8
2026-06-04 22:02:35,772 | DEBUG    | api_backfiller | [api_backfiller] ID 100421: price_precision via historischem Fallback=2
2026-06-04 22:02:35,772 | DEBUG    | api_backfiller | [api_backfiller] ID 100421: size_precision via historischem Fallback=8
2026-06-04 22:02:35,772 | DEBUG    | api_backfiller | [api_backfiller] ID 100421 (AERO): price_prec=2, size_prec=8
2026-06-04 22:02:35,772 | DEBUG    | api_backfiller | [api_backfiller] ID 100446: price_precision via historischem Fallback=2
2026-06-04 22:02:35,772 | DEBUG    | api_backfiller | [api_backfiller] ID 100446: size_precision via historischem Fallback=8
2026-06-04 22:02:35,772 | DEBUG    | api_backfiller | [api_backfiller] ID 100446 (HYPE): price_prec=2, size_prec=8
2026-06-04 22:02:36,273 | WARNING  | api_backfiller | [api_backfiller] Precision-API lieferte nur 0/106 Instrumente.
2026-06-04 22:02:36,273 | INFO     | api_backfiller | [api_backfiller] Precisions via API: 16/106 Instrumente.
2026-06-04 22:02:36,427 | DEBUG    | api_backfiller | [api_backfiller] 01211.HK.ETORO: Precision-Fallback price_prec=2, size_prec=2
2026-06-04 22:02:36,505 | INFO     | api_backfiller | [api_backfiller] 01211.HK.ETORO: 30 Candles konvertiert (price_prec=2, size_prec=2).
2026-06-04 22:02:36,510 | DEBUG    | api_backfiller | [api_backfiller] 01211.HK.ETORO: 1264→1234 Zeilen (-30 Duplikate)
2026-06-04 22:02:36,512 | INFO     | api_backfiller | [api_backfiller] 01211.HK.ETORO: 1234 Zeilen gespeichert (price_prec=2, size_prec=2) → data.parquet
2026-06-04 22:02:37,618 | DEBUG    | api_backfiller | [api_backfiller] ABT.US.ETORO: Precision-Fallback price_prec=2, size_prec=2
2026-06-04 22:02:37,695 | INFO     | api_backfiller | [api_backfiller] ABT.US.ETORO: 116 Candles konvertiert (price_prec=2, size_prec=2).
2026-06-04 22:02:37,697 | DEBUG    | api_backfiller | [api_backfiller] ABT.US.ETORO: 1317→1202 Zeilen (-115 Duplikate)
2026-06-04 22:02:37,699 | INFO     | api_backfiller | [api_backfiller] ABT.US.ETORO: 1202 Zeilen gespeichert (price_prec=2, size_prec=2) → data.parquet
2026-06-04 22:02:38,804 | DEBUG    | api_backfiller | [api_backfiller] ACN.ETORO: Precision-Fallback price_prec=2, size_prec=2
2026-06-04 22:02:38,879 | INFO     | api_backfiller | [api_backfiller] ACN.ETORO: 116 Candles konvertiert (price_prec=2, size_prec=2).
2026-06-04 22:02:38,883 | DEBUG    | api_backfiller | [api_backfiller] ACN.ETORO: 1408→1293 Zeilen (-115 Duplikate)
2026-06-04 22:02:38,885 | INFO     | api_backfiller | [api_backfiller] ACN.ETORO: 1293 Zeilen gespeichert (price_prec=2, size_prec=2) → data.parquet
2026-06-04 22:02:40,069 | INFO     | api_backfiller | [api_backfiller] ADA.ETORO: 168 Candles konvertiert (price_prec=2, size_prec=8).
2026-06-04 22:02:40,073 | DEBUG    | api_backfiller | [api_backfiller] ADA.ETORO: 1488→1321 Zeilen (-167 Duplikate)
2026-06-04 22:02:40,075 | INFO     | api_backfiller | [api_backfiller] ADA.ETORO: 1321 Zeilen gespeichert (price_prec=2, size_prec=8) → data.parquet
2026-06-04 22:02:41,181 | DEBUG    | api_backfiller | [api_backfiller] ADBE.ETORO: Precision-Fallback price_prec=2, size_prec=2
2026-06-04 22:02:41,262 | INFO     | api_backfiller | [api_backfiller] ADBE.ETORO: 116 Candles konvertiert (price_prec=2, size_prec=2).
2026-06-04 22:02:41,267 | DEBUG    | api_backfiller | [api_backfiller] ADBE.ETORO: 1408→1293 Zeilen (-115 Duplikate)
2026-06-04 22:02:41,269 | INFO     | api_backfiller | [api_backfiller] ADBE.ETORO: 1293 Zeilen gespeichert (price_prec=2, size_prec=2) → data.parquet
2026-06-04 22:02:42,457 | INFO     | api_backfiller | [api_backfiller] AERO.ETORO: 168 Candles konvertiert (price_prec=2, size_prec=8).
2026-06-04 22:02:42,461 | DEBUG    | api_backfiller | [api_backfiller] AERO.ETORO: 1487→1320 Zeilen (-167 Duplikate)
2026-06-04 22:02:42,462 | INFO     | api_backfiller | [api_backfiller] AERO.ETORO: 1320 Zeilen gespeichert (price_prec=2, size_prec=8) → data.parquet
2026-06-04 22:02:43,567 | DEBUG    | api_backfiller | [api_backfiller] AG.ETORO: Precision-Fallback price_prec=2, size_prec=2
2026-06-04 22:02:43,650 | INFO     | api_backfiller | [api_backfiller] AG.ETORO: 35 Candles konvertiert (price_prec=2, size_prec=2).
2026-06-04 22:02:43,654 | DEBUG    | api_backfiller | [api_backfiller] AG.ETORO: 1301→1266 Zeilen (-35 Duplikate)
2026-06-04 22:02:43,655 | INFO     | api_backfiller | [api_backfiller] AG.ETORO: 1266 Zeilen gespeichert (price_prec=2, size_prec=2) → data.parquet
2026-06-04 22:02:44,759 | DEBUG    | api_backfiller | [api_backfiller] AMAT.ETORO: Precision-Fallback price_prec=2, size_prec=2
2026-06-04 22:02:44,836 | INFO     | api_backfiller | [api_backfiller] AMAT.ETORO: 116 Candles konvertiert (price_prec=2, size_prec=2).
2026-06-04 22:02:44,840 | DEBUG    | api_backfiller | [api_backfiller] AMAT.ETORO: 1317→1202 Zeilen (-115 Duplikate)
2026-06-04 22:02:44,841 | INFO     | api_backfiller | [api_backfiller] AMAT.ETORO: 1202 Zeilen gespeichert (price_prec=2, size_prec=2) → data.parquet
2026-06-04 22:02:45,945 | DEBUG    | api_backfiller | [api_backfiller] AMD.ETORO: Precision-Fallback price_prec=2, size_prec=2
2026-06-04 22:02:46,020 | INFO     | api_backfiller | [api_backfiller] AMD.ETORO: 116 Candles konvertiert (price_prec=2, size_prec=2).
2026-06-04 22:02:46,023 | DEBUG    | api_backfiller | [api_backfiller] AMD.ETORO: 1317→1202 Zeilen (-115 Duplikate)
2026-06-04 22:02:46,025 | INFO     | api_backfiller | [api_backfiller] AMD.ETORO: 1202 Zeilen gespeichert (price_prec=2, size_prec=2) → data.parquet
2026-06-04 22:02:47,129 | DEBUG    | api_backfiller | [api_backfiller] AMKR.ETORO: Precision-Fallback price_prec=2, size_prec=2
2026-06-04 22:02:47,208 | INFO     | api_backfiller | [api_backfiller] AMKR.ETORO: 35 Candles konvertiert (price_prec=2, size_prec=2).
2026-06-04 22:02:47,211 | DEBUG    | api_backfiller | [api_backfiller] AMKR.ETORO: 1272→1237 Zeilen (-35 Duplikate)
2026-06-04 22:02:47,213 | INFO     | api_backfiller | [api_backfiller] AMKR.ETORO: 1237 Zeilen gespeichert (price_prec=2, size_prec=2) → data.parquet
2026-06-04 22:02:48,318 | DEBUG    | api_backfiller | [api_backfiller] ASX.ETORO: Precision-Fallback price_prec=2, size_prec=2
2026-06-04 22:02:48,396 | INFO     | api_backfiller | [api_backfiller] ASX.ETORO: 35 Candles konvertiert (price_prec=2, size_prec=2).
2026-06-04 22:02:48,399 | DEBUG    | api_backfiller | [api_backfiller] ASX.ETORO: 1272→1237 Zeilen (-35 Duplikate)
2026-06-04 22:02:48,401 | INFO     | api_backfiller | [api_backfiller] ASX.ETORO: 1237 Zeilen gespeichert (price_prec=2, size_prec=2) → data.parquet
2026-06-04 22:02:49,588 | INFO     | api_backfiller | [api_backfiller] AVAX.ETORO: 168 Candles konvertiert (price_prec=2, size_prec=8).
2026-06-04 22:02:49,591 | DEBUG    | api_backfiller | [api_backfiller] AVAX.ETORO: 1487→1320 Zeilen (-167 Duplikate)
2026-06-04 22:02:49,592 | INFO     | api_backfiller | [api_backfiller] AVAX.ETORO: 1320 Zeilen gespeichert (price_prec=2, size_prec=8) → data.parquet
2026-06-04 22:02:50,696 | DEBUG    | api_backfiller | [api_backfiller] AXON.ETORO: Precision-Fallback price_prec=2, size_prec=2
2026-06-04 22:02:50,771 | INFO     | api_backfiller | [api_backfiller] AXON.ETORO: 116 Candles konvertiert (price_prec=2, size_prec=2).
2026-06-04 22:02:50,774 | DEBUG    | api_backfiller | [api_backfiller] AXON.ETORO: 1318→1203 Zeilen (-115 Duplikate)
2026-06-04 22:02:50,775 | INFO     | api_backfiller | [api_backfiller] AXON.ETORO: 1203 Zeilen gespeichert (price_prec=2, size_prec=2) → data.parquet
2026-06-04 22:02:51,958 | INFO     | api_backfiller | [api_backfiller] BTC.ETORO: 168 Candles konvertiert (price_prec=2, size_prec=8).
2026-06-04 22:02:51,962 | DEBUG    | api_backfiller | [api_backfiller] BTC.ETORO: 1488→1321 Zeilen (-167 Duplikate)
2026-06-04 22:02:51,963 | INFO     | api_backfiller | [api_backfiller] BTC.ETORO: 1321 Zeilen gespeichert (price_prec=2, size_prec=8) → data.parquet
2026-06-04 22:02:53,067 | DEBUG    | api_backfiller | [api_backfiller] CAG.ETORO: Precision-Fallback price_prec=2, size_prec=2
2026-06-04 22:02:53,168 | INFO     | api_backfiller | [api_backfiller] CAG.ETORO: 112 Candles konvertiert (price_prec=2, size_prec=2).
2026-06-04 22:02:53,171 | DEBUG    | api_backfiller | [api_backfiller] CAG.ETORO: 1313→1202 Zeilen (-111 Duplikate)
2026-06-04 22:02:53,172 | INFO     | api_backfiller | [api_backfiller] CAG.ETORO: 1202 Zeilen gespeichert (price_prec=2, size_prec=2) → data.parquet
2026-06-04 22:02:54,277 | DEBUG    | api_backfiller | [api_backfiller] CAT.ETORO: Precision-Fallback price_prec=2, size_prec=2
2026-06-04 22:02:54,350 | INFO     | api_backfiller | [api_backfiller] CAT.ETORO: 116 Candles konvertiert (price_prec=2, size_prec=2).
2026-06-04 22:02:54,353 | DEBUG    | api_backfiller | [api_backfiller] CAT.ETORO: 1408→1293 Zeilen (-115 Duplikate)
2026-06-04 22:02:54,354 | INFO     | api_backfiller | [api_backfiller] CAT.ETORO: 1293 Zeilen gespeichert (price_prec=2, size_prec=2) → data.parquet
2026-06-04 22:02:55,458 | DEBUG    | api_backfiller | [api_backfiller] CCL.ETORO: Precision-Fallback price_prec=2, size_prec=2
2026-06-04 22:02:55,558 | INFO     | api_backfiller | [api_backfiller] CCL.ETORO: 116 Candles konvertiert (price_prec=2, size_prec=2).
2026-06-04 22:02:55,561 | DEBUG    | api_backfiller | [api_backfiller] CCL.ETORO: 1317→1202 Zeilen (-115 Duplikate)
2026-06-04 22:02:55,562 | INFO     | api_backfiller | [api_backfiller] CCL.ETORO: 1202 Zeilen gespeichert (price_prec=2, size_prec=2) → data.parquet
2026-06-04 22:02:56,666 | DEBUG    | api_backfiller | [api_backfiller] CHTR.ETORO: Precision-Fallback price_prec=2, size_prec=2
2026-06-04 22:02:56,756 | INFO     | api_backfiller | [api_backfiller] CHTR.ETORO: 110 Candles konvertiert (price_prec=2, size_prec=2).
2026-06-04 22:02:56,759 | DEBUG    | api_backfiller | [api_backfiller] CHTR.ETORO: 1400→1291 Zeilen (-109 Duplikate)
2026-06-04 22:02:56,760 | INFO     | api_backfiller | [api_backfiller] CHTR.ETORO: 1291 Zeilen gespeichert (price_prec=2, size_prec=2) → data.parquet
2026-06-04 22:02:57,862 | DEBUG    | api_backfiller | [api_backfiller] CIEN.ETORO: Precision-Fallback price_prec=2, size_prec=2
2026-06-04 22:02:57,939 | INFO     | api_backfiller | [api_backfiller] CIEN.ETORO: 35 Candles konvertiert (price_prec=2, size_prec=2).
2026-06-04 22:02:57,941 | DEBUG    | api_backfiller | [api_backfiller] CIEN.ETORO: 1301→1266 Zeilen (-35 Duplikate)
2026-06-04 22:02:57,942 | INFO     | api_backfiller | [api_backfiller] CIEN.ETORO: 1266 Zeilen gespeichert (price_prec=2, size_prec=2) → data.parquet
2026-06-04 22:02:59,046 | DEBUG    | api_backfiller | [api_backfiller] CMG.ETORO: Precision-Fallback price_prec=2, size_prec=2
2026-06-04 22:02:59,125 | INFO     | api_backfiller | [api_backfiller] CMG.ETORO: 116 Candles konvertiert (price_prec=2, size_prec=2).
2026-06-04 22:02:59,128 | DEBUG    | api_backfiller | [api_backfiller] CMG.ETORO: 1407→1292 Zeilen (-115 Duplikate)
2026-06-04 22:02:59,130 | INFO     | api_backfiller | [api_backfiller] CMG.ETORO: 1292 Zeilen gespeichert (price_prec=2, size_prec=2) → data.parquet
2026-06-04 22:03:00,234 | DEBUG    | api_backfiller | [api_backfiller] COHR.ETORO: Precision-Fallback price_prec=2, size_prec=2
2026-06-04 22:03:00,307 | INFO     | api_backfiller | [api_backfiller] COHR.ETORO: 35 Candles konvertiert (price_prec=2, size_prec=2).
2026-06-04 22:03:00,311 | DEBUG    | api_backfiller | [api_backfiller] COHR.ETORO: 1301→1266 Zeilen (-35 Duplikate)
2026-06-04 22:03:00,312 | INFO     | api_backfiller | [api_backfiller] COHR.ETORO: 1266 Zeilen gespeichert (price_prec=2, size_prec=2) → data.parquet
2026-06-04 22:03:01,415 | DEBUG    | api_backfiller | [api_backfiller] CPRT.ETORO: Precision-Fallback price_prec=2, size_prec=2
2026-06-04 22:03:01,487 | INFO     | api_backfiller | [api_backfiller] CPRT.ETORO: 114 Candles konvertiert (price_prec=2, size_prec=2).
2026-06-04 22:03:01,490 | DEBUG    | api_backfiller | [api_backfiller] CPRT.ETORO: 1404→1291 Zeilen (-113 Duplikate)
2026-06-04 22:03:01,491 | INFO     | api_backfiller | [api_backfiller] CPRT.ETORO: 1291 Zeilen gespeichert (price_prec=2, size_prec=2) → data.parquet
2026-06-04 22:03:02,596 | DEBUG    | api_backfiller | [api_backfiller] CRM.ETORO: Precision-Fallback price_prec=2, size_prec=2
2026-06-04 22:03:02,686 | INFO     | api_backfiller | [api_backfiller] CRM.ETORO: 116 Candles konvertiert (price_prec=2, size_prec=2).
2026-06-04 22:03:02,690 | DEBUG    | api_backfiller | [api_backfiller] CRM.ETORO: 1408→1293 Zeilen (-115 Duplikate)
2026-06-04 22:03:02,691 | INFO     | api_backfiller | [api_backfiller] CRM.ETORO: 1293 Zeilen gespeichert (price_prec=2, size_prec=2) → data.parquet
2026-06-04 22:03:03,794 | DEBUG    | api_backfiller | [api_backfiller] DOCU.ETORO: Precision-Fallback price_prec=2, size_prec=2
2026-06-04 22:03:03,929 | INFO     | api_backfiller | [api_backfiller] DOCU.ETORO: 35 Candles konvertiert (price_prec=2, size_prec=2).
2026-06-04 22:03:03,932 | DEBUG    | api_backfiller | [api_backfiller] DOCU.ETORO: 1301→1266 Zeilen (-35 Duplikate)
2026-06-04 22:03:03,934 | INFO     | api_backfiller | [api_backfiller] DOCU.ETORO: 1266 Zeilen gespeichert (price_prec=2, size_prec=2) → data.parquet
2026-06-04 22:03:05,116 | INFO     | api_backfiller | [api_backfiller] DOGE.ETORO: 168 Candles konvertiert (price_prec=2, size_prec=8).
2026-06-04 22:03:05,119 | DEBUG    | api_backfiller | [api_backfiller] DOGE.ETORO: 1487→1320 Zeilen (-167 Duplikate)
2026-06-04 22:03:05,120 | INFO     | api_backfiller | [api_backfiller] DOGE.ETORO: 1320 Zeilen gespeichert (price_prec=2, size_prec=8) → data.parquet
2026-06-04 22:03:06,224 | DEBUG    | api_backfiller | [api_backfiller] DUOL.ETORO: Precision-Fallback price_prec=2, size_prec=2
2026-06-04 22:03:06,307 | INFO     | api_backfiller | [api_backfiller] DUOL.ETORO: 116 Candles konvertiert (price_prec=2, size_prec=2).
2026-06-04 22:03:06,311 | DEBUG    | api_backfiller | [api_backfiller] DUOL.ETORO: 1409→1294 Zeilen (-115 Duplikate)
2026-06-04 22:03:06,312 | INFO     | api_backfiller | [api_backfiller] DUOL.ETORO: 1294 Zeilen gespeichert (price_prec=2, size_prec=2) → data.parquet
2026-06-04 22:03:07,416 | DEBUG    | api_backfiller | [api_backfiller] E.ETORO: Precision-Fallback price_prec=2, size_prec=2
2026-06-04 22:03:07,502 | INFO     | api_backfiller | [api_backfiller] E.ETORO: 35 Candles konvertiert (price_prec=2, size_prec=2).
2026-06-04 22:03:07,505 | DEBUG    | api_backfiller | [api_backfiller] E.ETORO: 1301→1266 Zeilen (-35 Duplikate)
2026-06-04 22:03:07,506 | INFO     | api_backfiller | [api_backfiller] E.ETORO: 1266 Zeilen gespeichert (price_prec=2, size_prec=2) → data.parquet
2026-06-04 22:03:08,608 | DEBUG    | api_backfiller | [api_backfiller] EEFT.ETORO: Precision-Fallback price_prec=2, size_prec=2
2026-06-04 22:03:08,688 | INFO     | api_backfiller | [api_backfiller] EEFT.ETORO: 35 Candles konvertiert (price_prec=2, size_prec=2).
2026-06-04 22:03:08,690 | DEBUG    | api_backfiller | [api_backfiller] EEFT.ETORO: 1293→1266 Zeilen (-27 Duplikate)
2026-06-04 22:03:08,691 | INFO     | api_backfiller | [api_backfiller] EEFT.ETORO: 1266 Zeilen gespeichert (price_prec=2, size_prec=2) → data.parquet
2026-06-04 22:03:09,794 | DEBUG    | api_backfiller | [api_backfiller] ELF.ETORO: Precision-Fallback price_prec=2, size_prec=2
2026-06-04 22:03:09,892 | INFO     | api_backfiller | [api_backfiller] ELF.ETORO: 35 Candles konvertiert (price_prec=2, size_prec=2).
2026-06-04 22:03:09,894 | DEBUG    | api_backfiller | [api_backfiller] ELF.ETORO: 1272→1237 Zeilen (-35 Duplikate)
2026-06-04 22:03:09,895 | INFO     | api_backfiller | [api_backfiller] ELF.ETORO: 1237 Zeilen gespeichert (price_prec=2, size_prec=2) → data.parquet
2026-06-04 22:03:10,998 | DEBUG    | api_backfiller | [api_backfiller] ESLT.ETORO: Precision-Fallback price_prec=2, size_prec=2
2026-06-04 22:03:11,077 | INFO     | api_backfiller | [api_backfiller] ESLT.ETORO: 35 Candles konvertiert (price_prec=2, size_prec=2).
2026-06-04 22:03:11,079 | DEBUG    | api_backfiller | [api_backfiller] ESLT.ETORO: 1087→1052 Zeilen (-35 Duplikate)
2026-06-04 22:03:11,080 | INFO     | api_backfiller | [api_backfiller] ESLT.ETORO: 1052 Zeilen gespeichert (price_prec=2, size_prec=2) → data.parquet
2026-06-04 22:03:12,267 | INFO     | api_backfiller | [api_backfiller] ETH.ETORO: 168 Candles konvertiert (price_prec=2, size_prec=8).
2026-06-04 22:03:12,269 | DEBUG    | api_backfiller | [api_backfiller] ETH.ETORO: 1487→1320 Zeilen (-167 Duplikate)
2026-06-04 22:03:12,270 | INFO     | api_backfiller | [api_backfiller] ETH.ETORO: 1320 Zeilen gespeichert (price_prec=2, size_prec=8) → data.parquet
2026-06-04 22:03:13,372 | DEBUG    | api_backfiller | [api_backfiller] FDX.ETORO: Precision-Fallback price_prec=2, size_prec=2
2026-06-04 22:03:13,457 | INFO     | api_backfiller | [api_backfiller] FDX.ETORO: 104 Candles konvertiert (price_prec=2, size_prec=2).
2026-06-04 22:03:13,461 | DEBUG    | api_backfiller | [api_backfiller] FDX.ETORO: 1305→1202 Zeilen (-103 Duplikate)
2026-06-04 22:03:13,462 | INFO     | api_backfiller | [api_backfiller] FDX.ETORO: 1202 Zeilen gespeichert (price_prec=2, size_prec=2) → data.parquet
2026-06-04 22:03:14,565 | DEBUG    | api_backfiller | [api_backfiller] FICO.ETORO: Precision-Fallback price_prec=2, size_prec=2
2026-06-04 22:03:14,652 | INFO     | api_backfiller | [api_backfiller] FICO.ETORO: 102 Candles konvertiert (price_prec=2, size_prec=2).
2026-06-04 22:03:14,654 | DEBUG    | api_backfiller | [api_backfiller] FICO.ETORO: 1357→1279 Zeilen (-78 Duplikate)
2026-06-04 22:03:14,655 | INFO     | api_backfiller | [api_backfiller] FICO.ETORO: 1279 Zeilen gespeichert (price_prec=2, size_prec=2) → data.parquet
2026-06-04 22:03:15,759 | DEBUG    | api_backfiller | [api_backfiller] FISV.ETORO: Precision-Fallback price_prec=2, size_prec=2
2026-06-04 22:03:15,843 | INFO     | api_backfiller | [api_backfiller] FISV.ETORO: 115 Candles konvertiert (price_prec=2, size_prec=2).
2026-06-04 22:03:15,846 | DEBUG    | api_backfiller | [api_backfiller] FISV.ETORO: 1381→1292 Zeilen (-89 Duplikate)
2026-06-04 22:03:15,847 | INFO     | api_backfiller | [api_backfiller] FISV.ETORO: 1292 Zeilen gespeichert (price_prec=2, size_prec=2) → data.parquet
2026-06-04 22:03:16,949 | DEBUG    | api_backfiller | [api_backfiller] FRO.ETORO: Precision-Fallback price_prec=2, size_prec=2
2026-06-04 22:03:17,074 | INFO     | api_backfiller | [api_backfiller] FRO.ETORO: 35 Candles konvertiert (price_prec=2, size_prec=2).
2026-06-04 22:03:17,076 | DEBUG    | api_backfiller | [api_backfiller] FRO.ETORO: 1272→1237 Zeilen (-35 Duplikate)
2026-06-04 22:03:17,077 | INFO     | api_backfiller | [api_backfiller] FRO.ETORO: 1237 Zeilen gespeichert (price_prec=2, size_prec=2) → data.parquet
2026-06-04 22:03:18,180 | DEBUG    | api_backfiller | [api_backfiller] FSLY.ETORO: Precision-Fallback price_prec=2, size_prec=2
2026-06-04 22:03:18,266 | INFO     | api_backfiller | [api_backfiller] FSLY.ETORO: 35 Candles konvertiert (price_prec=2, size_prec=2).
2026-06-04 22:03:18,269 | DEBUG    | api_backfiller | [api_backfiller] FSLY.ETORO: 1272→1237 Zeilen (-35 Duplikate)
2026-06-04 22:03:18,269 | INFO     | api_backfiller | [api_backfiller] FSLY.ETORO: 1237 Zeilen gespeichert (price_prec=2, size_prec=2) → data.parquet
2026-06-04 22:03:19,372 | DEBUG    | api_backfiller | [api_backfiller] GEV.ETORO: Precision-Fallback price_prec=2, size_prec=2
2026-06-04 22:03:19,481 | INFO     | api_backfiller | [api_backfiller] GEV.ETORO: 116 Candles konvertiert (price_prec=2, size_prec=2).
2026-06-04 22:03:19,484 | DEBUG    | api_backfiller | [api_backfiller] GEV.ETORO: 1317→1202 Zeilen (-115 Duplikate)
2026-06-04 22:03:19,485 | INFO     | api_backfiller | [api_backfiller] GEV.ETORO: 1202 Zeilen gespeichert (price_prec=2, size_prec=2) → data.parquet
2026-06-04 22:03:20,588 | DEBUG    | api_backfiller | [api_backfiller] GIS.ETORO: Precision-Fallback price_prec=2, size_prec=2
2026-06-04 22:03:20,678 | INFO     | api_backfiller | [api_backfiller] GIS.ETORO: 115 Candles konvertiert (price_prec=2, size_prec=2).
2026-06-04 22:03:20,680 | DEBUG    | api_backfiller | [api_backfiller] GIS.ETORO: 1316→1202 Zeilen (-114 Duplikate)
2026-06-04 22:03:20,681 | INFO     | api_backfiller | [api_backfiller] GIS.ETORO: 1202 Zeilen gespeichert (price_prec=2, size_prec=2) → data.parquet
2026-06-04 22:03:21,783 | DEBUG    | api_backfiller | [api_backfiller] GLW.ETORO: Precision-Fallback price_prec=2, size_prec=2
2026-06-04 22:03:21,867 | INFO     | api_backfiller | [api_backfiller] GLW.ETORO: 116 Candles konvertiert (price_prec=2, size_prec=2).
2026-06-04 22:03:21,870 | DEBUG    | api_backfiller | [api_backfiller] GLW.ETORO: 1383→1293 Zeilen (-90 Duplikate)
2026-06-04 22:03:21,871 | INFO     | api_backfiller | [api_backfiller] GLW.ETORO: 1293 Zeilen gespeichert (price_prec=2, size_prec=2) → data.parquet
2026-06-04 22:03:22,973 | DEBUG    | api_backfiller | [api_backfiller] GOOG.ETORO: Precision-Fallback price_prec=2, size_prec=2
2026-06-04 22:03:23,061 | INFO     | api_backfiller | [api_backfiller] GOOG.ETORO: 116 Candles konvertiert (price_prec=2, size_prec=2).
2026-06-04 22:03:23,063 | DEBUG    | api_backfiller | [api_backfiller] GOOG.ETORO: 1317→1202 Zeilen (-115 Duplikate)
2026-06-04 22:03:23,064 | INFO     | api_backfiller | [api_backfiller] GOOG.ETORO: 1202 Zeilen gespeichert (price_prec=2, size_prec=2) → data.parquet
2026-06-04 22:03:24,168 | DEBUG    | api_backfiller | [api_backfiller] GOOGL.ETORO: Precision-Fallback price_prec=2, size_prec=2
2026-06-04 22:03:24,260 | INFO     | api_backfiller | [api_backfiller] GOOGL.ETORO: 116 Candles konvertiert (price_prec=2, size_prec=2).
2026-06-04 22:03:24,262 | DEBUG    | api_backfiller | [api_backfiller] GOOGL.ETORO: 1383→1293 Zeilen (-90 Duplikate)
2026-06-04 22:03:24,263 | INFO     | api_backfiller | [api_backfiller] GOOGL.ETORO: 1293 Zeilen gespeichert (price_prec=2, size_prec=2) → data.parquet
2026-06-04 22:03:25,366 | DEBUG    | api_backfiller | [api_backfiller] GSAT.ETORO: Precision-Fallback price_prec=2, size_prec=2
2026-06-04 22:03:25,443 | INFO     | api_backfiller | [api_backfiller] GSAT.ETORO: 35 Candles konvertiert (price_prec=2, size_prec=2).
2026-06-04 22:03:25,445 | DEBUG    | api_backfiller | [api_backfiller] GSAT.ETORO: 1293→1266 Zeilen (-27 Duplikate)
2026-06-04 22:03:25,446 | INFO     | api_backfiller | [api_backfiller] GSAT.ETORO: 1266 Zeilen gespeichert (price_prec=2, size_prec=2) → data.parquet
2026-06-04 22:03:26,549 | DEBUG    | api_backfiller | [api_backfiller] GTLB.ETORO: Precision-Fallback price_prec=2, size_prec=2
2026-06-04 22:03:26,625 | INFO     | api_backfiller | [api_backfiller] GTLB.ETORO: 35 Candles konvertiert (price_prec=2, size_prec=2).
2026-06-04 22:03:26,628 | DEBUG    | api_backfiller | [api_backfiller] GTLB.ETORO: 1293→1266 Zeilen (-27 Duplikate)
2026-06-04 22:03:26,629 | INFO     | api_backfiller | [api_backfiller] GTLB.ETORO: 1266 Zeilen gespeichert (price_prec=2, size_prec=2) → data.parquet
2026-06-04 22:03:27,733 | DEBUG    | api_backfiller | [api_backfiller] HAL.ETORO: Precision-Fallback price_prec=2, size_prec=2
2026-06-04 22:03:27,815 | INFO     | api_backfiller | [api_backfiller] HAL.ETORO: 111 Candles konvertiert (price_prec=2, size_prec=2).
2026-06-04 22:03:27,818 | DEBUG    | api_backfiller | [api_backfiller] HAL.ETORO: 1372→1287 Zeilen (-85 Duplikate)
2026-06-04 22:03:27,819 | INFO     | api_backfiller | [api_backfiller] HAL.ETORO: 1287 Zeilen gespeichert (price_prec=2, size_prec=2) → data.parquet
2026-06-04 22:03:28,922 | DEBUG    | api_backfiller | [api_backfiller] HUBS.ETORO: Precision-Fallback price_prec=2, size_prec=2
2026-06-04 22:03:29,004 | INFO     | api_backfiller | [api_backfiller] HUBS.ETORO: 35 Candles konvertiert (price_prec=2, size_prec=2).
2026-06-04 22:03:29,006 | DEBUG    | api_backfiller | [api_backfiller] HUBS.ETORO: 1293→1266 Zeilen (-27 Duplikate)
2026-06-04 22:03:29,007 | INFO     | api_backfiller | [api_backfiller] HUBS.ETORO: 1266 Zeilen gespeichert (price_prec=2, size_prec=2) → data.parquet
2026-06-04 22:03:30,111 | DEBUG    | api_backfiller | [api_backfiller] HUT.ETORO: Precision-Fallback price_prec=2, size_prec=2
2026-06-04 22:03:30,185 | INFO     | api_backfiller | [api_backfiller] HUT.ETORO: 35 Candles konvertiert (price_prec=2, size_prec=2).
2026-06-04 22:03:30,189 | DEBUG    | api_backfiller | [api_backfiller] HUT.ETORO: 1272→1237 Zeilen (-35 Duplikate)
2026-06-04 22:03:30,190 | INFO     | api_backfiller | [api_backfiller] HUT.ETORO: 1237 Zeilen gespeichert (price_prec=2, size_prec=2) → data.parquet
2026-06-04 22:03:31,388 | INFO     | api_backfiller | [api_backfiller] HYPE.ETORO: 168 Candles konvertiert (price_prec=2, size_prec=8).
2026-06-04 22:03:31,390 | DEBUG    | api_backfiller | [api_backfiller] HYPE.ETORO: 1390→1223 Zeilen (-167 Duplikate)
2026-06-04 22:03:31,391 | INFO     | api_backfiller | [api_backfiller] HYPE.ETORO: 1223 Zeilen gespeichert (price_prec=2, size_prec=8) → data.parquet
2026-06-04 22:03:32,495 | DEBUG    | api_backfiller | [api_backfiller] INSM.ETORO: Precision-Fallback price_prec=2, size_prec=2
2026-06-04 22:03:32,575 | INFO     | api_backfiller | [api_backfiller] INSM.ETORO: 35 Candles konvertiert (price_prec=2, size_prec=2).
2026-06-04 22:03:32,578 | DEBUG    | api_backfiller | [api_backfiller] INSM.ETORO: 1272→1237 Zeilen (-35 Duplikate)
2026-06-04 22:03:32,579 | INFO     | api_backfiller | [api_backfiller] INSM.ETORO: 1237 Zeilen gespeichert (price_prec=2, size_prec=2) → data.parquet
2026-06-04 22:03:33,683 | DEBUG    | api_backfiller | [api_backfiller] INSW.ETORO: Precision-Fallback price_prec=2, size_prec=2
2026-06-04 22:03:33,768 | INFO     | api_backfiller | [api_backfiller] INSW.ETORO: 35 Candles konvertiert (price_prec=2, size_prec=2).
2026-06-04 22:03:33,771 | DEBUG    | api_backfiller | [api_backfiller] INSW.ETORO: 1293→1266 Zeilen (-27 Duplikate)
2026-06-04 22:03:33,772 | INFO     | api_backfiller | [api_backfiller] INSW.ETORO: 1266 Zeilen gespeichert (price_prec=2, size_prec=2) → data.parquet
2026-06-04 22:03:34,876 | DEBUG    | api_backfiller | [api_backfiller] INTU.ETORO: Precision-Fallback price_prec=2, size_prec=2
2026-06-04 22:03:34,954 | INFO     | api_backfiller | [api_backfiller] INTU.ETORO: 115 Candles konvertiert (price_prec=2, size_prec=2).
2026-06-04 22:03:34,957 | DEBUG    | api_backfiller | [api_backfiller] INTU.ETORO: 1316→1202 Zeilen (-114 Duplikate)
2026-06-04 22:03:34,958 | INFO     | api_backfiller | [api_backfiller] INTU.ETORO: 1202 Zeilen gespeichert (price_prec=2, size_prec=2) → data.parquet
2026-06-04 22:03:36,062 | DEBUG    | api_backfiller | [api_backfiller] JAZZ.ETORO: Precision-Fallback price_prec=2, size_prec=2
2026-06-04 22:03:36,136 | INFO     | api_backfiller | [api_backfiller] JAZZ.ETORO: 35 Candles konvertiert (price_prec=2, size_prec=2).
2026-06-04 22:03:36,140 | DEBUG    | api_backfiller | [api_backfiller] JAZZ.ETORO: 1272→1237 Zeilen (-35 Duplikate)
2026-06-04 22:03:36,141 | INFO     | api_backfiller | [api_backfiller] JAZZ.ETORO: 1237 Zeilen gespeichert (price_prec=2, size_prec=2) → data.parquet
2026-06-04 22:03:37,245 | DEBUG    | api_backfiller | [api_backfiller] JNJ.ETORO: Precision-Fallback price_prec=2, size_prec=2
2026-06-04 22:03:37,322 | INFO     | api_backfiller | [api_backfiller] JNJ.ETORO: 116 Candles konvertiert (price_prec=2, size_prec=2).
2026-06-04 22:03:37,325 | DEBUG    | api_backfiller | [api_backfiller] JNJ.ETORO: 1383→1293 Zeilen (-90 Duplikate)
2026-06-04 22:03:37,326 | INFO     | api_backfiller | [api_backfiller] JNJ.ETORO: 1293 Zeilen gespeichert (price_prec=2, size_prec=2) → data.parquet
2026-06-04 22:03:38,430 | DEBUG    | api_backfiller | [api_backfiller] KD.ETORO: Precision-Fallback price_prec=2, size_prec=2
2026-06-04 22:03:38,517 | INFO     | api_backfiller | [api_backfiller] KD.ETORO: 35 Candles konvertiert (price_prec=2, size_prec=2).
2026-06-04 22:03:38,521 | DEBUG    | api_backfiller | [api_backfiller] KD.ETORO: 1272→1237 Zeilen (-35 Duplikate)
2026-06-04 22:03:38,522 | INFO     | api_backfiller | [api_backfiller] KD.ETORO: 1237 Zeilen gespeichert (price_prec=2, size_prec=2) → data.parquet
2026-06-04 22:03:39,628 | DEBUG    | api_backfiller | [api_backfiller] LQDA.ETORO: Precision-Fallback price_prec=2, size_prec=2
2026-06-04 22:03:39,704 | INFO     | api_backfiller | [api_backfiller] LQDA.ETORO: 35 Candles konvertiert (price_prec=2, size_prec=2).
2026-06-04 22:03:39,707 | DEBUG    | api_backfiller | [api_backfiller] LQDA.ETORO: 1272→1237 Zeilen (-35 Duplikate)
2026-06-04 22:03:39,708 | INFO     | api_backfiller | [api_backfiller] LQDA.ETORO: 1237 Zeilen gespeichert (price_prec=2, size_prec=2) → data.parquet
2026-06-04 22:03:40,812 | DEBUG    | api_backfiller | [api_backfiller] LRCX.ETORO: Precision-Fallback price_prec=2, size_prec=2
2026-06-04 22:03:40,902 | INFO     | api_backfiller | [api_backfiller] LRCX.ETORO: 116 Candles konvertiert (price_prec=2, size_prec=2).
2026-06-04 22:03:40,905 | DEBUG    | api_backfiller | [api_backfiller] LRCX.ETORO: 1383→1293 Zeilen (-90 Duplikate)
2026-06-04 22:03:40,906 | INFO     | api_backfiller | [api_backfiller] LRCX.ETORO: 1293 Zeilen gespeichert (price_prec=2, size_prec=2) → data.parquet
2026-06-04 22:03:42,010 | DEBUG    | api_backfiller | [api_backfiller] LULU.ETORO: Precision-Fallback price_prec=2, size_prec=2
2026-06-04 22:03:42,092 | INFO     | api_backfiller | [api_backfiller] LULU.ETORO: 116 Candles konvertiert (price_prec=2, size_prec=2).
2026-06-04 22:03:42,095 | DEBUG    | api_backfiller | [api_backfiller] LULU.ETORO: 1383→1293 Zeilen (-90 Duplikate)
2026-06-04 22:03:42,096 | INFO     | api_backfiller | [api_backfiller] LULU.ETORO: 1293 Zeilen gespeichert (price_prec=2, size_prec=2) → data.parquet
2026-06-04 22:03:43,200 | DEBUG    | api_backfiller | [api_backfiller] MNDY.ETORO: Precision-Fallback price_prec=2, size_prec=2
2026-06-04 22:03:43,277 | INFO     | api_backfiller | [api_backfiller] MNDY.ETORO: 35 Candles konvertiert (price_prec=2, size_prec=2).
2026-06-04 22:03:43,280 | DEBUG    | api_backfiller | [api_backfiller] MNDY.ETORO: 1293→1266 Zeilen (-27 Duplikate)
2026-06-04 22:03:43,281 | INFO     | api_backfiller | [api_backfiller] MNDY.ETORO: 1266 Zeilen gespeichert (price_prec=2, size_prec=2) → data.parquet
2026-06-04 22:03:44,385 | DEBUG    | api_backfiller | [api_backfiller] MRVL.ETORO: Precision-Fallback price_prec=2, size_prec=2
2026-06-04 22:03:44,465 | INFO     | api_backfiller | [api_backfiller] MRVL.ETORO: 116 Candles konvertiert (price_prec=2, size_prec=2).
2026-06-04 22:03:44,468 | DEBUG    | api_backfiller | [api_backfiller] MRVL.ETORO: 1317→1202 Zeilen (-115 Duplikate)
2026-06-04 22:03:44,469 | INFO     | api_backfiller | [api_backfiller] MRVL.ETORO: 1202 Zeilen gespeichert (price_prec=2, size_prec=2) → data.parquet
2026-06-04 22:03:45,573 | DEBUG    | api_backfiller | [api_backfiller] MSTR.ETORO: Precision-Fallback price_prec=2, size_prec=2
2026-06-04 22:03:45,649 | INFO     | api_backfiller | [api_backfiller] MSTR.ETORO: 116 Candles konvertiert (price_prec=2, size_prec=2).
2026-06-04 22:03:45,653 | DEBUG    | api_backfiller | [api_backfiller] MSTR.ETORO: 1317→1202 Zeilen (-115 Duplikate)
2026-06-04 22:03:45,655 | INFO     | api_backfiller | [api_backfiller] MSTR.ETORO: 1202 Zeilen gespeichert (price_prec=2, size_prec=2) → data.parquet
2026-06-04 22:03:46,760 | DEBUG    | api_backfiller | [api_backfiller] MTZ.ETORO: Precision-Fallback price_prec=2, size_prec=2
2026-06-04 22:03:46,851 | INFO     | api_backfiller | [api_backfiller] MTZ.ETORO: 35 Candles konvertiert (price_prec=2, size_prec=2).
2026-06-04 22:03:46,854 | DEBUG    | api_backfiller | [api_backfiller] MTZ.ETORO: 1293→1266 Zeilen (-27 Duplikate)
2026-06-04 22:03:46,855 | INFO     | api_backfiller | [api_backfiller] MTZ.ETORO: 1266 Zeilen gespeichert (price_prec=2, size_prec=2) → data.parquet
2026-06-04 22:03:47,961 | DEBUG    | api_backfiller | [api_backfiller] MU.ETORO: Precision-Fallback price_prec=2, size_prec=2
2026-06-04 22:03:48,042 | INFO     | api_backfiller | [api_backfiller] MU.ETORO: 116 Candles konvertiert (price_prec=2, size_prec=2).
2026-06-04 22:03:48,045 | DEBUG    | api_backfiller | [api_backfiller] MU.ETORO: 1383→1293 Zeilen (-90 Duplikate)
2026-06-04 22:03:48,046 | INFO     | api_backfiller | [api_backfiller] MU.ETORO: 1293 Zeilen gespeichert (price_prec=2, size_prec=2) → data.parquet
2026-06-04 22:03:49,227 | INFO     | api_backfiller | [api_backfiller] NATGAS.ETORO: 115 Candles konvertiert (price_prec=5, size_prec=5).
2026-06-04 22:03:49,230 | DEBUG    | api_backfiller | [api_backfiller] NATGAS.ETORO: 1327→1213 Zeilen (-114 Duplikate)
2026-06-04 22:03:49,231 | INFO     | api_backfiller | [api_backfiller] NATGAS.ETORO: 1213 Zeilen gespeichert (price_prec=5, size_prec=5) → data.parquet
2026-06-04 22:03:50,335 | DEBUG    | api_backfiller | [api_backfiller] NOK.ETORO: Precision-Fallback price_prec=2, size_prec=2
2026-06-04 22:03:50,439 | INFO     | api_backfiller | [api_backfiller] NOK.ETORO: 35 Candles konvertiert (price_prec=2, size_prec=2).
2026-06-04 22:03:50,443 | DEBUG    | api_backfiller | [api_backfiller] NOK.ETORO: 1272→1237 Zeilen (-35 Duplikate)
2026-06-04 22:03:50,443 | INFO     | api_backfiller | [api_backfiller] NOK.ETORO: 1237 Zeilen gespeichert (price_prec=2, size_prec=2) → data.parquet
2026-06-04 22:03:51,547 | DEBUG    | api_backfiller | [api_backfiller] NOW.ETORO: Precision-Fallback price_prec=2, size_prec=2
2026-06-04 22:03:51,657 | INFO     | api_backfiller | [api_backfiller] NOW.ETORO: 110 Candles konvertiert (price_prec=2, size_prec=2).
2026-06-04 22:03:51,660 | DEBUG    | api_backfiller | [api_backfiller] NOW.ETORO: 1371→1287 Zeilen (-84 Duplikate)
2026-06-04 22:03:51,661 | INFO     | api_backfiller | [api_backfiller] NOW.ETORO: 1287 Zeilen gespeichert (price_prec=2, size_prec=2) → data.parquet
2026-06-04 22:03:52,765 | DEBUG    | api_backfiller | [api_backfiller] NTSK.ETORO: Precision-Fallback price_prec=2, size_prec=2
2026-06-04 22:03:52,874 | INFO     | api_backfiller | [api_backfiller] NTSK.ETORO: 35 Candles konvertiert (price_prec=2, size_prec=2).
2026-06-04 22:03:52,878 | DEBUG    | api_backfiller | [api_backfiller] NTSK.ETORO: 1205→1170 Zeilen (-35 Duplikate)
2026-06-04 22:03:52,879 | INFO     | api_backfiller | [api_backfiller] NTSK.ETORO: 1170 Zeilen gespeichert (price_prec=2, size_prec=2) → data.parquet
2026-06-04 22:03:53,982 | DEBUG    | api_backfiller | [api_backfiller] NVDA.ETORO: Precision-Fallback price_prec=2, size_prec=2
2026-06-04 22:03:54,072 | INFO     | api_backfiller | [api_backfiller] NVDA.ETORO: 116 Candles konvertiert (price_prec=2, size_prec=2).
2026-06-04 22:03:54,074 | DEBUG    | api_backfiller | [api_backfiller] NVDA.ETORO: 1317→1202 Zeilen (-115 Duplikate)
2026-06-04 22:03:54,075 | INFO     | api_backfiller | [api_backfiller] NVDA.ETORO: 1202 Zeilen gespeichert (price_prec=2, size_prec=2) → data.parquet
2026-06-04 22:03:55,178 | DEBUG    | api_backfiller | [api_backfiller] NVO.ETORO: Precision-Fallback price_prec=2, size_prec=2
2026-06-04 22:03:55,264 | INFO     | api_backfiller | [api_backfiller] NVO.ETORO: 35 Candles konvertiert (price_prec=2, size_prec=2).
2026-06-04 22:03:55,268 | DEBUG    | api_backfiller | [api_backfiller] NVO.ETORO: 1272→1237 Zeilen (-35 Duplikate)
2026-06-04 22:03:55,269 | INFO     | api_backfiller | [api_backfiller] NVO.ETORO: 1237 Zeilen gespeichert (price_prec=2, size_prec=2) → data.parquet
2026-06-04 22:03:56,373 | DEBUG    | api_backfiller | [api_backfiller] NVS.ETORO: Precision-Fallback price_prec=2, size_prec=2
2026-06-04 22:03:56,456 | INFO     | api_backfiller | [api_backfiller] NVS.ETORO: 35 Candles konvertiert (price_prec=2, size_prec=2).
2026-06-04 22:03:56,459 | DEBUG    | api_backfiller | [api_backfiller] NVS.ETORO: 1272→1237 Zeilen (-35 Duplikate)
2026-06-04 22:03:56,460 | INFO     | api_backfiller | [api_backfiller] NVS.ETORO: 1237 Zeilen gespeichert (price_prec=2, size_prec=2) → data.parquet
2026-06-04 22:03:57,647 | INFO     | api_backfiller | [api_backfiller] ONDO.ETORO: 168 Candles konvertiert (price_prec=2, size_prec=8).
2026-06-04 22:03:57,651 | DEBUG    | api_backfiller | [api_backfiller] ONDO.ETORO: 1487→1320 Zeilen (-167 Duplikate)
2026-06-04 22:03:57,652 | INFO     | api_backfiller | [api_backfiller] ONDO.ETORO: 1320 Zeilen gespeichert (price_prec=2, size_prec=8) → data.parquet
2026-06-04 22:03:58,829 | INFO     | api_backfiller | [api_backfiller] PALL.ETORO: 35 Candles konvertiert (price_prec=5, size_prec=5).
2026-06-04 22:03:58,831 | DEBUG    | api_backfiller | [api_backfiller] PALL.ETORO: 1272→1237 Zeilen (-35 Duplikate)
2026-06-04 22:03:58,833 | INFO     | api_backfiller | [api_backfiller] PALL.ETORO: 1237 Zeilen gespeichert (price_prec=5, size_prec=5) → data.parquet
2026-06-04 22:03:59,935 | DEBUG    | api_backfiller | [api_backfiller] PBR.ETORO: Precision-Fallback price_prec=2, size_prec=2
2026-06-04 22:04:00,038 | INFO     | api_backfiller | [api_backfiller] PBR.ETORO: 35 Candles konvertiert (price_prec=2, size_prec=2).
2026-06-04 22:04:00,041 | DEBUG    | api_backfiller | [api_backfiller] PBR.ETORO: 1293→1266 Zeilen (-27 Duplikate)
2026-06-04 22:04:00,043 | INFO     | api_backfiller | [api_backfiller] PBR.ETORO: 1266 Zeilen gespeichert (price_prec=2, size_prec=2) → data.parquet
2026-06-04 22:04:01,267 | INFO     | api_backfiller | [api_backfiller] PEPExM.ETORO: 168 Candles konvertiert (price_prec=8, size_prec=8).
2026-06-04 22:04:01,270 | DEBUG    | api_backfiller | [api_backfiller] PEPExM.ETORO: 1487→1320 Zeilen (-167 Duplikate)
2026-06-04 22:04:01,271 | INFO     | api_backfiller | [api_backfiller] PEPExM.ETORO: 1320 Zeilen gespeichert (price_prec=8, size_prec=8) → data.parquet
2026-06-04 22:04:02,376 | DEBUG    | api_backfiller | [api_backfiller] PINS.ETORO: Precision-Fallback price_prec=2, size_prec=2
2026-06-04 22:04:02,463 | INFO     | api_backfiller | [api_backfiller] PINS.ETORO: 35 Candles konvertiert (price_prec=2, size_prec=2).
2026-06-04 22:04:02,467 | DEBUG    | api_backfiller | [api_backfiller] PINS.ETORO: 1293→1266 Zeilen (-27 Duplikate)
2026-06-04 22:04:02,469 | INFO     | api_backfiller | [api_backfiller] PINS.ETORO: 1266 Zeilen gespeichert (price_prec=2, size_prec=2) → data.parquet
2026-06-04 22:04:03,574 | DEBUG    | api_backfiller | [api_backfiller] PLTR.ETORO: Precision-Fallback price_prec=2, size_prec=2
2026-06-04 22:04:03,671 | INFO     | api_backfiller | [api_backfiller] PLTR.ETORO: 116 Candles konvertiert (price_prec=2, size_prec=2).
2026-06-04 22:04:03,675 | DEBUG    | api_backfiller | [api_backfiller] PLTR.ETORO: 1317→1202 Zeilen (-115 Duplikate)
2026-06-04 22:04:03,676 | INFO     | api_backfiller | [api_backfiller] PLTR.ETORO: 1202 Zeilen gespeichert (price_prec=2, size_prec=2) → data.parquet
2026-06-04 22:04:04,780 | DEBUG    | api_backfiller | [api_backfiller] POWL.ETORO: Precision-Fallback price_prec=2, size_prec=2
2026-06-04 22:04:04,868 | INFO     | api_backfiller | [api_backfiller] POWL.ETORO: 35 Candles konvertiert (price_prec=2, size_prec=2).
2026-06-04 22:04:04,872 | DEBUG    | api_backfiller | [api_backfiller] POWL.ETORO: 1293→1266 Zeilen (-27 Duplikate)
2026-06-04 22:04:04,873 | INFO     | api_backfiller | [api_backfiller] POWL.ETORO: 1266 Zeilen gespeichert (price_prec=2, size_prec=2) → data.parquet
2026-06-04 22:04:05,978 | DEBUG    | api_backfiller | [api_backfiller] PYPL.ETORO: Daten aktuell (Lücke 0.0h) — überspringe.
2026-06-04 22:04:05,980 | DEBUG    | api_backfiller | [api_backfiller] RHM.DE.ETORO: Precision-Fallback price_prec=2, size_prec=2
2026-06-04 22:04:06,053 | INFO     | api_backfiller | [api_backfiller] RHM.DE.ETORO: 45 Candles konvertiert (price_prec=2, size_prec=2).
2026-06-04 22:04:06,057 | DEBUG    | api_backfiller | [api_backfiller] RHM.DE.ETORO: 1288→1243 Zeilen (-45 Duplikate)
2026-06-04 22:04:06,059 | INFO     | api_backfiller | [api_backfiller] RHM.DE.ETORO: 1243 Zeilen gespeichert (price_prec=2, size_prec=2) → data.parquet
2026-06-04 22:04:07,164 | DEBUG    | api_backfiller | [api_backfiller] RIOT.ETORO: Daten aktuell (Lücke 0.0h) — überspringe.
2026-06-04 22:04:07,166 | DEBUG    | api_backfiller | [api_backfiller] ROP.ZU.ETORO: Precision-Fallback price_prec=2, size_prec=2
2026-06-04 22:04:07,279 | INFO     | api_backfiller | [api_backfiller] ROP.ZU.ETORO: 45 Candles konvertiert (price_prec=2, size_prec=2).
2026-06-04 22:04:07,282 | DEBUG    | api_backfiller | [api_backfiller] ROP.ZU.ETORO: 1283→1238 Zeilen (-45 Duplikate)
2026-06-04 22:04:07,283 | INFO     | api_backfiller | [api_backfiller] ROP.ZU.ETORO: 1238 Zeilen gespeichert (price_prec=2, size_prec=2) → data.parquet
2026-06-04 22:04:08,386 | DEBUG    | api_backfiller | [api_backfiller] SE.ETORO: Precision-Fallback price_prec=2, size_prec=2
2026-06-04 22:04:08,462 | INFO     | api_backfiller | [api_backfiller] SE.ETORO: 35 Candles konvertiert (price_prec=2, size_prec=2).
2026-06-04 22:04:08,465 | DEBUG    | api_backfiller | [api_backfiller] SE.ETORO: 1293→1266 Zeilen (-27 Duplikate)
2026-06-04 22:04:08,466 | INFO     | api_backfiller | [api_backfiller] SE.ETORO: 1266 Zeilen gespeichert (price_prec=2, size_prec=2) → data.parquet
2026-06-04 22:04:09,570 | DEBUG    | api_backfiller | [api_backfiller] SEI.US.ETORO: Precision-Fallback price_prec=2, size_prec=2
2026-06-04 22:04:09,659 | INFO     | api_backfiller | [api_backfiller] SEI.US.ETORO: 35 Candles konvertiert (price_prec=2, size_prec=2).
2026-06-04 22:04:09,662 | DEBUG    | api_backfiller | [api_backfiller] SEI.US.ETORO: 1272→1237 Zeilen (-35 Duplikate)
2026-06-04 22:04:09,663 | INFO     | api_backfiller | [api_backfiller] SEI.US.ETORO: 1237 Zeilen gespeichert (price_prec=2, size_prec=2) → data.parquet
2026-06-04 22:04:10,767 | DEBUG    | api_backfiller | [api_backfiller] SHIBxM.ETORO: Daten aktuell (Lücke 0.0h) — überspringe.
2026-06-04 22:04:10,769 | DEBUG    | api_backfiller | [api_backfiller] SMTC.ETORO: Precision-Fallback price_prec=2, size_prec=2
2026-06-04 22:04:10,846 | INFO     | api_backfiller | [api_backfiller] SMTC.ETORO: 35 Candles konvertiert (price_prec=2, size_prec=2).
2026-06-04 22:04:10,849 | DEBUG    | api_backfiller | [api_backfiller] SMTC.ETORO: 1272→1237 Zeilen (-35 Duplikate)
2026-06-04 22:04:10,850 | INFO     | api_backfiller | [api_backfiller] SMTC.ETORO: 1237 Zeilen gespeichert (price_prec=2, size_prec=2) → data.parquet
2026-06-04 22:04:11,953 | DEBUG    | api_backfiller | [api_backfiller] SNAP.ETORO: Precision-Fallback price_prec=2, size_prec=2
2026-06-04 22:04:12,072 | INFO     | api_backfiller | [api_backfiller] SNAP.ETORO: 116 Candles konvertiert (price_prec=2, size_prec=2).
2026-06-04 22:04:12,075 | DEBUG    | api_backfiller | [api_backfiller] SNAP.ETORO: 1384→1294 Zeilen (-90 Duplikate)
2026-06-04 22:04:12,077 | INFO     | api_backfiller | [api_backfiller] SNAP.ETORO: 1294 Zeilen gespeichert (price_prec=2, size_prec=2) → data.parquet
2026-06-04 22:04:13,181 | DEBUG    | api_backfiller | [api_backfiller] SOL.ETORO: Daten aktuell (Lücke 0.0h) — überspringe.
2026-06-04 22:04:13,182 | DEBUG    | api_backfiller | [api_backfiller] SQM.ETORO: Precision-Fallback price_prec=2, size_prec=2
2026-06-04 22:04:13,261 | INFO     | api_backfiller | [api_backfiller] SQM.ETORO: 35 Candles konvertiert (price_prec=2, size_prec=2).
2026-06-04 22:04:13,264 | DEBUG    | api_backfiller | [api_backfiller] SQM.ETORO: 1294→1267 Zeilen (-27 Duplikate)
2026-06-04 22:04:13,265 | INFO     | api_backfiller | [api_backfiller] SQM.ETORO: 1267 Zeilen gespeichert (price_prec=2, size_prec=2) → data.parquet
2026-06-04 22:04:14,370 | DEBUG    | api_backfiller | [api_backfiller] STX.US.ETORO: Precision-Fallback price_prec=2, size_prec=2
2026-06-04 22:04:14,461 | INFO     | api_backfiller | [api_backfiller] STX.US.ETORO: 116 Candles konvertiert (price_prec=2, size_prec=2).
2026-06-04 22:04:14,464 | DEBUG    | api_backfiller | [api_backfiller] STX.US.ETORO: 1383→1293 Zeilen (-90 Duplikate)
2026-06-04 22:04:14,465 | INFO     | api_backfiller | [api_backfiller] STX.US.ETORO: 1293 Zeilen gespeichert (price_prec=2, size_prec=2) → data.parquet
2026-06-04 22:04:15,568 | DEBUG    | api_backfiller | [api_backfiller] TEAM.ETORO: Precision-Fallback price_prec=2, size_prec=2
2026-06-04 22:04:15,666 | INFO     | api_backfiller | [api_backfiller] TEAM.ETORO: 116 Candles konvertiert (price_prec=2, size_prec=2).
2026-06-04 22:04:15,669 | DEBUG    | api_backfiller | [api_backfiller] TEAM.ETORO: 1383→1293 Zeilen (-90 Duplikate)
2026-06-04 22:04:15,670 | INFO     | api_backfiller | [api_backfiller] TEAM.ETORO: 1293 Zeilen gespeichert (price_prec=2, size_prec=2) → data.parquet
2026-06-04 22:04:16,773 | DEBUG    | api_backfiller | [api_backfiller] TER.ETORO: Daten aktuell (Lücke 0.0h) — überspringe.
2026-06-04 22:04:16,774 | DEBUG    | api_backfiller | [api_backfiller] TME.ETORO: Precision-Fallback price_prec=2, size_prec=2
2026-06-04 22:04:16,874 | INFO     | api_backfiller | [api_backfiller] TME.ETORO: 35 Candles konvertiert (price_prec=2, size_prec=2).
2026-06-04 22:04:16,878 | DEBUG    | api_backfiller | [api_backfiller] TME.ETORO: 1272→1237 Zeilen (-35 Duplikate)
2026-06-04 22:04:16,879 | INFO     | api_backfiller | [api_backfiller] TME.ETORO: 1237 Zeilen gespeichert (price_prec=2, size_prec=2) → data.parquet
2026-06-04 22:04:17,983 | DEBUG    | api_backfiller | [api_backfiller] TSEM.ETORO: Precision-Fallback price_prec=2, size_prec=2
2026-06-04 22:04:18,067 | INFO     | api_backfiller | [api_backfiller] TSEM.ETORO: 35 Candles konvertiert (price_prec=2, size_prec=2).
2026-06-04 22:04:18,072 | DEBUG    | api_backfiller | [api_backfiller] TSEM.ETORO: 1293→1266 Zeilen (-27 Duplikate)
2026-06-04 22:04:18,074 | INFO     | api_backfiller | [api_backfiller] TSEM.ETORO: 1266 Zeilen gespeichert (price_prec=2, size_prec=2) → data.parquet
2026-06-04 22:04:19,178 | DEBUG    | api_backfiller | [api_backfiller] TSLA.ETORO: Daten aktuell (Lücke 0.0h) — überspringe.
2026-06-04 22:04:19,181 | DEBUG    | api_backfiller | [api_backfiller] TTD.ETORO: Precision-Fallback price_prec=2, size_prec=2
2026-06-04 22:04:19,262 | INFO     | api_backfiller | [api_backfiller] TTD.ETORO: 116 Candles konvertiert (price_prec=2, size_prec=2).
2026-06-04 22:04:19,265 | DEBUG    | api_backfiller | [api_backfiller] TTD.ETORO: 1383→1293 Zeilen (-90 Duplikate)
2026-06-04 22:04:19,266 | INFO     | api_backfiller | [api_backfiller] TTD.ETORO: 1293 Zeilen gespeichert (price_prec=2, size_prec=2) → data.parquet
2026-06-04 22:04:20,372 | DEBUG    | api_backfiller | [api_backfiller] TTMI.ETORO: Precision-Fallback price_prec=2, size_prec=2
2026-06-04 22:04:20,452 | INFO     | api_backfiller | [api_backfiller] TTMI.ETORO: 35 Candles konvertiert (price_prec=2, size_prec=2).
2026-06-04 22:04:20,456 | DEBUG    | api_backfiller | [api_backfiller] TTMI.ETORO: 1293→1266 Zeilen (-27 Duplikate)
2026-06-04 22:04:20,457 | INFO     | api_backfiller | [api_backfiller] TTMI.ETORO: 1266 Zeilen gespeichert (price_prec=2, size_prec=2) → data.parquet
2026-06-04 22:04:21,562 | DEBUG    | api_backfiller | [api_backfiller] USDTRY.ETORO: Daten aktuell (Lücke 0.0h) — überspringe.
2026-06-04 22:04:21,565 | DEBUG    | api_backfiller | [api_backfiller] USDZAR.ETORO: Daten aktuell (Lücke 0.0h) — überspringe.
2026-06-04 22:04:21,566 | DEBUG    | api_backfiller | [api_backfiller] VLO.ETORO: Precision-Fallback price_prec=2, size_prec=2
2026-06-04 22:04:21,655 | INFO     | api_backfiller | [api_backfiller] VLO.ETORO: 108 Candles konvertiert (price_prec=2, size_prec=2).
2026-06-04 22:04:21,658 | DEBUG    | api_backfiller | [api_backfiller] VLO.ETORO: 1367→1285 Zeilen (-82 Duplikate)
2026-06-04 22:04:21,659 | INFO     | api_backfiller | [api_backfiller] VLO.ETORO: 1285 Zeilen gespeichert (price_prec=2, size_prec=2) → data.parquet
2026-06-04 22:04:22,764 | DEBUG    | api_backfiller | [api_backfiller] VRT.ETORO: Precision-Fallback price_prec=2, size_prec=2
2026-06-04 22:04:22,856 | INFO     | api_backfiller | [api_backfiller] VRT.ETORO: 35 Candles konvertiert (price_prec=2, size_prec=2).
2026-06-04 22:04:22,859 | DEBUG    | api_backfiller | [api_backfiller] VRT.ETORO: 1293→1266 Zeilen (-27 Duplikate)
2026-06-04 22:04:22,860 | INFO     | api_backfiller | [api_backfiller] VRT.ETORO: 1266 Zeilen gespeichert (price_prec=2, size_prec=2) → data.parquet
2026-06-04 22:04:23,964 | DEBUG    | api_backfiller | [api_backfiller] WBD.ETORO: Precision-Fallback price_prec=2, size_prec=2
2026-06-04 22:04:24,054 | INFO     | api_backfiller | [api_backfiller] WBD.ETORO: 116 Candles konvertiert (price_prec=2, size_prec=2).
2026-06-04 22:04:24,057 | DEBUG    | api_backfiller | [api_backfiller] WBD.ETORO: 1384→1294 Zeilen (-90 Duplikate)
2026-06-04 22:04:24,058 | INFO     | api_backfiller | [api_backfiller] WBD.ETORO: 1294 Zeilen gespeichert (price_prec=2, size_prec=2) → data.parquet
2026-06-04 22:04:25,162 | DEBUG    | api_backfiller | [api_backfiller] WDAY.ETORO: Precision-Fallback price_prec=2, size_prec=2
2026-06-04 22:04:25,251 | INFO     | api_backfiller | [api_backfiller] WDAY.ETORO: 116 Candles konvertiert (price_prec=2, size_prec=2).
2026-06-04 22:04:25,254 | DEBUG    | api_backfiller | [api_backfiller] WDAY.ETORO: 1382→1292 Zeilen (-90 Duplikate)
2026-06-04 22:04:25,255 | INFO     | api_backfiller | [api_backfiller] WDAY.ETORO: 1292 Zeilen gespeichert (price_prec=2, size_prec=2) → data.parquet
2026-06-04 22:04:26,360 | DEBUG    | api_backfiller | [api_backfiller] WDC.ETORO: Precision-Fallback price_prec=2, size_prec=2
2026-06-04 22:04:26,432 | INFO     | api_backfiller | [api_backfiller] WDC.ETORO: 116 Candles konvertiert (price_prec=2, size_prec=2).
2026-06-04 22:04:26,434 | DEBUG    | api_backfiller | [api_backfiller] WDC.ETORO: 1383→1293 Zeilen (-90 Duplikate)
2026-06-04 22:04:26,435 | INFO     | api_backfiller | [api_backfiller] WDC.ETORO: 1293 Zeilen gespeichert (price_prec=2, size_prec=2) → data.parquet
2026-06-04 22:04:27,538 | DEBUG    | api_backfiller | [api_backfiller] WIX.ETORO: Precision-Fallback price_prec=2, size_prec=2
2026-06-04 22:04:27,617 | INFO     | api_backfiller | [api_backfiller] WIX.ETORO: 35 Candles konvertiert (price_prec=2, size_prec=2).
2026-06-04 22:04:27,619 | DEBUG    | api_backfiller | [api_backfiller] WIX.ETORO: 1293→1266 Zeilen (-27 Duplikate)
2026-06-04 22:04:27,620 | INFO     | api_backfiller | [api_backfiller] WIX.ETORO: 1266 Zeilen gespeichert (price_prec=2, size_prec=2) → data.parquet
2026-06-04 22:04:28,723 | DEBUG    | api_backfiller | [api_backfiller] XPEV.ETORO: Precision-Fallback price_prec=2, size_prec=2
2026-06-04 22:04:28,812 | INFO     | api_backfiller | [api_backfiller] XPEV.ETORO: 35 Candles konvertiert (price_prec=2, size_prec=2).
2026-06-04 22:04:28,815 | DEBUG    | api_backfiller | [api_backfiller] XPEV.ETORO: 1272→1237 Zeilen (-35 Duplikate)
2026-06-04 22:04:28,816 | INFO     | api_backfiller | [api_backfiller] XPEV.ETORO: 1237 Zeilen gespeichert (price_prec=2, size_prec=2) → data.parquet
2026-06-04 22:04:29,920 | DEBUG    | api_backfiller | [api_backfiller] XRP.ETORO: Daten aktuell (Lücke 0.0h) — überspringe.
2026-06-04 22:04:29,922 | DEBUG    | api_backfiller | [api_backfiller] ZS.ETORO: Precision-Fallback price_prec=2, size_prec=2
2026-06-04 22:04:30,005 | INFO     | api_backfiller | [api_backfiller] ZS.ETORO: 116 Candles konvertiert (price_prec=2, size_prec=2).
2026-06-04 22:04:30,009 | DEBUG    | api_backfiller | [api_backfiller] ZS.ETORO: 1383→1293 Zeilen (-90 Duplikate)
2026-06-04 22:04:30,010 | INFO     | api_backfiller | [api_backfiller] ZS.ETORO: 1293 Zeilen gespeichert (price_prec=2, size_prec=2) → data.parquet
2026-06-04 22:04:31,114 | DEBUG    | api_backfiller | [api_backfiller] ZTS.ETORO: Daten aktuell (Lücke 0.0h) — überspringe.
2026-06-04 22:04:31,114 | INFO     | api_backfiller | [api_backfiller] Backfill abgeschlossen: 96 Symbole befüllt.
2026-06-04 22:04:31,116 | INFO     | orchestrator | [Phase 2c] API-Backfill: 96 Symbole befüllt.
2026-06-04 22:04:31,199 | INFO     | orchestrator | [Phase 2d] 1 Symbole unzureichend (benötigt Daten bis 1762459471121460992 ns) — starte Historical Fetcher ...
2026-06-04 22:04:31,200 | INFO     | api_backfiller | [api_backfiller] Universe geladen: 106 Instrumente.
2026-06-04 22:04:31,200 | DEBUG    | asyncio | Using selector: EpollSelector
2026-06-04 22:04:31,201 | INFO     | historical_fetcher | [historical_fetcher] 1/1 Symbole werden gefetcht (months=12, start_ns=1762459471121460992).
2026-06-04 22:04:31,201 | INFO     | historical_fetcher | [historical_fetcher] Lade Instrument-Precisions via eToro API …
2026-06-04 22:04:31,286 | DEBUG    | api_backfiller | [api_backfiller] Raw API response (first 500 chars): {'instrumentDisplayDatas': [{'instrumentID': 15233, 'instrumentDisplayName': 'Elbit Systems Ltd', 'instrumentTypeID': 5, 'exchangeID': 4, 'images': [{'instrumentID': 15233, 'width': 35.0, 'height': 35.0, 'uri': 'https://etoro-cdn.etorostatic.com/market-avatars/15233/35x35.png'}, {'instrumentID': 15233, 'width': 50.0, 'height': 50.0, 'uri': 'https://etoro-cdn.etorostatic.com/market-avatars/15233/50x50.png'}, {'instrumentID': 15233, 'width': 150.0, 'height': 150.0, 'uri': 'https://etoro-cdn.etoros
2026-06-04 22:04:31,287 | ERROR    | api_backfiller | [api_backfiller] Fehlende/Ungültige Precision für ID 15233 (ESLT) aus API. Überspringe Instrument, um blindes (2,2) Fallback zu verhindern.
2026-06-04 22:04:31,788 | WARNING  | api_backfiller | [api_backfiller] Precision-API lieferte nur 0/1 Instrumente.
2026-06-04 22:04:31,788 | INFO     | historical_fetcher | [historical_fetcher] Precisions via API: 0/1 Instrumente.
2026-06-04 22:04:31,790 | INFO     | historical_fetcher | [ESLT.ETORO] Delta-Update: Fetch ab 2025-11-19T23:59:59+00:00 rückwärts bis 2025-11-06T20:04:31.121461+00:00
2026-06-04 22:04:31,899 | DEBUG    | historical_fetcher | [ESLT.ETORO] OneHour: 925 Candles, älteste: 2025-11-20T14:00:00+00:00
2026-06-04 22:04:33,115 | INFO     | historical_fetcher | [ESLT.ETORO] Historische Tiefe für OneHour erreicht.
2026-06-04 22:04:33,197 | DEBUG    | historical_fetcher | [ESLT.ETORO] OneDay: 126 Candles, älteste: 2025-11-20T00:00:00+00:00
2026-06-04 22:04:34,371 | INFO     | historical_fetcher | [ESLT.ETORO] Historische Tiefe für OneDay erreicht.
2026-06-04 22:04:34,374 | INFO     | historical_fetcher | [ESLT.ETORO] 1051 Candles → speichere (price_prec=2).
2026-06-04 22:04:34,377 | DEBUG    | historical_fetcher | [api_backfiller] ESLT.ETORO: 2103→1052 Zeilen (-1051 Duplikate)
2026-06-04 22:04:34,378 | INFO     | historical_fetcher | [api_backfiller] ESLT.ETORO: 1052 Zeilen gespeichert (price_prec=2, size_prec=2) → data.parquet
2026-06-04 22:04:35,480 | INFO     | historical_fetcher | [historical_fetcher] Fertig: 1 Symbole befüllt.
2026-06-04 22:04:35,482 | INFO     | orchestrator | [Phase 2d] Historical Fetcher: 1 Symbole befüllt.
2026-06-04 22:04:35,482 | INFO     | orchestrator | [JSON_EVENT] {"event_type": "PHASE2D_COMPLETE", "timestamp_utc": "2026-06-04T20:04:35.482307+00:00", "insufficient_count": 1, "hist_filled_count": 1}
2026-06-04 22:04:35,482 | INFO     | orchestrator | [JSON_EVENT] {"event_type": "PHASE2_COMPLETE", "timestamp_utc": "2026-06-04T20:04:35.482431+00:00", "merged_instruments": 0, "zips_deleted": 0, "api_filled_count": 96, "hist_filled_count": 1}
2026-06-04 22:04:35,482 | INFO     | orchestrator | ════════════════════════════════════════════════════════════
2026-06-04 22:04:35,482 | INFO     | orchestrator | PHASE 3+4: Matrix-Backtesting & Tournament
2026-06-04 22:04:35,482 | INFO     | orchestrator | ════════════════════════════════════════════════════════════
2026-06-04 22:04:35,483 | INFO     | orchestrator | [Phase 3] Dynamische Config: /home/user/etoro_nautilus/logs/backtest_dynamic_config.json
2026-06-04 22:04:35,483 | INFO     | orchestrator | [Phase 3] Backtest-Kommando: /home/user/etoro_nautilus/venv/bin/python3 /home/user/etoro_nautilus/automation/backtest_runner.py --momentum --catalog-path /home/user/etoro_nautilus/data/nautilus --config /home/user/etoro_nautilus/logs/backtest_dynamic_config.json --output /home/user/etoro_nautilus/logs/tournament_2026-06-04.json
2026-06-04 22:04:35,483 | WARNING  | orchestrator | [Phase 3] Rolling Walk-Forward is not fully implemented. Using single Train/Test split.
2026-06-04 22:04:35,483 | INFO     | orchestrator | [JSON_EVENT] {"event_type": "BACKTEST_START", "timestamp_utc": "2026-06-04T20:04:35.483501+00:00", "start": "2026-01-05T00:00:00Z", "end": "2026-06-04T00:00:00Z", "walk_forward_active": false}
2026-06-04 22:06:40,415 | INFO     | orchestrator | [Phase 3] Backtest beendet (Exit-Code: 0).
2026-06-04 22:06:40,503 | DEBUG    | orchestrator |   [BT-LOG] WDC.ETORO            | SmaCrossoverStrategy           |    0.00 |    0.00 |    0.00 |      0 |     0.0 | 
2026-06-04 22:06:40,503 | DEBUG    | orchestrator |   [BT-LOG] WDC.ETORO            | VolatilityBreakoutPumpStrategy |    0.00 |    0.00 |    0.00 |      0 |     0.0 | 
2026-06-04 22:06:40,503 | DEBUG    | orchestrator |   [BT-LOG] WDC.ETORO            | VwapExhaustionStrategy         |    0.00 |    0.00 |    0.00 |      0 |     0.0 | 
2026-06-04 22:06:40,503 | DEBUG    | orchestrator |   [BT-LOG] WIX.ETORO            | ComboTrendVwapStrategy         |    0.00 |    0.00 |    0.00 |      0 |     0.0 | 
2026-06-04 22:06:40,503 | DEBUG    | orchestrator |   [BT-LOG] WIX.ETORO            | DynamicBreakoutStrategy        |    0.00 |    0.00 |    0.00 |      0 |     0.0 | 
2026-06-04 22:06:40,503 | DEBUG    | orchestrator |   [BT-LOG] WIX.ETORO            | FlashCrashReversalStrategy     |    0.00 |    0.00 |    0.00 |      0 |     0.0 | 
2026-06-04 22:06:40,503 | DEBUG    | orchestrator |   [BT-LOG] WIX.ETORO            | HourlyMeanReversionStrategy    |    0.00 |    0.00 |    0.00 |      0 |     0.0 | 
2026-06-04 22:06:40,503 | DEBUG    | orchestrator |   [BT-LOG] WIX.ETORO            | MeanReversionStrategy          |    0.00 |    0.00 |    0.00 |      0 |     0.0 | 
2026-06-04 22:06:40,503 | DEBUG    | orchestrator |   [BT-LOG] WIX.ETORO            | SmaCrossoverStrategy           |    0.00 |    0.00 |    0.00 |      0 |     0.0 | 
2026-06-04 22:06:40,503 | DEBUG    | orchestrator |   [BT-LOG] WIX.ETORO            | VolatilityBreakoutPumpStrategy |    0.00 |    0.00 |    0.00 |      0 |     0.0 | 
2026-06-04 22:06:40,503 | DEBUG    | orchestrator |   [BT-LOG] WIX.ETORO            | VwapExhaustionStrategy         |    0.00 |    0.00 |    0.00 |      0 |     0.0 | 
2026-06-04 22:06:40,503 | DEBUG    | orchestrator |   [BT-LOG] XPEV.ETORO           | ComboTrendVwapStrategy         |    0.00 |    0.00 |    0.00 |      0 |     0.0 | 
2026-06-04 22:06:40,503 | DEBUG    | orchestrator |   [BT-LOG] XPEV.ETORO           | DynamicBreakoutStrategy        |    0.00 |    0.00 |    0.00 |      0 |     0.0 | 
2026-06-04 22:06:40,503 | DEBUG    | orchestrator |   [BT-LOG] XPEV.ETORO           | FlashCrashReversalStrategy     |    0.00 |    0.00 |    0.00 |      0 |     0.0 | 
2026-06-04 22:06:40,503 | DEBUG    | orchestrator |   [BT-LOG] XPEV.ETORO           | HourlyMeanReversionStrategy    |    0.00 |    0.00 |    0.00 |      0 |     0.0 | 
2026-06-04 22:06:40,503 | DEBUG    | orchestrator |   [BT-LOG] XPEV.ETORO           | MeanReversionStrategy          |    0.00 |    0.00 |    0.00 |      0 |     0.0 | 
2026-06-04 22:06:40,503 | DEBUG    | orchestrator |   [BT-LOG] XPEV.ETORO           | SmaCrossoverStrategy           |    0.00 |    0.00 |    0.00 |      0 |     0.0 | 
2026-06-04 22:06:40,503 | DEBUG    | orchestrator |   [BT-LOG] XPEV.ETORO           | VolatilityBreakoutPumpStrategy |    0.00 |    0.00 |    0.00 |      0 |     0.0 | 
2026-06-04 22:06:40,503 | DEBUG    | orchestrator |   [BT-LOG] XPEV.ETORO           | VwapExhaustionStrategy         |    0.00 |    0.00 |    0.00 |      0 |     0.0 | 
2026-06-04 22:06:40,503 | DEBUG    | orchestrator |   [BT-LOG] XRP.ETORO            | ComboTrendVwapStrategy         |    0.00 |    0.00 |    0.00 |      0 |     0.0 | 
2026-06-04 22:06:40,503 | DEBUG    | orchestrator |   [BT-LOG] XRP.ETORO            | DynamicBreakoutStrategy        |    0.00 |    0.00 |    0.00 |      0 |     0.0 | 
2026-06-04 22:06:40,503 | DEBUG    | orchestrator |   [BT-LOG] XRP.ETORO            | FlashCrashReversalStrategy     |    0.00 |    0.00 |    0.00 |      0 |     0.0 | 
2026-06-04 22:06:40,503 | DEBUG    | orchestrator |   [BT-LOG] XRP.ETORO            | HourlyMeanReversionStrategy    |    0.00 |    0.00 |    0.00 |      0 |     0.0 | 
2026-06-04 22:06:40,503 | DEBUG    | orchestrator |   [BT-LOG] XRP.ETORO            | MeanReversionStrategy          |    0.00 |    0.00 |    0.00 |      0 |     0.0 | 
2026-06-04 22:06:40,503 | DEBUG    | orchestrator |   [BT-LOG] XRP.ETORO            | SmaCrossoverStrategy           |    0.00 |    0.00 |    0.00 |      0 |     0.0 | 
2026-06-04 22:06:40,503 | DEBUG    | orchestrator |   [BT-LOG] XRP.ETORO            | VolatilityBreakoutPumpStrategy |    0.00 |    0.00 |    0.00 |      0 |     0.0 | 
2026-06-04 22:06:40,503 | DEBUG    | orchestrator |   [BT-LOG] XRP.ETORO            | VwapExhaustionStrategy         |    0.00 |    0.00 |    0.00 |      0 |     0.0 | 
2026-06-04 22:06:40,503 | DEBUG    | orchestrator |   [BT-LOG] ZS.ETORO             | ComboTrendVwapStrategy         |    0.00 |    0.00 |    0.00 |      0 |     0.0 | 
2026-06-04 22:06:40,503 | DEBUG    | orchestrator |   [BT-LOG] ZS.ETORO             | DynamicBreakoutStrategy        |    0.00 |    0.00 |    0.00 |      0 |     0.0 | 
2026-06-04 22:06:40,503 | DEBUG    | orchestrator |   [BT-LOG] ZS.ETORO             | FlashCrashReversalStrategy     |    0.00 |    0.00 |    0.00 |      0 |     0.0 | 
2026-06-04 22:06:40,503 | DEBUG    | orchestrator |   [BT-LOG] ZS.ETORO             | HourlyMeanReversionStrategy    |    0.00 |    0.00 |    0.00 |      0 |     0.0 | 
2026-06-04 22:06:40,503 | DEBUG    | orchestrator |   [BT-LOG] ZS.ETORO             | MeanReversionStrategy          |    0.00 |    0.00 |    0.00 |      0 |     0.0 | 
2026-06-04 22:06:40,503 | DEBUG    | orchestrator |   [BT-LOG] ZS.ETORO             | SmaCrossoverStrategy           |    0.00 |    0.00 |    0.00 |      0 |     0.0 | 
2026-06-04 22:06:40,503 | DEBUG    | orchestrator |   [BT-LOG] ZS.ETORO             | VolatilityBreakoutPumpStrategy |    0.00 |    0.00 |    0.00 |      0 |     0.0 | 
2026-06-04 22:06:40,503 | DEBUG    | orchestrator |   [BT-LOG] ZS.ETORO             | VwapExhaustionStrategy         |    0.00 |    0.00 |    0.00 |      0 |     0.0 | 
2026-06-04 22:06:40,503 | DEBUG    | orchestrator |   [BT-LOG] ZTS.ETORO            | ComboTrendVwapStrategy         |    0.00 |    0.00 |    0.00 |      0 |     0.0 | 
2026-06-04 22:06:40,503 | DEBUG    | orchestrator |   [BT-LOG] ZTS.ETORO            | DynamicBreakoutStrategy        |    0.00 |    0.00 |    0.00 |      0 |     0.0 | 
2026-06-04 22:06:40,503 | DEBUG    | orchestrator |   [BT-LOG] ZTS.ETORO            | FlashCrashReversalStrategy     |    0.00 |    0.00 |    0.00 |      0 |     0.0 | 
2026-06-04 22:06:40,503 | DEBUG    | orchestrator |   [BT-LOG] ZTS.ETORO            | HourlyMeanReversionStrategy    |    0.00 |    0.00 |    0.00 |      0 |     0.0 | 
2026-06-04 22:06:40,503 | DEBUG    | orchestrator |   [BT-LOG] ZTS.ETORO            | MeanReversionStrategy          |    0.00 |    0.00 |    0.00 |      0 |     0.0 | 
2026-06-04 22:06:40,503 | DEBUG    | orchestrator |   [BT-LOG] ZTS.ETORO            | SmaCrossoverStrategy           |    0.00 |    0.00 |    0.00 |      0 |     0.0 | 
2026-06-04 22:06:40,503 | DEBUG    | orchestrator |   [BT-LOG] ZTS.ETORO            | VolatilityBreakoutPumpStrategy |    0.00 |    0.00 |    0.00 |      0 |     0.0 | 
2026-06-04 22:06:40,503 | DEBUG    | orchestrator |   [BT-LOG] ZTS.ETORO            | VwapExhaustionStrategy         |    0.00 |    0.00 |    0.00 |      0 |     0.0 | 
2026-06-04 22:06:40,503 | DEBUG    | orchestrator |   [BT-LOG] 
2026-06-04 22:06:40,503 | DEBUG    | orchestrator |   [BT-LOG] ✅ Tournament: 106 Symbole | 0 eligible Paare | 0 Gewinner-Symbole
2026-06-04 22:06:40,503 | DEBUG    | orchestrator |   [BT-LOG] ⚠️  Ohne eindeutigen Gewinner: 01211.HK.ETORO, ABT.US.ETORO, ACN.ETORO, ADA.ETORO, ADBE.ETORO, AERO.ETORO, AG.ETORO, AMAT.ETORO, AMD.ETORO, AMKR.ETORO, ASX.ETORO, AVAX.ETORO, AXON.ETORO, BTC.ETORO, CAG.ETORO, CAT.ETORO, CCL.ETORO, CHTR.ETORO, CIEN.ETORO, CMG.ETORO, COHR.ETORO, CPRT.ETORO, CRM.ETORO, DOCU.ETORO, DOGE.ETORO, DUOL.ETORO, E.ETORO, EEFT.ETORO, ELF.ETORO, ESLT.ETORO, ETH.ETORO, FDX.ETORO, FICO.ETORO, FISV.ETORO, FRO.ETORO, FSLY.ETORO, GEV.ETORO, GIS.ETORO, GLW.ETORO, GOOG.ETORO, GOOGL.ETORO, GSAT.ETORO, GTLB.ETORO, HAL.ETORO, HUBS.ETORO, HUT.ETORO, HYPE.ETORO, INSM.ETORO, INSW.ETORO, INTU.ETORO, JAZZ.ETORO, JNJ.ETORO, KD.ETORO, LQDA.ETORO, LRCX.ETORO, LULU.ETORO, MNDY.ETORO, MRVL.ETORO, MSTR.ETORO, MTZ.ETORO, MU.ETORO, NATGAS.ETORO, NOK.ETORO, NOW.ETORO, NTSK.ETORO, NVDA.ETORO, NVO.ETORO, NVS.ETORO, ONDO.ETORO, PALL.ETORO, PBR.ETORO, PEPExM.ETORO, PINS.ETORO, PLTR.ETORO, POWL.ETORO, PYPL.ETORO, RHM.DE.ETORO, RIOT.ETORO, ROP.ZU.ETORO, SE.ETORO, SEI.US.ETORO, SHIBxM.ETORO, SMTC.ETORO, SNAP.ETORO, SOL.ETORO, SQM.ETORO, STX.US.ETORO, TEAM.ETORO, TER.ETORO, TME.ETORO, TSEM.ETORO, TSLA.ETORO, TTD.ETORO, TTMI.ETORO, USDTRY.ETORO, USDZAR.ETORO, VLO.ETORO, VRT.ETORO, WBD.ETORO, WDAY.ETORO, WDC.ETORO, WIX.ETORO, XPEV.ETORO, XRP.ETORO, ZS.ETORO, ZTS.ETORO
2026-06-04 22:06:40,503 | DEBUG    | orchestrator |   [BT-LOG] 
2026-06-04 22:06:40,503 | DEBUG    | orchestrator |   [BT-LOG] 📄 Tournament-Ergebnisse gespeichert: /home/user/etoro_nautilus/logs/tournament_2026-06-04.json
2026-06-04 22:06:40,503 | DEBUG    | orchestrator |   [BT-LOG] 
2026-06-04 22:06:40,503 | DEBUG    | orchestrator |   [BT-LOG] ✅ Matrix-Backtest vollständig abgeschlossen!
2026-06-04 22:06:40,510 | INFO     | orchestrator | [Phase 4] Tournament: 0 Gewinner.
2026-06-04 22:06:40,510 | INFO     | orchestrator | [JSON_EVENT] {"event_type": "TOURNAMENT_COMPLETE", "timestamp_utc": "2026-06-04T20:06:40.510641+00:00", "winner_count": 0, "aggregate_winner": null, "path": "/home/user/etoro_nautilus/logs/tournament_2026-06-04.json"}
2026-06-04 22:06:40,511 | INFO     | orchestrator | ════════════════════════════════════════════════════════════
2026-06-04 22:06:40,511 | INFO     | orchestrator | PHASE 5: Live Deployment & Bot-Start
2026-06-04 22:06:40,511 | INFO     | orchestrator | ════════════════════════════════════════════════════════════
2026-06-04 22:06:40,513 | ERROR    | orchestrator | [Phase 5] Kein Aggregat-Sieger im Tournament. Abbruch.
2026-06-04 22:06:40,513 | INFO     | orchestrator | [JSON_EVENT] {"event_type": "ORCHESTRATOR_EXIT", "timestamp_utc": "2026-06-04T20:06:40.513349+00:00", "exit_code": 1}
2026-06-04 22:06:40,513 | INFO     | orchestrator | Orchestrator beendet (Exit-Code: 1).
