2026-06-08 19:08:36,039 | INFO     | orchestrator | ╔════════════════════════════════════════════════════════════╗
2026-06-08 19:08:36,039 | INFO     | orchestrator | ║  eToro Nautilus — Daily Orchestrator v2.0                  ║
2026-06-08 19:08:36,039 | INFO     | orchestrator | ║  Start: 2026-06-08T17:08:36.039736+00:00                    ║
2026-06-08 19:08:36,039 | INFO     | orchestrator | ║  DRY-RUN: NEIN                                                 ║
2026-06-08 19:08:36,039 | INFO     | orchestrator | ║  Standalone: Kein adapters/-Import                        ║
2026-06-08 19:08:36,039 | INFO     | orchestrator | ╚════════════════════════════════════════════════════════════╝
2026-06-08 19:08:36,039 | INFO     | orchestrator | [JSON_EVENT] {"event_type": "ORCHESTRATOR_START", "timestamp_utc": "2026-06-08T17:08:36.039865+00:00", "dry_run": false, "skip_api_fetch": false, "version": "2.0", "python": "3.12.3 (main, Mar 23 2026, 19:04:32) [GCC 13.3.0]"}
2026-06-08 19:08:36,074 | INFO     | orchestrator | ════════════════════════════════════════════════════════════
2026-06-08 19:08:36,074 | INFO     | orchestrator | PHASE 1: Universe & Mapping
2026-06-08 19:08:36,074 | INFO     | orchestrator | ════════════════════════════════════════════════════════════
2026-06-08 19:08:36,074 | INFO     | orchestrator | [Phase 1] Universe-Alter: 23.4h — frisch genug.
2026-06-08 19:08:36,076 | INFO     | orchestrator | [Phase 1] 106 eindeutige Instrumente im Universum.
2026-06-08 19:08:36,076 | INFO     | orchestrator | [JSON_EVENT] {"event_type": "PHASE1_COMPLETE", "timestamp_utc": "2026-06-08T17:08:36.076582+00:00", "universe_size": 106, "unmapped_count": 0}
2026-06-08 19:08:36,076 | INFO     | orchestrator | ════════════════════════════════════════════════════════════
2026-06-08 19:08:36,076 | INFO     | orchestrator | PHASE 2: Datenbeschaffung (Multi-ZIP, Merge, API-Backfill)
2026-06-08 19:08:36,076 | INFO     | orchestrator | ════════════════════════════════════════════════════════════
2026-06-08 19:08:36,076 | INFO     | orchestrator | [Phase 2a] Keine ZIP-Dateien in data/import/ gefunden.
2026-06-08 19:08:36,077 | INFO     | api_backfiller | [api_backfiller] Universe geladen: 106 Instrumente.
2026-06-08 19:08:36,077 | INFO     | orchestrator | [Phase 2c] API-Backfill für 106 Symbole …
2026-06-08 19:08:36,077 | DEBUG    | asyncio | Using selector: EpollSelector
2026-06-08 19:08:36,077 | INFO     | api_backfiller | [api_backfiller] Starte Backfill: 2026-06-01 → 2026-06-08 | 106 Instrumente
2026-06-08 19:08:36,077 | INFO     | api_backfiller | [api_backfiller] Lade Instrument-Precisions via eToro API …
2026-06-08 19:08:36,215 | DEBUG    | api_backfiller | [api_backfiller] Raw API response (first 500 chars): {'instrumentDisplayDatas': [{'instrumentID': 1012, 'instrumentDisplayName': 'Caterpillar', 'instrumentTypeID': 5, 'exchangeID': 5, 'images': [{'instrumentID': 1012, 'width': 50.0, 'height': 50.0, 'uri': 'https://etoro-cdn.etorostatic.com/market-avatars/cat/50x50.png'}, {'instrumentID': 1012, 'width': 150.0, 'height': 150.0, 'uri': 'https://etoro-cdn.etorostatic.com/market-avatars/cat/150x150.png'}, {'instrumentID': 1012, 'width': 35.0, 'height': 35.0, 'uri': 'https://etoro-cdn.etorostatic.com/ma
2026-06-08 19:08:36,215 | DEBUG    | api_backfiller | [api_backfiller] Keine API-Precision für ID 1012 (CAT). Equity-Fallback (2,2) wird von run_backfill() angewendet.
2026-06-08 19:08:36,215 | DEBUG    | api_backfiller | Vollständiger Item-Dump: {
  "instrumentID": 1012,
  "instrumentDisplayName": "Caterpillar",
  "instrumentTypeID": 5,
  "exchangeID": 5,
  "images": [
    {
      "instrumentID": 1012,
      "width": 50.0,
      "height": 50.0,
      "uri": "https://etoro-cdn.etorostatic.com/market-avatars/cat/50x50.png"
    },
    {
      "instrumentID": 1012,
      "width": 150.0,
      "height": 150.0,
      "uri": "https://etoro-cdn.etorostatic.com/market-avatars/cat/150x150.png"
    },
    {
      "instrumentID": 1012,
      "width": 35.0,
      "height": 35.0,
      "uri": "https://etoro-cdn.etorostatic.com/market-avatars/cat/35x35.png"
    },
    {
      "instrumentID": 1012,
      "width": 90.0,
      "height": 90.0,
      "uri": "https://etoro-cdn.etorostatic.com/market-avatars/cat/90x90.png"
    },
    {
      "instrumentID": 1012,
      "uri": "https://etoro-cdn.etorostatic.com/market-avatars/1012/1012_2C2C2C_F7F7F7.svg",
      "backgroundColor": "#2C2C2C",
      "textColor": "#F7F7F7"
    }
  ],
  "symbolFull": "CAT",
  "stocksIndustryID": 6,
  "priceSource": "NASDAQ",
  "hasExpirationDate": false,
  "isInternalInstrument": false,
  "distributionType": 5
}
2026-06-08 19:08:36,215 | DEBUG    | api_backfiller | [api_backfiller] Keine API-Precision für ID 1102 (PBR). Equity-Fallback (2,2) wird von run_backfill() angewendet.
2026-06-08 19:08:36,215 | DEBUG    | api_backfiller | Vollständiger Item-Dump: {
  "instrumentID": 1102,
  "instrumentDisplayName": "Petroleo Brasileiro SA Petrobras-ADR",
  "instrumentTypeID": 5,
  "exchangeID": 5,
  "images": [
    {
      "instrumentID": 1102,
      "width": 35.0,
      "height": 35.0,
      "uri": "https://etoro-cdn.etorostatic.com/market-avatars/pbr/35x35.png"
    },
    {
      "instrumentID": 1102,
      "width": 50.0,
      "height": 50.0,
      "uri": "https://etoro-cdn.etorostatic.com/market-avatars/pbr/50x50.png"
    },
    {
      "instrumentID": 1102,
      "width": 80.0,
      "height": 80.0,
      "uri": "https://etoro-cdn.etorostatic.com/market-avatars/pbr/80x80.png"
    },
    {
      "instrumentID": 1102,
      "width": 90.0,
      "height": 90.0,
      "uri": "https://etoro-cdn.etorostatic.com/market-avatars/pbr/90x90.png"
    },
    {
      "instrumentID": 1102,
      "width": 150.0,
      "height": 150.0,
      "uri": "https://etoro-cdn.etorostatic.com/market-avatars/pbr/150x150.png"
    },
    {
      "instrumentID": 1102,
      "uri": "https://etoro-cdn.etorostatic.com/market-avatars/1102/1102_00853F_F7F7F7.svg",
      "backgroundColor": "#00853F",
      "textColor": "#F7F7F7"
    }
  ],
  "symbolFull": "PBR",
  "stocksIndustryID": 1,
  "priceSource": "NASDAQ",
  "hasExpirationDate": false,
  "isInternalInstrument": false,
  "distributionType": 5
}
2026-06-08 19:08:36,215 | DEBUG    | api_backfiller | [api_backfiller] Keine API-Precision für ID 1115 (NOK). Equity-Fallback (2,2) wird von run_backfill() angewendet.
2026-06-08 19:08:36,215 | DEBUG    | api_backfiller | Vollständiger Item-Dump: {
  "instrumentID": 1115,
  "instrumentDisplayName": "Nokia Oyj-ADR",
  "instrumentTypeID": 5,
  "exchangeID": 5,
  "images": [
    {
      "instrumentID": 1115,
      "width": 35.0,
      "height": 35.0,
      "uri": "https://etoro-cdn.etorostatic.com/market-avatars/nok/35x35.png"
    },
    {
      "instrumentID": 1115,
      "width": 50.0,
      "height": 50.0,
      "uri": "https://etoro-cdn.etorostatic.com/market-avatars/nok/50x50.png"
    },
    {
      "instrumentID": 1115,
      "width": 80.0,
      "height": 80.0,
      "uri": "https://etoro-cdn.etorostatic.com/market-avatars/nok/80x80.png"
    },
    {
      "instrumentID": 1115,
      "width": 90.0,
      "height": 90.0,
      "uri": "https://etoro-cdn.etorostatic.com/market-avatars/nok/90x90.png"
    },
    {
      "instrumentID": 1115,
      "width": 150.0,
      "height": 150.0,
      "uri": "https://etoro-cdn.etorostatic.com/market-avatars/nok/150x150.png"
    },
    {
      "instrumentID": 1115,
      "uri": "https://etoro-cdn.etorostatic.com/market-avatars/1115/1115_124191_F7F7F7.svg",
      "backgroundColor": "#124191",
      "textColor": "#F7F7F7"
    }
  ],
  "symbolFull": "NOK",
  "stocksIndustryID": 8,
  "priceSource": "NASDAQ",
  "hasExpirationDate": false,
  "isInternalInstrument": false,
  "distributionType": 5
}
2026-06-08 19:08:36,215 | DEBUG    | api_backfiller | [api_backfiller] Keine API-Precision für ID 1129 (WDC). Equity-Fallback (2,2) wird von run_backfill() angewendet.
2026-06-08 19:08:36,215 | DEBUG    | api_backfiller | [api_backfiller] Keine API-Precision für ID 1130 (MU). Equity-Fallback (2,2) wird von run_backfill() angewendet.
2026-06-08 19:08:36,215 | DEBUG    | api_backfiller | [api_backfiller] Keine API-Precision für ID 1138 (FDX). Equity-Fallback (2,2) wird von run_backfill() angewendet.
2026-06-08 19:08:36,215 | DEBUG    | api_backfiller | [api_backfiller] Keine API-Precision für ID 1184 (PINS). Equity-Fallback (2,2) wird von run_backfill() angewendet.
2026-06-08 19:08:36,215 | DEBUG    | api_backfiller | [api_backfiller] Keine API-Precision für ID 1341 (GEV). Equity-Fallback (2,2) wird von run_backfill() angewendet.
2026-06-08 19:08:36,215 | DEBUG    | api_backfiller | [api_backfiller] Keine API-Precision für ID 1484 (PYPL). Equity-Fallback (2,2) wird von run_backfill() angewendet.
2026-06-08 19:08:36,216 | DEBUG    | api_backfiller | [api_backfiller] Keine API-Precision für ID 1585 (GIS). Equity-Fallback (2,2) wird von run_backfill() angewendet.
2026-06-08 19:08:36,216 | DEBUG    | api_backfiller | [api_backfiller] Keine API-Precision für ID 1586 (CAG). Equity-Fallback (2,2) wird von run_backfill() angewendet.
2026-06-08 19:08:36,216 | DEBUG    | api_backfiller | [api_backfiller] Keine API-Precision für ID 1687 (GLW). Equity-Fallback (2,2) wird von run_backfill() angewendet.
2026-06-08 19:08:36,216 | DEBUG    | api_backfiller | [api_backfiller] Keine API-Precision für ID 1706 (AMAT). Equity-Fallback (2,2) wird von run_backfill() angewendet.
2026-06-08 19:08:36,216 | DEBUG    | api_backfiller | [api_backfiller] Keine API-Precision für ID 1832 (AMD). Equity-Fallback (2,2) wird von run_backfill() angewendet.
2026-06-08 19:08:36,216 | DEBUG    | api_backfiller | [api_backfiller] Keine API-Precision für ID 1865 (FISV). Equity-Fallback (2,2) wird von run_backfill() angewendet.
2026-06-08 19:08:36,216 | DEBUG    | api_backfiller | [api_backfiller] Keine API-Precision für ID 1905 (MTZ). Equity-Fallback (2,2) wird von run_backfill() angewendet.
2026-06-08 19:08:36,216 | DEBUG    | api_backfiller | [api_backfiller] Keine API-Precision für ID 1906 (LRCX). Equity-Fallback (2,2) wird von run_backfill() angewendet.
2026-06-08 19:08:36,216 | DEBUG    | api_backfiller | [api_backfiller] Keine API-Precision für ID 1914 (INTU). Equity-Fallback (2,2) wird von run_backfill() angewendet.
2026-06-08 19:08:36,216 | DEBUG    | api_backfiller | [api_backfiller] Keine API-Precision für ID 1945 (CMG). Equity-Fallback (2,2) wird von run_backfill() angewendet.
2026-06-08 19:08:36,216 | DEBUG    | api_backfiller | [api_backfiller] Keine API-Precision für ID 4067 (GSAT). Equity-Fallback (2,2) wird von run_backfill() angewendet.
2026-06-08 19:08:36,216 | DEBUG    | api_backfiller | [api_backfiller] Keine API-Precision für ID 4260 (NOW). Equity-Fallback (2,2) wird von run_backfill() angewendet.
2026-06-08 19:08:36,216 | DEBUG    | api_backfiller | [api_backfiller] Keine API-Precision für ID 4263 (WDAY). Equity-Fallback (2,2) wird von run_backfill() angewendet.
2026-06-08 19:08:36,216 | DEBUG    | api_backfiller | [api_backfiller] Keine API-Precision für ID 4309 (LULU). Equity-Fallback (2,2) wird von run_backfill() angewendet.
2026-06-08 19:08:36,216 | DEBUG    | api_backfiller | [api_backfiller] Keine API-Precision für ID 4356 (STX.US). Equity-Fallback (2,2) wird von run_backfill() angewendet.
2026-06-08 19:08:36,216 | DEBUG    | api_backfiller | [api_backfiller] Keine API-Precision für ID 4358 (MRVL). Equity-Fallback (2,2) wird von run_backfill() angewendet.
2026-06-08 19:08:36,216 | DEBUG    | api_backfiller | [api_backfiller] Keine API-Precision für ID 4399 (TTD). Equity-Fallback (2,2) wird von run_backfill() angewendet.
2026-06-08 19:08:36,216 | DEBUG    | api_backfiller | [api_backfiller] Keine API-Precision für ID 4421 (CIEN). Equity-Fallback (2,2) wird von run_backfill() angewendet.
2026-06-08 19:08:36,216 | DEBUG    | api_backfiller | [api_backfiller] Keine API-Precision für ID 4482 (TME). Equity-Fallback (2,2) wird von run_backfill() angewendet.
2026-06-08 19:08:36,216 | DEBUG    | api_backfiller | [api_backfiller] Keine API-Precision für ID 5491 (ASX). Equity-Fallback (2,2) wird von run_backfill() angewendet.
2026-06-08 19:08:36,216 | DEBUG    | api_backfiller | [api_backfiller] Keine API-Precision für ID 5657 (SMTC). Equity-Fallback (2,2) wird von run_backfill() angewendet.
2026-06-08 19:08:36,216 | DEBUG    | api_backfiller | [api_backfiller] Keine API-Precision für ID 5960 (SE). Equity-Fallback (2,2) wird von run_backfill() angewendet.
2026-06-08 19:08:36,216 | DEBUG    | api_backfiller | [api_backfiller] Keine API-Precision für ID 5967 (CPRT). Equity-Fallback (2,2) wird von run_backfill() angewendet.
2026-06-08 19:08:36,216 | DEBUG    | api_backfiller | [api_backfiller] Keine API-Precision für ID 6071 (AXON). Equity-Fallback (2,2) wird von run_backfill() angewendet.
2026-06-08 19:08:36,216 | DEBUG    | api_backfiller | [api_backfiller] Keine API-Precision für ID 6094 (COHR). Equity-Fallback (2,2) wird von run_backfill() angewendet.
2026-06-08 19:08:36,216 | DEBUG    | api_backfiller | [api_backfiller] Keine API-Precision für ID 6434 (GOOGL). Equity-Fallback (2,2) wird von run_backfill() angewendet.
2026-06-08 19:08:36,216 | DEBUG    | api_backfiller | [api_backfiller] Keine API-Precision für ID 6473 (MSTR). Equity-Fallback (2,2) wird von run_backfill() angewendet.
2026-06-08 19:08:36,216 | DEBUG    | api_backfiller | [api_backfiller] Keine API-Precision für ID 6549 (TER). Equity-Fallback (2,2) wird von run_backfill() angewendet.
2026-06-08 19:08:36,216 | DEBUG    | api_backfiller | [api_backfiller] Keine API-Precision für ID 6681 (ELF). Equity-Fallback (2,2) wird von run_backfill() angewendet.
2026-06-08 19:08:36,216 | DEBUG    | api_backfiller | [api_backfiller] Keine API-Precision für ID 6705 (FRO). Equity-Fallback (2,2) wird von run_backfill() angewendet.
2026-06-08 19:08:36,216 | DEBUG    | api_backfiller | [api_backfiller] Keine API-Precision für ID 6844 (NVO). Equity-Fallback (2,2) wird von run_backfill() angewendet.
2026-06-08 19:08:36,216 | DEBUG    | api_backfiller | [api_backfiller] Keine API-Precision für ID 6940 (SQM). Equity-Fallback (2,2) wird von run_backfill() angewendet.
2026-06-08 19:08:36,216 | DEBUG    | api_backfiller | [api_backfiller] Keine API-Precision für ID 7852 (AMKR). Equity-Fallback (2,2) wird von run_backfill() angewendet.
2026-06-08 19:08:36,216 | DEBUG    | api_backfiller | [api_backfiller] Keine API-Precision für ID 7930 (LQDA). Equity-Fallback (2,2) wird von run_backfill() angewendet.
2026-06-08 19:08:36,216 | DEBUG    | api_backfiller | [api_backfiller] Keine API-Precision für ID 8604 (KD). Equity-Fallback (2,2) wird von run_backfill() angewendet.
2026-06-08 19:08:36,216 | DEBUG    | api_backfiller | [api_backfiller] Keine API-Precision für ID 8637 (DUOL). Equity-Fallback (2,2) wird von run_backfill() angewendet.
2026-06-08 19:08:36,216 | DEBUG    | api_backfiller | [api_backfiller] Keine API-Precision für ID 8867 (VRT). Equity-Fallback (2,2) wird von run_backfill() angewendet.
2026-06-08 19:08:36,216 | DEBUG    | api_backfiller | [api_backfiller] Keine API-Precision für ID 9271 (MNDY). Equity-Fallback (2,2) wird von run_backfill() angewendet.
2026-06-08 19:08:36,216 | DEBUG    | api_backfiller | [api_backfiller] Keine API-Precision für ID 9814 (POWL). Equity-Fallback (2,2) wird von run_backfill() angewendet.
2026-06-08 19:08:36,217 | DEBUG    | api_backfiller | [api_backfiller] Keine API-Precision für ID 10476 (SEI.US). Equity-Fallback (2,2) wird von run_backfill() angewendet.
2026-06-08 19:08:36,217 | DEBUG    | api_backfiller | [api_backfiller] Keine API-Precision für ID 14310 (NTSK). Equity-Fallback (2,2) wird von run_backfill() angewendet.
2026-06-08 19:08:36,812 | DEBUG    | api_backfiller | [api_backfiller] Raw API response (first 500 chars): {'instrumentDisplayDatas': [{'instrumentID': 22, 'instrumentDisplayName': 'Natural Gas (Non Expiry)', 'instrumentTypeID': 2, 'exchangeID': 2, 'images': [{'instrumentID': 22, 'width': 35.0, 'height': 35.0, 'uri': 'https://etoro-cdn.etorostatic.com/market-avatars/natgas/35x35.png'}, {'instrumentID': 22, 'width': 80.0, 'height': 80.0}, {'instrumentID': 22, 'width': 50.0, 'height': 50.0, 'uri': 'https://etoro-cdn.etorostatic.com/market-avatars/natgas/50x50.png'}, {'instrumentID': 22, 'width': 150.0,
2026-06-08 19:08:36,813 | DEBUG    | api_backfiller | [api_backfiller] ID 22: price_precision via historischem Fallback=5
2026-06-08 19:08:36,813 | DEBUG    | api_backfiller | [api_backfiller] ID 22: size_precision via historischem Fallback=5
2026-06-08 19:08:36,813 | DEBUG    | api_backfiller | [api_backfiller] ID 22 (NATGAS): price_prec=5, size_prec=5
2026-06-08 19:08:36,813 | DEBUG    | api_backfiller | [api_backfiller] ID 42: price_precision via historischem Fallback=5
2026-06-08 19:08:36,813 | DEBUG    | api_backfiller | [api_backfiller] ID 42: size_precision via historischem Fallback=5
2026-06-08 19:08:36,813 | DEBUG    | api_backfiller | [api_backfiller] ID 42 (USDZAR): price_prec=5, size_prec=5
2026-06-08 19:08:36,813 | DEBUG    | api_backfiller | [api_backfiller] ID 62: price_precision via historischem Fallback=5
2026-06-08 19:08:36,813 | DEBUG    | api_backfiller | [api_backfiller] ID 62: size_precision via historischem Fallback=5
2026-06-08 19:08:36,813 | DEBUG    | api_backfiller | [api_backfiller] ID 62 (USDTRY): price_prec=5, size_prec=5
2026-06-08 19:08:36,813 | DEBUG    | api_backfiller | [api_backfiller] Keine API-Precision für ID 1002 (GOOG). Equity-Fallback (2,2) wird von run_backfill() angewendet.
2026-06-08 19:08:36,813 | DEBUG    | api_backfiller | [api_backfiller] Keine API-Precision für ID 1022 (JNJ). Equity-Fallback (2,2) wird von run_backfill() angewendet.
2026-06-08 19:08:36,813 | DEBUG    | api_backfiller | [api_backfiller] Keine API-Precision für ID 1111 (TSLA). Equity-Fallback (2,2) wird von run_backfill() angewendet.
2026-06-08 19:08:36,813 | DEBUG    | api_backfiller | [api_backfiller] Keine API-Precision für ID 1126 (ADBE). Equity-Fallback (2,2) wird von run_backfill() angewendet.
2026-06-08 19:08:36,813 | DEBUG    | api_backfiller | [api_backfiller] Keine API-Precision für ID 1137 (NVDA). Equity-Fallback (2,2) wird von run_backfill() angewendet.
2026-06-08 19:08:36,813 | DEBUG    | api_backfiller | [api_backfiller] Keine API-Precision für ID 1160 (WIX). Equity-Fallback (2,2) wird von run_backfill() angewendet.
2026-06-08 19:08:36,813 | DEBUG    | api_backfiller | [api_backfiller] Keine API-Precision für ID 1402 (ROP.ZU). Equity-Fallback (2,2) wird von run_backfill() angewendet.
2026-06-08 19:08:36,813 | DEBUG    | api_backfiller | [api_backfiller] Keine API-Precision für ID 1450 (ACN). Equity-Fallback (2,2) wird von run_backfill() angewendet.
2026-06-08 19:08:36,813 | DEBUG    | api_backfiller | [api_backfiller] Keine API-Precision für ID 1497 (VLO). Equity-Fallback (2,2) wird von run_backfill() angewendet.
2026-06-08 19:08:36,813 | DEBUG    | api_backfiller | [api_backfiller] Keine API-Precision für ID 1531 (HAL). Equity-Fallback (2,2) wird von run_backfill() angewendet.
2026-06-08 19:08:36,813 | DEBUG    | api_backfiller | [api_backfiller] Keine API-Precision für ID 1552 (ABT.US). Equity-Fallback (2,2) wird von run_backfill() angewendet.
2026-06-08 19:08:36,813 | DEBUG    | api_backfiller | [api_backfiller] Keine API-Precision für ID 1704 (CHTR). Equity-Fallback (2,2) wird von run_backfill() angewendet.
2026-06-08 19:08:36,813 | DEBUG    | api_backfiller | [api_backfiller] Keine API-Precision für ID 1839 (CRM). Equity-Fallback (2,2) wird von run_backfill() angewendet.
2026-06-08 19:08:36,813 | DEBUG    | api_backfiller | [api_backfiller] Keine API-Precision für ID 1979 (SNAP). Equity-Fallback (2,2) wird von run_backfill() angewendet.
2026-06-08 19:08:36,813 | DEBUG    | api_backfiller | [api_backfiller] Keine API-Precision für ID 2380 (01211.HK). Equity-Fallback (2,2) wird von run_backfill() angewendet.
2026-06-08 19:08:36,813 | DEBUG    | api_backfiller | [api_backfiller] Keine API-Precision für ID 2587 (RHM.DE). Equity-Fallback (2,2) wird von run_backfill() angewendet.
2026-06-08 19:08:36,813 | DEBUG    | api_backfiller | [api_backfiller] ID 3208: price_precision via historischem Fallback=5
2026-06-08 19:08:36,813 | DEBUG    | api_backfiller | [api_backfiller] ID 3208: size_precision via historischem Fallback=5
2026-06-08 19:08:36,813 | DEBUG    | api_backfiller | [api_backfiller] ID 3208 (PALL): price_prec=5, size_prec=5
2026-06-08 19:08:36,813 | DEBUG    | api_backfiller | [api_backfiller] Keine API-Precision für ID 4074 (HUBS). Equity-Fallback (2,2) wird von run_backfill() angewendet.
2026-06-08 19:08:36,813 | DEBUG    | api_backfiller | [api_backfiller] Keine API-Precision für ID 4087 (JAZZ). Equity-Fallback (2,2) wird von run_backfill() angewendet.
2026-06-08 19:08:36,813 | DEBUG    | api_backfiller | [api_backfiller] Keine API-Precision für ID 4194 (ZTS). Equity-Fallback (2,2) wird von run_backfill() angewendet.
2026-06-08 19:08:36,813 | DEBUG    | api_backfiller | [api_backfiller] Keine API-Precision für ID 4232 (NVS). Equity-Fallback (2,2) wird von run_backfill() angewendet.
2026-06-08 19:08:36,813 | DEBUG    | api_backfiller | [api_backfiller] Keine API-Precision für ID 4272 (CCL). Equity-Fallback (2,2) wird von run_backfill() angewendet.
2026-06-08 19:08:36,813 | DEBUG    | api_backfiller | [api_backfiller] Keine API-Precision für ID 4286 (TEAM). Equity-Fallback (2,2) wird von run_backfill() angewendet.
2026-06-08 19:08:36,814 | DEBUG    | api_backfiller | [api_backfiller] Keine API-Precision für ID 4398 (DOCU). Equity-Fallback (2,2) wird von run_backfill() angewendet.
2026-06-08 19:08:36,814 | DEBUG    | api_backfiller | [api_backfiller] Keine API-Precision für ID 4403 (ZS). Equity-Fallback (2,2) wird von run_backfill() angewendet.
2026-06-08 19:08:36,814 | DEBUG    | api_backfiller | [api_backfiller] Keine API-Precision für ID 5045 (FSLY). Equity-Fallback (2,2) wird von run_backfill() angewendet.
2026-06-08 19:08:36,814 | DEBUG    | api_backfiller | [api_backfiller] Keine API-Precision für ID 5635 (EEFT). Equity-Fallback (2,2) wird von run_backfill() angewendet.
2026-06-08 19:08:36,814 | DEBUG    | api_backfiller | [api_backfiller] Keine API-Precision für ID 6270 (RIOT). Equity-Fallback (2,2) wird von run_backfill() angewendet.
2026-06-08 19:08:36,814 | DEBUG    | api_backfiller | [api_backfiller] Keine API-Precision für ID 6552 (TSEM). Equity-Fallback (2,2) wird von run_backfill() angewendet.
2026-06-08 19:08:36,814 | DEBUG    | api_backfiller | [api_backfiller] Keine API-Precision für ID 6584 (AG). Equity-Fallback (2,2) wird von run_backfill() angewendet.
2026-06-08 19:08:36,814 | DEBUG    | api_backfiller | [api_backfiller] Keine API-Precision für ID 6700 (XPEV). Equity-Fallback (2,2) wird von run_backfill() angewendet.
2026-06-08 19:08:36,814 | DEBUG    | api_backfiller | [api_backfiller] Keine API-Precision für ID 7991 (PLTR). Equity-Fallback (2,2) wird von run_backfill() angewendet.
2026-06-08 19:08:36,814 | DEBUG    | api_backfiller | [api_backfiller] Keine API-Precision für ID 8585 (GTLB). Equity-Fallback (2,2) wird von run_backfill() angewendet.
2026-06-08 19:08:36,814 | DEBUG    | api_backfiller | [api_backfiller] Keine API-Precision für ID 8611 (WBD). Equity-Fallback (2,2) wird von run_backfill() angewendet.
2026-06-08 19:08:36,814 | DEBUG    | api_backfiller | [api_backfiller] Keine API-Precision für ID 8638 (E). Equity-Fallback (2,2) wird von run_backfill() angewendet.
2026-06-08 19:08:36,814 | DEBUG    | api_backfiller | [api_backfiller] Keine API-Precision für ID 8671 (HUT). Equity-Fallback (2,2) wird von run_backfill() angewendet.
2026-06-08 19:08:36,814 | DEBUG    | api_backfiller | [api_backfiller] Keine API-Precision für ID 9077 (FICO). Equity-Fallback (2,2) wird von run_backfill() angewendet.
2026-06-08 19:08:36,814 | DEBUG    | api_backfiller | [api_backfiller] Keine API-Precision für ID 9119 (INSM). Equity-Fallback (2,2) wird von run_backfill() angewendet.
2026-06-08 19:08:36,814 | DEBUG    | api_backfiller | [api_backfiller] Keine API-Precision für ID 9517 (INSW). Equity-Fallback (2,2) wird von run_backfill() angewendet.
2026-06-08 19:08:36,814 | DEBUG    | api_backfiller | [api_backfiller] Keine API-Precision für ID 9803 (TTMI). Equity-Fallback (2,2) wird von run_backfill() angewendet.
2026-06-08 19:08:36,814 | DEBUG    | api_backfiller | [api_backfiller] Keine API-Precision für ID 15233 (ESLT). Equity-Fallback (2,2) wird von run_backfill() angewendet.
2026-06-08 19:08:36,814 | DEBUG    | api_backfiller | [api_backfiller] ID 100000: price_precision via historischem Fallback=2
2026-06-08 19:08:36,814 | DEBUG    | api_backfiller | [api_backfiller] ID 100000: size_precision via historischem Fallback=8
2026-06-08 19:08:36,814 | DEBUG    | api_backfiller | [api_backfiller] ID 100000 (BTC): price_prec=2, size_prec=8
2026-06-08 19:08:36,814 | DEBUG    | api_backfiller | [api_backfiller] ID 100001: price_precision via historischem Fallback=2
2026-06-08 19:08:36,814 | DEBUG    | api_backfiller | [api_backfiller] ID 100001: size_precision via historischem Fallback=8
2026-06-08 19:08:36,814 | DEBUG    | api_backfiller | [api_backfiller] ID 100001 (ETH): price_prec=2, size_prec=8
2026-06-08 19:08:36,814 | DEBUG    | api_backfiller | [api_backfiller] ID 100003: price_precision via historischem Fallback=2
2026-06-08 19:08:36,814 | DEBUG    | api_backfiller | [api_backfiller] ID 100003: size_precision via historischem Fallback=8
2026-06-08 19:08:36,814 | DEBUG    | api_backfiller | [api_backfiller] ID 100003 (XRP): price_prec=2, size_prec=8
2026-06-08 19:08:36,814 | DEBUG    | api_backfiller | [api_backfiller] ID 100017: price_precision via historischem Fallback=2
2026-06-08 19:08:36,814 | DEBUG    | api_backfiller | [api_backfiller] ID 100017: size_precision via historischem Fallback=8
2026-06-08 19:08:36,814 | DEBUG    | api_backfiller | [api_backfiller] ID 100017 (ADA): price_prec=2, size_prec=8
2026-06-08 19:08:36,814 | DEBUG    | api_backfiller | [api_backfiller] ID 100043: price_precision via historischem Fallback=2
2026-06-08 19:08:36,814 | DEBUG    | api_backfiller | [api_backfiller] ID 100043: size_precision via historischem Fallback=8
2026-06-08 19:08:36,814 | DEBUG    | api_backfiller | [api_backfiller] ID 100043 (DOGE): price_prec=2, size_prec=8
2026-06-08 19:08:36,814 | DEBUG    | api_backfiller | [api_backfiller] ID 100063: price_precision via historischem Fallback=2
2026-06-08 19:08:36,814 | DEBUG    | api_backfiller | [api_backfiller] ID 100063: size_precision via historischem Fallback=8
2026-06-08 19:08:36,814 | DEBUG    | api_backfiller | [api_backfiller] ID 100063 (SOL): price_prec=2, size_prec=8
2026-06-08 19:08:37,380 | DEBUG    | api_backfiller | [api_backfiller] Raw API response (first 500 chars): {'instrumentDisplayDatas': [{'instrumentID': 100080, 'instrumentDisplayName': 'Shiba (in millions)', 'instrumentTypeID': 10, 'exchangeID': 8, 'images': [{'instrumentID': 100080, 'width': 35.0, 'height': 35.0, 'uri': 'https://etoro-cdn.etorostatic.com/market-avatars/100080/35x35.png'}, {'instrumentID': 100080, 'width': 50.0, 'height': 50.0, 'uri': 'https://etoro-cdn.etorostatic.com/market-avatars/100080/50x50.png'}, {'instrumentID': 100080, 'width': 150.0, 'height': 150.0, 'uri': 'https://etoro-c
2026-06-08 19:08:37,380 | DEBUG    | api_backfiller | [api_backfiller] ID 100080: price_precision via historischem Fallback=8
2026-06-08 19:08:37,380 | DEBUG    | api_backfiller | [api_backfiller] ID 100080: size_precision via historischem Fallback=8
2026-06-08 19:08:37,380 | DEBUG    | api_backfiller | [api_backfiller] ID 100080 (SHIBxM): price_prec=8, size_prec=8
2026-06-08 19:08:37,380 | DEBUG    | api_backfiller | [api_backfiller] ID 100085: price_precision via historischem Fallback=2
2026-06-08 19:08:37,380 | DEBUG    | api_backfiller | [api_backfiller] ID 100085: size_precision via historischem Fallback=8
2026-06-08 19:08:37,380 | DEBUG    | api_backfiller | [api_backfiller] ID 100085 (AVAX): price_prec=2, size_prec=8
2026-06-08 19:08:37,380 | DEBUG    | api_backfiller | [api_backfiller] ID 100303: price_precision via historischem Fallback=8
2026-06-08 19:08:37,380 | DEBUG    | api_backfiller | [api_backfiller] ID 100303: size_precision via historischem Fallback=8
2026-06-08 19:08:37,380 | DEBUG    | api_backfiller | [api_backfiller] ID 100303 (PEPExM): price_prec=8, size_prec=8
2026-06-08 19:08:37,380 | DEBUG    | api_backfiller | [api_backfiller] ID 100323: price_precision via historischem Fallback=2
2026-06-08 19:08:37,380 | DEBUG    | api_backfiller | [api_backfiller] ID 100323: size_precision via historischem Fallback=8
2026-06-08 19:08:37,380 | DEBUG    | api_backfiller | [api_backfiller] ID 100323 (ONDO): price_prec=2, size_prec=8
2026-06-08 19:08:37,380 | DEBUG    | api_backfiller | [api_backfiller] ID 100421: price_precision via historischem Fallback=2
2026-06-08 19:08:37,380 | DEBUG    | api_backfiller | [api_backfiller] ID 100421: size_precision via historischem Fallback=8
2026-06-08 19:08:37,380 | DEBUG    | api_backfiller | [api_backfiller] ID 100421 (AERO): price_prec=2, size_prec=8
2026-06-08 19:08:37,380 | DEBUG    | api_backfiller | [api_backfiller] ID 100446: price_precision via historischem Fallback=2
2026-06-08 19:08:37,380 | DEBUG    | api_backfiller | [api_backfiller] ID 100446: size_precision via historischem Fallback=8
2026-06-08 19:08:37,380 | DEBUG    | api_backfiller | [api_backfiller] ID 100446 (HYPE): price_prec=2, size_prec=8
2026-06-08 19:08:37,881 | INFO     | api_backfiller | [api_backfiller] Precision-Auflösung abgeschlossen: 16 direkt via API, 0 via Symbol-Fallback (_fallback_precisions), 90 Equities erhalten (2,2) in run_backfill().
2026-06-08 19:08:38,055 | DEBUG    | api_backfiller | [api_backfiller] 01211.HK.ETORO: Precision-Fallback price_prec=2, size_prec=2
2026-06-08 19:08:38,144 | INFO     | api_backfiller | [api_backfiller] 01211.HK.ETORO: 30 Candles konvertiert (price_prec=2, size_prec=2).
2026-06-08 19:08:38,148 | DEBUG    | api_backfiller | [api_backfiller] 01211.HK.ETORO: 1277→1247 Zeilen (-30 Duplikate)
2026-06-08 19:08:38,150 | INFO     | api_backfiller | [api_backfiller] 01211.HK.ETORO: 1247 Zeilen gespeichert (price_prec=2, size_prec=2) → data.parquet
2026-06-08 19:08:39,252 | DEBUG    | api_backfiller | [api_backfiller] ABT.US.ETORO: Precision-Fallback price_prec=2, size_prec=2
2026-06-08 19:08:39,320 | INFO     | api_backfiller | [api_backfiller] ABT.US.ETORO: 115 Candles konvertiert (price_prec=2, size_prec=2).
2026-06-08 19:08:39,323 | DEBUG    | api_backfiller | [api_backfiller] ABT.US.ETORO: 1356→1242 Zeilen (-114 Duplikate)
2026-06-08 19:08:39,324 | INFO     | api_backfiller | [api_backfiller] ABT.US.ETORO: 1242 Zeilen gespeichert (price_prec=2, size_prec=2) → data.parquet
2026-06-08 19:08:40,427 | DEBUG    | api_backfiller | [api_backfiller] ACN.ETORO: Precision-Fallback price_prec=2, size_prec=2
2026-06-08 19:08:40,498 | INFO     | api_backfiller | [api_backfiller] ACN.ETORO: 116 Candles konvertiert (price_prec=2, size_prec=2).
2026-06-08 19:08:40,502 | DEBUG    | api_backfiller | [api_backfiller] ACN.ETORO: 1449→1334 Zeilen (-115 Duplikate)
2026-06-08 19:08:40,504 | INFO     | api_backfiller | [api_backfiller] ACN.ETORO: 1334 Zeilen gespeichert (price_prec=2, size_prec=2) → data.parquet
2026-06-08 19:08:41,679 | INFO     | api_backfiller | [api_backfiller] ADA.ETORO: 168 Candles konvertiert (price_prec=2, size_prec=8).
2026-06-08 19:08:41,683 | DEBUG    | api_backfiller | [api_backfiller] ADA.ETORO: 1581→1414 Zeilen (-167 Duplikate)
2026-06-08 19:08:41,684 | INFO     | api_backfiller | [api_backfiller] ADA.ETORO: 1414 Zeilen gespeichert (price_prec=2, size_prec=8) → data.parquet
2026-06-08 19:08:42,789 | DEBUG    | api_backfiller | [api_backfiller] ADBE.ETORO: Precision-Fallback price_prec=2, size_prec=2
2026-06-08 19:08:42,854 | INFO     | api_backfiller | [api_backfiller] ADBE.ETORO: 116 Candles konvertiert (price_prec=2, size_prec=2).
2026-06-08 19:08:42,858 | DEBUG    | api_backfiller | [api_backfiller] ADBE.ETORO: 1449→1334 Zeilen (-115 Duplikate)
2026-06-08 19:08:42,859 | INFO     | api_backfiller | [api_backfiller] ADBE.ETORO: 1334 Zeilen gespeichert (price_prec=2, size_prec=2) → data.parquet
2026-06-08 19:08:44,034 | INFO     | api_backfiller | [api_backfiller] AERO.ETORO: 168 Candles konvertiert (price_prec=2, size_prec=8).
2026-06-08 19:08:44,039 | DEBUG    | api_backfiller | [api_backfiller] AERO.ETORO: 1580→1413 Zeilen (-167 Duplikate)
2026-06-08 19:08:44,041 | INFO     | api_backfiller | [api_backfiller] AERO.ETORO: 1413 Zeilen gespeichert (price_prec=2, size_prec=8) → data.parquet
2026-06-08 19:08:45,146 | DEBUG    | api_backfiller | [api_backfiller] AG.ETORO: Precision-Fallback price_prec=2, size_prec=2
2026-06-08 19:08:45,216 | INFO     | api_backfiller | [api_backfiller] AG.ETORO: 35 Candles konvertiert (price_prec=2, size_prec=2).
2026-06-08 19:08:45,220 | DEBUG    | api_backfiller | [api_backfiller] AG.ETORO: 1312→1278 Zeilen (-34 Duplikate)
2026-06-08 19:08:45,221 | INFO     | api_backfiller | [api_backfiller] AG.ETORO: 1278 Zeilen gespeichert (price_prec=2, size_prec=2) → data.parquet
2026-06-08 19:08:46,324 | DEBUG    | api_backfiller | [api_backfiller] AMAT.ETORO: Precision-Fallback price_prec=2, size_prec=2
2026-06-08 19:08:46,409 | INFO     | api_backfiller | [api_backfiller] AMAT.ETORO: 116 Candles konvertiert (price_prec=2, size_prec=2).
2026-06-08 19:08:46,413 | DEBUG    | api_backfiller | [api_backfiller] AMAT.ETORO: 1358→1243 Zeilen (-115 Duplikate)
2026-06-08 19:08:46,414 | INFO     | api_backfiller | [api_backfiller] AMAT.ETORO: 1243 Zeilen gespeichert (price_prec=2, size_prec=2) → data.parquet
2026-06-08 19:08:47,518 | DEBUG    | api_backfiller | [api_backfiller] AMD.ETORO: Precision-Fallback price_prec=2, size_prec=2
2026-06-08 19:08:47,590 | INFO     | api_backfiller | [api_backfiller] AMD.ETORO: 116 Candles konvertiert (price_prec=2, size_prec=2).
2026-06-08 19:08:47,593 | DEBUG    | api_backfiller | [api_backfiller] AMD.ETORO: 1358→1243 Zeilen (-115 Duplikate)
2026-06-08 19:08:47,595 | INFO     | api_backfiller | [api_backfiller] AMD.ETORO: 1243 Zeilen gespeichert (price_prec=2, size_prec=2) → data.parquet
2026-06-08 19:08:48,700 | DEBUG    | api_backfiller | [api_backfiller] AMKR.ETORO: Precision-Fallback price_prec=2, size_prec=2
2026-06-08 19:08:48,803 | INFO     | api_backfiller | [api_backfiller] AMKR.ETORO: 35 Candles konvertiert (price_prec=2, size_prec=2).
2026-06-08 19:08:48,808 | DEBUG    | api_backfiller | [api_backfiller] AMKR.ETORO: 1283→1249 Zeilen (-34 Duplikate)
2026-06-08 19:08:48,809 | INFO     | api_backfiller | [api_backfiller] AMKR.ETORO: 1249 Zeilen gespeichert (price_prec=2, size_prec=2) → data.parquet
2026-06-08 19:08:49,915 | DEBUG    | api_backfiller | [api_backfiller] ASX.ETORO: Precision-Fallback price_prec=2, size_prec=2
2026-06-08 19:08:50,068 | INFO     | api_backfiller | [api_backfiller] ASX.ETORO: 35 Candles konvertiert (price_prec=2, size_prec=2).
2026-06-08 19:08:50,072 | DEBUG    | api_backfiller | [api_backfiller] ASX.ETORO: 1283→1249 Zeilen (-34 Duplikate)
2026-06-08 19:08:50,074 | INFO     | api_backfiller | [api_backfiller] ASX.ETORO: 1249 Zeilen gespeichert (price_prec=2, size_prec=2) → data.parquet
2026-06-08 19:08:51,252 | INFO     | api_backfiller | [api_backfiller] AVAX.ETORO: 168 Candles konvertiert (price_prec=2, size_prec=8).
2026-06-08 19:08:51,257 | DEBUG    | api_backfiller | [api_backfiller] AVAX.ETORO: 1580→1413 Zeilen (-167 Duplikate)
2026-06-08 19:08:51,258 | INFO     | api_backfiller | [api_backfiller] AVAX.ETORO: 1413 Zeilen gespeichert (price_prec=2, size_prec=8) → data.parquet
2026-06-08 19:08:52,363 | DEBUG    | api_backfiller | [api_backfiller] AXON.ETORO: Precision-Fallback price_prec=2, size_prec=2
2026-06-08 19:08:52,429 | INFO     | api_backfiller | [api_backfiller] AXON.ETORO: 111 Candles konvertiert (price_prec=2, size_prec=2).
2026-06-08 19:08:52,433 | DEBUG    | api_backfiller | [api_backfiller] AXON.ETORO: 1349→1239 Zeilen (-110 Duplikate)
2026-06-08 19:08:52,434 | INFO     | api_backfiller | [api_backfiller] AXON.ETORO: 1239 Zeilen gespeichert (price_prec=2, size_prec=2) → data.parquet
2026-06-08 19:08:53,611 | INFO     | api_backfiller | [api_backfiller] BTC.ETORO: 168 Candles konvertiert (price_prec=2, size_prec=8).
2026-06-08 19:08:53,614 | DEBUG    | api_backfiller | [api_backfiller] BTC.ETORO: 1581→1414 Zeilen (-167 Duplikate)
2026-06-08 19:08:53,615 | INFO     | api_backfiller | [api_backfiller] BTC.ETORO: 1414 Zeilen gespeichert (price_prec=2, size_prec=8) → data.parquet
2026-06-08 19:08:54,718 | DEBUG    | api_backfiller | [api_backfiller] CAG.ETORO: Precision-Fallback price_prec=2, size_prec=2
2026-06-08 19:08:54,826 | INFO     | api_backfiller | [api_backfiller] CAG.ETORO: 110 Candles konvertiert (price_prec=2, size_prec=2).
2026-06-08 19:08:54,830 | DEBUG    | api_backfiller | [api_backfiller] CAG.ETORO: 1350→1241 Zeilen (-109 Duplikate)
2026-06-08 19:08:54,831 | INFO     | api_backfiller | [api_backfiller] CAG.ETORO: 1241 Zeilen gespeichert (price_prec=2, size_prec=2) → data.parquet
2026-06-08 19:08:55,935 | DEBUG    | api_backfiller | [api_backfiller] CAT.ETORO: Precision-Fallback price_prec=2, size_prec=2
2026-06-08 19:08:56,007 | INFO     | api_backfiller | [api_backfiller] CAT.ETORO: 116 Candles konvertiert (price_prec=2, size_prec=2).
2026-06-08 19:08:56,011 | DEBUG    | api_backfiller | [api_backfiller] CAT.ETORO: 1449→1334 Zeilen (-115 Duplikate)
2026-06-08 19:08:56,012 | INFO     | api_backfiller | [api_backfiller] CAT.ETORO: 1334 Zeilen gespeichert (price_prec=2, size_prec=2) → data.parquet
2026-06-08 19:08:57,117 | DEBUG    | api_backfiller | [api_backfiller] CCL.ETORO: Precision-Fallback price_prec=2, size_prec=2
2026-06-08 19:08:57,190 | INFO     | api_backfiller | [api_backfiller] CCL.ETORO: 116 Candles konvertiert (price_prec=2, size_prec=2).
2026-06-08 19:08:57,194 | DEBUG    | api_backfiller | [api_backfiller] CCL.ETORO: 1358→1243 Zeilen (-115 Duplikate)
2026-06-08 19:08:57,195 | INFO     | api_backfiller | [api_backfiller] CCL.ETORO: 1243 Zeilen gespeichert (price_prec=2, size_prec=2) → data.parquet
2026-06-08 19:08:58,299 | DEBUG    | api_backfiller | [api_backfiller] CHTR.ETORO: Precision-Fallback price_prec=2, size_prec=2
2026-06-08 19:08:58,379 | INFO     | api_backfiller | [api_backfiller] CHTR.ETORO: 115 Candles konvertiert (price_prec=2, size_prec=2).
2026-06-08 19:08:58,384 | DEBUG    | api_backfiller | [api_backfiller] CHTR.ETORO: 1446→1332 Zeilen (-114 Duplikate)
2026-06-08 19:08:58,385 | INFO     | api_backfiller | [api_backfiller] CHTR.ETORO: 1332 Zeilen gespeichert (price_prec=2, size_prec=2) → data.parquet
2026-06-08 19:08:59,489 | DEBUG    | api_backfiller | [api_backfiller] CIEN.ETORO: Precision-Fallback price_prec=2, size_prec=2
2026-06-08 19:08:59,562 | INFO     | api_backfiller | [api_backfiller] CIEN.ETORO: 35 Candles konvertiert (price_prec=2, size_prec=2).
2026-06-08 19:08:59,566 | DEBUG    | api_backfiller | [api_backfiller] CIEN.ETORO: 1312→1278 Zeilen (-34 Duplikate)
2026-06-08 19:08:59,567 | INFO     | api_backfiller | [api_backfiller] CIEN.ETORO: 1278 Zeilen gespeichert (price_prec=2, size_prec=2) → data.parquet
2026-06-08 19:09:00,672 | DEBUG    | api_backfiller | [api_backfiller] CMG.ETORO: Precision-Fallback price_prec=2, size_prec=2
2026-06-08 19:09:00,745 | INFO     | api_backfiller | [api_backfiller] CMG.ETORO: 116 Candles konvertiert (price_prec=2, size_prec=2).
2026-06-08 19:09:00,747 | DEBUG    | api_backfiller | [api_backfiller] CMG.ETORO: 1448→1333 Zeilen (-115 Duplikate)
2026-06-08 19:09:00,748 | INFO     | api_backfiller | [api_backfiller] CMG.ETORO: 1333 Zeilen gespeichert (price_prec=2, size_prec=2) → data.parquet
2026-06-08 19:09:01,851 | DEBUG    | api_backfiller | [api_backfiller] COHR.ETORO: Precision-Fallback price_prec=2, size_prec=2
2026-06-08 19:09:01,927 | INFO     | api_backfiller | [api_backfiller] COHR.ETORO: 35 Candles konvertiert (price_prec=2, size_prec=2).
2026-06-08 19:09:01,929 | DEBUG    | api_backfiller | [api_backfiller] COHR.ETORO: 1312→1278 Zeilen (-34 Duplikate)
2026-06-08 19:09:01,930 | INFO     | api_backfiller | [api_backfiller] COHR.ETORO: 1278 Zeilen gespeichert (price_prec=2, size_prec=2) → data.parquet
2026-06-08 19:09:03,034 | DEBUG    | api_backfiller | [api_backfiller] CPRT.ETORO: Precision-Fallback price_prec=2, size_prec=2
2026-06-08 19:09:03,108 | INFO     | api_backfiller | [api_backfiller] CPRT.ETORO: 114 Candles konvertiert (price_prec=2, size_prec=2).
2026-06-08 19:09:03,111 | DEBUG    | api_backfiller | [api_backfiller] CPRT.ETORO: 1445→1332 Zeilen (-113 Duplikate)
2026-06-08 19:09:03,113 | INFO     | api_backfiller | [api_backfiller] CPRT.ETORO: 1332 Zeilen gespeichert (price_prec=2, size_prec=2) → data.parquet
2026-06-08 19:09:04,216 | DEBUG    | api_backfiller | [api_backfiller] CRM.ETORO: Precision-Fallback price_prec=2, size_prec=2
2026-06-08 19:09:04,286 | INFO     | api_backfiller | [api_backfiller] CRM.ETORO: 116 Candles konvertiert (price_prec=2, size_prec=2).
2026-06-08 19:09:04,289 | DEBUG    | api_backfiller | [api_backfiller] CRM.ETORO: 1449→1334 Zeilen (-115 Duplikate)
2026-06-08 19:09:04,290 | INFO     | api_backfiller | [api_backfiller] CRM.ETORO: 1334 Zeilen gespeichert (price_prec=2, size_prec=2) → data.parquet
2026-06-08 19:09:05,393 | DEBUG    | api_backfiller | [api_backfiller] DOCU.ETORO: Precision-Fallback price_prec=2, size_prec=2
2026-06-08 19:09:05,470 | INFO     | api_backfiller | [api_backfiller] DOCU.ETORO: 35 Candles konvertiert (price_prec=2, size_prec=2).
2026-06-08 19:09:05,472 | DEBUG    | api_backfiller | [api_backfiller] DOCU.ETORO: 1312→1278 Zeilen (-34 Duplikate)
2026-06-08 19:09:05,473 | INFO     | api_backfiller | [api_backfiller] DOCU.ETORO: 1278 Zeilen gespeichert (price_prec=2, size_prec=2) → data.parquet
2026-06-08 19:09:06,643 | INFO     | api_backfiller | [api_backfiller] DOGE.ETORO: 168 Candles konvertiert (price_prec=2, size_prec=8).
2026-06-08 19:09:06,646 | DEBUG    | api_backfiller | [api_backfiller] DOGE.ETORO: 1580→1413 Zeilen (-167 Duplikate)
2026-06-08 19:09:06,647 | INFO     | api_backfiller | [api_backfiller] DOGE.ETORO: 1413 Zeilen gespeichert (price_prec=2, size_prec=8) → data.parquet
2026-06-08 19:09:07,751 | DEBUG    | api_backfiller | [api_backfiller] DUOL.ETORO: Precision-Fallback price_prec=2, size_prec=2
2026-06-08 19:09:07,813 | INFO     | api_backfiller | [api_backfiller] DUOL.ETORO: 116 Candles konvertiert (price_prec=2, size_prec=2).
2026-06-08 19:09:07,816 | DEBUG    | api_backfiller | [api_backfiller] DUOL.ETORO: 1450→1335 Zeilen (-115 Duplikate)
2026-06-08 19:09:07,817 | INFO     | api_backfiller | [api_backfiller] DUOL.ETORO: 1335 Zeilen gespeichert (price_prec=2, size_prec=2) → data.parquet
2026-06-08 19:09:08,921 | DEBUG    | api_backfiller | [api_backfiller] E.ETORO: Precision-Fallback price_prec=2, size_prec=2
2026-06-08 19:09:08,995 | INFO     | api_backfiller | [api_backfiller] E.ETORO: 35 Candles konvertiert (price_prec=2, size_prec=2).
2026-06-08 19:09:08,998 | DEBUG    | api_backfiller | [api_backfiller] E.ETORO: 1312→1278 Zeilen (-34 Duplikate)
2026-06-08 19:09:08,999 | INFO     | api_backfiller | [api_backfiller] E.ETORO: 1278 Zeilen gespeichert (price_prec=2, size_prec=2) → data.parquet
2026-06-08 19:09:10,104 | DEBUG    | api_backfiller | [api_backfiller] EEFT.ETORO: Precision-Fallback price_prec=2, size_prec=2
2026-06-08 19:09:10,186 | INFO     | api_backfiller | [api_backfiller] EEFT.ETORO: 35 Candles konvertiert (price_prec=2, size_prec=2).
2026-06-08 19:09:10,190 | DEBUG    | api_backfiller | [api_backfiller] EEFT.ETORO: 1312→1278 Zeilen (-34 Duplikate)
2026-06-08 19:09:10,191 | INFO     | api_backfiller | [api_backfiller] EEFT.ETORO: 1278 Zeilen gespeichert (price_prec=2, size_prec=2) → data.parquet
2026-06-08 19:09:11,294 | DEBUG    | api_backfiller | [api_backfiller] ELF.ETORO: Precision-Fallback price_prec=2, size_prec=2
2026-06-08 19:09:11,357 | INFO     | api_backfiller | [api_backfiller] ELF.ETORO: 35 Candles konvertiert (price_prec=2, size_prec=2).
2026-06-08 19:09:11,361 | DEBUG    | api_backfiller | [api_backfiller] ELF.ETORO: 1283→1249 Zeilen (-34 Duplikate)
2026-06-08 19:09:11,362 | INFO     | api_backfiller | [api_backfiller] ELF.ETORO: 1249 Zeilen gespeichert (price_prec=2, size_prec=2) → data.parquet
2026-06-08 19:09:12,466 | DEBUG    | api_backfiller | [api_backfiller] ESLT.ETORO: Precision-Fallback price_prec=2, size_prec=2
2026-06-08 19:09:12,538 | INFO     | api_backfiller | [api_backfiller] ESLT.ETORO: 35 Candles konvertiert (price_prec=2, size_prec=2).
2026-06-08 19:09:12,540 | DEBUG    | api_backfiller | [api_backfiller] ESLT.ETORO: 1099→1065 Zeilen (-34 Duplikate)
2026-06-08 19:09:12,541 | INFO     | api_backfiller | [api_backfiller] ESLT.ETORO: 1065 Zeilen gespeichert (price_prec=2, size_prec=2) → data.parquet
2026-06-08 19:09:13,718 | INFO     | api_backfiller | [api_backfiller] ETH.ETORO: 168 Candles konvertiert (price_prec=2, size_prec=8).
2026-06-08 19:09:13,721 | DEBUG    | api_backfiller | [api_backfiller] ETH.ETORO: 1580→1413 Zeilen (-167 Duplikate)
2026-06-08 19:09:13,723 | INFO     | api_backfiller | [api_backfiller] ETH.ETORO: 1413 Zeilen gespeichert (price_prec=2, size_prec=8) → data.parquet
2026-06-08 19:09:14,826 | DEBUG    | api_backfiller | [api_backfiller] FDX.ETORO: Precision-Fallback price_prec=2, size_prec=2
2026-06-08 19:09:14,897 | INFO     | api_backfiller | [api_backfiller] FDX.ETORO: 112 Candles konvertiert (price_prec=2, size_prec=2).
2026-06-08 19:09:14,900 | DEBUG    | api_backfiller | [api_backfiller] FDX.ETORO: 1353→1242 Zeilen (-111 Duplikate)
2026-06-08 19:09:14,901 | INFO     | api_backfiller | [api_backfiller] FDX.ETORO: 1242 Zeilen gespeichert (price_prec=2, size_prec=2) → data.parquet
2026-06-08 19:09:16,006 | DEBUG    | api_backfiller | [api_backfiller] FICO.ETORO: Precision-Fallback price_prec=2, size_prec=2
2026-06-08 19:09:16,086 | INFO     | api_backfiller | [api_backfiller] FICO.ETORO: 98 Candles konvertiert (price_prec=2, size_prec=2).
2026-06-08 19:09:16,088 | DEBUG    | api_backfiller | [api_backfiller] FICO.ETORO: 1407→1310 Zeilen (-97 Duplikate)
2026-06-08 19:09:16,089 | INFO     | api_backfiller | [api_backfiller] FICO.ETORO: 1310 Zeilen gespeichert (price_prec=2, size_prec=2) → data.parquet
2026-06-08 19:09:17,192 | DEBUG    | api_backfiller | [api_backfiller] FISV.ETORO: Precision-Fallback price_prec=2, size_prec=2
2026-06-08 19:09:17,260 | INFO     | api_backfiller | [api_backfiller] FISV.ETORO: 116 Candles konvertiert (price_prec=2, size_prec=2).
2026-06-08 19:09:17,263 | DEBUG    | api_backfiller | [api_backfiller] FISV.ETORO: 1448→1333 Zeilen (-115 Duplikate)
2026-06-08 19:09:17,264 | INFO     | api_backfiller | [api_backfiller] FISV.ETORO: 1333 Zeilen gespeichert (price_prec=2, size_prec=2) → data.parquet
2026-06-08 19:09:18,369 | DEBUG    | api_backfiller | [api_backfiller] FRO.ETORO: Precision-Fallback price_prec=2, size_prec=2
2026-06-08 19:09:18,442 | INFO     | api_backfiller | [api_backfiller] FRO.ETORO: 35 Candles konvertiert (price_prec=2, size_prec=2).
2026-06-08 19:09:18,444 | DEBUG    | api_backfiller | [api_backfiller] FRO.ETORO: 1283→1249 Zeilen (-34 Duplikate)
2026-06-08 19:09:18,445 | INFO     | api_backfiller | [api_backfiller] FRO.ETORO: 1249 Zeilen gespeichert (price_prec=2, size_prec=2) → data.parquet
2026-06-08 19:09:19,549 | DEBUG    | api_backfiller | [api_backfiller] FSLY.ETORO: Precision-Fallback price_prec=2, size_prec=2
2026-06-08 19:09:19,624 | INFO     | api_backfiller | [api_backfiller] FSLY.ETORO: 35 Candles konvertiert (price_prec=2, size_prec=2).
2026-06-08 19:09:19,627 | DEBUG    | api_backfiller | [api_backfiller] FSLY.ETORO: 1283→1249 Zeilen (-34 Duplikate)
2026-06-08 19:09:19,628 | INFO     | api_backfiller | [api_backfiller] FSLY.ETORO: 1249 Zeilen gespeichert (price_prec=2, size_prec=2) → data.parquet
2026-06-08 19:09:20,731 | DEBUG    | api_backfiller | [api_backfiller] GEV.ETORO: Precision-Fallback price_prec=2, size_prec=2
2026-06-08 19:09:20,807 | INFO     | api_backfiller | [api_backfiller] GEV.ETORO: 116 Candles konvertiert (price_prec=2, size_prec=2).
2026-06-08 19:09:20,810 | DEBUG    | api_backfiller | [api_backfiller] GEV.ETORO: 1358→1243 Zeilen (-115 Duplikate)
2026-06-08 19:09:20,811 | INFO     | api_backfiller | [api_backfiller] GEV.ETORO: 1243 Zeilen gespeichert (price_prec=2, size_prec=2) → data.parquet
2026-06-08 19:09:21,916 | DEBUG    | api_backfiller | [api_backfiller] GIS.ETORO: Precision-Fallback price_prec=2, size_prec=2
2026-06-08 19:09:21,985 | INFO     | api_backfiller | [api_backfiller] GIS.ETORO: 116 Candles konvertiert (price_prec=2, size_prec=2).
2026-06-08 19:09:21,988 | DEBUG    | api_backfiller | [api_backfiller] GIS.ETORO: 1358→1243 Zeilen (-115 Duplikate)
2026-06-08 19:09:21,989 | INFO     | api_backfiller | [api_backfiller] GIS.ETORO: 1243 Zeilen gespeichert (price_prec=2, size_prec=2) → data.parquet
2026-06-08 19:09:23,094 | DEBUG    | api_backfiller | [api_backfiller] GLW.ETORO: Precision-Fallback price_prec=2, size_prec=2
2026-06-08 19:09:23,167 | INFO     | api_backfiller | [api_backfiller] GLW.ETORO: 116 Candles konvertiert (price_prec=2, size_prec=2).
2026-06-08 19:09:23,171 | DEBUG    | api_backfiller | [api_backfiller] GLW.ETORO: 1449→1334 Zeilen (-115 Duplikate)
2026-06-08 19:09:23,172 | INFO     | api_backfiller | [api_backfiller] GLW.ETORO: 1334 Zeilen gespeichert (price_prec=2, size_prec=2) → data.parquet
2026-06-08 19:09:24,278 | DEBUG    | api_backfiller | [api_backfiller] GOOG.ETORO: Precision-Fallback price_prec=2, size_prec=2
2026-06-08 19:09:24,343 | INFO     | api_backfiller | [api_backfiller] GOOG.ETORO: 116 Candles konvertiert (price_prec=2, size_prec=2).
2026-06-08 19:09:24,346 | DEBUG    | api_backfiller | [api_backfiller] GOOG.ETORO: 1358→1243 Zeilen (-115 Duplikate)
2026-06-08 19:09:24,347 | INFO     | api_backfiller | [api_backfiller] GOOG.ETORO: 1243 Zeilen gespeichert (price_prec=2, size_prec=2) → data.parquet
2026-06-08 19:09:25,450 | DEBUG    | api_backfiller | [api_backfiller] GOOGL.ETORO: Precision-Fallback price_prec=2, size_prec=2
2026-06-08 19:09:25,530 | INFO     | api_backfiller | [api_backfiller] GOOGL.ETORO: 116 Candles konvertiert (price_prec=2, size_prec=2).
2026-06-08 19:09:25,534 | DEBUG    | api_backfiller | [api_backfiller] GOOGL.ETORO: 1449→1334 Zeilen (-115 Duplikate)
2026-06-08 19:09:25,536 | INFO     | api_backfiller | [api_backfiller] GOOGL.ETORO: 1334 Zeilen gespeichert (price_prec=2, size_prec=2) → data.parquet
2026-06-08 19:09:26,641 | DEBUG    | api_backfiller | [api_backfiller] GSAT.ETORO: Precision-Fallback price_prec=2, size_prec=2
2026-06-08 19:09:26,709 | INFO     | api_backfiller | [api_backfiller] GSAT.ETORO: 35 Candles konvertiert (price_prec=2, size_prec=2).
2026-06-08 19:09:26,712 | DEBUG    | api_backfiller | [api_backfiller] GSAT.ETORO: 1312→1278 Zeilen (-34 Duplikate)
2026-06-08 19:09:26,713 | INFO     | api_backfiller | [api_backfiller] GSAT.ETORO: 1278 Zeilen gespeichert (price_prec=2, size_prec=2) → data.parquet
2026-06-08 19:09:27,817 | DEBUG    | api_backfiller | [api_backfiller] GTLB.ETORO: Precision-Fallback price_prec=2, size_prec=2
2026-06-08 19:09:27,880 | INFO     | api_backfiller | [api_backfiller] GTLB.ETORO: 35 Candles konvertiert (price_prec=2, size_prec=2).
2026-06-08 19:09:27,884 | DEBUG    | api_backfiller | [api_backfiller] GTLB.ETORO: 1312→1278 Zeilen (-34 Duplikate)
2026-06-08 19:09:27,885 | INFO     | api_backfiller | [api_backfiller] GTLB.ETORO: 1278 Zeilen gespeichert (price_prec=2, size_prec=2) → data.parquet
2026-06-08 19:09:28,988 | DEBUG    | api_backfiller | [api_backfiller] HAL.ETORO: Precision-Fallback price_prec=2, size_prec=2
2026-06-08 19:09:29,073 | INFO     | api_backfiller | [api_backfiller] HAL.ETORO: 111 Candles konvertiert (price_prec=2, size_prec=2).
2026-06-08 19:09:29,077 | DEBUG    | api_backfiller | [api_backfiller] HAL.ETORO: 1438→1328 Zeilen (-110 Duplikate)
2026-06-08 19:09:29,078 | INFO     | api_backfiller | [api_backfiller] HAL.ETORO: 1328 Zeilen gespeichert (price_prec=2, size_prec=2) → data.parquet
2026-06-08 19:09:30,182 | DEBUG    | api_backfiller | [api_backfiller] HUBS.ETORO: Precision-Fallback price_prec=2, size_prec=2
2026-06-08 19:09:30,248 | INFO     | api_backfiller | [api_backfiller] HUBS.ETORO: 35 Candles konvertiert (price_prec=2, size_prec=2).
2026-06-08 19:09:30,252 | DEBUG    | api_backfiller | [api_backfiller] HUBS.ETORO: 1312→1278 Zeilen (-34 Duplikate)
2026-06-08 19:09:30,253 | INFO     | api_backfiller | [api_backfiller] HUBS.ETORO: 1278 Zeilen gespeichert (price_prec=2, size_prec=2) → data.parquet
2026-06-08 19:09:31,357 | DEBUG    | api_backfiller | [api_backfiller] HUT.ETORO: Precision-Fallback price_prec=2, size_prec=2
2026-06-08 19:09:31,429 | INFO     | api_backfiller | [api_backfiller] HUT.ETORO: 35 Candles konvertiert (price_prec=2, size_prec=2).
2026-06-08 19:09:31,432 | DEBUG    | api_backfiller | [api_backfiller] HUT.ETORO: 1283→1249 Zeilen (-34 Duplikate)
2026-06-08 19:09:31,433 | INFO     | api_backfiller | [api_backfiller] HUT.ETORO: 1249 Zeilen gespeichert (price_prec=2, size_prec=2) → data.parquet
2026-06-08 19:09:32,538 | DEBUG    | api_backfiller | [api_backfiller] HYPE.ETORO: Daten aktuell (Lücke 0.1h) — überspringe.
2026-06-08 19:09:32,539 | DEBUG    | api_backfiller | [api_backfiller] INSM.ETORO: Precision-Fallback price_prec=2, size_prec=2
2026-06-08 19:09:32,607 | INFO     | api_backfiller | [api_backfiller] INSM.ETORO: 35 Candles konvertiert (price_prec=2, size_prec=2).
2026-06-08 19:09:32,610 | DEBUG    | api_backfiller | [api_backfiller] INSM.ETORO: 1283→1249 Zeilen (-34 Duplikate)
2026-06-08 19:09:32,612 | INFO     | api_backfiller | [api_backfiller] INSM.ETORO: 1249 Zeilen gespeichert (price_prec=2, size_prec=2) → data.parquet
2026-06-08 19:09:33,715 | DEBUG    | api_backfiller | [api_backfiller] INSW.ETORO: Precision-Fallback price_prec=2, size_prec=2
2026-06-08 19:09:33,788 | INFO     | api_backfiller | [api_backfiller] INSW.ETORO: 35 Candles konvertiert (price_prec=2, size_prec=2).
2026-06-08 19:09:33,792 | DEBUG    | api_backfiller | [api_backfiller] INSW.ETORO: 1312→1278 Zeilen (-34 Duplikate)
2026-06-08 19:09:33,793 | INFO     | api_backfiller | [api_backfiller] INSW.ETORO: 1278 Zeilen gespeichert (price_prec=2, size_prec=2) → data.parquet
2026-06-08 19:09:34,897 | DEBUG    | api_backfiller | [api_backfiller] INTU.ETORO: Precision-Fallback price_prec=2, size_prec=2
2026-06-08 19:09:34,970 | INFO     | api_backfiller | [api_backfiller] INTU.ETORO: 116 Candles konvertiert (price_prec=2, size_prec=2).
2026-06-08 19:09:34,973 | DEBUG    | api_backfiller | [api_backfiller] INTU.ETORO: 1358→1243 Zeilen (-115 Duplikate)
2026-06-08 19:09:34,974 | INFO     | api_backfiller | [api_backfiller] INTU.ETORO: 1243 Zeilen gespeichert (price_prec=2, size_prec=2) → data.parquet
2026-06-08 19:09:36,078 | DEBUG    | api_backfiller | [api_backfiller] JAZZ.ETORO: Precision-Fallback price_prec=2, size_prec=2
2026-06-08 19:09:36,144 | INFO     | api_backfiller | [api_backfiller] JAZZ.ETORO: 35 Candles konvertiert (price_prec=2, size_prec=2).
2026-06-08 19:09:36,147 | DEBUG    | api_backfiller | [api_backfiller] JAZZ.ETORO: 1283→1249 Zeilen (-34 Duplikate)
2026-06-08 19:09:36,148 | INFO     | api_backfiller | [api_backfiller] JAZZ.ETORO: 1249 Zeilen gespeichert (price_prec=2, size_prec=2) → data.parquet
2026-06-08 19:09:37,252 | DEBUG    | api_backfiller | [api_backfiller] JNJ.ETORO: Precision-Fallback price_prec=2, size_prec=2
2026-06-08 19:09:37,339 | INFO     | api_backfiller | [api_backfiller] JNJ.ETORO: 116 Candles konvertiert (price_prec=2, size_prec=2).
2026-06-08 19:09:37,342 | DEBUG    | api_backfiller | [api_backfiller] JNJ.ETORO: 1449→1334 Zeilen (-115 Duplikate)
2026-06-08 19:09:37,343 | INFO     | api_backfiller | [api_backfiller] JNJ.ETORO: 1334 Zeilen gespeichert (price_prec=2, size_prec=2) → data.parquet
2026-06-08 19:09:38,447 | DEBUG    | api_backfiller | [api_backfiller] KD.ETORO: Precision-Fallback price_prec=2, size_prec=2
2026-06-08 19:09:38,521 | INFO     | api_backfiller | [api_backfiller] KD.ETORO: 35 Candles konvertiert (price_prec=2, size_prec=2).
2026-06-08 19:09:38,524 | DEBUG    | api_backfiller | [api_backfiller] KD.ETORO: 1283→1249 Zeilen (-34 Duplikate)
2026-06-08 19:09:38,525 | INFO     | api_backfiller | [api_backfiller] KD.ETORO: 1249 Zeilen gespeichert (price_prec=2, size_prec=2) → data.parquet
2026-06-08 19:09:39,630 | DEBUG    | api_backfiller | [api_backfiller] LQDA.ETORO: Precision-Fallback price_prec=2, size_prec=2
2026-06-08 19:09:39,709 | INFO     | api_backfiller | [api_backfiller] LQDA.ETORO: 35 Candles konvertiert (price_prec=2, size_prec=2).
2026-06-08 19:09:39,712 | DEBUG    | api_backfiller | [api_backfiller] LQDA.ETORO: 1283→1249 Zeilen (-34 Duplikate)
2026-06-08 19:09:39,713 | INFO     | api_backfiller | [api_backfiller] LQDA.ETORO: 1249 Zeilen gespeichert (price_prec=2, size_prec=2) → data.parquet
2026-06-08 19:09:40,818 | DEBUG    | api_backfiller | [api_backfiller] LRCX.ETORO: Precision-Fallback price_prec=2, size_prec=2
2026-06-08 19:09:40,886 | INFO     | api_backfiller | [api_backfiller] LRCX.ETORO: 116 Candles konvertiert (price_prec=2, size_prec=2).
2026-06-08 19:09:40,891 | DEBUG    | api_backfiller | [api_backfiller] LRCX.ETORO: 1449→1334 Zeilen (-115 Duplikate)
2026-06-08 19:09:40,892 | INFO     | api_backfiller | [api_backfiller] LRCX.ETORO: 1334 Zeilen gespeichert (price_prec=2, size_prec=2) → data.parquet
2026-06-08 19:09:41,998 | DEBUG    | api_backfiller | [api_backfiller] LULU.ETORO: Precision-Fallback price_prec=2, size_prec=2
2026-06-08 19:09:42,077 | INFO     | api_backfiller | [api_backfiller] LULU.ETORO: 116 Candles konvertiert (price_prec=2, size_prec=2).
2026-06-08 19:09:42,081 | DEBUG    | api_backfiller | [api_backfiller] LULU.ETORO: 1449→1334 Zeilen (-115 Duplikate)
2026-06-08 19:09:42,083 | INFO     | api_backfiller | [api_backfiller] LULU.ETORO: 1334 Zeilen gespeichert (price_prec=2, size_prec=2) → data.parquet
2026-06-08 19:09:43,188 | DEBUG    | api_backfiller | [api_backfiller] MNDY.ETORO: Precision-Fallback price_prec=2, size_prec=2
2026-06-08 19:09:43,276 | INFO     | api_backfiller | [api_backfiller] MNDY.ETORO: 35 Candles konvertiert (price_prec=2, size_prec=2).
2026-06-08 19:09:43,280 | DEBUG    | api_backfiller | [api_backfiller] MNDY.ETORO: 1312→1278 Zeilen (-34 Duplikate)
2026-06-08 19:09:43,282 | INFO     | api_backfiller | [api_backfiller] MNDY.ETORO: 1278 Zeilen gespeichert (price_prec=2, size_prec=2) → data.parquet
2026-06-08 19:09:44,386 | DEBUG    | api_backfiller | [api_backfiller] MRVL.ETORO: Precision-Fallback price_prec=2, size_prec=2
2026-06-08 19:09:44,455 | INFO     | api_backfiller | [api_backfiller] MRVL.ETORO: 116 Candles konvertiert (price_prec=2, size_prec=2).
2026-06-08 19:09:44,459 | DEBUG    | api_backfiller | [api_backfiller] MRVL.ETORO: 1358→1243 Zeilen (-115 Duplikate)
2026-06-08 19:09:44,460 | INFO     | api_backfiller | [api_backfiller] MRVL.ETORO: 1243 Zeilen gespeichert (price_prec=2, size_prec=2) → data.parquet
2026-06-08 19:09:45,566 | DEBUG    | api_backfiller | [api_backfiller] MSTR.ETORO: Precision-Fallback price_prec=2, size_prec=2
2026-06-08 19:09:45,641 | INFO     | api_backfiller | [api_backfiller] MSTR.ETORO: 116 Candles konvertiert (price_prec=2, size_prec=2).
2026-06-08 19:09:45,644 | DEBUG    | api_backfiller | [api_backfiller] MSTR.ETORO: 1358→1243 Zeilen (-115 Duplikate)
2026-06-08 19:09:45,645 | INFO     | api_backfiller | [api_backfiller] MSTR.ETORO: 1243 Zeilen gespeichert (price_prec=2, size_prec=2) → data.parquet
2026-06-08 19:09:46,750 | DEBUG    | api_backfiller | [api_backfiller] MTZ.ETORO: Precision-Fallback price_prec=2, size_prec=2
2026-06-08 19:09:46,819 | INFO     | api_backfiller | [api_backfiller] MTZ.ETORO: 35 Candles konvertiert (price_prec=2, size_prec=2).
2026-06-08 19:09:46,823 | DEBUG    | api_backfiller | [api_backfiller] MTZ.ETORO: 1312→1278 Zeilen (-34 Duplikate)
2026-06-08 19:09:46,824 | INFO     | api_backfiller | [api_backfiller] MTZ.ETORO: 1278 Zeilen gespeichert (price_prec=2, size_prec=2) → data.parquet
2026-06-08 19:09:47,929 | DEBUG    | api_backfiller | [api_backfiller] MU.ETORO: Precision-Fallback price_prec=2, size_prec=2
2026-06-08 19:09:48,057 | INFO     | api_backfiller | [api_backfiller] MU.ETORO: 116 Candles konvertiert (price_prec=2, size_prec=2).
2026-06-08 19:09:48,062 | DEBUG    | api_backfiller | [api_backfiller] MU.ETORO: 1449→1334 Zeilen (-115 Duplikate)
2026-06-08 19:09:48,064 | INFO     | api_backfiller | [api_backfiller] MU.ETORO: 1334 Zeilen gespeichert (price_prec=2, size_prec=2) → data.parquet
2026-06-08 19:09:49,239 | INFO     | api_backfiller | [api_backfiller] NATGAS.ETORO: 115 Candles konvertiert (price_prec=5, size_prec=5).
2026-06-08 19:09:49,242 | DEBUG    | api_backfiller | [api_backfiller] NATGAS.ETORO: 1370→1256 Zeilen (-114 Duplikate)
2026-06-08 19:09:49,243 | INFO     | api_backfiller | [api_backfiller] NATGAS.ETORO: 1256 Zeilen gespeichert (price_prec=5, size_prec=5) → data.parquet
2026-06-08 19:09:50,346 | DEBUG    | api_backfiller | [api_backfiller] NOK.ETORO: Precision-Fallback price_prec=2, size_prec=2
2026-06-08 19:09:50,426 | INFO     | api_backfiller | [api_backfiller] NOK.ETORO: 35 Candles konvertiert (price_prec=2, size_prec=2).
2026-06-08 19:09:50,430 | DEBUG    | api_backfiller | [api_backfiller] NOK.ETORO: 1283→1249 Zeilen (-34 Duplikate)
2026-06-08 19:09:50,431 | INFO     | api_backfiller | [api_backfiller] NOK.ETORO: 1249 Zeilen gespeichert (price_prec=2, size_prec=2) → data.parquet
2026-06-08 19:09:51,535 | DEBUG    | api_backfiller | [api_backfiller] NOW.ETORO: Precision-Fallback price_prec=2, size_prec=2
2026-06-08 19:09:51,602 | INFO     | api_backfiller | [api_backfiller] NOW.ETORO: 116 Candles konvertiert (price_prec=2, size_prec=2).
2026-06-08 19:09:51,605 | DEBUG    | api_backfiller | [api_backfiller] NOW.ETORO: 1443→1328 Zeilen (-115 Duplikate)
2026-06-08 19:09:51,606 | INFO     | api_backfiller | [api_backfiller] NOW.ETORO: 1328 Zeilen gespeichert (price_prec=2, size_prec=2) → data.parquet
2026-06-08 19:09:52,710 | DEBUG    | api_backfiller | [api_backfiller] NTSK.ETORO: Precision-Fallback price_prec=2, size_prec=2
2026-06-08 19:09:52,795 | INFO     | api_backfiller | [api_backfiller] NTSK.ETORO: 35 Candles konvertiert (price_prec=2, size_prec=2).
2026-06-08 19:09:52,798 | DEBUG    | api_backfiller | [api_backfiller] NTSK.ETORO: 1218→1184 Zeilen (-34 Duplikate)
2026-06-08 19:09:52,799 | INFO     | api_backfiller | [api_backfiller] NTSK.ETORO: 1184 Zeilen gespeichert (price_prec=2, size_prec=2) → data.parquet
2026-06-08 19:09:53,902 | DEBUG    | api_backfiller | [api_backfiller] NVDA.ETORO: Precision-Fallback price_prec=2, size_prec=2
2026-06-08 19:09:53,974 | INFO     | api_backfiller | [api_backfiller] NVDA.ETORO: 116 Candles konvertiert (price_prec=2, size_prec=2).
2026-06-08 19:09:53,977 | DEBUG    | api_backfiller | [api_backfiller] NVDA.ETORO: 1358→1243 Zeilen (-115 Duplikate)
2026-06-08 19:09:53,978 | INFO     | api_backfiller | [api_backfiller] NVDA.ETORO: 1243 Zeilen gespeichert (price_prec=2, size_prec=2) → data.parquet
2026-06-08 19:09:55,081 | DEBUG    | api_backfiller | [api_backfiller] NVO.ETORO: Precision-Fallback price_prec=2, size_prec=2
2026-06-08 19:09:55,152 | INFO     | api_backfiller | [api_backfiller] NVO.ETORO: 35 Candles konvertiert (price_prec=2, size_prec=2).
2026-06-08 19:09:55,157 | DEBUG    | api_backfiller | [api_backfiller] NVO.ETORO: 1283→1249 Zeilen (-34 Duplikate)
2026-06-08 19:09:55,158 | INFO     | api_backfiller | [api_backfiller] NVO.ETORO: 1249 Zeilen gespeichert (price_prec=2, size_prec=2) → data.parquet
2026-06-08 19:09:56,263 | DEBUG    | api_backfiller | [api_backfiller] NVS.ETORO: Precision-Fallback price_prec=2, size_prec=2
2026-06-08 19:09:56,331 | INFO     | api_backfiller | [api_backfiller] NVS.ETORO: 35 Candles konvertiert (price_prec=2, size_prec=2).
2026-06-08 19:09:56,334 | DEBUG    | api_backfiller | [api_backfiller] NVS.ETORO: 1283→1249 Zeilen (-34 Duplikate)
2026-06-08 19:09:56,335 | INFO     | api_backfiller | [api_backfiller] NVS.ETORO: 1249 Zeilen gespeichert (price_prec=2, size_prec=2) → data.parquet
2026-06-08 19:09:57,518 | INFO     | api_backfiller | [api_backfiller] ONDO.ETORO: 168 Candles konvertiert (price_prec=2, size_prec=8).
2026-06-08 19:09:57,523 | DEBUG    | api_backfiller | [api_backfiller] ONDO.ETORO: 1580→1413 Zeilen (-167 Duplikate)
2026-06-08 19:09:57,525 | INFO     | api_backfiller | [api_backfiller] ONDO.ETORO: 1413 Zeilen gespeichert (price_prec=2, size_prec=8) → data.parquet
2026-06-08 19:09:58,696 | INFO     | api_backfiller | [api_backfiller] PALL.ETORO: 35 Candles konvertiert (price_prec=5, size_prec=5).
2026-06-08 19:09:58,699 | DEBUG    | api_backfiller | [api_backfiller] PALL.ETORO: 1283→1249 Zeilen (-34 Duplikate)
2026-06-08 19:09:58,700 | INFO     | api_backfiller | [api_backfiller] PALL.ETORO: 1249 Zeilen gespeichert (price_prec=5, size_prec=5) → data.parquet
2026-06-08 19:09:59,804 | DEBUG    | api_backfiller | [api_backfiller] PBR.ETORO: Precision-Fallback price_prec=2, size_prec=2
2026-06-08 19:09:59,878 | INFO     | api_backfiller | [api_backfiller] PBR.ETORO: 35 Candles konvertiert (price_prec=2, size_prec=2).
2026-06-08 19:09:59,881 | DEBUG    | api_backfiller | [api_backfiller] PBR.ETORO: 1312→1278 Zeilen (-34 Duplikate)
2026-06-08 19:09:59,882 | INFO     | api_backfiller | [api_backfiller] PBR.ETORO: 1278 Zeilen gespeichert (price_prec=2, size_prec=2) → data.parquet
2026-06-08 19:10:01,058 | INFO     | api_backfiller | [api_backfiller] PEPExM.ETORO: 168 Candles konvertiert (price_prec=8, size_prec=8).
2026-06-08 19:10:01,061 | DEBUG    | api_backfiller | [api_backfiller] PEPExM.ETORO: 1580→1413 Zeilen (-167 Duplikate)
2026-06-08 19:10:01,062 | INFO     | api_backfiller | [api_backfiller] PEPExM.ETORO: 1413 Zeilen gespeichert (price_prec=8, size_prec=8) → data.parquet
2026-06-08 19:10:02,166 | DEBUG    | api_backfiller | [api_backfiller] PINS.ETORO: Precision-Fallback price_prec=2, size_prec=2
2026-06-08 19:10:02,248 | INFO     | api_backfiller | [api_backfiller] PINS.ETORO: 35 Candles konvertiert (price_prec=2, size_prec=2).
2026-06-08 19:10:02,251 | DEBUG    | api_backfiller | [api_backfiller] PINS.ETORO: 1312→1278 Zeilen (-34 Duplikate)
2026-06-08 19:10:02,252 | INFO     | api_backfiller | [api_backfiller] PINS.ETORO: 1278 Zeilen gespeichert (price_prec=2, size_prec=2) → data.parquet
2026-06-08 19:10:03,355 | DEBUG    | api_backfiller | [api_backfiller] PLTR.ETORO: Precision-Fallback price_prec=2, size_prec=2
2026-06-08 19:10:03,433 | INFO     | api_backfiller | [api_backfiller] PLTR.ETORO: 116 Candles konvertiert (price_prec=2, size_prec=2).
2026-06-08 19:10:03,436 | DEBUG    | api_backfiller | [api_backfiller] PLTR.ETORO: 1358→1243 Zeilen (-115 Duplikate)
2026-06-08 19:10:03,438 | INFO     | api_backfiller | [api_backfiller] PLTR.ETORO: 1243 Zeilen gespeichert (price_prec=2, size_prec=2) → data.parquet
2026-06-08 19:10:04,544 | DEBUG    | api_backfiller | [api_backfiller] POWL.ETORO: Precision-Fallback price_prec=2, size_prec=2
2026-06-08 19:10:04,628 | INFO     | api_backfiller | [api_backfiller] POWL.ETORO: 35 Candles konvertiert (price_prec=2, size_prec=2).
2026-06-08 19:10:04,632 | DEBUG    | api_backfiller | [api_backfiller] POWL.ETORO: 1312→1278 Zeilen (-34 Duplikate)
2026-06-08 19:10:04,634 | INFO     | api_backfiller | [api_backfiller] POWL.ETORO: 1278 Zeilen gespeichert (price_prec=2, size_prec=2) → data.parquet
2026-06-08 19:10:05,738 | DEBUG    | api_backfiller | [api_backfiller] PYPL.ETORO: Precision-Fallback price_prec=2, size_prec=2
2026-06-08 19:10:05,813 | INFO     | api_backfiller | [api_backfiller] PYPL.ETORO: 116 Candles konvertiert (price_prec=2, size_prec=2).
2026-06-08 19:10:05,817 | DEBUG    | api_backfiller | [api_backfiller] PYPL.ETORO: 1358→1243 Zeilen (-115 Duplikate)
2026-06-08 19:10:05,818 | INFO     | api_backfiller | [api_backfiller] PYPL.ETORO: 1243 Zeilen gespeichert (price_prec=2, size_prec=2) → data.parquet
2026-06-08 19:10:06,923 | DEBUG    | api_backfiller | [api_backfiller] RHM.DE.ETORO: Precision-Fallback price_prec=2, size_prec=2
2026-06-08 19:10:06,995 | INFO     | api_backfiller | [api_backfiller] RHM.DE.ETORO: 45 Candles konvertiert (price_prec=2, size_prec=2).
2026-06-08 19:10:06,998 | DEBUG    | api_backfiller | [api_backfiller] RHM.DE.ETORO: 1306→1261 Zeilen (-45 Duplikate)
2026-06-08 19:10:06,999 | INFO     | api_backfiller | [api_backfiller] RHM.DE.ETORO: 1261 Zeilen gespeichert (price_prec=2, size_prec=2) → data.parquet
2026-06-08 19:10:08,102 | DEBUG    | api_backfiller | [api_backfiller] RIOT.ETORO: Precision-Fallback price_prec=2, size_prec=2
2026-06-08 19:10:09,318 | INFO     | api_backfiller | [api_backfiller] RIOT.ETORO: 116 Candles konvertiert (price_prec=2, size_prec=2).
2026-06-08 19:10:09,322 | DEBUG    | api_backfiller | [api_backfiller] RIOT.ETORO: 1358→1243 Zeilen (-115 Duplikate)
2026-06-08 19:10:09,323 | INFO     | api_backfiller | [api_backfiller] RIOT.ETORO: 1243 Zeilen gespeichert (price_prec=2, size_prec=2) → data.parquet
2026-06-08 19:10:10,426 | DEBUG    | api_backfiller | [api_backfiller] ROP.ZU.ETORO: Precision-Fallback price_prec=2, size_prec=2
2026-06-08 19:10:10,495 | INFO     | api_backfiller | [api_backfiller] ROP.ZU.ETORO: 45 Candles konvertiert (price_prec=2, size_prec=2).
2026-06-08 19:10:10,499 | DEBUG    | api_backfiller | [api_backfiller] ROP.ZU.ETORO: 1301→1256 Zeilen (-45 Duplikate)
2026-06-08 19:10:10,500 | INFO     | api_backfiller | [api_backfiller] ROP.ZU.ETORO: 1256 Zeilen gespeichert (price_prec=2, size_prec=2) → data.parquet
2026-06-08 19:10:11,603 | DEBUG    | api_backfiller | [api_backfiller] SE.ETORO: Precision-Fallback price_prec=2, size_prec=2
2026-06-08 19:10:11,685 | INFO     | api_backfiller | [api_backfiller] SE.ETORO: 35 Candles konvertiert (price_prec=2, size_prec=2).
2026-06-08 19:10:11,688 | DEBUG    | api_backfiller | [api_backfiller] SE.ETORO: 1312→1278 Zeilen (-34 Duplikate)
2026-06-08 19:10:11,689 | INFO     | api_backfiller | [api_backfiller] SE.ETORO: 1278 Zeilen gespeichert (price_prec=2, size_prec=2) → data.parquet
2026-06-08 19:10:12,794 | DEBUG    | api_backfiller | [api_backfiller] SEI.US.ETORO: Precision-Fallback price_prec=2, size_prec=2
2026-06-08 19:10:12,865 | INFO     | api_backfiller | [api_backfiller] SEI.US.ETORO: 35 Candles konvertiert (price_prec=2, size_prec=2).
2026-06-08 19:10:12,869 | DEBUG    | api_backfiller | [api_backfiller] SEI.US.ETORO: 1283→1249 Zeilen (-34 Duplikate)
2026-06-08 19:10:12,870 | INFO     | api_backfiller | [api_backfiller] SEI.US.ETORO: 1249 Zeilen gespeichert (price_prec=2, size_prec=2) → data.parquet
2026-06-08 19:10:14,052 | INFO     | api_backfiller | [api_backfiller] SHIBxM.ETORO: 168 Candles konvertiert (price_prec=8, size_prec=8).
2026-06-08 19:10:14,055 | DEBUG    | api_backfiller | [api_backfiller] SHIBxM.ETORO: 1581→1414 Zeilen (-167 Duplikate)
2026-06-08 19:10:14,056 | INFO     | api_backfiller | [api_backfiller] SHIBxM.ETORO: 1414 Zeilen gespeichert (price_prec=8, size_prec=8) → data.parquet
2026-06-08 19:10:15,159 | DEBUG    | api_backfiller | [api_backfiller] SMTC.ETORO: Precision-Fallback price_prec=2, size_prec=2
2026-06-08 19:10:15,230 | INFO     | api_backfiller | [api_backfiller] SMTC.ETORO: 35 Candles konvertiert (price_prec=2, size_prec=2).
2026-06-08 19:10:15,233 | DEBUG    | api_backfiller | [api_backfiller] SMTC.ETORO: 1283→1249 Zeilen (-34 Duplikate)
2026-06-08 19:10:15,234 | INFO     | api_backfiller | [api_backfiller] SMTC.ETORO: 1249 Zeilen gespeichert (price_prec=2, size_prec=2) → data.parquet
2026-06-08 19:10:16,338 | DEBUG    | api_backfiller | [api_backfiller] SNAP.ETORO: Precision-Fallback price_prec=2, size_prec=2
2026-06-08 19:10:16,416 | INFO     | api_backfiller | [api_backfiller] SNAP.ETORO: 116 Candles konvertiert (price_prec=2, size_prec=2).
2026-06-08 19:10:16,420 | DEBUG    | api_backfiller | [api_backfiller] SNAP.ETORO: 1450→1335 Zeilen (-115 Duplikate)
2026-06-08 19:10:16,422 | INFO     | api_backfiller | [api_backfiller] SNAP.ETORO: 1335 Zeilen gespeichert (price_prec=2, size_prec=2) → data.parquet
2026-06-08 19:10:17,643 | INFO     | api_backfiller | [api_backfiller] SOL.ETORO: 168 Candles konvertiert (price_prec=2, size_prec=8).
2026-06-08 19:10:17,647 | DEBUG    | api_backfiller | [api_backfiller] SOL.ETORO: 1580→1413 Zeilen (-167 Duplikate)
2026-06-08 19:10:17,649 | INFO     | api_backfiller | [api_backfiller] SOL.ETORO: 1413 Zeilen gespeichert (price_prec=2, size_prec=8) → data.parquet
2026-06-08 19:10:18,754 | DEBUG    | api_backfiller | [api_backfiller] SQM.ETORO: Precision-Fallback price_prec=2, size_prec=2
2026-06-08 19:10:18,823 | INFO     | api_backfiller | [api_backfiller] SQM.ETORO: 35 Candles konvertiert (price_prec=2, size_prec=2).
2026-06-08 19:10:18,828 | DEBUG    | api_backfiller | [api_backfiller] SQM.ETORO: 1313→1279 Zeilen (-34 Duplikate)
2026-06-08 19:10:18,830 | INFO     | api_backfiller | [api_backfiller] SQM.ETORO: 1279 Zeilen gespeichert (price_prec=2, size_prec=2) → data.parquet
2026-06-08 19:10:19,933 | DEBUG    | api_backfiller | [api_backfiller] STX.US.ETORO: Precision-Fallback price_prec=2, size_prec=2
2026-06-08 19:10:19,996 | INFO     | api_backfiller | [api_backfiller] STX.US.ETORO: 116 Candles konvertiert (price_prec=2, size_prec=2).
2026-06-08 19:10:19,999 | DEBUG    | api_backfiller | [api_backfiller] STX.US.ETORO: 1449→1334 Zeilen (-115 Duplikate)
2026-06-08 19:10:20,000 | INFO     | api_backfiller | [api_backfiller] STX.US.ETORO: 1334 Zeilen gespeichert (price_prec=2, size_prec=2) → data.parquet
2026-06-08 19:10:21,104 | DEBUG    | api_backfiller | [api_backfiller] TEAM.ETORO: Precision-Fallback price_prec=2, size_prec=2
2026-06-08 19:10:21,178 | INFO     | api_backfiller | [api_backfiller] TEAM.ETORO: 116 Candles konvertiert (price_prec=2, size_prec=2).
2026-06-08 19:10:21,181 | DEBUG    | api_backfiller | [api_backfiller] TEAM.ETORO: 1449→1334 Zeilen (-115 Duplikate)
2026-06-08 19:10:21,182 | INFO     | api_backfiller | [api_backfiller] TEAM.ETORO: 1334 Zeilen gespeichert (price_prec=2, size_prec=2) → data.parquet
2026-06-08 19:10:22,286 | DEBUG    | api_backfiller | [api_backfiller] TER.ETORO: Precision-Fallback price_prec=2, size_prec=2
2026-06-08 19:10:22,353 | INFO     | api_backfiller | [api_backfiller] TER.ETORO: 111 Candles konvertiert (price_prec=2, size_prec=2).
2026-06-08 19:10:22,356 | DEBUG    | api_backfiller | [api_backfiller] TER.ETORO: 1348→1238 Zeilen (-110 Duplikate)
2026-06-08 19:10:22,357 | INFO     | api_backfiller | [api_backfiller] TER.ETORO: 1238 Zeilen gespeichert (price_prec=2, size_prec=2) → data.parquet
2026-06-08 19:10:23,460 | DEBUG    | api_backfiller | [api_backfiller] TME.ETORO: Precision-Fallback price_prec=2, size_prec=2
2026-06-08 19:10:23,534 | INFO     | api_backfiller | [api_backfiller] TME.ETORO: 35 Candles konvertiert (price_prec=2, size_prec=2).
2026-06-08 19:10:23,537 | DEBUG    | api_backfiller | [api_backfiller] TME.ETORO: 1283→1249 Zeilen (-34 Duplikate)
2026-06-08 19:10:23,538 | INFO     | api_backfiller | [api_backfiller] TME.ETORO: 1249 Zeilen gespeichert (price_prec=2, size_prec=2) → data.parquet
2026-06-08 19:10:24,641 | DEBUG    | api_backfiller | [api_backfiller] TSEM.ETORO: Precision-Fallback price_prec=2, size_prec=2
2026-06-08 19:10:24,726 | INFO     | api_backfiller | [api_backfiller] TSEM.ETORO: 35 Candles konvertiert (price_prec=2, size_prec=2).
2026-06-08 19:10:24,729 | DEBUG    | api_backfiller | [api_backfiller] TSEM.ETORO: 1312→1278 Zeilen (-34 Duplikate)
2026-06-08 19:10:24,731 | INFO     | api_backfiller | [api_backfiller] TSEM.ETORO: 1278 Zeilen gespeichert (price_prec=2, size_prec=2) → data.parquet
2026-06-08 19:10:25,836 | DEBUG    | api_backfiller | [api_backfiller] TSLA.ETORO: Precision-Fallback price_prec=2, size_prec=2
2026-06-08 19:10:25,902 | INFO     | api_backfiller | [api_backfiller] TSLA.ETORO: 116 Candles konvertiert (price_prec=2, size_prec=2).
2026-06-08 19:10:25,907 | DEBUG    | api_backfiller | [api_backfiller] TSLA.ETORO: 1358→1243 Zeilen (-115 Duplikate)
2026-06-08 19:10:25,908 | INFO     | api_backfiller | [api_backfiller] TSLA.ETORO: 1243 Zeilen gespeichert (price_prec=2, size_prec=2) → data.parquet
2026-06-08 19:10:27,014 | DEBUG    | api_backfiller | [api_backfiller] TTD.ETORO: Precision-Fallback price_prec=2, size_prec=2
2026-06-08 19:10:27,097 | INFO     | api_backfiller | [api_backfiller] TTD.ETORO: 116 Candles konvertiert (price_prec=2, size_prec=2).
2026-06-08 19:10:27,100 | DEBUG    | api_backfiller | [api_backfiller] TTD.ETORO: 1449→1334 Zeilen (-115 Duplikate)
2026-06-08 19:10:27,101 | INFO     | api_backfiller | [api_backfiller] TTD.ETORO: 1334 Zeilen gespeichert (price_prec=2, size_prec=2) → data.parquet
2026-06-08 19:10:28,204 | DEBUG    | api_backfiller | [api_backfiller] TTMI.ETORO: Precision-Fallback price_prec=2, size_prec=2
2026-06-08 19:10:28,277 | INFO     | api_backfiller | [api_backfiller] TTMI.ETORO: 35 Candles konvertiert (price_prec=2, size_prec=2).
2026-06-08 19:10:28,279 | DEBUG    | api_backfiller | [api_backfiller] TTMI.ETORO: 1312→1278 Zeilen (-34 Duplikate)
2026-06-08 19:10:28,280 | INFO     | api_backfiller | [api_backfiller] TTMI.ETORO: 1278 Zeilen gespeichert (price_prec=2, size_prec=2) → data.parquet
2026-06-08 19:10:29,455 | INFO     | api_backfiller | [api_backfiller] USDTRY.ETORO: 120 Candles konvertiert (price_prec=5, size_prec=5).
2026-06-08 19:10:29,458 | DEBUG    | api_backfiller | [api_backfiller] USDTRY.ETORO: 1380→1261 Zeilen (-119 Duplikate)
2026-06-08 19:10:29,459 | INFO     | api_backfiller | [api_backfiller] USDTRY.ETORO: 1261 Zeilen gespeichert (price_prec=5, size_prec=5) → data.parquet
2026-06-08 19:10:30,636 | INFO     | api_backfiller | [api_backfiller] USDZAR.ETORO: 120 Candles konvertiert (price_prec=5, size_prec=5).
2026-06-08 19:10:30,640 | DEBUG    | api_backfiller | [api_backfiller] USDZAR.ETORO: 1380→1261 Zeilen (-119 Duplikate)
2026-06-08 19:10:30,641 | INFO     | api_backfiller | [api_backfiller] USDZAR.ETORO: 1261 Zeilen gespeichert (price_prec=5, size_prec=5) → data.parquet
2026-06-08 19:10:31,745 | DEBUG    | api_backfiller | [api_backfiller] VLO.ETORO: Precision-Fallback price_prec=2, size_prec=2
2026-06-08 19:10:31,817 | INFO     | api_backfiller | [api_backfiller] VLO.ETORO: 107 Candles konvertiert (price_prec=2, size_prec=2).
2026-06-08 19:10:31,822 | DEBUG    | api_backfiller | [api_backfiller] VLO.ETORO: 1429→1323 Zeilen (-106 Duplikate)
2026-06-08 19:10:31,824 | INFO     | api_backfiller | [api_backfiller] VLO.ETORO: 1323 Zeilen gespeichert (price_prec=2, size_prec=2) → data.parquet
2026-06-08 19:10:32,928 | DEBUG    | api_backfiller | [api_backfiller] VRT.ETORO: Precision-Fallback price_prec=2, size_prec=2
2026-06-08 19:10:33,003 | INFO     | api_backfiller | [api_backfiller] VRT.ETORO: 35 Candles konvertiert (price_prec=2, size_prec=2).
2026-06-08 19:10:33,008 | DEBUG    | api_backfiller | [api_backfiller] VRT.ETORO: 1312→1278 Zeilen (-34 Duplikate)
2026-06-08 19:10:33,009 | INFO     | api_backfiller | [api_backfiller] VRT.ETORO: 1278 Zeilen gespeichert (price_prec=2, size_prec=2) → data.parquet
2026-06-08 19:10:34,115 | DEBUG    | api_backfiller | [api_backfiller] WBD.ETORO: Precision-Fallback price_prec=2, size_prec=2
2026-06-08 19:10:34,203 | INFO     | api_backfiller | [api_backfiller] WBD.ETORO: 116 Candles konvertiert (price_prec=2, size_prec=2).
2026-06-08 19:10:34,208 | DEBUG    | api_backfiller | [api_backfiller] WBD.ETORO: 1450→1335 Zeilen (-115 Duplikate)
2026-06-08 19:10:34,210 | INFO     | api_backfiller | [api_backfiller] WBD.ETORO: 1335 Zeilen gespeichert (price_prec=2, size_prec=2) → data.parquet
2026-06-08 19:10:35,315 | DEBUG    | api_backfiller | [api_backfiller] WDAY.ETORO: Precision-Fallback price_prec=2, size_prec=2
2026-06-08 19:10:35,389 | INFO     | api_backfiller | [api_backfiller] WDAY.ETORO: 116 Candles konvertiert (price_prec=2, size_prec=2).
2026-06-08 19:10:35,392 | DEBUG    | api_backfiller | [api_backfiller] WDAY.ETORO: 1448→1333 Zeilen (-115 Duplikate)
2026-06-08 19:10:35,393 | INFO     | api_backfiller | [api_backfiller] WDAY.ETORO: 1333 Zeilen gespeichert (price_prec=2, size_prec=2) → data.parquet
2026-06-08 19:10:36,498 | DEBUG    | api_backfiller | [api_backfiller] WDC.ETORO: Precision-Fallback price_prec=2, size_prec=2
2026-06-08 19:10:36,570 | INFO     | api_backfiller | [api_backfiller] WDC.ETORO: 116 Candles konvertiert (price_prec=2, size_prec=2).
2026-06-08 19:10:36,572 | DEBUG    | api_backfiller | [api_backfiller] WDC.ETORO: 1449→1334 Zeilen (-115 Duplikate)
2026-06-08 19:10:36,573 | INFO     | api_backfiller | [api_backfiller] WDC.ETORO: 1334 Zeilen gespeichert (price_prec=2, size_prec=2) → data.parquet
2026-06-08 19:10:37,677 | DEBUG    | api_backfiller | [api_backfiller] WIX.ETORO: Precision-Fallback price_prec=2, size_prec=2
2026-06-08 19:10:37,754 | INFO     | api_backfiller | [api_backfiller] WIX.ETORO: 35 Candles konvertiert (price_prec=2, size_prec=2).
2026-06-08 19:10:37,757 | DEBUG    | api_backfiller | [api_backfiller] WIX.ETORO: 1312→1278 Zeilen (-34 Duplikate)
2026-06-08 19:10:37,758 | INFO     | api_backfiller | [api_backfiller] WIX.ETORO: 1278 Zeilen gespeichert (price_prec=2, size_prec=2) → data.parquet
2026-06-08 19:10:38,862 | DEBUG    | api_backfiller | [api_backfiller] XPEV.ETORO: Precision-Fallback price_prec=2, size_prec=2
2026-06-08 19:10:38,931 | INFO     | api_backfiller | [api_backfiller] XPEV.ETORO: 35 Candles konvertiert (price_prec=2, size_prec=2).
2026-06-08 19:10:38,934 | DEBUG    | api_backfiller | [api_backfiller] XPEV.ETORO: 1283→1249 Zeilen (-34 Duplikate)
2026-06-08 19:10:38,935 | INFO     | api_backfiller | [api_backfiller] XPEV.ETORO: 1249 Zeilen gespeichert (price_prec=2, size_prec=2) → data.parquet
2026-06-08 19:10:40,114 | INFO     | api_backfiller | [api_backfiller] XRP.ETORO: 168 Candles konvertiert (price_prec=2, size_prec=8).
2026-06-08 19:10:40,116 | DEBUG    | api_backfiller | [api_backfiller] XRP.ETORO: 1580→1413 Zeilen (-167 Duplikate)
2026-06-08 19:10:40,117 | INFO     | api_backfiller | [api_backfiller] XRP.ETORO: 1413 Zeilen gespeichert (price_prec=2, size_prec=8) → data.parquet
2026-06-08 19:10:41,222 | DEBUG    | api_backfiller | [api_backfiller] ZS.ETORO: Precision-Fallback price_prec=2, size_prec=2
2026-06-08 19:10:41,291 | INFO     | api_backfiller | [api_backfiller] ZS.ETORO: 116 Candles konvertiert (price_prec=2, size_prec=2).
2026-06-08 19:10:41,294 | DEBUG    | api_backfiller | [api_backfiller] ZS.ETORO: 1449→1334 Zeilen (-115 Duplikate)
2026-06-08 19:10:41,296 | INFO     | api_backfiller | [api_backfiller] ZS.ETORO: 1334 Zeilen gespeichert (price_prec=2, size_prec=2) → data.parquet
2026-06-08 19:10:42,401 | DEBUG    | api_backfiller | [api_backfiller] ZTS.ETORO: Precision-Fallback price_prec=2, size_prec=2
2026-06-08 19:10:42,473 | INFO     | api_backfiller | [api_backfiller] ZTS.ETORO: 110 Candles konvertiert (price_prec=2, size_prec=2).
2026-06-08 19:10:42,476 | DEBUG    | api_backfiller | [api_backfiller] ZTS.ETORO: 1345→1236 Zeilen (-109 Duplikate)
2026-06-08 19:10:42,477 | INFO     | api_backfiller | [api_backfiller] ZTS.ETORO: 1236 Zeilen gespeichert (price_prec=2, size_prec=2) → data.parquet
2026-06-08 19:10:43,579 | INFO     | api_backfiller | [api_backfiller] Backfill abgeschlossen: 105 Symbole befüllt.
2026-06-08 19:10:43,581 | INFO     | orchestrator | [Phase 2c] API-Backfill: 105 Symbole befüllt.
2026-06-08 19:10:43,623 | INFO     | historical_fetcher | [NTSK.ETORO] Inception-Bound-Check erfolgreich: Volle historische Tiefe (2025-09-18) liegt vor.
2026-06-08 19:10:43,655 | INFO     | historical_fetcher | [ESLT.ETORO] Inception-Bound-Check erfolgreich: Volle historische Tiefe (2025-11-20) liegt vor.
2026-06-08 19:10:43,663 | INFO     | orchestrator | [Phase 2d] Alle Symbole haben ausreichend Daten — Historical Fetcher übersprungen.
2026-06-08 19:10:43,663 | INFO     | orchestrator | [JSON_EVENT] {"event_type": "PHASE2D_COMPLETE", "timestamp_utc": "2026-06-08T17:10:43.663723+00:00", "insufficient_count": 0, "hist_filled_count": 0}
2026-06-08 19:10:43,663 | INFO     | orchestrator | [JSON_EVENT] {"event_type": "PHASE2_COMPLETE", "timestamp_utc": "2026-06-08T17:10:43.663803+00:00", "merged_instruments": 0, "zips_deleted": 0, "api_filled_count": 105, "hist_filled_count": 0}
2026-06-08 19:10:43,663 | INFO     | orchestrator | ════════════════════════════════════════════════════════════
2026-06-08 19:10:43,663 | INFO     | orchestrator | PHASE 3+4: Matrix-Backtesting & Tournament
2026-06-08 19:10:43,663 | INFO     | orchestrator | ════════════════════════════════════════════════════════════
2026-06-08 19:10:43,664 | INFO     | orchestrator | [Phase 3] Dynamische Config: /home/user/etoro_nautilus/logs/backtest_dynamic_config.json
2026-06-08 19:10:43,664 | INFO     | orchestrator | [Phase 3] Backtest-Kommando: /home/user/etoro_nautilus/venv/bin/python3 /home/user/etoro_nautilus/automation/backtest_runner.py --momentum --catalog-path /home/user/etoro_nautilus/data/nautilus --config /home/user/etoro_nautilus/logs/backtest_dynamic_config.json --output /home/user/etoro_nautilus/logs/tournament_2026-06-08.json
2026-06-08 19:10:43,664 | INFO     | orchestrator | [JSON_EVENT] {"event_type": "BACKTEST_START", "timestamp_utc": "2026-06-08T17:10:43.664443+00:00", "start": "2026-01-09T00:00:00Z", "end": "2026-06-08T00:00:00Z", "walk_forward_active": true}
2026-06-08 19:13:23,108 | INFO     | orchestrator | [Phase 3] Backtest beendet (Exit-Code: 0).
2026-06-08 19:13:28,757 | DEBUG    | orchestrator |   [BT-LOG] WDC.ETORO            | VolatilityBreakoutPumpStrategy |   -4.65 |   -0.99 |    0.30 |    160 |     9.2 | 
2026-06-08 19:13:28,757 | DEBUG    | orchestrator |   [BT-LOG] WDC.ETORO            | VwapExhaustionStrategy         |   -0.94 |   -0.40 |    0.82 |    456 |     4.0 | 
2026-06-08 19:13:28,758 | DEBUG    | orchestrator |   [BT-LOG] WIX.ETORO            | ComboTrendVwapStrategy         |   -6.51 |   -1.00 |    0.12 |    106 |     8.6 | 
2026-06-08 19:13:28,758 | DEBUG    | orchestrator |   [BT-LOG] WIX.ETORO            | DynamicBreakoutStrategy        |   -3.49 |   -1.00 |    0.26 |    284 |     7.8 | 
2026-06-08 19:13:28,758 | DEBUG    | orchestrator |   [BT-LOG] WIX.ETORO            | FlashCrashReversalStrategy     |   12.88 |    8.32 |    3.94 |    178 |     5.0 | ✓
2026-06-08 19:13:28,758 | DEBUG    | orchestrator |   [BT-LOG] WIX.ETORO            | HourlyMeanReversionStrategy    |    9.07 |    7.13 |    2.90 |    282 |     7.6 | 
2026-06-08 19:13:28,758 | DEBUG    | orchestrator |   [BT-LOG] WIX.ETORO            | MeanReversionStrategy          |   16.46 |   31.87 |    4.12 |    278 |     6.5 | 
2026-06-08 19:13:28,758 | DEBUG    | orchestrator |   [BT-LOG] WIX.ETORO            | SmaCrossoverStrategy           |   -6.26 |   -0.99 |    0.13 |    222 |     7.0 | 
2026-06-08 19:13:28,758 | DEBUG    | orchestrator |   [BT-LOG] WIX.ETORO            | VolatilityBreakoutPumpStrategy |   -5.44 |   -0.96 |    0.26 |    190 |     8.7 | 
2026-06-08 19:13:28,758 | DEBUG    | orchestrator |   [BT-LOG] WIX.ETORO            | VwapExhaustionStrategy         |   -1.38 |   -0.62 |    0.72 |    524 |     6.2 | 
2026-06-08 19:13:28,758 | DEBUG    | orchestrator |   [BT-LOG] XPEV.ETORO           | ComboTrendVwapStrategy         |   -6.95 |   -1.00 |    0.09 |     56 |     8.3 | 
2026-06-08 19:13:28,758 | DEBUG    | orchestrator |   [BT-LOG] XPEV.ETORO           | DynamicBreakoutStrategy        |   -5.52 |   -0.99 |    0.18 |    288 |     7.5 | 
2026-06-08 19:13:28,758 | DEBUG    | orchestrator |   [BT-LOG] XPEV.ETORO           | FlashCrashReversalStrategy     |   13.80 |    7.66 |    3.70 |    176 |     5.8 | 
2026-06-08 19:13:28,758 | DEBUG    | orchestrator |   [BT-LOG] XPEV.ETORO           | HourlyMeanReversionStrategy    |    0.59 |    0.33 |    1.09 |    282 |     7.6 | 
2026-06-08 19:13:28,758 | DEBUG    | orchestrator |   [BT-LOG] XPEV.ETORO           | MeanReversionStrategy          |   -0.57 |   -0.19 |    0.92 |    276 |     6.7 | 
2026-06-08 19:13:28,758 | DEBUG    | orchestrator |   [BT-LOG] XPEV.ETORO           | SmaCrossoverStrategy           |   -6.47 |   -0.99 |    0.17 |    220 |     8.2 | 
2026-06-08 19:13:28,758 | DEBUG    | orchestrator |   [BT-LOG] XPEV.ETORO           | VolatilityBreakoutPumpStrategy |   -6.52 |   -1.00 |    0.19 |    196 |     7.6 | 
2026-06-08 19:13:28,758 | DEBUG    | orchestrator |   [BT-LOG] XPEV.ETORO           | VwapExhaustionStrategy         |   -2.36 |   -0.87 |    0.56 |    362 |     7.8 | 
2026-06-08 19:13:28,758 | DEBUG    | orchestrator |   [BT-LOG] XRP.ETORO            | ComboTrendVwapStrategy         | n/a(<min) | n/a(<min) | n/a(<min) |      6 |    10.2 | 
2026-06-08 19:13:28,758 | DEBUG    | orchestrator |   [BT-LOG] XRP.ETORO            | DynamicBreakoutStrategy        |  -10.54 |   -1.00 |    0.01 |    278 |     8.6 | 
2026-06-08 19:13:28,758 | DEBUG    | orchestrator |   [BT-LOG] XRP.ETORO            | FlashCrashReversalStrategy     |  -10.82 |   -1.00 |    0.00 |    124 |     9.2 | 
2026-06-08 19:13:28,758 | DEBUG    | orchestrator |   [BT-LOG] XRP.ETORO            | HourlyMeanReversionStrategy    |  -10.93 |   -1.00 |    0.00 |    270 |     8.7 | 
2026-06-08 19:13:28,758 | DEBUG    | orchestrator |   [BT-LOG] XRP.ETORO            | MeanReversionStrategy          |  -11.01 |   -1.00 |    0.00 |    262 |     8.8 | 
2026-06-08 19:13:28,758 | DEBUG    | orchestrator |   [BT-LOG] XRP.ETORO            | SmaCrossoverStrategy           |  -10.74 |   -1.00 |    0.00 |    152 |    10.9 | 
2026-06-08 19:13:28,758 | DEBUG    | orchestrator |   [BT-LOG] XRP.ETORO            | VolatilityBreakoutPumpStrategy |  -10.73 |   -1.00 |    0.00 |    138 |    10.6 | 
2026-06-08 19:13:28,758 | DEBUG    | orchestrator |   [BT-LOG] XRP.ETORO            | VwapExhaustionStrategy         |  -11.18 |   -1.00 |    0.00 |    446 |     4.5 | 
2026-06-08 19:13:28,758 | DEBUG    | orchestrator |   [BT-LOG] ZS.ETORO             | ComboTrendVwapStrategy         |   -0.49 |   -0.07 |    0.94 |     28 |     7.7 | 
2026-06-08 19:13:28,758 | DEBUG    | orchestrator |   [BT-LOG] ZS.ETORO             | DynamicBreakoutStrategy        |   -1.00 |   -0.44 |    0.82 |    306 |     6.0 | 
2026-06-08 19:13:28,758 | DEBUG    | orchestrator |   [BT-LOG] ZS.ETORO             | FlashCrashReversalStrategy     |    6.09 |    4.28 |    2.45 |    122 |     5.9 | 
2026-06-08 19:13:28,758 | DEBUG    | orchestrator |   [BT-LOG] ZS.ETORO             | HourlyMeanReversionStrategy    |   -4.19 |   -0.99 |    0.18 |    300 |     5.9 | 
2026-06-08 19:13:28,758 | DEBUG    | orchestrator |   [BT-LOG] ZS.ETORO             | MeanReversionStrategy          |   -1.70 |   -0.80 |    0.62 |    296 |     6.0 | 
2026-06-08 19:13:28,758 | DEBUG    | orchestrator |   [BT-LOG] ZS.ETORO             | SmaCrossoverStrategy           |   -0.61 |   -0.35 |    0.90 |    162 |    10.4 | 
2026-06-08 19:13:28,758 | DEBUG    | orchestrator |   [BT-LOG] ZS.ETORO             | VolatilityBreakoutPumpStrategy |   -1.39 |   -0.56 |    0.78 |    114 |     9.3 | 
2026-06-08 19:13:28,758 | DEBUG    | orchestrator |   [BT-LOG] ZS.ETORO             | VwapExhaustionStrategy         |   -1.94 |   -0.94 |    0.58 |    470 |     4.1 | 
2026-06-08 19:13:28,758 | DEBUG    | orchestrator |   [BT-LOG] ZTS.ETORO            | ComboTrendVwapStrategy         |   -5.83 |   -1.00 |    0.21 |     80 |     7.2 | 
2026-06-08 19:13:28,758 | DEBUG    | orchestrator |   [BT-LOG] ZTS.ETORO            | DynamicBreakoutStrategy        |   -4.77 |   -0.98 |    0.11 |    322 |     5.3 | 
2026-06-08 19:13:28,758 | DEBUG    | orchestrator |   [BT-LOG] ZTS.ETORO            | FlashCrashReversalStrategy     |    0.94 |    0.54 |    1.32 |    182 |     5.3 | 
2026-06-08 19:13:28,758 | DEBUG    | orchestrator |   [BT-LOG] ZTS.ETORO            | HourlyMeanReversionStrategy    |   -1.62 |   -1.00 |    0.28 |    314 |     5.3 | 
2026-06-08 19:13:28,758 | DEBUG    | orchestrator |   [BT-LOG] ZTS.ETORO            | MeanReversionStrategy          |   -1.30 |   -1.00 |    0.56 |    306 |     5.6 | 
2026-06-08 19:13:28,758 | DEBUG    | orchestrator |   [BT-LOG] ZTS.ETORO            | SmaCrossoverStrategy           |   -5.06 |   -1.00 |    0.31 |    178 |     8.9 | 
2026-06-08 19:13:28,758 | DEBUG    | orchestrator |   [BT-LOG] ZTS.ETORO            | VolatilityBreakoutPumpStrategy |   -6.07 |   -0.99 |    0.08 |    118 |     8.8 | 
2026-06-08 19:13:28,758 | DEBUG    | orchestrator |   [BT-LOG] ZTS.ETORO            | VwapExhaustionStrategy         |    0.02 |    0.01 |    1.01 |    350 |     3.9 | 
2026-06-08 19:13:28,758 | DEBUG    | orchestrator |   [BT-LOG] 
2026-06-08 19:13:28,758 | DEBUG    | orchestrator |   [BT-LOG] ✅ Tournament: 106 Symbole | 90 IS-taugliche Paare | 44 voll taugliche Paare (IS+OOS) | 40 Gewinner-Symbole
2026-06-08 19:13:28,758 | DEBUG    | orchestrator |   [BT-LOG] 🏆 FlashCrashReversalStrategy — 40 Wins, Median Sortino: 17.5867
2026-06-08 19:13:28,758 | DEBUG    | orchestrator |   [BT-LOG] ⚠️  Ohne eindeutigen Gewinner: 01211.HK.ETORO, ABT.US.ETORO, ACN.ETORO, ADA.ETORO, ADBE.ETORO, AERO.ETORO, AMAT.ETORO, AMD.ETORO, AVAX.ETORO, AXON.ETORO, BTC.ETORO, CAG.ETORO, CAT.ETORO, CCL.ETORO, CHTR.ETORO, CMG.ETORO, CRM.ETORO, DOGE.ETORO, DUOL.ETORO, E.ETORO, ETH.ETORO, FICO.ETORO, FISV.ETORO, GIS.ETORO, GLW.ETORO, GOOG.ETORO, GOOGL.ETORO, GSAT.ETORO, HYPE.ETORO, INTU.ETORO, JNJ.ETORO, KD.ETORO, LRCX.ETORO, LULU.ETORO, MRVL.ETORO, MSTR.ETORO, MU.ETORO, NATGAS.ETORO, NOW.ETORO, NVDA.ETORO, NVO.ETORO, ONDO.ETORO, PALL.ETORO, PEPExM.ETORO, PLTR.ETORO, PYPL.ETORO, RIOT.ETORO, ROP.ZU.ETORO, SE.ETORO, SHIBxM.ETORO, SNAP.ETORO, SOL.ETORO, STX.US.ETORO, TEAM.ETORO, TER.ETORO, TME.ETORO, TSLA.ETORO, TTD.ETORO, USDTRY.ETORO, USDZAR.ETORO, WBD.ETORO, WDC.ETORO, XPEV.ETORO, XRP.ETORO, ZS.ETORO, ZTS.ETORO
2026-06-08 19:13:28,758 | DEBUG    | orchestrator |   [BT-LOG] 
2026-06-08 19:13:28,758 | DEBUG    | orchestrator |   [BT-LOG] 📄 Tournament-Ergebnisse gespeichert: /home/user/etoro_nautilus/logs/tournament_2026-06-08.json
2026-06-08 19:13:28,758 | DEBUG    | orchestrator |   [BT-LOG] 
2026-06-08 19:13:28,758 | DEBUG    | orchestrator |   [BT-LOG] ✅ Matrix-Backtest vollständig abgeschlossen!
2026-06-08 19:13:29,006 | INFO     | orchestrator | [Phase 4] Tournament: 40 Gewinner.
2026-06-08 19:13:29,006 | INFO     | orchestrator | [Phase 4] Aggregierter Gewinner: FlashCrashReversalStrategy (40 Wins, Portfolio-Trades: 1538, Trade-Weighted OOS-Return: 3.00%, In-Sample Median Sortino: 17.5867)
2026-06-08 19:13:29,006 | INFO     | orchestrator | [JSON_EVENT] {"event_type": "TOURNAMENT_COMPLETE", "timestamp_utc": "2026-06-08T17:13:29.006839+00:00", "winner_count": 40, "aggregate_winner": {"strategy": "FlashCrashReversalStrategy", "win_count": 40, "median_sortino": 17.5867, "oos_evaluated": true, "oos_eligible": true, "oos_metrics": {"total_trades": 1538, "sortino_ratio": 14.728857711434074, "profit_factor": 4.13652953402196, "max_drawdown": 0.003718893263802385, "win_rate": 0.6150845253576073, "total_return": 0.030043387887747897, "oos_span_days": 30.0, "median_position_notional": 750.14435, "aggregation_basis": "portfolio_sum_for_trades_and_count_ratio_for_win_rate_and_trade_weighted_mean_for_return_and_median_for_risk_ratios"}, "oos_rejection_reasons": []}, "median_is_sortino": 17.5867, "path": "/home/user/etoro_nautilus/logs/tournament_2026-06-08.json"}
2026-06-08 19:13:29,007 | INFO     | orchestrator | ════════════════════════════════════════════════════════════
2026-06-08 19:13:29,007 | INFO     | orchestrator | PHASE 5: Live Deployment & Bot-Start
2026-06-08 19:13:29,007 | INFO     | orchestrator | ════════════════════════════════════════════════════════════
2026-06-08 19:13:29,012 | INFO     | orchestrator | [Phase 5] Per-Pair-Eligible Check: 44 fully eligible pairs found (Winners: 40).
2026-06-08 19:13:29,012 | INFO     | orchestrator | [Phase 5] OOS-GATE BESTANDEN: Aggregat-Sieger FlashCrashReversalStrategy (Aggregate Out-of-Sample Sortino: 14.728857711434074).
2026-06-08 19:13:29,012 | INFO     | orchestrator | [Phase 5] Bot-Kommando: /home/user/etoro_nautilus/venv/bin/python3 /home/user/etoro_nautilus/automation/momentum_ls_run.py --universe /home/user/etoro_nautilus/data/universe/momentum_ls.json --tournament /home/user/etoro_nautilus/logs/tournament_2026-06-08.json
2026-06-08 19:13:29,012 | INFO     | orchestrator | [JSON_EVENT] {"event_type": "BOT_START_INITIATED", "timestamp_utc": "2026-06-08T17:13:29.012707+00:00", "cmd": ["/home/user/etoro_nautilus/venv/bin/python3", "/home/user/etoro_nautilus/automation/momentum_ls_run.py", "--universe", "/home/user/etoro_nautilus/data/universe/momentum_ls.json", "--tournament", "/home/user/etoro_nautilus/logs/tournament_2026-06-08.json"], "log_file": "/home/user/etoro_nautilus/logs/live_bot_20260608.log", "tournament": "/home/user/etoro_nautilus/logs/tournament_2026-06-08.json", "universe": "/home/user/etoro_nautilus/data/universe/momentum_ls.json", "dry_run": false, "aggregate_oos_sortino": 14.728857711434074, "fully_eligible_pairs": 44, "winner_count": 40}
2026-06-08 19:13:29,013 | INFO     | orchestrator | [Phase 5] Trading-Bot gestartet (PID: 127654).
2026-06-08 19:13:29,013 | INFO     | orchestrator | [JSON_EVENT] {"event_type": "BOT_STARTED", "timestamp_utc": "2026-06-08T17:13:29.013399+00:00", "pid": 127654, "log_file": "/home/user/etoro_nautilus/logs/live_bot_20260608.log"}
2026-06-08 19:13:29,013 | INFO     | orchestrator | [Phase 5] PID gespeichert: /home/user/etoro_nautilus/logs/live_bot.pid
2026-06-08 19:13:29,013 | INFO     | orchestrator | ════════════════════════════════════════════════════════════
2026-06-08 19:13:29,013 | INFO     | orchestrator | ORCHESTRATOR ERFOLGREICH ABGESCHLOSSEN
2026-06-08 19:13:29,013 | INFO     | orchestrator |   Bot läuft als PID 127654
2026-06-08 19:13:29,013 | INFO     | orchestrator |   Bot-Log: /home/user/etoro_nautilus/logs/live_bot_20260608.log
2026-06-08 19:13:29,013 | INFO     | orchestrator | ════════════════════════════════════════════════════════════
2026-06-08 19:13:29,014 | INFO     | orchestrator | [JSON_EVENT] {"event_type": "ORCHESTRATOR_EXIT", "timestamp_utc": "2026-06-08T17:13:29.014361+00:00", "exit_code": 0}
2026-06-08 19:13:29,014 | INFO     | orchestrator | Orchestrator beendet (Exit-Code: 0).
