2026-06-23 19:29:50,592 | INFO     | orchestrator | ╔════════════════════════════════════════════════════════════╗
2026-06-23 19:29:50,592 | INFO     | orchestrator | ║  eToro Nautilus — Daily Orchestrator v2.0                  ║
2026-06-23 19:29:50,592 | INFO     | orchestrator | ║  Start: 2026-06-23T17:29:50.592483+00:00                    ║
2026-06-23 19:29:50,592 | INFO     | orchestrator | ║  NO-DEPLOY: NEIN                                               ║
2026-06-23 19:29:50,592 | INFO     | orchestrator | ║  Standalone: Kein adapters/-Import                        ║
2026-06-23 19:29:50,592 | INFO     | orchestrator | ╚════════════════════════════════════════════════════════════╝
2026-06-23 19:29:50,592 | INFO     | orchestrator | [JSON_EVENT] {"event_type": "ORCHESTRATOR_START", "timestamp_utc": "2026-06-23T17:29:50.592620+00:00", "no_deploy": false, "skip_api_fetch": false, "version": "2.0", "python": "3.12.3 (main, Mar 23 2026, 19:04:32) [GCC 13.3.0]"}
2026-06-23 19:29:50,663 | INFO     | orchestrator | ════════════════════════════════════════════════════════════
2026-06-23 19:29:50,663 | INFO     | orchestrator | PHASE 1: Universe & Mapping
2026-06-23 19:29:50,663 | INFO     | orchestrator | ════════════════════════════════════════════════════════════
2026-06-23 19:29:50,663 | INFO     | orchestrator | [Phase 1] Universe-Alter: 0.4h — frisch genug.
2026-06-23 19:29:50,665 | INFO     | orchestrator | [Phase 1] 106 eindeutige Instrumente im Universum.
2026-06-23 19:29:50,665 | INFO     | orchestrator | [JSON_EVENT] {"event_type": "PHASE1_COMPLETE", "timestamp_utc": "2026-06-23T17:29:50.665508+00:00", "universe_size": 106, "unmapped_count": 0}
2026-06-23 19:29:50,665 | INFO     | orchestrator | ════════════════════════════════════════════════════════════
2026-06-23 19:29:50,665 | INFO     | orchestrator | PHASE 2: Datenbeschaffung (Multi-ZIP, Merge, API-Backfill)
2026-06-23 19:29:50,665 | INFO     | orchestrator | ════════════════════════════════════════════════════════════
2026-06-23 19:29:50,665 | INFO     | orchestrator | [Phase 2a] Keine ZIP-Dateien in data/import/ gefunden.
2026-06-23 19:29:50,666 | INFO     | api_backfiller | [api_backfiller] Universe geladen: 106 Instrumente.
2026-06-23 19:29:50,666 | INFO     | orchestrator | [Phase 2c] API-Backfill für 106 Symbole …
2026-06-23 19:29:50,666 | DEBUG    | asyncio | Using selector: EpollSelector
2026-06-23 19:29:50,666 | INFO     | api_backfiller | [api_backfiller] Starte Backfill: 2026-06-16 → 2026-06-23 | 106 Instrumente
2026-06-23 19:29:50,666 | INFO     | api_backfiller | [api_backfiller] Lade Instrument-Precisions via eToro API …
2026-06-23 19:29:51,266 | DEBUG    | api_backfiller | [api_backfiller] Raw API response (first 500 chars): {'instrumentDisplayDatas': [{'instrumentID': 1012, 'instrumentDisplayName': 'Caterpillar', 'instrumentTypeID': 5, 'exchangeID': 5, 'images': [{'instrumentID': 1012, 'width': 50.0, 'height': 50.0, 'uri': 'https://etoro-cdn.etorostatic.com/market-avatars/cat/50x50.png'}, {'instrumentID': 1012, 'width': 150.0, 'height': 150.0, 'uri': 'https://etoro-cdn.etorostatic.com/market-avatars/cat/150x150.png'}, {'instrumentID': 1012, 'width': 35.0, 'height': 35.0, 'uri': 'https://etoro-cdn.etorostatic.com/ma
2026-06-23 19:29:51,266 | DEBUG    | api_backfiller | [api_backfiller] Keine API-Precision für ID 1012 (CAT). Equity-Fallback (2,2) wird von run_backfill() angewendet.
2026-06-23 19:29:51,266 | DEBUG    | api_backfiller | Vollständiger Item-Dump: {
  "instrumentID": 1012,
  "instrumentDisplayName": "Caterpillar",
  "instrumentTypeID": 5,
  "exchangeID": 5,
  "images": [
    {
      "instrumentID": 1012,
      "width": 50.0,
      "height": 50.0,
      "uri": "https://etoro-cdn.etorostatic.com/market-avatars/cat/50x50.png"
    },
    {
      "instrumentID": 1012,
      "width": 150.0,
      "height": 150.0,
      "uri": "https://etoro-cdn.etorostatic.com/market-avatars/cat/150x150.png"
    },
    {
      "instrumentID": 1012,
      "width": 35.0,
      "height": 35.0,
      "uri": "https://etoro-cdn.etorostatic.com/market-avatars/cat/35x35.png"
    },
    {
      "instrumentID": 1012,
      "width": 90.0,
      "height": 90.0,
      "uri": "https://etoro-cdn.etorostatic.com/market-avatars/cat/90x90.png"
    },
    {
      "instrumentID": 1012,
      "uri": "https://etoro-cdn.etorostatic.com/market-avatars/1012/1012_2C2C2C_F7F7F7.svg",
      "backgroundColor": "#2C2C2C",
      "textColor": "#F7F7F7"
    }
  ],
  "symbolFull": "CAT",
  "stocksIndustryID": 6,
  "priceSource": "NASDAQ",
  "hasExpirationDate": false,
  "isInternalInstrument": false,
  "distributionType": 5
}
2026-06-23 19:29:51,267 | DEBUG    | api_backfiller | [api_backfiller] Keine API-Precision für ID 1102 (PBR). Equity-Fallback (2,2) wird von run_backfill() angewendet.
2026-06-23 19:29:51,267 | DEBUG    | api_backfiller | Vollständiger Item-Dump: {
  "instrumentID": 1102,
  "instrumentDisplayName": "Petroleo Brasileiro SA Petrobras-ADR",
  "instrumentTypeID": 5,
  "exchangeID": 5,
  "images": [
    {
      "instrumentID": 1102,
      "width": 35.0,
      "height": 35.0,
      "uri": "https://etoro-cdn.etorostatic.com/market-avatars/pbr/35x35.png"
    },
    {
      "instrumentID": 1102,
      "width": 50.0,
      "height": 50.0,
      "uri": "https://etoro-cdn.etorostatic.com/market-avatars/pbr/50x50.png"
    },
    {
      "instrumentID": 1102,
      "width": 80.0,
      "height": 80.0,
      "uri": "https://etoro-cdn.etorostatic.com/market-avatars/pbr/80x80.png"
    },
    {
      "instrumentID": 1102,
      "width": 90.0,
      "height": 90.0,
      "uri": "https://etoro-cdn.etorostatic.com/market-avatars/pbr/90x90.png"
    },
    {
      "instrumentID": 1102,
      "width": 150.0,
      "height": 150.0,
      "uri": "https://etoro-cdn.etorostatic.com/market-avatars/pbr/150x150.png"
    },
    {
      "instrumentID": 1102,
      "uri": "https://etoro-cdn.etorostatic.com/market-avatars/1102/1102_00853F_F7F7F7.svg",
      "backgroundColor": "#00853F",
      "textColor": "#F7F7F7"
    }
  ],
  "symbolFull": "PBR",
  "stocksIndustryID": 1,
  "priceSource": "NASDAQ",
  "hasExpirationDate": false,
  "isInternalInstrument": false,
  "distributionType": 5
}
2026-06-23 19:29:51,267 | DEBUG    | api_backfiller | [api_backfiller] Keine API-Precision für ID 1115 (NOK). Equity-Fallback (2,2) wird von run_backfill() angewendet.
2026-06-23 19:29:51,267 | DEBUG    | api_backfiller | Vollständiger Item-Dump: {
  "instrumentID": 1115,
  "instrumentDisplayName": "Nokia Oyj-ADR",
  "instrumentTypeID": 5,
  "exchangeID": 5,
  "images": [
    {
      "instrumentID": 1115,
      "width": 35.0,
      "height": 35.0,
      "uri": "https://etoro-cdn.etorostatic.com/market-avatars/nok/35x35.png"
    },
    {
      "instrumentID": 1115,
      "width": 50.0,
      "height": 50.0,
      "uri": "https://etoro-cdn.etorostatic.com/market-avatars/nok/50x50.png"
    },
    {
      "instrumentID": 1115,
      "width": 80.0,
      "height": 80.0,
      "uri": "https://etoro-cdn.etorostatic.com/market-avatars/nok/80x80.png"
    },
    {
      "instrumentID": 1115,
      "width": 90.0,
      "height": 90.0,
      "uri": "https://etoro-cdn.etorostatic.com/market-avatars/nok/90x90.png"
    },
    {
      "instrumentID": 1115,
      "width": 150.0,
      "height": 150.0,
      "uri": "https://etoro-cdn.etorostatic.com/market-avatars/nok/150x150.png"
    },
    {
      "instrumentID": 1115,
      "uri": "https://etoro-cdn.etorostatic.com/market-avatars/1115/1115_124191_F7F7F7.svg",
      "backgroundColor": "#124191",
      "textColor": "#F7F7F7"
    }
  ],
  "symbolFull": "NOK",
  "stocksIndustryID": 8,
  "priceSource": "NASDAQ",
  "hasExpirationDate": false,
  "isInternalInstrument": false,
  "distributionType": 5
}
2026-06-23 19:29:51,267 | DEBUG    | api_backfiller | [api_backfiller] Keine API-Precision für ID 1129 (WDC). Equity-Fallback (2,2) wird von run_backfill() angewendet.
2026-06-23 19:29:51,267 | DEBUG    | api_backfiller | [api_backfiller] Keine API-Precision für ID 1130 (MU). Equity-Fallback (2,2) wird von run_backfill() angewendet.
2026-06-23 19:29:51,267 | DEBUG    | api_backfiller | [api_backfiller] Keine API-Precision für ID 1138 (FDX). Equity-Fallback (2,2) wird von run_backfill() angewendet.
2026-06-23 19:29:51,267 | DEBUG    | api_backfiller | [api_backfiller] Keine API-Precision für ID 1184 (PINS). Equity-Fallback (2,2) wird von run_backfill() angewendet.
2026-06-23 19:29:51,267 | DEBUG    | api_backfiller | [api_backfiller] Keine API-Precision für ID 1341 (GEV). Equity-Fallback (2,2) wird von run_backfill() angewendet.
2026-06-23 19:29:51,267 | DEBUG    | api_backfiller | [api_backfiller] Keine API-Precision für ID 1484 (PYPL). Equity-Fallback (2,2) wird von run_backfill() angewendet.
2026-06-23 19:29:51,267 | DEBUG    | api_backfiller | [api_backfiller] Keine API-Precision für ID 1585 (GIS). Equity-Fallback (2,2) wird von run_backfill() angewendet.
2026-06-23 19:29:51,267 | DEBUG    | api_backfiller | [api_backfiller] Keine API-Precision für ID 1586 (CAG). Equity-Fallback (2,2) wird von run_backfill() angewendet.
2026-06-23 19:29:51,267 | DEBUG    | api_backfiller | [api_backfiller] Keine API-Precision für ID 1687 (GLW). Equity-Fallback (2,2) wird von run_backfill() angewendet.
2026-06-23 19:29:51,267 | DEBUG    | api_backfiller | [api_backfiller] Keine API-Precision für ID 1706 (AMAT). Equity-Fallback (2,2) wird von run_backfill() angewendet.
2026-06-23 19:29:51,267 | DEBUG    | api_backfiller | [api_backfiller] Keine API-Precision für ID 1832 (AMD). Equity-Fallback (2,2) wird von run_backfill() angewendet.
2026-06-23 19:29:51,267 | DEBUG    | api_backfiller | [api_backfiller] Keine API-Precision für ID 1865 (FISV). Equity-Fallback (2,2) wird von run_backfill() angewendet.
2026-06-23 19:29:51,267 | DEBUG    | api_backfiller | [api_backfiller] Keine API-Precision für ID 1905 (MTZ). Equity-Fallback (2,2) wird von run_backfill() angewendet.
2026-06-23 19:29:51,267 | DEBUG    | api_backfiller | [api_backfiller] Keine API-Precision für ID 1906 (LRCX). Equity-Fallback (2,2) wird von run_backfill() angewendet.
2026-06-23 19:29:51,267 | DEBUG    | api_backfiller | [api_backfiller] Keine API-Precision für ID 1914 (INTU). Equity-Fallback (2,2) wird von run_backfill() angewendet.
2026-06-23 19:29:51,267 | DEBUG    | api_backfiller | [api_backfiller] Keine API-Precision für ID 1945 (CMG). Equity-Fallback (2,2) wird von run_backfill() angewendet.
2026-06-23 19:29:51,267 | DEBUG    | api_backfiller | [api_backfiller] Keine API-Precision für ID 4067 (GSAT). Equity-Fallback (2,2) wird von run_backfill() angewendet.
2026-06-23 19:29:51,267 | DEBUG    | api_backfiller | [api_backfiller] Keine API-Precision für ID 4260 (NOW). Equity-Fallback (2,2) wird von run_backfill() angewendet.
2026-06-23 19:29:51,267 | DEBUG    | api_backfiller | [api_backfiller] Keine API-Precision für ID 4263 (WDAY). Equity-Fallback (2,2) wird von run_backfill() angewendet.
2026-06-23 19:29:51,267 | DEBUG    | api_backfiller | [api_backfiller] Keine API-Precision für ID 4309 (LULU). Equity-Fallback (2,2) wird von run_backfill() angewendet.
2026-06-23 19:29:51,267 | DEBUG    | api_backfiller | [api_backfiller] Keine API-Precision für ID 4356 (STX.US). Equity-Fallback (2,2) wird von run_backfill() angewendet.
2026-06-23 19:29:51,267 | DEBUG    | api_backfiller | [api_backfiller] Keine API-Precision für ID 4358 (MRVL). Equity-Fallback (2,2) wird von run_backfill() angewendet.
2026-06-23 19:29:51,267 | DEBUG    | api_backfiller | [api_backfiller] Keine API-Precision für ID 4399 (TTD). Equity-Fallback (2,2) wird von run_backfill() angewendet.
2026-06-23 19:29:51,267 | DEBUG    | api_backfiller | [api_backfiller] Keine API-Precision für ID 4421 (CIEN). Equity-Fallback (2,2) wird von run_backfill() angewendet.
2026-06-23 19:29:51,267 | DEBUG    | api_backfiller | [api_backfiller] Keine API-Precision für ID 4482 (TME). Equity-Fallback (2,2) wird von run_backfill() angewendet.
2026-06-23 19:29:51,267 | DEBUG    | api_backfiller | [api_backfiller] Keine API-Precision für ID 5491 (ASX). Equity-Fallback (2,2) wird von run_backfill() angewendet.
2026-06-23 19:29:51,267 | DEBUG    | api_backfiller | [api_backfiller] Keine API-Precision für ID 5657 (SMTC). Equity-Fallback (2,2) wird von run_backfill() angewendet.
2026-06-23 19:29:51,267 | DEBUG    | api_backfiller | [api_backfiller] Keine API-Precision für ID 5960 (SE). Equity-Fallback (2,2) wird von run_backfill() angewendet.
2026-06-23 19:29:51,267 | DEBUG    | api_backfiller | [api_backfiller] Keine API-Precision für ID 5967 (CPRT). Equity-Fallback (2,2) wird von run_backfill() angewendet.
2026-06-23 19:29:51,267 | DEBUG    | api_backfiller | [api_backfiller] Keine API-Precision für ID 6071 (AXON). Equity-Fallback (2,2) wird von run_backfill() angewendet.
2026-06-23 19:29:51,267 | DEBUG    | api_backfiller | [api_backfiller] Keine API-Precision für ID 6094 (COHR). Equity-Fallback (2,2) wird von run_backfill() angewendet.
2026-06-23 19:29:51,267 | DEBUG    | api_backfiller | [api_backfiller] Keine API-Precision für ID 6434 (GOOGL). Equity-Fallback (2,2) wird von run_backfill() angewendet.
2026-06-23 19:29:51,267 | DEBUG    | api_backfiller | [api_backfiller] Keine API-Precision für ID 6473 (MSTR). Equity-Fallback (2,2) wird von run_backfill() angewendet.
2026-06-23 19:29:51,267 | DEBUG    | api_backfiller | [api_backfiller] Keine API-Precision für ID 6549 (TER). Equity-Fallback (2,2) wird von run_backfill() angewendet.
2026-06-23 19:29:51,267 | DEBUG    | api_backfiller | [api_backfiller] Keine API-Precision für ID 6681 (ELF). Equity-Fallback (2,2) wird von run_backfill() angewendet.
2026-06-23 19:29:51,267 | DEBUG    | api_backfiller | [api_backfiller] Keine API-Precision für ID 6705 (FRO). Equity-Fallback (2,2) wird von run_backfill() angewendet.
2026-06-23 19:29:51,267 | DEBUG    | api_backfiller | [api_backfiller] Keine API-Precision für ID 6844 (NVO). Equity-Fallback (2,2) wird von run_backfill() angewendet.
2026-06-23 19:29:51,267 | DEBUG    | api_backfiller | [api_backfiller] Keine API-Precision für ID 6940 (SQM). Equity-Fallback (2,2) wird von run_backfill() angewendet.
2026-06-23 19:29:51,267 | DEBUG    | api_backfiller | [api_backfiller] Keine API-Precision für ID 7852 (AMKR). Equity-Fallback (2,2) wird von run_backfill() angewendet.
2026-06-23 19:29:51,267 | DEBUG    | api_backfiller | [api_backfiller] Keine API-Precision für ID 7930 (LQDA). Equity-Fallback (2,2) wird von run_backfill() angewendet.
2026-06-23 19:29:51,267 | DEBUG    | api_backfiller | [api_backfiller] Keine API-Precision für ID 8604 (KD). Equity-Fallback (2,2) wird von run_backfill() angewendet.
2026-06-23 19:29:51,267 | DEBUG    | api_backfiller | [api_backfiller] Keine API-Precision für ID 8637 (DUOL). Equity-Fallback (2,2) wird von run_backfill() angewendet.
2026-06-23 19:29:51,267 | DEBUG    | api_backfiller | [api_backfiller] Keine API-Precision für ID 8867 (VRT). Equity-Fallback (2,2) wird von run_backfill() angewendet.
2026-06-23 19:29:51,267 | DEBUG    | api_backfiller | [api_backfiller] Keine API-Precision für ID 9271 (MNDY). Equity-Fallback (2,2) wird von run_backfill() angewendet.
2026-06-23 19:29:51,267 | DEBUG    | api_backfiller | [api_backfiller] Keine API-Precision für ID 9814 (POWL). Equity-Fallback (2,2) wird von run_backfill() angewendet.
2026-06-23 19:29:51,267 | DEBUG    | api_backfiller | [api_backfiller] Keine API-Precision für ID 10476 (SEI.US). Equity-Fallback (2,2) wird von run_backfill() angewendet.
2026-06-23 19:29:51,267 | DEBUG    | api_backfiller | [api_backfiller] Keine API-Precision für ID 14310 (NTSK). Equity-Fallback (2,2) wird von run_backfill() angewendet.
2026-06-23 19:29:51,910 | DEBUG    | api_backfiller | [api_backfiller] Raw API response (first 500 chars): {'instrumentDisplayDatas': [{'instrumentID': 22, 'instrumentDisplayName': 'Natural Gas (Non Expiry)', 'instrumentTypeID': 2, 'exchangeID': 2, 'images': [{'instrumentID': 22, 'width': 35.0, 'height': 35.0, 'uri': 'https://etoro-cdn.etorostatic.com/market-avatars/natgas/35x35.png'}, {'instrumentID': 22, 'width': 80.0, 'height': 80.0}, {'instrumentID': 22, 'width': 50.0, 'height': 50.0, 'uri': 'https://etoro-cdn.etorostatic.com/market-avatars/natgas/50x50.png'}, {'instrumentID': 22, 'width': 150.0,
2026-06-23 19:29:51,911 | DEBUG    | api_backfiller | [api_backfiller] ID 22: price_precision via historischem Fallback=5
2026-06-23 19:29:51,911 | DEBUG    | api_backfiller | [api_backfiller] ID 22: size_precision via historischem Fallback=5
2026-06-23 19:29:51,911 | DEBUG    | api_backfiller | [api_backfiller] ID 22 (NATGAS): price_prec=5, size_prec=5
2026-06-23 19:29:51,911 | DEBUG    | api_backfiller | [api_backfiller] ID 42: price_precision via historischem Fallback=5
2026-06-23 19:29:51,911 | DEBUG    | api_backfiller | [api_backfiller] ID 42: size_precision via historischem Fallback=5
2026-06-23 19:29:51,911 | DEBUG    | api_backfiller | [api_backfiller] ID 42 (USDZAR): price_prec=5, size_prec=5
2026-06-23 19:29:51,911 | DEBUG    | api_backfiller | [api_backfiller] ID 62: price_precision via historischem Fallback=5
2026-06-23 19:29:51,911 | DEBUG    | api_backfiller | [api_backfiller] ID 62: size_precision via historischem Fallback=5
2026-06-23 19:29:51,911 | DEBUG    | api_backfiller | [api_backfiller] ID 62 (USDTRY): price_prec=5, size_prec=5
2026-06-23 19:29:51,911 | DEBUG    | api_backfiller | [api_backfiller] Keine API-Precision für ID 1002 (GOOG). Equity-Fallback (2,2) wird von run_backfill() angewendet.
2026-06-23 19:29:51,911 | DEBUG    | api_backfiller | [api_backfiller] Keine API-Precision für ID 1022 (JNJ). Equity-Fallback (2,2) wird von run_backfill() angewendet.
2026-06-23 19:29:51,911 | DEBUG    | api_backfiller | [api_backfiller] Keine API-Precision für ID 1111 (TSLA). Equity-Fallback (2,2) wird von run_backfill() angewendet.
2026-06-23 19:29:51,911 | DEBUG    | api_backfiller | [api_backfiller] Keine API-Precision für ID 1126 (ADBE). Equity-Fallback (2,2) wird von run_backfill() angewendet.
2026-06-23 19:29:51,911 | DEBUG    | api_backfiller | [api_backfiller] Keine API-Precision für ID 1137 (NVDA). Equity-Fallback (2,2) wird von run_backfill() angewendet.
2026-06-23 19:29:51,911 | DEBUG    | api_backfiller | [api_backfiller] Keine API-Precision für ID 1160 (WIX). Equity-Fallback (2,2) wird von run_backfill() angewendet.
2026-06-23 19:29:51,911 | DEBUG    | api_backfiller | [api_backfiller] Keine API-Precision für ID 1402 (ROP.ZU). Equity-Fallback (2,2) wird von run_backfill() angewendet.
2026-06-23 19:29:51,911 | DEBUG    | api_backfiller | [api_backfiller] Keine API-Precision für ID 1450 (ACN). Equity-Fallback (2,2) wird von run_backfill() angewendet.
2026-06-23 19:29:51,911 | DEBUG    | api_backfiller | [api_backfiller] Keine API-Precision für ID 1497 (VLO). Equity-Fallback (2,2) wird von run_backfill() angewendet.
2026-06-23 19:29:51,911 | DEBUG    | api_backfiller | [api_backfiller] Keine API-Precision für ID 1531 (HAL). Equity-Fallback (2,2) wird von run_backfill() angewendet.
2026-06-23 19:29:51,911 | DEBUG    | api_backfiller | [api_backfiller] Keine API-Precision für ID 1552 (ABT.US). Equity-Fallback (2,2) wird von run_backfill() angewendet.
2026-06-23 19:29:51,911 | DEBUG    | api_backfiller | [api_backfiller] Keine API-Precision für ID 1704 (CHTR). Equity-Fallback (2,2) wird von run_backfill() angewendet.
2026-06-23 19:29:51,911 | DEBUG    | api_backfiller | [api_backfiller] Keine API-Precision für ID 1839 (CRM). Equity-Fallback (2,2) wird von run_backfill() angewendet.
2026-06-23 19:29:51,911 | DEBUG    | api_backfiller | [api_backfiller] Keine API-Precision für ID 1979 (SNAP). Equity-Fallback (2,2) wird von run_backfill() angewendet.
2026-06-23 19:29:51,911 | DEBUG    | api_backfiller | [api_backfiller] Keine API-Precision für ID 2380 (01211.HK). Equity-Fallback (2,2) wird von run_backfill() angewendet.
2026-06-23 19:29:51,911 | DEBUG    | api_backfiller | [api_backfiller] Keine API-Precision für ID 2587 (RHM.DE). Equity-Fallback (2,2) wird von run_backfill() angewendet.
2026-06-23 19:29:51,911 | DEBUG    | api_backfiller | [api_backfiller] ID 3208: price_precision via historischem Fallback=5
2026-06-23 19:29:51,911 | DEBUG    | api_backfiller | [api_backfiller] ID 3208: size_precision via historischem Fallback=5
2026-06-23 19:29:51,911 | DEBUG    | api_backfiller | [api_backfiller] ID 3208 (PALL): price_prec=5, size_prec=5
2026-06-23 19:29:51,911 | DEBUG    | api_backfiller | [api_backfiller] Keine API-Precision für ID 4074 (HUBS). Equity-Fallback (2,2) wird von run_backfill() angewendet.
2026-06-23 19:29:51,911 | DEBUG    | api_backfiller | [api_backfiller] Keine API-Precision für ID 4087 (JAZZ). Equity-Fallback (2,2) wird von run_backfill() angewendet.
2026-06-23 19:29:51,911 | DEBUG    | api_backfiller | [api_backfiller] Keine API-Precision für ID 4194 (ZTS). Equity-Fallback (2,2) wird von run_backfill() angewendet.
2026-06-23 19:29:51,911 | DEBUG    | api_backfiller | [api_backfiller] Keine API-Precision für ID 4232 (NVS). Equity-Fallback (2,2) wird von run_backfill() angewendet.
2026-06-23 19:29:51,911 | DEBUG    | api_backfiller | [api_backfiller] Keine API-Precision für ID 4272 (CCL). Equity-Fallback (2,2) wird von run_backfill() angewendet.
2026-06-23 19:29:51,911 | DEBUG    | api_backfiller | [api_backfiller] Keine API-Precision für ID 4286 (TEAM). Equity-Fallback (2,2) wird von run_backfill() angewendet.
2026-06-23 19:29:51,911 | DEBUG    | api_backfiller | [api_backfiller] Keine API-Precision für ID 4398 (DOCU). Equity-Fallback (2,2) wird von run_backfill() angewendet.
2026-06-23 19:29:51,911 | DEBUG    | api_backfiller | [api_backfiller] Keine API-Precision für ID 4403 (ZS). Equity-Fallback (2,2) wird von run_backfill() angewendet.
2026-06-23 19:29:51,911 | DEBUG    | api_backfiller | [api_backfiller] Keine API-Precision für ID 5045 (FSLY). Equity-Fallback (2,2) wird von run_backfill() angewendet.
2026-06-23 19:29:51,911 | DEBUG    | api_backfiller | [api_backfiller] Keine API-Precision für ID 5635 (EEFT). Equity-Fallback (2,2) wird von run_backfill() angewendet.
2026-06-23 19:29:51,911 | DEBUG    | api_backfiller | [api_backfiller] Keine API-Precision für ID 6270 (RIOT). Equity-Fallback (2,2) wird von run_backfill() angewendet.
2026-06-23 19:29:51,911 | DEBUG    | api_backfiller | [api_backfiller] Keine API-Precision für ID 6552 (TSEM). Equity-Fallback (2,2) wird von run_backfill() angewendet.
2026-06-23 19:29:51,911 | DEBUG    | api_backfiller | [api_backfiller] Keine API-Precision für ID 6584 (AG). Equity-Fallback (2,2) wird von run_backfill() angewendet.
2026-06-23 19:29:51,911 | DEBUG    | api_backfiller | [api_backfiller] Keine API-Precision für ID 6700 (XPEV). Equity-Fallback (2,2) wird von run_backfill() angewendet.
2026-06-23 19:29:51,911 | DEBUG    | api_backfiller | [api_backfiller] Keine API-Precision für ID 7991 (PLTR). Equity-Fallback (2,2) wird von run_backfill() angewendet.
2026-06-23 19:29:51,911 | DEBUG    | api_backfiller | [api_backfiller] Keine API-Precision für ID 8585 (GTLB). Equity-Fallback (2,2) wird von run_backfill() angewendet.
2026-06-23 19:29:51,911 | DEBUG    | api_backfiller | [api_backfiller] Keine API-Precision für ID 8611 (WBD). Equity-Fallback (2,2) wird von run_backfill() angewendet.
2026-06-23 19:29:51,911 | DEBUG    | api_backfiller | [api_backfiller] Keine API-Precision für ID 8638 (E). Equity-Fallback (2,2) wird von run_backfill() angewendet.
2026-06-23 19:29:51,911 | DEBUG    | api_backfiller | [api_backfiller] Keine API-Precision für ID 8671 (HUT). Equity-Fallback (2,2) wird von run_backfill() angewendet.
2026-06-23 19:29:51,912 | DEBUG    | api_backfiller | [api_backfiller] Keine API-Precision für ID 9077 (FICO). Equity-Fallback (2,2) wird von run_backfill() angewendet.
2026-06-23 19:29:51,912 | DEBUG    | api_backfiller | [api_backfiller] Keine API-Precision für ID 9119 (INSM). Equity-Fallback (2,2) wird von run_backfill() angewendet.
2026-06-23 19:29:51,912 | DEBUG    | api_backfiller | [api_backfiller] Keine API-Precision für ID 9517 (INSW). Equity-Fallback (2,2) wird von run_backfill() angewendet.
2026-06-23 19:29:51,912 | DEBUG    | api_backfiller | [api_backfiller] Keine API-Precision für ID 9803 (TTMI). Equity-Fallback (2,2) wird von run_backfill() angewendet.
2026-06-23 19:29:51,912 | DEBUG    | api_backfiller | [api_backfiller] Keine API-Precision für ID 15233 (ESLT). Equity-Fallback (2,2) wird von run_backfill() angewendet.
2026-06-23 19:29:51,912 | DEBUG    | api_backfiller | [api_backfiller] ID 100000: price_precision via historischem Fallback=2
2026-06-23 19:29:51,912 | DEBUG    | api_backfiller | [api_backfiller] ID 100000: size_precision via historischem Fallback=8
2026-06-23 19:29:51,912 | DEBUG    | api_backfiller | [api_backfiller] ID 100000 (BTC): price_prec=2, size_prec=8
2026-06-23 19:29:51,912 | DEBUG    | api_backfiller | [api_backfiller] ID 100001: price_precision via historischem Fallback=2
2026-06-23 19:29:51,912 | DEBUG    | api_backfiller | [api_backfiller] ID 100001: size_precision via historischem Fallback=8
2026-06-23 19:29:51,912 | DEBUG    | api_backfiller | [api_backfiller] ID 100001 (ETH): price_prec=2, size_prec=8
2026-06-23 19:29:51,912 | DEBUG    | api_backfiller | [api_backfiller] ID 100003: price_precision via historischem Fallback=2
2026-06-23 19:29:51,912 | DEBUG    | api_backfiller | [api_backfiller] ID 100003: size_precision via historischem Fallback=8
2026-06-23 19:29:51,912 | DEBUG    | api_backfiller | [api_backfiller] ID 100003 (XRP): price_prec=2, size_prec=8
2026-06-23 19:29:51,912 | DEBUG    | api_backfiller | [api_backfiller] ID 100017: price_precision via historischem Fallback=2
2026-06-23 19:29:51,912 | DEBUG    | api_backfiller | [api_backfiller] ID 100017: size_precision via historischem Fallback=8
2026-06-23 19:29:51,912 | DEBUG    | api_backfiller | [api_backfiller] ID 100017 (ADA): price_prec=2, size_prec=8
2026-06-23 19:29:51,912 | DEBUG    | api_backfiller | [api_backfiller] ID 100043: price_precision via historischem Fallback=2
2026-06-23 19:29:51,912 | DEBUG    | api_backfiller | [api_backfiller] ID 100043: size_precision via historischem Fallback=8
2026-06-23 19:29:51,912 | DEBUG    | api_backfiller | [api_backfiller] ID 100043 (DOGE): price_prec=2, size_prec=8
2026-06-23 19:29:51,912 | DEBUG    | api_backfiller | [api_backfiller] ID 100063: price_precision via historischem Fallback=2
2026-06-23 19:29:51,912 | DEBUG    | api_backfiller | [api_backfiller] ID 100063: size_precision via historischem Fallback=8
2026-06-23 19:29:51,912 | DEBUG    | api_backfiller | [api_backfiller] ID 100063 (SOL): price_prec=2, size_prec=8
2026-06-23 19:29:52,501 | DEBUG    | api_backfiller | [api_backfiller] Raw API response (first 500 chars): {'instrumentDisplayDatas': [{'instrumentID': 100080, 'instrumentDisplayName': 'Shiba (in millions)', 'instrumentTypeID': 10, 'exchangeID': 8, 'images': [{'instrumentID': 100080, 'width': 35.0, 'height': 35.0, 'uri': 'https://etoro-cdn.etorostatic.com/market-avatars/100080/35x35.png'}, {'instrumentID': 100080, 'width': 50.0, 'height': 50.0, 'uri': 'https://etoro-cdn.etorostatic.com/market-avatars/100080/50x50.png'}, {'instrumentID': 100080, 'width': 150.0, 'height': 150.0, 'uri': 'https://etoro-c
2026-06-23 19:29:52,501 | DEBUG    | api_backfiller | [api_backfiller] ID 100080: price_precision via historischem Fallback=8
2026-06-23 19:29:52,501 | DEBUG    | api_backfiller | [api_backfiller] ID 100080: size_precision via historischem Fallback=8
2026-06-23 19:29:52,501 | DEBUG    | api_backfiller | [api_backfiller] ID 100080 (SHIBxM): price_prec=8, size_prec=8
2026-06-23 19:29:52,501 | DEBUG    | api_backfiller | [api_backfiller] ID 100085: price_precision via historischem Fallback=2
2026-06-23 19:29:52,501 | DEBUG    | api_backfiller | [api_backfiller] ID 100085: size_precision via historischem Fallback=8
2026-06-23 19:29:52,501 | DEBUG    | api_backfiller | [api_backfiller] ID 100085 (AVAX): price_prec=2, size_prec=8
2026-06-23 19:29:52,501 | DEBUG    | api_backfiller | [api_backfiller] ID 100303: price_precision via historischem Fallback=8
2026-06-23 19:29:52,501 | DEBUG    | api_backfiller | [api_backfiller] ID 100303: size_precision via historischem Fallback=8
2026-06-23 19:29:52,501 | DEBUG    | api_backfiller | [api_backfiller] ID 100303 (PEPExM): price_prec=8, size_prec=8
2026-06-23 19:29:52,501 | DEBUG    | api_backfiller | [api_backfiller] ID 100323: price_precision via historischem Fallback=2
2026-06-23 19:29:52,501 | DEBUG    | api_backfiller | [api_backfiller] ID 100323: size_precision via historischem Fallback=8
2026-06-23 19:29:52,501 | DEBUG    | api_backfiller | [api_backfiller] ID 100323 (ONDO): price_prec=2, size_prec=8
2026-06-23 19:29:52,501 | DEBUG    | api_backfiller | [api_backfiller] ID 100421: price_precision via historischem Fallback=2
2026-06-23 19:29:52,501 | DEBUG    | api_backfiller | [api_backfiller] ID 100421: size_precision via historischem Fallback=8
2026-06-23 19:29:52,501 | DEBUG    | api_backfiller | [api_backfiller] ID 100421 (AERO): price_prec=2, size_prec=8
2026-06-23 19:29:52,501 | DEBUG    | api_backfiller | [api_backfiller] ID 100446: price_precision via historischem Fallback=2
2026-06-23 19:29:52,501 | DEBUG    | api_backfiller | [api_backfiller] ID 100446: size_precision via historischem Fallback=8
2026-06-23 19:29:52,502 | DEBUG    | api_backfiller | [api_backfiller] ID 100446 (HYPE): price_prec=2, size_prec=8
2026-06-23 19:29:53,003 | INFO     | api_backfiller | [api_backfiller] Precision-Auflösung abgeschlossen: 16 direkt via API, 0 via Symbol-Fallback (_fallback_precisions), 90 Equities erhalten (2,2) in run_backfill().
2026-06-23 19:29:53,178 | DEBUG    | api_backfiller | [api_backfiller] 01211.HK.ETORO: Precision-Fallback price_prec=2, size_prec=2
2026-06-23 19:29:53,282 | INFO     | api_backfiller | [api_backfiller] 01211.HK.ETORO: 24 Candles konvertiert (price_prec=2, size_prec=2).
2026-06-23 19:29:53,289 | DEBUG    | api_backfiller | [api_backfiller] 01211.HK.ETORO: 1525→1501 Zeilen (-24 Duplikate)
2026-06-23 19:29:53,294 | INFO     | api_backfiller | [api_backfiller] 01211.HK.ETORO: 1501 Zeilen gespeichert (price_prec=2, size_prec=2) → data.parquet
2026-06-23 19:29:54,403 | DEBUG    | api_backfiller | [api_backfiller] ABT.US.ETORO: Daten aktuell (Lücke 0.5h) — überspringe.
2026-06-23 19:29:54,406 | DEBUG    | api_backfiller | [api_backfiller] ACN.ETORO: Daten aktuell (Lücke 0.5h) — überspringe.
2026-06-23 19:29:54,408 | DEBUG    | api_backfiller | [api_backfiller] ADA.ETORO: Daten aktuell (Lücke 0.5h) — überspringe.
2026-06-23 19:29:54,410 | DEBUG    | api_backfiller | [api_backfiller] ADBE.ETORO: Daten aktuell (Lücke 0.5h) — überspringe.
2026-06-23 19:29:54,411 | DEBUG    | api_backfiller | [api_backfiller] AERO.ETORO: Daten aktuell (Lücke 0.5h) — überspringe.
2026-06-23 19:29:54,413 | DEBUG    | api_backfiller | [api_backfiller] AG.ETORO: Daten aktuell (Lücke 0.5h) — überspringe.
2026-06-23 19:29:54,414 | DEBUG    | api_backfiller | [api_backfiller] AMAT.ETORO: Daten aktuell (Lücke 0.5h) — überspringe.
2026-06-23 19:29:54,416 | DEBUG    | api_backfiller | [api_backfiller] AMD.ETORO: Daten aktuell (Lücke 0.5h) — überspringe.
2026-06-23 19:29:54,417 | DEBUG    | api_backfiller | [api_backfiller] AMKR.ETORO: Daten aktuell (Lücke 0.5h) — überspringe.
2026-06-23 19:29:54,419 | DEBUG    | api_backfiller | [api_backfiller] ASX.ETORO: Daten aktuell (Lücke 0.5h) — überspringe.
2026-06-23 19:29:54,421 | DEBUG    | api_backfiller | [api_backfiller] AVAX.ETORO: Daten aktuell (Lücke 0.5h) — überspringe.
2026-06-23 19:29:54,423 | DEBUG    | api_backfiller | [api_backfiller] AXON.ETORO: Daten aktuell (Lücke 0.5h) — überspringe.
2026-06-23 19:29:54,425 | DEBUG    | api_backfiller | [api_backfiller] BTC.ETORO: Daten aktuell (Lücke 0.5h) — überspringe.
2026-06-23 19:29:54,426 | DEBUG    | api_backfiller | [api_backfiller] CAG.ETORO: Daten aktuell (Lücke 0.5h) — überspringe.
2026-06-23 19:29:54,428 | DEBUG    | api_backfiller | [api_backfiller] CAT.ETORO: Daten aktuell (Lücke 0.5h) — überspringe.
2026-06-23 19:29:54,429 | DEBUG    | api_backfiller | [api_backfiller] CCL.ETORO: Daten aktuell (Lücke 0.5h) — überspringe.
2026-06-23 19:29:54,431 | DEBUG    | api_backfiller | [api_backfiller] CHTR.ETORO: Daten aktuell (Lücke 0.5h) — überspringe.
2026-06-23 19:29:54,432 | DEBUG    | api_backfiller | [api_backfiller] CIEN.ETORO: Daten aktuell (Lücke 0.5h) — überspringe.
2026-06-23 19:29:54,433 | DEBUG    | api_backfiller | [api_backfiller] CMG.ETORO: Daten aktuell (Lücke 0.5h) — überspringe.
2026-06-23 19:29:54,434 | DEBUG    | api_backfiller | [api_backfiller] COHR.ETORO: Daten aktuell (Lücke 0.5h) — überspringe.
2026-06-23 19:29:54,436 | DEBUG    | api_backfiller | [api_backfiller] CPRT.ETORO: Daten aktuell (Lücke 0.5h) — überspringe.
2026-06-23 19:29:54,437 | DEBUG    | api_backfiller | [api_backfiller] CRM.ETORO: Daten aktuell (Lücke 0.5h) — überspringe.
2026-06-23 19:29:54,439 | DEBUG    | api_backfiller | [api_backfiller] DOCU.ETORO: Daten aktuell (Lücke 0.5h) — überspringe.
2026-06-23 19:29:54,440 | DEBUG    | api_backfiller | [api_backfiller] DOGE.ETORO: Daten aktuell (Lücke 0.5h) — überspringe.
2026-06-23 19:29:54,441 | DEBUG    | api_backfiller | [api_backfiller] DUOL.ETORO: Daten aktuell (Lücke 0.5h) — überspringe.
2026-06-23 19:29:54,443 | DEBUG    | api_backfiller | [api_backfiller] E.ETORO: Daten aktuell (Lücke 0.5h) — überspringe.
2026-06-23 19:29:54,444 | DEBUG    | api_backfiller | [api_backfiller] EEFT.ETORO: Daten aktuell (Lücke 0.5h) — überspringe.
2026-06-23 19:29:54,445 | DEBUG    | api_backfiller | [api_backfiller] ELF.ETORO: Daten aktuell (Lücke 0.5h) — überspringe.
2026-06-23 19:29:54,447 | DEBUG    | api_backfiller | [api_backfiller] ESLT.ETORO: Daten aktuell (Lücke 0.5h) — überspringe.
2026-06-23 19:29:54,448 | DEBUG    | api_backfiller | [api_backfiller] ETH.ETORO: Daten aktuell (Lücke 0.5h) — überspringe.
2026-06-23 19:29:54,449 | DEBUG    | api_backfiller | [api_backfiller] FDX.ETORO: Daten aktuell (Lücke 0.5h) — überspringe.
2026-06-23 19:29:54,451 | DEBUG    | api_backfiller | [api_backfiller] FICO.ETORO: Daten aktuell (Lücke 0.5h) — überspringe.
2026-06-23 19:29:54,452 | DEBUG    | api_backfiller | [api_backfiller] FISV.ETORO: Daten aktuell (Lücke 0.5h) — überspringe.
2026-06-23 19:29:54,453 | DEBUG    | api_backfiller | [api_backfiller] FRO.ETORO: Daten aktuell (Lücke 0.5h) — überspringe.
2026-06-23 19:29:54,455 | DEBUG    | api_backfiller | [api_backfiller] FSLY.ETORO: Daten aktuell (Lücke 0.5h) — überspringe.
2026-06-23 19:29:54,457 | DEBUG    | api_backfiller | [api_backfiller] GEV.ETORO: Daten aktuell (Lücke 0.5h) — überspringe.
2026-06-23 19:29:54,459 | DEBUG    | api_backfiller | [api_backfiller] GIS.ETORO: Daten aktuell (Lücke 0.5h) — überspringe.
2026-06-23 19:29:54,460 | DEBUG    | api_backfiller | [api_backfiller] GLW.ETORO: Daten aktuell (Lücke 0.5h) — überspringe.
2026-06-23 19:29:54,462 | DEBUG    | api_backfiller | [api_backfiller] GOOG.ETORO: Daten aktuell (Lücke 0.5h) — überspringe.
2026-06-23 19:29:54,464 | DEBUG    | api_backfiller | [api_backfiller] GOOGL.ETORO: Daten aktuell (Lücke 0.5h) — überspringe.
2026-06-23 19:29:54,466 | DEBUG    | api_backfiller | [api_backfiller] GSAT.ETORO: Daten aktuell (Lücke 0.5h) — überspringe.
2026-06-23 19:29:54,468 | DEBUG    | api_backfiller | [api_backfiller] GTLB.ETORO: Daten aktuell (Lücke 0.5h) — überspringe.
2026-06-23 19:29:54,469 | DEBUG    | api_backfiller | [api_backfiller] HAL.ETORO: Daten aktuell (Lücke 0.5h) — überspringe.
2026-06-23 19:29:54,471 | DEBUG    | api_backfiller | [api_backfiller] HUBS.ETORO: Daten aktuell (Lücke 0.5h) — überspringe.
2026-06-23 19:29:54,472 | DEBUG    | api_backfiller | [api_backfiller] HUT.ETORO: Daten aktuell (Lücke 0.5h) — überspringe.
2026-06-23 19:29:54,474 | DEBUG    | api_backfiller | [api_backfiller] HYPE.ETORO: Daten aktuell (Lücke 0.5h) — überspringe.
2026-06-23 19:29:54,475 | DEBUG    | api_backfiller | [api_backfiller] INSM.ETORO: Daten aktuell (Lücke 0.5h) — überspringe.
2026-06-23 19:29:54,477 | DEBUG    | api_backfiller | [api_backfiller] INSW.ETORO: Daten aktuell (Lücke 0.5h) — überspringe.
2026-06-23 19:29:54,478 | DEBUG    | api_backfiller | [api_backfiller] INTU.ETORO: Daten aktuell (Lücke 0.5h) — überspringe.
2026-06-23 19:29:54,480 | DEBUG    | api_backfiller | [api_backfiller] JAZZ.ETORO: Daten aktuell (Lücke 0.5h) — überspringe.
2026-06-23 19:29:54,481 | DEBUG    | api_backfiller | [api_backfiller] JNJ.ETORO: Daten aktuell (Lücke 0.5h) — überspringe.
2026-06-23 19:29:54,483 | DEBUG    | api_backfiller | [api_backfiller] KD.ETORO: Daten aktuell (Lücke 0.5h) — überspringe.
2026-06-23 19:29:54,484 | DEBUG    | api_backfiller | [api_backfiller] LQDA.ETORO: Daten aktuell (Lücke 0.5h) — überspringe.
2026-06-23 19:29:54,485 | DEBUG    | api_backfiller | [api_backfiller] LRCX.ETORO: Daten aktuell (Lücke 0.5h) — überspringe.
2026-06-23 19:29:54,486 | DEBUG    | api_backfiller | [api_backfiller] LULU.ETORO: Daten aktuell (Lücke 0.5h) — überspringe.
2026-06-23 19:29:54,487 | DEBUG    | api_backfiller | [api_backfiller] MNDY.ETORO: Daten aktuell (Lücke 0.5h) — überspringe.
2026-06-23 19:29:54,489 | DEBUG    | api_backfiller | [api_backfiller] MRVL.ETORO: Daten aktuell (Lücke 0.5h) — überspringe.
2026-06-23 19:29:54,490 | DEBUG    | api_backfiller | [api_backfiller] MSTR.ETORO: Daten aktuell (Lücke 0.5h) — überspringe.
2026-06-23 19:29:54,491 | DEBUG    | api_backfiller | [api_backfiller] MTZ.ETORO: Daten aktuell (Lücke 0.5h) — überspringe.
2026-06-23 19:29:54,492 | DEBUG    | api_backfiller | [api_backfiller] MU.ETORO: Daten aktuell (Lücke 0.5h) — überspringe.
2026-06-23 19:29:54,493 | DEBUG    | api_backfiller | [api_backfiller] NATGAS.ETORO: Daten aktuell (Lücke 0.5h) — überspringe.
2026-06-23 19:29:54,494 | DEBUG    | api_backfiller | [api_backfiller] NOK.ETORO: Daten aktuell (Lücke 0.5h) — überspringe.
2026-06-23 19:29:54,496 | DEBUG    | api_backfiller | [api_backfiller] NOW.ETORO: Daten aktuell (Lücke 0.5h) — überspringe.
2026-06-23 19:29:54,497 | DEBUG    | api_backfiller | [api_backfiller] NTSK.ETORO: Daten aktuell (Lücke 0.5h) — überspringe.
2026-06-23 19:29:54,498 | DEBUG    | api_backfiller | [api_backfiller] NVDA.ETORO: Daten aktuell (Lücke 0.5h) — überspringe.
2026-06-23 19:29:54,499 | DEBUG    | api_backfiller | [api_backfiller] NVO.ETORO: Daten aktuell (Lücke 0.5h) — überspringe.
2026-06-23 19:29:54,500 | DEBUG    | api_backfiller | [api_backfiller] NVS.ETORO: Daten aktuell (Lücke 0.5h) — überspringe.
2026-06-23 19:29:54,501 | DEBUG    | api_backfiller | [api_backfiller] ONDO.ETORO: Daten aktuell (Lücke 0.5h) — überspringe.
2026-06-23 19:29:54,502 | DEBUG    | api_backfiller | [api_backfiller] PALL.ETORO: Daten aktuell (Lücke 0.5h) — überspringe.
2026-06-23 19:29:54,504 | DEBUG    | api_backfiller | [api_backfiller] PBR.ETORO: Daten aktuell (Lücke 0.5h) — überspringe.
2026-06-23 19:29:54,505 | DEBUG    | api_backfiller | [api_backfiller] PEPExM.ETORO: Daten aktuell (Lücke 0.5h) — überspringe.
2026-06-23 19:29:54,506 | DEBUG    | api_backfiller | [api_backfiller] PINS.ETORO: Daten aktuell (Lücke 0.5h) — überspringe.
2026-06-23 19:29:54,507 | DEBUG    | api_backfiller | [api_backfiller] PLTR.ETORO: Daten aktuell (Lücke 0.5h) — überspringe.
2026-06-23 19:29:54,508 | DEBUG    | api_backfiller | [api_backfiller] POWL.ETORO: Daten aktuell (Lücke 0.5h) — überspringe.
2026-06-23 19:29:54,509 | DEBUG    | api_backfiller | [api_backfiller] PYPL.ETORO: Daten aktuell (Lücke 0.5h) — überspringe.
2026-06-23 19:29:54,510 | DEBUG    | api_backfiller | [api_backfiller] RHM.DE.ETORO: Precision-Fallback price_prec=2, size_prec=2
2026-06-23 19:29:54,557 | WARNING  | orchestrator | Orchestrator manuell abgebrochen (KeyboardInterrupt).
2026-06-23 19:29:54,557 | INFO     | orchestrator | [JSON_EVENT] {"event_type": "ORCHESTRATOR_EXIT", "timestamp_utc": "2026-06-23T17:29:54.557560+00:00", "exit_code": 130}
2026-06-23 19:29:54,557 | INFO     | orchestrator | Orchestrator beendet (Exit-Code: 130).
