2026-05-29 18:56:43,001 | INFO     | orchestrator | ╔════════════════════════════════════════════════════════════╗
2026-05-29 18:56:43,001 | INFO     | orchestrator | ║  eToro Nautilus — Daily Orchestrator v2.0                  ║
2026-05-29 18:56:43,001 | INFO     | orchestrator | ║  Start: 2026-05-29T16:56:43.001425+00:00                    ║
2026-05-29 18:56:43,001 | INFO     | orchestrator | ║  DRY-RUN: NEIN                                                 ║
2026-05-29 18:56:43,001 | INFO     | orchestrator | ║  Standalone: Kein adapters/-Import                        ║
2026-05-29 18:56:43,001 | INFO     | orchestrator | ╚════════════════════════════════════════════════════════════╝
2026-05-29 18:56:43,001 | INFO     | orchestrator | [JSON_EVENT] {"event_type": "ORCHESTRATOR_START", "timestamp_utc": "2026-05-29T16:56:43.001556+00:00", "dry_run": false, "skip_api_fetch": false, "version": "2.0", "python": "3.12.3 (main, Mar 23 2026, 19:04:32) [GCC 13.3.0]"}
2026-05-29 18:56:43,001 | INFO     | orchestrator | ════════════════════════════════════════════════════════════
2026-05-29 18:56:43,001 | INFO     | orchestrator | PHASE 1: Universe & Mapping
2026-05-29 18:56:43,001 | INFO     | orchestrator | ════════════════════════════════════════════════════════════
2026-05-29 18:56:43,002 | WARNING  | orchestrator | [Phase 1] Universe-Daten sind 321.9h alt (> 24h). Bitte neu fetchen.
2026-05-29 18:56:43,002 | INFO     | orchestrator | [Phase 1] 49 eindeutige Instrumente im Universum.
2026-05-29 18:56:43,002 | INFO     | orchestrator | [JSON_EVENT] {"event_type": "PHASE1_COMPLETE", "timestamp_utc": "2026-05-29T16:56:43.002330+00:00", "universe_size": 49, "unmapped_count": 0}
2026-05-29 18:56:43,002 | INFO     | orchestrator | ════════════════════════════════════════════════════════════
2026-05-29 18:56:43,002 | INFO     | orchestrator | PHASE 2: Datenbeschaffung (Multi-ZIP, Merge, API-Backfill)
2026-05-29 18:56:43,002 | INFO     | orchestrator | ════════════════════════════════════════════════════════════
2026-05-29 18:56:43,002 | INFO     | orchestrator | [Phase 2a] Keine ZIP-Dateien in data/import/ gefunden.
2026-05-29 18:56:43,002 | INFO     | api_backfiller | [api_backfiller] Universe geladen: 49 Instrumente.
2026-05-29 18:56:43,002 | INFO     | orchestrator | [Phase 2c] API-Backfill für 49 Symbole …
2026-05-29 18:56:43,003 | DEBUG    | asyncio | Using selector: EpollSelector
2026-05-29 18:56:43,003 | INFO     | api_backfiller | [api_backfiller] Starte Backfill: 2026-05-22 → 2026-05-29 | 49 Instrumente
2026-05-29 18:56:43,003 | INFO     | api_backfiller | [api_backfiller] Lade Instrument-Precisions via eToro API …
2026-05-29 18:56:43,616 | INFO     | api_backfiller | [api_backfiller] Precisions via API: 0/49 Instrumente.
2026-05-29 18:56:43,772 | DEBUG    | api_backfiller | [api_backfiller] ACN.ETORO: Daten aktuell (Lücke 0.9h) — überspringe.
2026-05-29 18:56:43,774 | DEBUG    | api_backfiller | [api_backfiller] ADBE.ETORO: Daten aktuell (Lücke 0.9h) — überspringe.
2026-05-29 18:56:43,776 | DEBUG    | api_backfiller | [api_backfiller] AG.ETORO: Daten aktuell (Lücke 0.9h) — überspringe.
2026-05-29 18:56:43,778 | DEBUG    | api_backfiller | [api_backfiller] CAT.ETORO: Daten aktuell (Lücke 0.9h) — überspringe.
2026-05-29 18:56:43,779 | DEBUG    | api_backfiller | [api_backfiller] CHTR.ETORO: Daten aktuell (Lücke 0.9h) — überspringe.
2026-05-29 18:56:43,781 | DEBUG    | api_backfiller | [api_backfiller] CIEN.ETORO: Daten aktuell (Lücke 0.9h) — überspringe.
2026-05-29 18:56:43,782 | DEBUG    | api_backfiller | [api_backfiller] CMG.ETORO: Daten aktuell (Lücke 0.9h) — überspringe.
2026-05-29 18:56:43,783 | DEBUG    | api_backfiller | [api_backfiller] COHR.ETORO: Daten aktuell (Lücke 0.9h) — überspringe.
2026-05-29 18:56:43,785 | DEBUG    | api_backfiller | [api_backfiller] CPRT.ETORO: Daten aktuell (Lücke 0.9h) — überspringe.
2026-05-29 18:56:43,786 | DEBUG    | api_backfiller | [api_backfiller] CRM.ETORO: Daten aktuell (Lücke 0.9h) — überspringe.
2026-05-29 18:56:43,787 | DEBUG    | api_backfiller | [api_backfiller] DOCU.ETORO: Daten aktuell (Lücke 0.9h) — überspringe.
2026-05-29 18:56:43,789 | DEBUG    | api_backfiller | [api_backfiller] DUOL.ETORO: Daten aktuell (Lücke 0.9h) — überspringe.
2026-05-29 18:56:43,790 | DEBUG    | api_backfiller | [api_backfiller] E.ETORO: Daten aktuell (Lücke 0.9h) — überspringe.
2026-05-29 18:56:43,791 | DEBUG    | api_backfiller | [api_backfiller] EEFT.ETORO: Daten aktuell (Lücke 0.9h) — überspringe.
2026-05-29 18:56:43,792 | DEBUG    | api_backfiller | [api_backfiller] ESLT.ETORO: Daten aktuell (Lücke 0.9h) — überspringe.
2026-05-29 18:56:43,793 | DEBUG    | api_backfiller | [api_backfiller] FICO.ETORO: Daten aktuell (Lücke 0.9h) — überspringe.
2026-05-29 18:56:43,795 | DEBUG    | api_backfiller | [api_backfiller] FISV.ETORO: Daten aktuell (Lücke 0.9h) — überspringe.
2026-05-29 18:56:43,796 | DEBUG    | api_backfiller | [api_backfiller] GLW.ETORO: Daten aktuell (Lücke 0.9h) — überspringe.
2026-05-29 18:56:43,797 | DEBUG    | api_backfiller | [api_backfiller] GOOGL.ETORO: Daten aktuell (Lücke 0.9h) — überspringe.
2026-05-29 18:56:43,798 | DEBUG    | api_backfiller | [api_backfiller] GSAT.ETORO: Daten aktuell (Lücke 0.9h) — überspringe.
2026-05-29 18:56:43,799 | DEBUG    | api_backfiller | [api_backfiller] GTLB.ETORO: Daten aktuell (Lücke 0.9h) — überspringe.
2026-05-29 18:56:43,800 | DEBUG    | api_backfiller | [api_backfiller] HAL.ETORO: Daten aktuell (Lücke 0.9h) — überspringe.
2026-05-29 18:56:43,801 | DEBUG    | api_backfiller | [api_backfiller] HUBS.ETORO: Daten aktuell (Lücke 0.9h) — überspringe.
2026-05-29 18:56:43,802 | DEBUG    | api_backfiller | [api_backfiller] INSW.ETORO: Daten aktuell (Lücke 0.9h) — überspringe.
2026-05-29 18:56:43,803 | DEBUG    | api_backfiller | [api_backfiller] JNJ.ETORO: Daten aktuell (Lücke 0.9h) — überspringe.
2026-05-29 18:56:43,804 | DEBUG    | api_backfiller | [api_backfiller] LRCX.ETORO: Daten aktuell (Lücke 0.9h) — überspringe.
2026-05-29 18:56:43,805 | DEBUG    | api_backfiller | [api_backfiller] LULU.ETORO: Daten aktuell (Lücke 0.9h) — überspringe.
2026-05-29 18:56:43,806 | DEBUG    | api_backfiller | [api_backfiller] MNDY.ETORO: Daten aktuell (Lücke 0.9h) — überspringe.
2026-05-29 18:56:43,807 | DEBUG    | api_backfiller | [api_backfiller] MTZ.ETORO: Daten aktuell (Lücke 0.9h) — überspringe.
2026-05-29 18:56:43,807 | DEBUG    | api_backfiller | [api_backfiller] MU.ETORO: Daten aktuell (Lücke 0.9h) — überspringe.
2026-05-29 18:56:43,808 | DEBUG    | api_backfiller | [api_backfiller] NOW.ETORO: Daten aktuell (Lücke 0.9h) — überspringe.
2026-05-29 18:56:43,809 | DEBUG    | api_backfiller | [api_backfiller] PBR.ETORO: Daten aktuell (Lücke 0.9h) — überspringe.
2026-05-29 18:56:43,810 | DEBUG    | api_backfiller | [api_backfiller] PINS.ETORO: Daten aktuell (Lücke 0.9h) — überspringe.
2026-05-29 18:56:43,811 | DEBUG    | api_backfiller | [api_backfiller] POWL.ETORO: Daten aktuell (Lücke 0.9h) — überspringe.
2026-05-29 18:56:43,812 | DEBUG    | api_backfiller | [api_backfiller] SE.ETORO: Daten aktuell (Lücke 0.9h) — überspringe.
2026-05-29 18:56:43,812 | DEBUG    | api_backfiller | [api_backfiller] SNAP.ETORO: Daten aktuell (Lücke 0.9h) — überspringe.
2026-05-29 18:56:43,813 | DEBUG    | api_backfiller | [api_backfiller] SQM.ETORO: Daten aktuell (Lücke 0.9h) — überspringe.
2026-05-29 18:56:43,814 | DEBUG    | api_backfiller | [api_backfiller] STX.US.ETORO: Daten aktuell (Lücke 0.9h) — überspringe.
2026-05-29 18:56:43,815 | DEBUG    | api_backfiller | [api_backfiller] TEAM.ETORO: Daten aktuell (Lücke 0.9h) — überspringe.
2026-05-29 18:56:43,816 | DEBUG    | api_backfiller | [api_backfiller] TSEM.ETORO: Daten aktuell (Lücke 0.9h) — überspringe.
2026-05-29 18:56:43,817 | DEBUG    | api_backfiller | [api_backfiller] TTD.ETORO: Daten aktuell (Lücke 0.9h) — überspringe.
2026-05-29 18:56:43,818 | DEBUG    | api_backfiller | [api_backfiller] TTMI.ETORO: Daten aktuell (Lücke 0.9h) — überspringe.
2026-05-29 18:56:43,819 | DEBUG    | api_backfiller | [api_backfiller] VLO.ETORO: Daten aktuell (Lücke 0.9h) — überspringe.
2026-05-29 18:56:43,819 | DEBUG    | api_backfiller | [api_backfiller] VRT.ETORO: Daten aktuell (Lücke 0.9h) — überspringe.
2026-05-29 18:56:43,820 | DEBUG    | api_backfiller | [api_backfiller] WBD.ETORO: Daten aktuell (Lücke 0.9h) — überspringe.
2026-05-29 18:56:43,821 | DEBUG    | api_backfiller | [api_backfiller] WDAY.ETORO: Daten aktuell (Lücke 0.9h) — überspringe.
2026-05-29 18:56:43,822 | DEBUG    | api_backfiller | [api_backfiller] WDC.ETORO: Daten aktuell (Lücke 0.9h) — überspringe.
2026-05-29 18:56:43,823 | DEBUG    | api_backfiller | [api_backfiller] WIX.ETORO: Daten aktuell (Lücke 0.9h) — überspringe.
2026-05-29 18:56:43,824 | DEBUG    | api_backfiller | [api_backfiller] ZS.ETORO: Daten aktuell (Lücke 0.9h) — überspringe.
2026-05-29 18:56:43,824 | INFO     | api_backfiller | [api_backfiller] Backfill abgeschlossen: 0 Symbole befüllt.
2026-05-29 18:56:43,825 | INFO     | orchestrator | [Phase 2c] API-Backfill: 0 Symbole befüllt.
2026-05-29 18:56:43,829 | INFO     | orchestrator | [Phase 2d] Alle Symbole haben ausreichend Daten — Historical Fetcher übersprungen.
2026-05-29 18:56:43,829 | INFO     | orchestrator | [JSON_EVENT] {"event_type": "PHASE2D_COMPLETE", "timestamp_utc": "2026-05-29T16:56:43.829718+00:00", "insufficient_count": 0, "hist_filled_count": 0}
2026-05-29 18:56:43,829 | INFO     | orchestrator | [JSON_EVENT] {"event_type": "PHASE2_COMPLETE", "timestamp_utc": "2026-05-29T16:56:43.829819+00:00", "merged_instruments": 0, "zips_deleted": 0, "api_filled_count": 0, "hist_filled_count": 0}
2026-05-29 18:56:43,829 | INFO     | orchestrator | ════════════════════════════════════════════════════════════
2026-05-29 18:56:43,829 | INFO     | orchestrator | PHASE 3+4: Matrix-Backtesting & Tournament
2026-05-29 18:56:43,829 | INFO     | orchestrator | ════════════════════════════════════════════════════════════
2026-05-29 18:56:43,830 | INFO     | orchestrator | [Phase 3] Zeitfenster: 2026-04-29T00:00:00+00:00 → 2026-05-29T00:00:00+00:00
2026-05-29 18:56:43,830 | INFO     | orchestrator | [Phase 3] Dynamische Config: /home/user/etoro_nautilus/logs/backtest_dynamic_config.json
2026-05-29 18:56:43,830 | INFO     | orchestrator | [Phase 3] Backtest-Kommando: /home/user/etoro_nautilus/venv/bin/python3 /home/user/etoro_nautilus/automation/backtest_runner.py --momentum --catalog-path /home/user/etoro_nautilus/data/nautilus --config /home/user/etoro_nautilus/logs/backtest_dynamic_config.json --output /home/user/etoro_nautilus/logs/tournament_2026-05-29.json
2026-05-29 18:56:43,830 | INFO     | orchestrator | [JSON_EVENT] {"event_type": "BACKTEST_START", "timestamp_utc": "2026-05-29T16:56:43.830650+00:00", "start": "2026-04-29T00:00:00+00:00", "end": "2026-05-29T00:00:00+00:00"}
2026-05-29 18:57:41,296 | INFO     | orchestrator | [Phase 3] Backtest beendet (Exit-Code: 0).
2026-05-29 18:57:41,444 | DEBUG    | orchestrator |   [BT-LOG] VRT.ETORO            | SmaCrossoverStrategy           |    0.00 |    0.00 |    0.00 |      0 | 
2026-05-29 18:57:41,444 | DEBUG    | orchestrator |   [BT-LOG] VRT.ETORO            | VolatilityBreakoutPumpStrategy |    0.00 |    0.00 |    0.00 |      0 | 
2026-05-29 18:57:41,444 | DEBUG    | orchestrator |   [BT-LOG] VRT.ETORO            | VwapExhaustionStrategy         |    0.00 |    0.00 |    0.00 |      0 | 
2026-05-29 18:57:41,444 | DEBUG    | orchestrator |   [BT-LOG] WBD.ETORO            | ComboTrendVwapStrategy         |    0.00 |    0.00 |    0.00 |      0 | 
2026-05-29 18:57:41,444 | DEBUG    | orchestrator |   [BT-LOG] WBD.ETORO            | DynamicBreakoutStrategy        |    0.00 |    0.00 |    0.00 |      0 | 
2026-05-29 18:57:41,444 | DEBUG    | orchestrator |   [BT-LOG] WBD.ETORO            | FlashCrashReversalStrategy     |    0.00 |    0.00 |    0.00 |      0 | 
2026-05-29 18:57:41,444 | DEBUG    | orchestrator |   [BT-LOG] WBD.ETORO            | HourlyMeanReversionStrategy    |    0.00 |    0.00 |    0.00 |      0 | 
2026-05-29 18:57:41,444 | DEBUG    | orchestrator |   [BT-LOG] WBD.ETORO            | MeanReversionStrategy          |    0.00 |    0.00 |    0.00 |      0 | 
2026-05-29 18:57:41,444 | DEBUG    | orchestrator |   [BT-LOG] WBD.ETORO            | SmaCrossoverStrategy           |    0.00 |    0.00 |    0.00 |      0 | 
2026-05-29 18:57:41,444 | DEBUG    | orchestrator |   [BT-LOG] WBD.ETORO            | VolatilityBreakoutPumpStrategy |    0.00 |    0.00 |    0.00 |      0 | 
2026-05-29 18:57:41,444 | DEBUG    | orchestrator |   [BT-LOG] WBD.ETORO            | VwapExhaustionStrategy         |    0.00 |    0.00 |    0.00 |      0 | 
2026-05-29 18:57:41,444 | DEBUG    | orchestrator |   [BT-LOG] WDAY.ETORO           | ComboTrendVwapStrategy         |    0.00 |    0.00 |    0.00 |      0 | 
2026-05-29 18:57:41,444 | DEBUG    | orchestrator |   [BT-LOG] WDAY.ETORO           | DynamicBreakoutStrategy        |    0.00 |    0.00 |    0.00 |      0 | 
2026-05-29 18:57:41,444 | DEBUG    | orchestrator |   [BT-LOG] WDAY.ETORO           | FlashCrashReversalStrategy     |    0.00 |    0.00 |    0.00 |      0 | 
2026-05-29 18:57:41,444 | DEBUG    | orchestrator |   [BT-LOG] WDAY.ETORO           | HourlyMeanReversionStrategy    |    0.00 |    0.00 |    0.00 |      0 | 
2026-05-29 18:57:41,444 | DEBUG    | orchestrator |   [BT-LOG] WDAY.ETORO           | MeanReversionStrategy          |    0.00 |    0.00 |    0.00 |      0 | 
2026-05-29 18:57:41,444 | DEBUG    | orchestrator |   [BT-LOG] WDAY.ETORO           | SmaCrossoverStrategy           |    0.00 |    0.00 |    0.00 |      0 | 
2026-05-29 18:57:41,444 | DEBUG    | orchestrator |   [BT-LOG] WDAY.ETORO           | VolatilityBreakoutPumpStrategy |    0.00 |    0.00 |    0.00 |      0 | 
2026-05-29 18:57:41,444 | DEBUG    | orchestrator |   [BT-LOG] WDAY.ETORO           | VwapExhaustionStrategy         |    0.00 |    0.00 |    0.00 |      0 | 
2026-05-29 18:57:41,444 | DEBUG    | orchestrator |   [BT-LOG] WDC.ETORO            | ComboTrendVwapStrategy         |    0.00 |    0.00 |    0.00 |      0 | 
2026-05-29 18:57:41,444 | DEBUG    | orchestrator |   [BT-LOG] WDC.ETORO            | DynamicBreakoutStrategy        |    0.00 |    0.00 |    0.00 |      0 | 
2026-05-29 18:57:41,444 | DEBUG    | orchestrator |   [BT-LOG] WDC.ETORO            | FlashCrashReversalStrategy     |    0.00 |    0.00 |    0.00 |      0 | 
2026-05-29 18:57:41,444 | DEBUG    | orchestrator |   [BT-LOG] WDC.ETORO            | HourlyMeanReversionStrategy    |    0.00 |    0.00 |    0.00 |      0 | 
2026-05-29 18:57:41,444 | DEBUG    | orchestrator |   [BT-LOG] WDC.ETORO            | MeanReversionStrategy          |    0.00 |    0.00 |    0.00 |      0 | 
2026-05-29 18:57:41,444 | DEBUG    | orchestrator |   [BT-LOG] WDC.ETORO            | SmaCrossoverStrategy           |    0.00 |    0.00 |    0.00 |      0 | 
2026-05-29 18:57:41,444 | DEBUG    | orchestrator |   [BT-LOG] WDC.ETORO            | VolatilityBreakoutPumpStrategy |    0.00 |    0.00 |    0.00 |      0 | 
2026-05-29 18:57:41,444 | DEBUG    | orchestrator |   [BT-LOG] WDC.ETORO            | VwapExhaustionStrategy         |    0.00 |    0.00 |    0.00 |      0 | 
2026-05-29 18:57:41,444 | DEBUG    | orchestrator |   [BT-LOG] WIX.ETORO            | ComboTrendVwapStrategy         |    0.00 |    0.00 |    0.00 |      0 | 
2026-05-29 18:57:41,444 | DEBUG    | orchestrator |   [BT-LOG] WIX.ETORO            | DynamicBreakoutStrategy        |    0.00 |    0.00 |    0.00 |      0 | 
2026-05-29 18:57:41,444 | DEBUG    | orchestrator |   [BT-LOG] WIX.ETORO            | FlashCrashReversalStrategy     |    0.00 |    0.00 |    0.00 |      0 | 
2026-05-29 18:57:41,444 | DEBUG    | orchestrator |   [BT-LOG] WIX.ETORO            | HourlyMeanReversionStrategy    |    0.00 |    0.00 |    0.00 |      0 | 
2026-05-29 18:57:41,444 | DEBUG    | orchestrator |   [BT-LOG] WIX.ETORO            | MeanReversionStrategy          |    0.00 |    0.00 |    0.00 |      0 | 
2026-05-29 18:57:41,444 | DEBUG    | orchestrator |   [BT-LOG] WIX.ETORO            | SmaCrossoverStrategy           |    0.00 |    0.00 |    0.00 |      0 | 
2026-05-29 18:57:41,444 | DEBUG    | orchestrator |   [BT-LOG] WIX.ETORO            | VolatilityBreakoutPumpStrategy |    0.00 |    0.00 |    0.00 |      0 | 
2026-05-29 18:57:41,444 | DEBUG    | orchestrator |   [BT-LOG] WIX.ETORO            | VwapExhaustionStrategy         |    0.00 |    0.00 |    0.00 |      0 | 
2026-05-29 18:57:41,444 | DEBUG    | orchestrator |   [BT-LOG] ZS.ETORO             | ComboTrendVwapStrategy         |    0.00 |    0.00 |    0.00 |      0 | 
2026-05-29 18:57:41,444 | DEBUG    | orchestrator |   [BT-LOG] ZS.ETORO             | DynamicBreakoutStrategy        |    0.00 |    0.00 |    0.00 |      0 | 
2026-05-29 18:57:41,444 | DEBUG    | orchestrator |   [BT-LOG] ZS.ETORO             | FlashCrashReversalStrategy     |    0.00 |    0.00 |    0.00 |      0 | 
2026-05-29 18:57:41,444 | DEBUG    | orchestrator |   [BT-LOG] ZS.ETORO             | HourlyMeanReversionStrategy    |    0.00 |    0.00 |    0.00 |      0 | 
2026-05-29 18:57:41,444 | DEBUG    | orchestrator |   [BT-LOG] ZS.ETORO             | MeanReversionStrategy          |    0.00 |    0.00 |    0.00 |      0 | 
2026-05-29 18:57:41,444 | DEBUG    | orchestrator |   [BT-LOG] ZS.ETORO             | SmaCrossoverStrategy           |    0.00 |    0.00 |    0.00 |      0 | 
2026-05-29 18:57:41,444 | DEBUG    | orchestrator |   [BT-LOG] ZS.ETORO             | VolatilityBreakoutPumpStrategy |    0.00 |    0.00 |    0.00 |      0 | 
2026-05-29 18:57:41,444 | DEBUG    | orchestrator |   [BT-LOG] ZS.ETORO             | VwapExhaustionStrategy         |    0.00 |    0.00 |    0.00 |      0 | 
2026-05-29 18:57:41,444 | DEBUG    | orchestrator |   [BT-LOG] 
2026-05-29 18:57:41,444 | DEBUG    | orchestrator |   [BT-LOG] ✅ Tournament: 49 Symbole | 0 eligibel | 0 Gewinner
2026-05-29 18:57:41,444 | DEBUG    | orchestrator |   [BT-LOG] ⚠️  Ohne eindeutigen Gewinner: ACN.ETORO, ADBE.ETORO, AG.ETORO, CAT.ETORO, CHTR.ETORO, CIEN.ETORO, CMG.ETORO, COHR.ETORO, CPRT.ETORO, CRM.ETORO, DOCU.ETORO, DUOL.ETORO, E.ETORO, EEFT.ETORO, ESLT.ETORO, FICO.ETORO, FISV.ETORO, GLW.ETORO, GOOGL.ETORO, GSAT.ETORO, GTLB.ETORO, HAL.ETORO, HUBS.ETORO, INSW.ETORO, JNJ.ETORO, LRCX.ETORO, LULU.ETORO, MNDY.ETORO, MTZ.ETORO, MU.ETORO, NOW.ETORO, PBR.ETORO, PINS.ETORO, POWL.ETORO, SE.ETORO, SNAP.ETORO, SQM.ETORO, STX.US.ETORO, TEAM.ETORO, TSEM.ETORO, TTD.ETORO, TTMI.ETORO, VLO.ETORO, VRT.ETORO, WBD.ETORO, WDAY.ETORO, WDC.ETORO, WIX.ETORO, ZS.ETORO
2026-05-29 18:57:41,444 | DEBUG    | orchestrator |   [BT-LOG] 
2026-05-29 18:57:41,444 | DEBUG    | orchestrator |   [BT-LOG] 📄 Tournament-Ergebnisse gespeichert: /home/user/etoro_nautilus/logs/tournament_2026-05-29.json
2026-05-29 18:57:41,444 | DEBUG    | orchestrator |   [BT-LOG] 
2026-05-29 18:57:41,444 | DEBUG    | orchestrator |   [BT-LOG] ✅ Matrix-Backtest vollständig abgeschlossen!
2026-05-29 18:57:41,451 | INFO     | orchestrator | [Phase 4] Tournament: 0 Gewinner.
2026-05-29 18:57:41,451 | INFO     | orchestrator | [JSON_EVENT] {"event_type": "TOURNAMENT_COMPLETE", "timestamp_utc": "2026-05-29T16:57:41.451429+00:00", "winner_count": 0, "aggregate_winner": null, "path": "/home/user/etoro_nautilus/logs/tournament_2026-05-29.json"}
2026-05-29 18:57:41,451 | INFO     | orchestrator | ════════════════════════════════════════════════════════════
2026-05-29 18:57:41,451 | INFO     | orchestrator | PHASE 5: Live Deployment & Bot-Start
2026-05-29 18:57:41,451 | INFO     | orchestrator | ════════════════════════════════════════════════════════════
2026-05-29 18:57:41,451 | INFO     | orchestrator | [Phase 5] Bot-Kommando: /home/user/etoro_nautilus/venv/bin/python3 /home/user/etoro_nautilus/automation/momentum_ls_run.py --universe /home/user/etoro_nautilus/data/universe/momentum_ls.json --tournament /home/user/etoro_nautilus/logs/tournament_2026-05-29.json
2026-05-29 18:57:41,451 | INFO     | orchestrator | [JSON_EVENT] {"event_type": "BOT_START_INITIATED", "timestamp_utc": "2026-05-29T16:57:41.451676+00:00", "cmd": ["/home/user/etoro_nautilus/venv/bin/python3", "/home/user/etoro_nautilus/automation/momentum_ls_run.py", "--universe", "/home/user/etoro_nautilus/data/universe/momentum_ls.json", "--tournament", "/home/user/etoro_nautilus/logs/tournament_2026-05-29.json"], "log_file": "/home/user/etoro_nautilus/logs/live_bot_20260529.log", "tournament": "/home/user/etoro_nautilus/logs/tournament_2026-05-29.json", "universe": "/home/user/etoro_nautilus/data/universe/momentum_ls.json", "dry_run": false}
2026-05-29 18:57:41,452 | INFO     | orchestrator | [Phase 5] Trading-Bot gestartet (PID: 142972).
2026-05-29 18:57:41,452 | INFO     | orchestrator | [JSON_EVENT] {"event_type": "BOT_STARTED", "timestamp_utc": "2026-05-29T16:57:41.452445+00:00", "pid": 142972, "log_file": "/home/user/etoro_nautilus/logs/live_bot_20260529.log"}
2026-05-29 18:57:41,452 | INFO     | orchestrator | [Phase 5] PID gespeichert: /home/user/etoro_nautilus/logs/live_bot.pid
2026-05-29 18:57:41,452 | INFO     | orchestrator | ════════════════════════════════════════════════════════════
2026-05-29 18:57:41,452 | INFO     | orchestrator | ORCHESTRATOR ERFOLGREICH ABGESCHLOSSEN
2026-05-29 18:57:41,452 | INFO     | orchestrator |   Bot läuft als PID 142972
2026-05-29 18:57:41,452 | INFO     | orchestrator |   Bot-Log: /home/user/etoro_nautilus/logs/live_bot_20260529.log
2026-05-29 18:57:41,452 | INFO     | orchestrator | ════════════════════════════════════════════════════════════
2026-05-29 18:57:41,452 | INFO     | orchestrator | [JSON_EVENT] {"event_type": "ORCHESTRATOR_EXIT", "timestamp_utc": "2026-05-29T16:57:41.452688+00:00", "exit_code": 0}
2026-05-29 18:57:41,452 | INFO     | orchestrator | Orchestrator beendet (Exit-Code: 0).
