2026-07-17 06:41:26,892 | INFO     | orchestrator | ╔════════════════════════════════════════════════════════════╗
2026-07-17 06:41:26,892 | INFO     | orchestrator | ║  eToro Nautilus — Daily Orchestrator v2.0                  ║
2026-07-17 06:41:26,892 | INFO     | orchestrator | ║  Start: 2026-07-17T04:41:26.892189+00:00                    ║
2026-07-17 06:41:26,892 | INFO     | orchestrator | ║  NO-DEPLOY: JA                                                 ║
2026-07-17 06:41:26,892 | INFO     | orchestrator | ║  Standalone: Kein adapters/-Import                        ║
2026-07-17 06:41:26,892 | INFO     | orchestrator | ╚════════════════════════════════════════════════════════════╝
2026-07-17 06:41:26,892 | INFO     | orchestrator | [JSON_EVENT] {"event_type": "ORCHESTRATOR_START", "timestamp_utc": "2026-07-17T04:41:26.892347+00:00", "no_deploy": true, "skip_api_fetch": false, "version": "2.0", "python": "3.12.3 (main, Mar 23 2026, 19:04:32) [GCC 13.3.0]"}
2026-07-17 06:41:26,929 | INFO     | orchestrator | ════════════════════════════════════════════════════════════
2026-07-17 06:41:26,929 | INFO     | orchestrator | PHASE 1: Universe & Mapping
2026-07-17 06:41:26,929 | INFO     | orchestrator | ════════════════════════════════════════════════════════════
2026-07-17 06:41:26,930 | INFO     | orchestrator | [Phase 1] Universe-Alter: 9.0h — frisch genug.
2026-07-17 06:41:26,932 | INFO     | orchestrator | [Phase 1] 126 eindeutige Instrumente im Universum.
2026-07-17 06:41:26,932 | INFO     | orchestrator | [JSON_EVENT] {"event_type": "PHASE1_COMPLETE", "timestamp_utc": "2026-07-17T04:41:26.932590+00:00", "universe_size": 126, "unmapped_count": 0}
2026-07-17 06:41:26,932 | INFO     | orchestrator | ════════════════════════════════════════════════════════════
2026-07-17 06:41:26,932 | INFO     | orchestrator | PHASE 2: Datenbeschaffung (Multi-ZIP, Merge, API-Backfill)
2026-07-17 06:41:26,932 | INFO     | orchestrator | ════════════════════════════════════════════════════════════
2026-07-17 06:41:26,932 | INFO     | orchestrator | [Phase 2a] Keine ZIP-Dateien in data/import/ gefunden.
2026-07-17 06:41:26,933 | INFO     | api_backfiller | [api_backfiller] Universe geladen: 126 Instrumente.
2026-07-17 06:41:26,933 | INFO     | orchestrator | [Phase 2c] API-Backfill für 126 Symbole …
2026-07-17 06:41:26,933 | DEBUG    | asyncio | Using selector: EpollSelector
2026-07-17 06:41:26,933 | INFO     | api_backfiller | [api_backfiller] Starte Backfill: 2026-07-10 → 2026-07-17 | 126 Instrumente
2026-07-17 06:41:26,933 | INFO     | api_backfiller | [api_backfiller] Lade Instrument-Precisions via eToro API …
2026-07-17 06:41:27,065 | DEBUG    | api_backfiller | [api_backfiller] Raw API response (first 500 chars): {'instrumentDisplayDatas': [{'instrumentID': 1002, 'instrumentDisplayName': 'Alphabet', 'instrumentTypeID': 5, 'exchangeID': 4, 'images': [{'instrumentID': 1002, 'width': 35.0, 'height': 35.0, 'uri': 'https://etoro-cdn.etorostatic.com/market-avatars/goog/35x35.png'}, {'instrumentID': 1002, 'width': 80.0, 'height': 80.0, 'uri': '/medium/Google.png'}, {'instrumentID': 1002, 'width': 50.0, 'height': 50.0, 'uri': 'https://etoro-cdn.etorostatic.com/market-avatars/goog/50x50.png'}, {'instrumentID': 10
2026-07-17 06:41:27,065 | DEBUG    | api_backfiller | [api_backfiller] Keine API-Precision für ID 1002 (GOOG). Equity-Fallback (2,2) wird von run_backfill() angewendet.
2026-07-17 06:41:27,065 | DEBUG    | api_backfiller | Vollständiger Item-Dump: {
  "instrumentID": 1002,
  "instrumentDisplayName": "Alphabet",
  "instrumentTypeID": 5,
  "exchangeID": 4,
  "images": [
    {
      "instrumentID": 1002,
      "width": 35.0,
      "height": 35.0,
      "uri": "https://etoro-cdn.etorostatic.com/market-avatars/goog/35x35.png"
    },
    {
      "instrumentID": 1002,
      "width": 80.0,
      "height": 80.0,
      "uri": "/medium/Google.png"
    },
    {
      "instrumentID": 1002,
      "width": 50.0,
      "height": 50.0,
      "uri": "https://etoro-cdn.etorostatic.com/market-avatars/goog/50x50.png"
    },
    {
      "instrumentID": 1002,
      "width": 150.0,
      "height": 150.0,
      "uri": "https://etoro-cdn.etorostatic.com/market-avatars/goog/150x150.png"
    },
    {
      "instrumentID": 1002,
      "width": 90.0,
      "height": 90.0,
      "uri": "https://etoro-cdn.etorostatic.com/market-avatars/goog/90x90.png"
    },
    {
      "instrumentID": 1002,
      "uri": "https://etoro-cdn.etorostatic.com/market-avatars/1002/1002_3183FF_F7F7F7.svg",
      "backgroundColor": "#3183FF",
      "textColor": "#F7F7F7"
    }
  ],
  "symbolFull": "GOOG",
  "stocksIndustryID": 8,
  "priceSource": "NASDAQ",
  "hasExpirationDate": false,
  "isInternalInstrument": false,
  "distributionType": 5
}
2026-07-17 06:41:27,065 | DEBUG    | api_backfiller | [api_backfiller] Keine API-Precision für ID 1012 (CAT). Equity-Fallback (2,2) wird von run_backfill() angewendet.
2026-07-17 06:41:27,065 | DEBUG    | api_backfiller | Vollständiger Item-Dump: {
  "instrumentID": 1012,
  "instrumentDisplayName": "Caterpillar",
  "instrumentTypeID": 5,
  "exchangeID": 5,
  "images": [
    {
      "instrumentID": 1012,
      "width": 50.0,
      "height": 50.0,
      "uri": "https://etoro-cdn.etorostatic.com/market-avatars/cat/50x50.png"
    },
    {
      "instrumentID": 1012,
      "width": 150.0,
      "height": 150.0,
      "uri": "https://etoro-cdn.etorostatic.com/market-avatars/cat/150x150.png"
    },
    {
      "instrumentID": 1012,
      "width": 35.0,
      "height": 35.0,
      "uri": "https://etoro-cdn.etorostatic.com/market-avatars/cat/35x35.png"
    },
    {
      "instrumentID": 1012,
      "width": 90.0,
      "height": 90.0,
      "uri": "https://etoro-cdn.etorostatic.com/market-avatars/cat/90x90.png"
    },
    {
      "instrumentID": 1012,
      "uri": "https://etoro-cdn.etorostatic.com/market-avatars/1012/1012_2C2C2C_F7F7F7.svg",
      "backgroundColor": "#2C2C2C",
      "textColor": "#F7F7F7"
    }
  ],
  "symbolFull": "CAT",
  "stocksIndustryID": 6,
  "priceSource": "NASDAQ",
  "hasExpirationDate": false,
  "isInternalInstrument": false,
  "distributionType": 5
}
2026-07-17 06:41:27,065 | DEBUG    | api_backfiller | [api_backfiller] Keine API-Precision für ID 1042 (NKE). Equity-Fallback (2,2) wird von run_backfill() angewendet.
2026-07-17 06:41:27,065 | DEBUG    | api_backfiller | Vollständiger Item-Dump: {
  "instrumentID": 1042,
  "instrumentDisplayName": "NIKE",
  "instrumentTypeID": 5,
  "exchangeID": 5,
  "images": [
    {
      "instrumentID": 1042,
      "width": 50.0,
      "height": 50.0,
      "uri": "https://etoro-cdn.etorostatic.com/market-avatars/nke/50x50.png"
    },
    {
      "instrumentID": 1042,
      "width": 150.0,
      "height": 150.0,
      "uri": "https://etoro-cdn.etorostatic.com/market-avatars/nke/150x150.png"
    },
    {
      "instrumentID": 1042,
      "width": 35.0,
      "height": 35.0,
      "uri": "https://etoro-cdn.etorostatic.com/market-avatars/nke/35x35.png"
    },
    {
      "instrumentID": 1042,
      "width": 90.0,
      "height": 90.0,
      "uri": "https://etoro-cdn.etorostatic.com/market-avatars/nke/90x90.png"
    },
    {
      "instrumentID": 1042,
      "uri": "https://etoro-cdn.etorostatic.com/market-avatars/1042/1042_2C2C2C_F7F7F7.svg",
      "backgroundColor": "#2C2C2C",
      "textColor": "#F7F7F7"
    }
  ],
  "symbolFull": "NKE",
  "stocksIndustryID": 3,
  "priceSource": "NASDAQ",
  "hasExpirationDate": false,
  "isInternalInstrument": false,
  "distributionType": 5
}
2026-07-17 06:41:27,065 | DEBUG    | api_backfiller | [api_backfiller] Keine API-Precision für ID 1115 (NOK). Equity-Fallback (2,2) wird von run_backfill() angewendet.
2026-07-17 06:41:27,065 | DEBUG    | api_backfiller | [api_backfiller] Keine API-Precision für ID 1126 (ADBE). Equity-Fallback (2,2) wird von run_backfill() angewendet.
2026-07-17 06:41:27,065 | DEBUG    | api_backfiller | [api_backfiller] Keine API-Precision für ID 1129 (WDC). Equity-Fallback (2,2) wird von run_backfill() angewendet.
2026-07-17 06:41:27,065 | DEBUG    | api_backfiller | [api_backfiller] Keine API-Precision für ID 1184 (PINS). Equity-Fallback (2,2) wird von run_backfill() angewendet.
2026-07-17 06:41:27,065 | DEBUG    | api_backfiller | [api_backfiller] Keine API-Precision für ID 1450 (ACN). Equity-Fallback (2,2) wird von run_backfill() angewendet.
2026-07-17 06:41:27,065 | DEBUG    | api_backfiller | [api_backfiller] Keine API-Precision für ID 1484 (PYPL). Equity-Fallback (2,2) wird von run_backfill() angewendet.
2026-07-17 06:41:27,065 | DEBUG    | api_backfiller | [api_backfiller] Keine API-Precision für ID 1687 (GLW). Equity-Fallback (2,2) wird von run_backfill() angewendet.
2026-07-17 06:41:27,065 | DEBUG    | api_backfiller | [api_backfiller] Keine API-Precision für ID 1704 (CHTR). Equity-Fallback (2,2) wird von run_backfill() angewendet.
2026-07-17 06:41:27,066 | DEBUG    | api_backfiller | [api_backfiller] Keine API-Precision für ID 1706 (AMAT). Equity-Fallback (2,2) wird von run_backfill() angewendet.
2026-07-17 06:41:27,066 | DEBUG    | api_backfiller | [api_backfiller] Keine API-Precision für ID 1832 (AMD). Equity-Fallback (2,2) wird von run_backfill() angewendet.
2026-07-17 06:41:27,066 | DEBUG    | api_backfiller | [api_backfiller] Keine API-Precision für ID 1865 (FISV). Equity-Fallback (2,2) wird von run_backfill() angewendet.
2026-07-17 06:41:27,066 | DEBUG    | api_backfiller | [api_backfiller] Keine API-Precision für ID 1886 (Z). Equity-Fallback (2,2) wird von run_backfill() angewendet.
2026-07-17 06:41:27,066 | DEBUG    | api_backfiller | [api_backfiller] Keine API-Precision für ID 1905 (MTZ). Equity-Fallback (2,2) wird von run_backfill() angewendet.
2026-07-17 06:41:27,066 | DEBUG    | api_backfiller | [api_backfiller] Keine API-Precision für ID 1906 (LRCX). Equity-Fallback (2,2) wird von run_backfill() angewendet.
2026-07-17 06:41:27,066 | DEBUG    | api_backfiller | [api_backfiller] Keine API-Precision für ID 1914 (INTU). Equity-Fallback (2,2) wird von run_backfill() angewendet.
2026-07-17 06:41:27,066 | DEBUG    | api_backfiller | [api_backfiller] Keine API-Precision für ID 1945 (CMG). Equity-Fallback (2,2) wird von run_backfill() angewendet.
2026-07-17 06:41:27,066 | DEBUG    | api_backfiller | [api_backfiller] Keine API-Precision für ID 2483 (MBLY). Equity-Fallback (2,2) wird von run_backfill() angewendet.
2026-07-17 06:41:27,066 | DEBUG    | api_backfiller | [api_backfiller] Keine API-Precision für ID 2485 (ENLT). Equity-Fallback (2,2) wird von run_backfill() angewendet.
2026-07-17 06:41:27,066 | DEBUG    | api_backfiller | [api_backfiller] Keine API-Precision für ID 4046 (DPZ). Equity-Fallback (2,2) wird von run_backfill() angewendet.
2026-07-17 06:41:27,066 | DEBUG    | api_backfiller | [api_backfiller] Keine API-Precision für ID 4067 (GSAT). Equity-Fallback (2,2) wird von run_backfill() angewendet.
2026-07-17 06:41:27,066 | DEBUG    | api_backfiller | [api_backfiller] Keine API-Precision für ID 4074 (HUBS). Equity-Fallback (2,2) wird von run_backfill() angewendet.
2026-07-17 06:41:27,066 | DEBUG    | api_backfiller | [api_backfiller] Keine API-Precision für ID 4194 (ZTS). Equity-Fallback (2,2) wird von run_backfill() angewendet.
2026-07-17 06:41:27,066 | DEBUG    | api_backfiller | [api_backfiller] Keine API-Precision für ID 4260 (NOW). Equity-Fallback (2,2) wird von run_backfill() angewendet.
2026-07-17 06:41:27,066 | DEBUG    | api_backfiller | [api_backfiller] Keine API-Precision für ID 4263 (WDAY). Equity-Fallback (2,2) wird von run_backfill() angewendet.
2026-07-17 06:41:27,066 | DEBUG    | api_backfiller | [api_backfiller] Keine API-Precision für ID 4309 (LULU). Equity-Fallback (2,2) wird von run_backfill() angewendet.
2026-07-17 06:41:27,066 | DEBUG    | api_backfiller | [api_backfiller] Keine API-Precision für ID 4336 (TEVA). Equity-Fallback (2,2) wird von run_backfill() angewendet.
2026-07-17 06:41:27,066 | DEBUG    | api_backfiller | [api_backfiller] Keine API-Precision für ID 4356 (STX.US). Equity-Fallback (2,2) wird von run_backfill() angewendet.
2026-07-17 06:41:27,066 | DEBUG    | api_backfiller | [api_backfiller] Keine API-Precision für ID 4399 (TTD). Equity-Fallback (2,2) wird von run_backfill() angewendet.
2026-07-17 06:41:27,066 | DEBUG    | api_backfiller | [api_backfiller] Keine API-Precision für ID 4482 (TME). Equity-Fallback (2,2) wird von run_backfill() angewendet.
2026-07-17 06:41:27,066 | DEBUG    | api_backfiller | [api_backfiller] Keine API-Precision für ID 5491 (ASX). Equity-Fallback (2,2) wird von run_backfill() angewendet.
2026-07-17 06:41:27,066 | DEBUG    | api_backfiller | [api_backfiller] Keine API-Precision für ID 5505 (CHWY). Equity-Fallback (2,2) wird von run_backfill() angewendet.
2026-07-17 06:41:27,066 | DEBUG    | api_backfiller | [api_backfiller] Keine API-Precision für ID 5657 (SMTC). Equity-Fallback (2,2) wird von run_backfill() angewendet.
2026-07-17 06:41:27,066 | DEBUG    | api_backfiller | [api_backfiller] Keine API-Precision für ID 5960 (SE). Equity-Fallback (2,2) wird von run_backfill() angewendet.
2026-07-17 06:41:27,066 | DEBUG    | api_backfiller | [api_backfiller] Keine API-Precision für ID 5967 (CPRT). Equity-Fallback (2,2) wird von run_backfill() angewendet.
2026-07-17 06:41:27,066 | DEBUG    | api_backfiller | [api_backfiller] Keine API-Precision für ID 5997 (ARWR). Equity-Fallback (2,2) wird von run_backfill() angewendet.
2026-07-17 06:41:27,066 | DEBUG    | api_backfiller | [api_backfiller] Keine API-Precision für ID 6168 (COIN). Equity-Fallback (2,2) wird von run_backfill() angewendet.
2026-07-17 06:41:27,066 | DEBUG    | api_backfiller | [api_backfiller] Keine API-Precision für ID 6314 (AXSM). Equity-Fallback (2,2) wird von run_backfill() angewendet.
2026-07-17 06:41:27,066 | DEBUG    | api_backfiller | [api_backfiller] Keine API-Precision für ID 6434 (GOOGL). Equity-Fallback (2,2) wird von run_backfill() angewendet.
2026-07-17 06:41:27,066 | DEBUG    | api_backfiller | [api_backfiller] Keine API-Precision für ID 6681 (ELF). Equity-Fallback (2,2) wird von run_backfill() angewendet.
2026-07-17 06:41:27,066 | DEBUG    | api_backfiller | [api_backfiller] Keine API-Precision für ID 6705 (FRO). Equity-Fallback (2,2) wird von run_backfill() angewendet.
2026-07-17 06:41:27,066 | DEBUG    | api_backfiller | [api_backfiller] Keine API-Precision für ID 6870 (TD). Equity-Fallback (2,2) wird von run_backfill() angewendet.
2026-07-17 06:41:27,066 | DEBUG    | api_backfiller | [api_backfiller] Keine API-Precision für ID 6916 (RBLX). Equity-Fallback (2,2) wird von run_backfill() angewendet.
2026-07-17 06:41:27,066 | DEBUG    | api_backfiller | [api_backfiller] Keine API-Precision für ID 7930 (LQDA). Equity-Fallback (2,2) wird von run_backfill() angewendet.
2026-07-17 06:41:27,066 | DEBUG    | api_backfiller | [api_backfiller] Keine API-Precision für ID 9484 (VSH). Equity-Fallback (2,2) wird von run_backfill() angewendet.
2026-07-17 06:41:27,066 | DEBUG    | api_backfiller | [api_backfiller] Keine API-Precision für ID 9646 (FORM). Equity-Fallback (2,2) wird von run_backfill() angewendet.
2026-07-17 06:41:27,066 | DEBUG    | api_backfiller | [api_backfiller] Keine API-Precision für ID 9803 (TTMI). Equity-Fallback (2,2) wird von run_backfill() angewendet.
2026-07-17 06:41:27,066 | DEBUG    | api_backfiller | [api_backfiller] Keine API-Precision für ID 9814 (POWL). Equity-Fallback (2,2) wird von run_backfill() angewendet.
2026-07-17 06:41:27,665 | DEBUG    | api_backfiller | [api_backfiller] Raw API response (first 500 chars): {'instrumentDisplayDatas': [{'instrumentID': 22, 'instrumentDisplayName': 'Natural Gas (Non Expiry)', 'instrumentTypeID': 2, 'exchangeID': 2, 'images': [{'instrumentID': 22, 'width': 35.0, 'height': 35.0, 'uri': 'https://etoro-cdn.etorostatic.com/market-avatars/natgas/35x35.png'}, {'instrumentID': 22, 'width': 80.0, 'height': 80.0}, {'instrumentID': 22, 'width': 50.0, 'height': 50.0, 'uri': 'https://etoro-cdn.etorostatic.com/market-avatars/natgas/50x50.png'}, {'instrumentID': 22, 'width': 150.0,
2026-07-17 06:41:27,665 | DEBUG    | api_backfiller | [api_backfiller] ID 22: price_precision via historischem Fallback=5
2026-07-17 06:41:27,665 | DEBUG    | api_backfiller | [api_backfiller] ID 22: size_precision via historischem Fallback=5
2026-07-17 06:41:27,665 | DEBUG    | api_backfiller | [api_backfiller] ID 22 (NATGAS): price_prec=5, size_prec=5
2026-07-17 06:41:27,665 | DEBUG    | api_backfiller | [api_backfiller] ID 42: price_precision via historischem Fallback=5
2026-07-17 06:41:27,665 | DEBUG    | api_backfiller | [api_backfiller] ID 42: size_precision via historischem Fallback=5
2026-07-17 06:41:27,665 | DEBUG    | api_backfiller | [api_backfiller] ID 42 (USDZAR): price_prec=5, size_prec=5
2026-07-17 06:41:27,665 | DEBUG    | api_backfiller | [api_backfiller] ID 62: price_precision via historischem Fallback=5
2026-07-17 06:41:27,665 | DEBUG    | api_backfiller | [api_backfiller] ID 62: size_precision via historischem Fallback=5
2026-07-17 06:41:27,665 | DEBUG    | api_backfiller | [api_backfiller] ID 62 (USDTRY): price_prec=5, size_prec=5
2026-07-17 06:41:27,665 | DEBUG    | api_backfiller | [api_backfiller] Keine API-Precision für ID 1022 (JNJ). Equity-Fallback (2,2) wird von run_backfill() angewendet.
2026-07-17 06:41:27,665 | DEBUG    | api_backfiller | [api_backfiller] Keine API-Precision für ID 1102 (PBR). Equity-Fallback (2,2) wird von run_backfill() angewendet.
2026-07-17 06:41:27,666 | DEBUG    | api_backfiller | [api_backfiller] Keine API-Precision für ID 1111 (TSLA). Equity-Fallback (2,2) wird von run_backfill() angewendet.
2026-07-17 06:41:27,666 | DEBUG    | api_backfiller | [api_backfiller] Keine API-Precision für ID 1130 (MU). Equity-Fallback (2,2) wird von run_backfill() angewendet.
2026-07-17 06:41:27,666 | DEBUG    | api_backfiller | [api_backfiller] Keine API-Precision für ID 1137 (NVDA). Equity-Fallback (2,2) wird von run_backfill() angewendet.
2026-07-17 06:41:27,666 | DEBUG    | api_backfiller | [api_backfiller] Keine API-Precision für ID 1160 (WIX). Equity-Fallback (2,2) wird von run_backfill() angewendet.
2026-07-17 06:41:27,666 | DEBUG    | api_backfiller | [api_backfiller] Keine API-Precision für ID 1402 (ROP.ZU). Equity-Fallback (2,2) wird von run_backfill() angewendet.
2026-07-17 06:41:27,666 | DEBUG    | api_backfiller | [api_backfiller] Keine API-Precision für ID 1497 (VLO). Equity-Fallback (2,2) wird von run_backfill() angewendet.
2026-07-17 06:41:27,666 | DEBUG    | api_backfiller | [api_backfiller] Keine API-Precision für ID 1531 (HAL). Equity-Fallback (2,2) wird von run_backfill() angewendet.
2026-07-17 06:41:27,666 | DEBUG    | api_backfiller | [api_backfiller] Keine API-Precision für ID 1839 (CRM). Equity-Fallback (2,2) wird von run_backfill() angewendet.
2026-07-17 06:41:27,666 | DEBUG    | api_backfiller | [api_backfiller] Keine API-Precision für ID 1979 (SNAP). Equity-Fallback (2,2) wird von run_backfill() angewendet.
2026-07-17 06:41:27,666 | DEBUG    | api_backfiller | [api_backfiller] Keine API-Precision für ID 2380 (01211.HK). Equity-Fallback (2,2) wird von run_backfill() angewendet.
2026-07-17 06:41:27,666 | DEBUG    | api_backfiller | [api_backfiller] Keine API-Precision für ID 2587 (RHM.DE). Equity-Fallback (2,2) wird von run_backfill() angewendet.
2026-07-17 06:41:27,666 | DEBUG    | api_backfiller | [api_backfiller] ID 3208: price_precision via historischem Fallback=5
2026-07-17 06:41:27,666 | DEBUG    | api_backfiller | [api_backfiller] ID 3208: size_precision via historischem Fallback=5
2026-07-17 06:41:27,666 | DEBUG    | api_backfiller | [api_backfiller] ID 3208 (PALL): price_prec=5, size_prec=5
2026-07-17 06:41:27,666 | DEBUG    | api_backfiller | [api_backfiller] Keine API-Precision für ID 4232 (NVS). Equity-Fallback (2,2) wird von run_backfill() angewendet.
2026-07-17 06:41:27,666 | DEBUG    | api_backfiller | [api_backfiller] Keine API-Precision für ID 4286 (TEAM). Equity-Fallback (2,2) wird von run_backfill() angewendet.
2026-07-17 06:41:27,666 | DEBUG    | api_backfiller | [api_backfiller] Keine API-Precision für ID 4398 (DOCU). Equity-Fallback (2,2) wird von run_backfill() angewendet.
2026-07-17 06:41:27,666 | DEBUG    | api_backfiller | [api_backfiller] Keine API-Precision für ID 4403 (ZS). Equity-Fallback (2,2) wird von run_backfill() angewendet.
2026-07-17 06:41:27,666 | DEBUG    | api_backfiller | [api_backfiller] Keine API-Precision für ID 4421 (CIEN). Equity-Fallback (2,2) wird von run_backfill() angewendet.
2026-07-17 06:41:27,666 | DEBUG    | api_backfiller | [api_backfiller] Keine API-Precision für ID 5045 (FSLY). Equity-Fallback (2,2) wird von run_backfill() angewendet.
2026-07-17 06:41:27,666 | DEBUG    | api_backfiller | [api_backfiller] Keine API-Precision für ID 5635 (EEFT). Equity-Fallback (2,2) wird von run_backfill() angewendet.
2026-07-17 06:41:27,666 | DEBUG    | api_backfiller | [api_backfiller] Keine API-Precision für ID 6094 (COHR). Equity-Fallback (2,2) wird von run_backfill() angewendet.
2026-07-17 06:41:27,666 | DEBUG    | api_backfiller | [api_backfiller] Keine API-Precision für ID 6270 (RIOT). Equity-Fallback (2,2) wird von run_backfill() angewendet.
2026-07-17 06:41:27,666 | DEBUG    | api_backfiller | [api_backfiller] Keine API-Precision für ID 6459 (LSCC). Equity-Fallback (2,2) wird von run_backfill() angewendet.
2026-07-17 06:41:27,666 | DEBUG    | api_backfiller | [api_backfiller] Keine API-Precision für ID 6473 (MSTR). Equity-Fallback (2,2) wird von run_backfill() angewendet.
2026-07-17 06:41:27,666 | DEBUG    | api_backfiller | [api_backfiller] Keine API-Precision für ID 6552 (TSEM). Equity-Fallback (2,2) wird von run_backfill() angewendet.
2026-07-17 06:41:27,666 | DEBUG    | api_backfiller | [api_backfiller] Keine API-Precision für ID 6584 (AG). Equity-Fallback (2,2) wird von run_backfill() angewendet.
2026-07-17 06:41:27,666 | DEBUG    | api_backfiller | [api_backfiller] Keine API-Precision für ID 6662 (CVE). Equity-Fallback (2,2) wird von run_backfill() angewendet.
2026-07-17 06:41:27,666 | DEBUG    | api_backfiller | [api_backfiller] Keine API-Precision für ID 6700 (XPEV). Equity-Fallback (2,2) wird von run_backfill() angewendet.
2026-07-17 06:41:27,666 | DEBUG    | api_backfiller | [api_backfiller] Keine API-Precision für ID 6804 (ONTO). Equity-Fallback (2,2) wird von run_backfill() angewendet.
2026-07-17 06:41:27,666 | DEBUG    | api_backfiller | [api_backfiller] Keine API-Precision für ID 6940 (SQM). Equity-Fallback (2,2) wird von run_backfill() angewendet.
2026-07-17 06:41:27,666 | DEBUG    | api_backfiller | [api_backfiller] Keine API-Precision für ID 7852 (AMKR). Equity-Fallback (2,2) wird von run_backfill() angewendet.
2026-07-17 06:41:27,666 | DEBUG    | api_backfiller | [api_backfiller] Keine API-Precision für ID 7991 (PLTR). Equity-Fallback (2,2) wird von run_backfill() angewendet.
2026-07-17 06:41:27,666 | DEBUG    | api_backfiller | [api_backfiller] Keine API-Precision für ID 8585 (GTLB). Equity-Fallback (2,2) wird von run_backfill() angewendet.
2026-07-17 06:41:27,666 | DEBUG    | api_backfiller | [api_backfiller] Keine API-Precision für ID 8611 (WBD). Equity-Fallback (2,2) wird von run_backfill() angewendet.
2026-07-17 06:41:27,666 | DEBUG    | api_backfiller | [api_backfiller] Keine API-Precision für ID 8632 (UPST). Equity-Fallback (2,2) wird von run_backfill() angewendet.
2026-07-17 06:41:27,666 | DEBUG    | api_backfiller | [api_backfiller] Keine API-Precision für ID 8637 (DUOL). Equity-Fallback (2,2) wird von run_backfill() angewendet.
2026-07-17 06:41:27,666 | DEBUG    | api_backfiller | [api_backfiller] Keine API-Precision für ID 8638 (E). Equity-Fallback (2,2) wird von run_backfill() angewendet.
2026-07-17 06:41:27,666 | DEBUG    | api_backfiller | [api_backfiller] Keine API-Precision für ID 8671 (HUT). Equity-Fallback (2,2) wird von run_backfill() angewendet.
2026-07-17 06:41:27,667 | DEBUG    | api_backfiller | [api_backfiller] Keine API-Precision für ID 8867 (VRT). Equity-Fallback (2,2) wird von run_backfill() angewendet.
2026-07-17 06:41:27,667 | DEBUG    | api_backfiller | [api_backfiller] Keine API-Precision für ID 9077 (FICO). Equity-Fallback (2,2) wird von run_backfill() angewendet.
2026-07-17 06:41:27,667 | DEBUG    | api_backfiller | [api_backfiller] Keine API-Precision für ID 9119 (INSM). Equity-Fallback (2,2) wird von run_backfill() angewendet.
2026-07-17 06:41:27,667 | DEBUG    | api_backfiller | [api_backfiller] Keine API-Precision für ID 9271 (MNDY). Equity-Fallback (2,2) wird von run_backfill() angewendet.
2026-07-17 06:41:27,667 | DEBUG    | api_backfiller | [api_backfiller] Keine API-Precision für ID 9506 (MOD). Equity-Fallback (2,2) wird von run_backfill() angewendet.
2026-07-17 06:41:27,667 | DEBUG    | api_backfiller | [api_backfiller] Keine API-Precision für ID 9517 (INSW). Equity-Fallback (2,2) wird von run_backfill() angewendet.
2026-07-17 06:41:27,667 | DEBUG    | api_backfiller | [api_backfiller] Keine API-Precision für ID 10151 (ATRO). Equity-Fallback (2,2) wird von run_backfill() angewendet.
2026-07-17 06:41:27,667 | DEBUG    | api_backfiller | [api_backfiller] Keine API-Precision für ID 15233 (ESLT). Equity-Fallback (2,2) wird von run_backfill() angewendet.
2026-07-17 06:41:28,784 | DEBUG    | api_backfiller | [api_backfiller] Raw API response (first 500 chars): {'instrumentDisplayDatas': [{'instrumentID': 1138, 'instrumentDisplayName': 'FedEx Corporation', 'instrumentTypeID': 5, 'exchangeID': 5, 'images': [{'instrumentID': 1138, 'width': 35.0, 'height': 35.0, 'uri': 'https://etoro-cdn.etorostatic.com/market-avatars/fdx/35x35.png'}, {'instrumentID': 1138, 'width': 50.0, 'height': 50.0, 'uri': 'https://etoro-cdn.etorostatic.com/market-avatars/fdx/50x50.png'}, {'instrumentID': 1138, 'width': 80.0, 'height': 80.0, 'uri': 'https://etoro-cdn.etorostatic.com/
2026-07-17 06:41:28,784 | DEBUG    | api_backfiller | [api_backfiller] Keine API-Precision für ID 1138 (FDX). Equity-Fallback (2,2) wird von run_backfill() angewendet.
2026-07-17 06:41:28,784 | DEBUG    | api_backfiller | [api_backfiller] Keine API-Precision für ID 1341 (GEV). Equity-Fallback (2,2) wird von run_backfill() angewendet.
2026-07-17 06:41:28,784 | DEBUG    | api_backfiller | [api_backfiller] Keine API-Precision für ID 1552 (ABT.US). Equity-Fallback (2,2) wird von run_backfill() angewendet.
2026-07-17 06:41:28,784 | DEBUG    | api_backfiller | [api_backfiller] Keine API-Precision für ID 1585 (GIS). Equity-Fallback (2,2) wird von run_backfill() angewendet.
2026-07-17 06:41:28,784 | DEBUG    | api_backfiller | [api_backfiller] Keine API-Precision für ID 1586 (CAG). Equity-Fallback (2,2) wird von run_backfill() angewendet.
2026-07-17 06:41:28,784 | DEBUG    | api_backfiller | [api_backfiller] Keine API-Precision für ID 4087 (JAZZ). Equity-Fallback (2,2) wird von run_backfill() angewendet.
2026-07-17 06:41:28,784 | DEBUG    | api_backfiller | [api_backfiller] Keine API-Precision für ID 4272 (CCL). Equity-Fallback (2,2) wird von run_backfill() angewendet.
2026-07-17 06:41:28,784 | DEBUG    | api_backfiller | [api_backfiller] Keine API-Precision für ID 4358 (MRVL). Equity-Fallback (2,2) wird von run_backfill() angewendet.
2026-07-17 06:41:28,784 | DEBUG    | api_backfiller | [api_backfiller] Keine API-Precision für ID 6071 (AXON). Equity-Fallback (2,2) wird von run_backfill() angewendet.
2026-07-17 06:41:28,784 | DEBUG    | api_backfiller | [api_backfiller] Keine API-Precision für ID 6549 (TER). Equity-Fallback (2,2) wird von run_backfill() angewendet.
2026-07-17 06:41:28,784 | DEBUG    | api_backfiller | [api_backfiller] Keine API-Precision für ID 6844 (NVO). Equity-Fallback (2,2) wird von run_backfill() angewendet.
2026-07-17 06:41:28,784 | DEBUG    | api_backfiller | [api_backfiller] Keine API-Precision für ID 8604 (KD). Equity-Fallback (2,2) wird von run_backfill() angewendet.
2026-07-17 06:41:28,784 | DEBUG    | api_backfiller | [api_backfiller] Keine API-Precision für ID 10476 (SEI.US). Equity-Fallback (2,2) wird von run_backfill() angewendet.
2026-07-17 06:41:28,784 | DEBUG    | api_backfiller | [api_backfiller] Keine API-Precision für ID 14310 (NTSK). Equity-Fallback (2,2) wird von run_backfill() angewendet.
2026-07-17 06:41:28,784 | DEBUG    | api_backfiller | [api_backfiller] ID 100000: price_precision via historischem Fallback=2
2026-07-17 06:41:28,784 | DEBUG    | api_backfiller | [api_backfiller] ID 100000: size_precision via historischem Fallback=8
2026-07-17 06:41:28,784 | DEBUG    | api_backfiller | [api_backfiller] ID 100000 (BTC): price_prec=2, size_prec=8
2026-07-17 06:41:28,784 | DEBUG    | api_backfiller | [api_backfiller] ID 100001: price_precision via historischem Fallback=2
2026-07-17 06:41:28,784 | DEBUG    | api_backfiller | [api_backfiller] ID 100001: size_precision via historischem Fallback=8
2026-07-17 06:41:28,784 | DEBUG    | api_backfiller | [api_backfiller] ID 100001 (ETH): price_prec=2, size_prec=8
2026-07-17 06:41:28,784 | DEBUG    | api_backfiller | [api_backfiller] ID 100003: price_precision via historischem Fallback=2
2026-07-17 06:41:28,784 | DEBUG    | api_backfiller | [api_backfiller] ID 100003: size_precision via historischem Fallback=8
2026-07-17 06:41:28,785 | DEBUG    | api_backfiller | [api_backfiller] ID 100003 (XRP): price_prec=2, size_prec=8
2026-07-17 06:41:28,785 | DEBUG    | api_backfiller | [api_backfiller] ID 100017: price_precision via historischem Fallback=2
2026-07-17 06:41:28,785 | DEBUG    | api_backfiller | [api_backfiller] ID 100017: size_precision via historischem Fallback=8
2026-07-17 06:41:28,785 | DEBUG    | api_backfiller | [api_backfiller] ID 100017 (ADA): price_prec=2, size_prec=8
2026-07-17 06:41:28,785 | DEBUG    | api_backfiller | [api_backfiller] ID 100043: price_precision via historischem Fallback=2
2026-07-17 06:41:28,785 | DEBUG    | api_backfiller | [api_backfiller] ID 100043: size_precision via historischem Fallback=8
2026-07-17 06:41:28,785 | DEBUG    | api_backfiller | [api_backfiller] ID 100043 (DOGE): price_prec=2, size_prec=8
2026-07-17 06:41:28,785 | DEBUG    | api_backfiller | [api_backfiller] ID 100063: price_precision via historischem Fallback=2
2026-07-17 06:41:28,785 | DEBUG    | api_backfiller | [api_backfiller] ID 100063: size_precision via historischem Fallback=8
2026-07-17 06:41:28,785 | DEBUG    | api_backfiller | [api_backfiller] ID 100063 (SOL): price_prec=2, size_prec=8
2026-07-17 06:41:28,785 | DEBUG    | api_backfiller | [api_backfiller] ID 100080: price_precision via historischem Fallback=8
2026-07-17 06:41:28,785 | DEBUG    | api_backfiller | [api_backfiller] ID 100080: size_precision via historischem Fallback=8
2026-07-17 06:41:28,785 | DEBUG    | api_backfiller | [api_backfiller] ID 100080 (SHIBxM): price_prec=8, size_prec=8
2026-07-17 06:41:28,785 | DEBUG    | api_backfiller | [api_backfiller] ID 100085: price_precision via historischem Fallback=2
2026-07-17 06:41:28,785 | DEBUG    | api_backfiller | [api_backfiller] ID 100085: size_precision via historischem Fallback=8
2026-07-17 06:41:28,785 | DEBUG    | api_backfiller | [api_backfiller] ID 100085 (AVAX): price_prec=2, size_prec=8
2026-07-17 06:41:28,785 | DEBUG    | api_backfiller | [api_backfiller] ID 100303: price_precision via historischem Fallback=8
2026-07-17 06:41:28,785 | DEBUG    | api_backfiller | [api_backfiller] ID 100303: size_precision via historischem Fallback=8
2026-07-17 06:41:28,785 | DEBUG    | api_backfiller | [api_backfiller] ID 100303 (PEPExM): price_prec=8, size_prec=8
2026-07-17 06:41:28,785 | DEBUG    | api_backfiller | [api_backfiller] ID 100323: price_precision via historischem Fallback=2
2026-07-17 06:41:28,785 | DEBUG    | api_backfiller | [api_backfiller] ID 100323: size_precision via historischem Fallback=8
2026-07-17 06:41:28,785 | DEBUG    | api_backfiller | [api_backfiller] ID 100323 (ONDO): price_prec=2, size_prec=8
2026-07-17 06:41:28,785 | DEBUG    | api_backfiller | [api_backfiller] ID 100421: price_precision via historischem Fallback=2
2026-07-17 06:41:28,785 | DEBUG    | api_backfiller | [api_backfiller] ID 100421: size_precision via historischem Fallback=8
2026-07-17 06:41:28,785 | DEBUG    | api_backfiller | [api_backfiller] ID 100421 (AERO): price_prec=2, size_prec=8
2026-07-17 06:41:28,785 | DEBUG    | api_backfiller | [api_backfiller] ID 100446: price_precision via historischem Fallback=2
2026-07-17 06:41:28,785 | DEBUG    | api_backfiller | [api_backfiller] ID 100446: size_precision via historischem Fallback=8
2026-07-17 06:41:28,785 | DEBUG    | api_backfiller | [api_backfiller] ID 100446 (HYPE): price_prec=2, size_prec=8
2026-07-17 06:41:29,286 | INFO     | api_backfiller | [api_backfiller] Precision-Auflösung abgeschlossen: 16 direkt via API, 0 via Symbol-Fallback (_fallback_precisions), 110 Equities erhalten (2,2) in run_backfill().
2026-07-17 06:41:29,617 | DEBUG    | api_backfiller | [api_backfiller] 01211.HK.ETORO: Precision-Fallback price_prec=2, size_prec=2
2026-07-17 06:41:29,720 | INFO     | api_backfiller | [api_backfiller] 01211.HK.ETORO: 30 Candles konvertiert (price_prec=2, size_prec=2).
2026-07-17 06:41:29,725 | DEBUG    | api_backfiller | [api_backfiller] 01211.HK.ETORO: 1815→1788 Zeilen (-27 Duplikate)
2026-07-17 06:41:29,730 | INFO     | api_backfiller | [api_backfiller] 01211.HK.ETORO: 1788 Zeilen gespeichert (price_prec=2, size_prec=2) → data.parquet
2026-07-17 06:41:30,835 | DEBUG    | api_backfiller | [api_backfiller] ABT.US.ETORO: Precision-Fallback price_prec=2, size_prec=2
2026-07-17 06:41:30,931 | INFO     | api_backfiller | [api_backfiller] ABT.US.ETORO: 115 Candles konvertiert (price_prec=2, size_prec=2).
2026-07-17 06:41:30,936 | DEBUG    | api_backfiller | [api_backfiller] ABT.US.ETORO: 2108→2001 Zeilen (-107 Duplikate)
2026-07-17 06:41:30,937 | INFO     | api_backfiller | [api_backfiller] ABT.US.ETORO: 2001 Zeilen gespeichert (price_prec=2, size_prec=2) → data.parquet
2026-07-17 06:41:32,041 | DEBUG    | api_backfiller | [api_backfiller] ACN.ETORO: Precision-Fallback price_prec=2, size_prec=2
2026-07-17 06:41:32,131 | INFO     | api_backfiller | [api_backfiller] ACN.ETORO: 115 Candles konvertiert (price_prec=2, size_prec=2).
2026-07-17 06:41:32,136 | DEBUG    | api_backfiller | [api_backfiller] ACN.ETORO: 2106→1999 Zeilen (-107 Duplikate)
2026-07-17 06:41:32,138 | INFO     | api_backfiller | [api_backfiller] ACN.ETORO: 1999 Zeilen gespeichert (price_prec=2, size_prec=2) → data.parquet
2026-07-17 06:41:33,627 | INFO     | api_backfiller | [api_backfiller] ADA.ETORO: 168 Candles konvertiert (price_prec=2, size_prec=8).
2026-07-17 06:41:33,634 | DEBUG    | api_backfiller | [api_backfiller] ADA.ETORO: 2609→2449 Zeilen (-160 Duplikate)
2026-07-17 06:41:33,635 | INFO     | api_backfiller | [api_backfiller] ADA.ETORO: 2449 Zeilen gespeichert (price_prec=2, size_prec=8) → data.parquet
2026-07-17 06:41:34,741 | DEBUG    | api_backfiller | [api_backfiller] ADBE.ETORO: Precision-Fallback price_prec=2, size_prec=2
2026-07-17 06:41:34,842 | INFO     | api_backfiller | [api_backfiller] ADBE.ETORO: 116 Candles konvertiert (price_prec=2, size_prec=2).
2026-07-17 06:41:34,848 | DEBUG    | api_backfiller | [api_backfiller] ADBE.ETORO: 2109→2001 Zeilen (-108 Duplikate)
2026-07-17 06:41:34,850 | INFO     | api_backfiller | [api_backfiller] ADBE.ETORO: 2001 Zeilen gespeichert (price_prec=2, size_prec=2) → data.parquet
2026-07-17 06:41:36,046 | INFO     | api_backfiller | [api_backfiller] AERO.ETORO: 168 Candles konvertiert (price_prec=2, size_prec=8).
2026-07-17 06:41:36,051 | DEBUG    | api_backfiller | [api_backfiller] AERO.ETORO: 2068→1909 Zeilen (-159 Duplikate)
2026-07-17 06:41:36,053 | INFO     | api_backfiller | [api_backfiller] AERO.ETORO: 1909 Zeilen gespeichert (price_prec=2, size_prec=8) → data.parquet
2026-07-17 06:41:37,157 | DEBUG    | api_backfiller | [api_backfiller] AG.ETORO: Precision-Fallback price_prec=2, size_prec=2
2026-07-17 06:41:37,265 | INFO     | api_backfiller | [api_backfiller] AG.ETORO: 35 Candles konvertiert (price_prec=2, size_prec=2).
2026-07-17 06:41:37,269 | DEBUG    | api_backfiller | [api_backfiller] AG.ETORO: 1845→1810 Zeilen (-35 Duplikate)
2026-07-17 06:41:37,270 | INFO     | api_backfiller | [api_backfiller] AG.ETORO: 1810 Zeilen gespeichert (price_prec=2, size_prec=2) → data.parquet
2026-07-17 06:41:38,374 | DEBUG    | api_backfiller | [api_backfiller] AMAT.ETORO: Precision-Fallback price_prec=2, size_prec=2
2026-07-17 06:41:38,546 | INFO     | api_backfiller | [api_backfiller] AMAT.ETORO: 116 Candles konvertiert (price_prec=2, size_prec=2).
2026-07-17 06:41:38,552 | DEBUG    | api_backfiller | [api_backfiller] AMAT.ETORO: 2108→2000 Zeilen (-108 Duplikate)
2026-07-17 06:41:38,553 | INFO     | api_backfiller | [api_backfiller] AMAT.ETORO: 2000 Zeilen gespeichert (price_prec=2, size_prec=2) → data.parquet
2026-07-17 06:41:39,657 | DEBUG    | api_backfiller | [api_backfiller] AMD.ETORO: Precision-Fallback price_prec=2, size_prec=2
2026-07-17 06:41:39,771 | INFO     | api_backfiller | [api_backfiller] AMD.ETORO: 116 Candles konvertiert (price_prec=2, size_prec=2).
2026-07-17 06:41:39,777 | DEBUG    | api_backfiller | [api_backfiller] AMD.ETORO: 2108→2000 Zeilen (-108 Duplikate)
2026-07-17 06:41:39,778 | INFO     | api_backfiller | [api_backfiller] AMD.ETORO: 2000 Zeilen gespeichert (price_prec=2, size_prec=2) → data.parquet
2026-07-17 06:41:40,882 | DEBUG    | api_backfiller | [api_backfiller] AMKR.ETORO: Precision-Fallback price_prec=2, size_prec=2
2026-07-17 06:41:40,973 | INFO     | api_backfiller | [api_backfiller] AMKR.ETORO: 35 Candles konvertiert (price_prec=2, size_prec=2).
2026-07-17 06:41:40,975 | DEBUG    | api_backfiller | [api_backfiller] AMKR.ETORO: 1844→1809 Zeilen (-35 Duplikate)
2026-07-17 06:41:40,977 | INFO     | api_backfiller | [api_backfiller] AMKR.ETORO: 1809 Zeilen gespeichert (price_prec=2, size_prec=2) → data.parquet
2026-07-17 06:41:42,080 | DEBUG    | api_backfiller | [api_backfiller] ARWR.ETORO: Precision-Fallback price_prec=2, size_prec=2
2026-07-17 06:41:42,175 | INFO     | api_backfiller | [api_backfiller] ARWR.ETORO: 35 Candles konvertiert (price_prec=2, size_prec=2).
2026-07-17 06:41:42,178 | DEBUG    | api_backfiller | [api_backfiller] ARWR.ETORO: 1845→1810 Zeilen (-35 Duplikate)
2026-07-17 06:41:42,179 | INFO     | api_backfiller | [api_backfiller] ARWR.ETORO: 1810 Zeilen gespeichert (price_prec=2, size_prec=2) → data.parquet
2026-07-17 06:41:43,284 | DEBUG    | api_backfiller | [api_backfiller] ASX.ETORO: Precision-Fallback price_prec=2, size_prec=2
2026-07-17 06:41:43,382 | INFO     | api_backfiller | [api_backfiller] ASX.ETORO: 33 Candles konvertiert (price_prec=2, size_prec=2).
2026-07-17 06:41:43,385 | DEBUG    | api_backfiller | [api_backfiller] ASX.ETORO: 1840→1807 Zeilen (-33 Duplikate)
2026-07-17 06:41:43,387 | INFO     | api_backfiller | [api_backfiller] ASX.ETORO: 1807 Zeilen gespeichert (price_prec=2, size_prec=2) → data.parquet
2026-07-17 06:41:44,491 | DEBUG    | api_backfiller | [api_backfiller] ATRO.ETORO: Precision-Fallback price_prec=2, size_prec=2
2026-07-17 06:41:44,590 | INFO     | api_backfiller | [api_backfiller] ATRO.ETORO: 35 Candles konvertiert (price_prec=2, size_prec=2).
2026-07-17 06:41:44,593 | DEBUG    | api_backfiller | [api_backfiller] ATRO.ETORO: 1724→1689 Zeilen (-35 Duplikate)
2026-07-17 06:41:44,595 | INFO     | api_backfiller | [api_backfiller] ATRO.ETORO: 1689 Zeilen gespeichert (price_prec=2, size_prec=2) → data.parquet
2026-07-17 06:41:45,796 | INFO     | api_backfiller | [api_backfiller] AVAX.ETORO: 168 Candles konvertiert (price_prec=2, size_prec=8).
2026-07-17 06:41:45,800 | DEBUG    | api_backfiller | [api_backfiller] AVAX.ETORO: 2609→2449 Zeilen (-160 Duplikate)
2026-07-17 06:41:45,802 | INFO     | api_backfiller | [api_backfiller] AVAX.ETORO: 2449 Zeilen gespeichert (price_prec=2, size_prec=8) → data.parquet
2026-07-17 06:41:46,905 | DEBUG    | api_backfiller | [api_backfiller] AXON.ETORO: Precision-Fallback price_prec=2, size_prec=2
2026-07-17 06:41:47,000 | INFO     | api_backfiller | [api_backfiller] AXON.ETORO: 104 Candles konvertiert (price_prec=2, size_prec=2).
2026-07-17 06:41:47,006 | DEBUG    | api_backfiller | [api_backfiller] AXON.ETORO: 2066→1970 Zeilen (-96 Duplikate)
2026-07-17 06:41:47,008 | INFO     | api_backfiller | [api_backfiller] AXON.ETORO: 1970 Zeilen gespeichert (price_prec=2, size_prec=2) → data.parquet
2026-07-17 06:41:48,111 | DEBUG    | api_backfiller | [api_backfiller] AXSM.ETORO: Precision-Fallback price_prec=2, size_prec=2
2026-07-17 06:41:48,554 | INFO     | api_backfiller | [api_backfiller] AXSM.ETORO: 35 Candles konvertiert (price_prec=2, size_prec=2).
2026-07-17 06:41:48,559 | DEBUG    | api_backfiller | [api_backfiller] AXSM.ETORO: 1845→1810 Zeilen (-35 Duplikate)
2026-07-17 06:41:48,561 | INFO     | api_backfiller | [api_backfiller] AXSM.ETORO: 1810 Zeilen gespeichert (price_prec=2, size_prec=2) → data.parquet
2026-07-17 06:41:49,765 | INFO     | api_backfiller | [api_backfiller] BTC.ETORO: 168 Candles konvertiert (price_prec=2, size_prec=8).
2026-07-17 06:41:49,772 | DEBUG    | api_backfiller | [api_backfiller] BTC.ETORO: 2610→2450 Zeilen (-160 Duplikate)
2026-07-17 06:41:49,774 | INFO     | api_backfiller | [api_backfiller] BTC.ETORO: 2450 Zeilen gespeichert (price_prec=2, size_prec=8) → data.parquet
2026-07-17 06:41:50,878 | DEBUG    | api_backfiller | [api_backfiller] CAG.ETORO: Precision-Fallback price_prec=2, size_prec=2
2026-07-17 06:41:50,983 | INFO     | api_backfiller | [api_backfiller] CAG.ETORO: 104 Candles konvertiert (price_prec=2, size_prec=2).
2026-07-17 06:41:50,988 | DEBUG    | api_backfiller | [api_backfiller] CAG.ETORO: 2078→1979 Zeilen (-99 Duplikate)
2026-07-17 06:41:50,990 | INFO     | api_backfiller | [api_backfiller] CAG.ETORO: 1979 Zeilen gespeichert (price_prec=2, size_prec=2) → data.parquet
2026-07-17 06:41:52,094 | DEBUG    | api_backfiller | [api_backfiller] CAT.ETORO: Precision-Fallback price_prec=2, size_prec=2
2026-07-17 06:41:52,189 | INFO     | api_backfiller | [api_backfiller] CAT.ETORO: 116 Candles konvertiert (price_prec=2, size_prec=2).
2026-07-17 06:41:52,194 | DEBUG    | api_backfiller | [api_backfiller] CAT.ETORO: 2108→2000 Zeilen (-108 Duplikate)
2026-07-17 06:41:52,196 | INFO     | api_backfiller | [api_backfiller] CAT.ETORO: 2000 Zeilen gespeichert (price_prec=2, size_prec=2) → data.parquet
2026-07-17 06:41:53,299 | DEBUG    | api_backfiller | [api_backfiller] CCL.ETORO: Precision-Fallback price_prec=2, size_prec=2
2026-07-17 06:41:53,582 | INFO     | api_backfiller | [api_backfiller] CCL.ETORO: 114 Candles konvertiert (price_prec=2, size_prec=2).
2026-07-17 06:41:53,587 | DEBUG    | api_backfiller | [api_backfiller] CCL.ETORO: 2102→1995 Zeilen (-107 Duplikate)
2026-07-17 06:41:53,589 | INFO     | api_backfiller | [api_backfiller] CCL.ETORO: 1995 Zeilen gespeichert (price_prec=2, size_prec=2) → data.parquet
2026-07-17 06:41:54,693 | DEBUG    | api_backfiller | [api_backfiller] CHTR.ETORO: Precision-Fallback price_prec=2, size_prec=2
2026-07-17 06:41:54,793 | INFO     | api_backfiller | [api_backfiller] CHTR.ETORO: 95 Candles konvertiert (price_prec=2, size_prec=2).
2026-07-17 06:41:54,797 | DEBUG    | api_backfiller | [api_backfiller] CHTR.ETORO: 2055→1967 Zeilen (-88 Duplikate)
2026-07-17 06:41:54,798 | INFO     | api_backfiller | [api_backfiller] CHTR.ETORO: 1967 Zeilen gespeichert (price_prec=2, size_prec=2) → data.parquet
2026-07-17 06:41:55,904 | DEBUG    | api_backfiller | [api_backfiller] CHWY.ETORO: Precision-Fallback price_prec=2, size_prec=2
2026-07-17 06:41:56,010 | INFO     | api_backfiller | [api_backfiller] CHWY.ETORO: 34 Candles konvertiert (price_prec=2, size_prec=2).
2026-07-17 06:41:56,015 | DEBUG    | api_backfiller | [api_backfiller] CHWY.ETORO: 1842→1808 Zeilen (-34 Duplikate)
2026-07-17 06:41:56,017 | INFO     | api_backfiller | [api_backfiller] CHWY.ETORO: 1808 Zeilen gespeichert (price_prec=2, size_prec=2) → data.parquet
2026-07-17 06:41:57,123 | DEBUG    | api_backfiller | [api_backfiller] CIEN.ETORO: Precision-Fallback price_prec=2, size_prec=2
2026-07-17 06:41:57,218 | INFO     | api_backfiller | [api_backfiller] CIEN.ETORO: 35 Candles konvertiert (price_prec=2, size_prec=2).
2026-07-17 06:41:57,224 | DEBUG    | api_backfiller | [api_backfiller] CIEN.ETORO: 1845→1810 Zeilen (-35 Duplikate)
2026-07-17 06:41:57,226 | INFO     | api_backfiller | [api_backfiller] CIEN.ETORO: 1810 Zeilen gespeichert (price_prec=2, size_prec=2) → data.parquet
2026-07-17 06:41:58,331 | DEBUG    | api_backfiller | [api_backfiller] CMG.ETORO: Precision-Fallback price_prec=2, size_prec=2
2026-07-17 06:41:58,594 | INFO     | api_backfiller | [api_backfiller] CMG.ETORO: 109 Candles konvertiert (price_prec=2, size_prec=2).
2026-07-17 06:41:58,598 | DEBUG    | api_backfiller | [api_backfiller] CMG.ETORO: 2090→1988 Zeilen (-102 Duplikate)
2026-07-17 06:41:58,599 | INFO     | api_backfiller | [api_backfiller] CMG.ETORO: 1988 Zeilen gespeichert (price_prec=2, size_prec=2) → data.parquet
2026-07-17 06:41:59,705 | DEBUG    | api_backfiller | [api_backfiller] COHR.ETORO: Precision-Fallback price_prec=2, size_prec=2
2026-07-17 06:41:59,797 | INFO     | api_backfiller | [api_backfiller] COHR.ETORO: 35 Candles konvertiert (price_prec=2, size_prec=2).
2026-07-17 06:41:59,801 | DEBUG    | api_backfiller | [api_backfiller] COHR.ETORO: 1844→1809 Zeilen (-35 Duplikate)
2026-07-17 06:41:59,803 | INFO     | api_backfiller | [api_backfiller] COHR.ETORO: 1809 Zeilen gespeichert (price_prec=2, size_prec=2) → data.parquet
2026-07-17 06:42:00,909 | DEBUG    | api_backfiller | [api_backfiller] COIN.ETORO: Precision-Fallback price_prec=2, size_prec=2
2026-07-17 06:42:01,004 | INFO     | api_backfiller | [api_backfiller] COIN.ETORO: 116 Candles konvertiert (price_prec=2, size_prec=2).
2026-07-17 06:42:01,010 | DEBUG    | api_backfiller | [api_backfiller] COIN.ETORO: 2108→2000 Zeilen (-108 Duplikate)
2026-07-17 06:42:01,012 | INFO     | api_backfiller | [api_backfiller] COIN.ETORO: 2000 Zeilen gespeichert (price_prec=2, size_prec=2) → data.parquet
2026-07-17 06:42:02,118 | DEBUG    | api_backfiller | [api_backfiller] CPRT.ETORO: Precision-Fallback price_prec=2, size_prec=2
2026-07-17 06:42:02,231 | INFO     | api_backfiller | [api_backfiller] CPRT.ETORO: 111 Candles konvertiert (price_prec=2, size_prec=2).
2026-07-17 06:42:02,235 | DEBUG    | api_backfiller | [api_backfiller] CPRT.ETORO: 2087→1984 Zeilen (-103 Duplikate)
2026-07-17 06:42:02,237 | INFO     | api_backfiller | [api_backfiller] CPRT.ETORO: 1984 Zeilen gespeichert (price_prec=2, size_prec=2) → data.parquet
2026-07-17 06:42:03,343 | DEBUG    | api_backfiller | [api_backfiller] CRM.ETORO: Precision-Fallback price_prec=2, size_prec=2
2026-07-17 06:42:03,508 | INFO     | api_backfiller | [api_backfiller] CRM.ETORO: 116 Candles konvertiert (price_prec=2, size_prec=2).
2026-07-17 06:42:03,515 | DEBUG    | api_backfiller | [api_backfiller] CRM.ETORO: 2108→2000 Zeilen (-108 Duplikate)
2026-07-17 06:42:03,517 | INFO     | api_backfiller | [api_backfiller] CRM.ETORO: 2000 Zeilen gespeichert (price_prec=2, size_prec=2) → data.parquet
2026-07-17 06:42:04,623 | DEBUG    | api_backfiller | [api_backfiller] CVE.ETORO: Precision-Fallback price_prec=2, size_prec=2
2026-07-17 06:42:04,719 | INFO     | api_backfiller | [api_backfiller] CVE.ETORO: 35 Candles konvertiert (price_prec=2, size_prec=2).
2026-07-17 06:42:04,724 | DEBUG    | api_backfiller | [api_backfiller] CVE.ETORO: 1845→1810 Zeilen (-35 Duplikate)
2026-07-17 06:42:04,725 | INFO     | api_backfiller | [api_backfiller] CVE.ETORO: 1810 Zeilen gespeichert (price_prec=2, size_prec=2) → data.parquet
2026-07-17 06:42:05,831 | DEBUG    | api_backfiller | [api_backfiller] DOCU.ETORO: Precision-Fallback price_prec=2, size_prec=2
2026-07-17 06:42:05,949 | INFO     | api_backfiller | [api_backfiller] DOCU.ETORO: 35 Candles konvertiert (price_prec=2, size_prec=2).
2026-07-17 06:42:05,954 | DEBUG    | api_backfiller | [api_backfiller] DOCU.ETORO: 1845→1810 Zeilen (-35 Duplikate)
2026-07-17 06:42:05,955 | INFO     | api_backfiller | [api_backfiller] DOCU.ETORO: 1810 Zeilen gespeichert (price_prec=2, size_prec=2) → data.parquet
2026-07-17 06:42:07,152 | INFO     | api_backfiller | [api_backfiller] DOGE.ETORO: 168 Candles konvertiert (price_prec=2, size_prec=8).
2026-07-17 06:42:07,160 | DEBUG    | api_backfiller | [api_backfiller] DOGE.ETORO: 2609→2449 Zeilen (-160 Duplikate)
2026-07-17 06:42:07,162 | INFO     | api_backfiller | [api_backfiller] DOGE.ETORO: 2449 Zeilen gespeichert (price_prec=2, size_prec=8) → data.parquet
2026-07-17 06:42:08,268 | DEBUG    | api_backfiller | [api_backfiller] DPZ.ETORO: Precision-Fallback price_prec=2, size_prec=2
2026-07-17 06:42:08,358 | INFO     | api_backfiller | [api_backfiller] DPZ.ETORO: 92 Candles konvertiert (price_prec=2, size_prec=2).
2026-07-17 06:42:08,364 | DEBUG    | api_backfiller | [api_backfiller] DPZ.ETORO: 2035→1951 Zeilen (-84 Duplikate)
2026-07-17 06:42:08,366 | INFO     | api_backfiller | [api_backfiller] DPZ.ETORO: 1951 Zeilen gespeichert (price_prec=2, size_prec=2) → data.parquet
2026-07-17 06:42:09,472 | DEBUG    | api_backfiller | [api_backfiller] DUOL.ETORO: Precision-Fallback price_prec=2, size_prec=2
2026-07-17 06:42:09,569 | INFO     | api_backfiller | [api_backfiller] DUOL.ETORO: 114 Candles konvertiert (price_prec=2, size_prec=2).
2026-07-17 06:42:09,573 | DEBUG    | api_backfiller | [api_backfiller] DUOL.ETORO: 2104→1997 Zeilen (-107 Duplikate)
2026-07-17 06:42:09,574 | INFO     | api_backfiller | [api_backfiller] DUOL.ETORO: 1997 Zeilen gespeichert (price_prec=2, size_prec=2) → data.parquet
2026-07-17 06:42:10,680 | DEBUG    | api_backfiller | [api_backfiller] E.ETORO: Precision-Fallback price_prec=2, size_prec=2
2026-07-17 06:42:10,779 | INFO     | api_backfiller | [api_backfiller] E.ETORO: 35 Candles konvertiert (price_prec=2, size_prec=2).
2026-07-17 06:42:10,783 | DEBUG    | api_backfiller | [api_backfiller] E.ETORO: 1845→1810 Zeilen (-35 Duplikate)
2026-07-17 06:42:10,784 | INFO     | api_backfiller | [api_backfiller] E.ETORO: 1810 Zeilen gespeichert (price_prec=2, size_prec=2) → data.parquet
2026-07-17 06:42:11,889 | DEBUG    | api_backfiller | [api_backfiller] EEFT.ETORO: Precision-Fallback price_prec=2, size_prec=2
2026-07-17 06:42:11,984 | INFO     | api_backfiller | [api_backfiller] EEFT.ETORO: 35 Candles konvertiert (price_prec=2, size_prec=2).
2026-07-17 06:42:11,989 | DEBUG    | api_backfiller | [api_backfiller] EEFT.ETORO: 1844→1809 Zeilen (-35 Duplikate)
2026-07-17 06:42:11,990 | INFO     | api_backfiller | [api_backfiller] EEFT.ETORO: 1809 Zeilen gespeichert (price_prec=2, size_prec=2) → data.parquet
2026-07-17 06:42:13,096 | DEBUG    | api_backfiller | [api_backfiller] ELF.ETORO: Precision-Fallback price_prec=2, size_prec=2
2026-07-17 06:42:13,379 | INFO     | api_backfiller | [api_backfiller] ELF.ETORO: 35 Candles konvertiert (price_prec=2, size_prec=2).
2026-07-17 06:42:13,383 | DEBUG    | api_backfiller | [api_backfiller] ELF.ETORO: 1845→1810 Zeilen (-35 Duplikate)
2026-07-17 06:42:13,384 | INFO     | api_backfiller | [api_backfiller] ELF.ETORO: 1810 Zeilen gespeichert (price_prec=2, size_prec=2) → data.parquet
2026-07-17 06:42:14,489 | DEBUG    | api_backfiller | [api_backfiller] ENLT.ETORO: Precision-Fallback price_prec=2, size_prec=2
2026-07-17 06:42:14,585 | INFO     | api_backfiller | [api_backfiller] ENLT.ETORO: 35 Candles konvertiert (price_prec=2, size_prec=2).
2026-07-17 06:42:14,590 | DEBUG    | api_backfiller | [api_backfiller] ENLT.ETORO: 1844→1809 Zeilen (-35 Duplikate)
2026-07-17 06:42:14,591 | INFO     | api_backfiller | [api_backfiller] ENLT.ETORO: 1809 Zeilen gespeichert (price_prec=2, size_prec=2) → data.parquet
2026-07-17 06:42:15,697 | DEBUG    | api_backfiller | [api_backfiller] ESLT.ETORO: Precision-Fallback price_prec=2, size_prec=2
2026-07-17 06:42:15,789 | INFO     | api_backfiller | [api_backfiller] ESLT.ETORO: 34 Candles konvertiert (price_prec=2, size_prec=2).
2026-07-17 06:42:15,793 | DEBUG    | api_backfiller | [api_backfiller] ESLT.ETORO: 1272→1238 Zeilen (-34 Duplikate)
2026-07-17 06:42:15,794 | INFO     | api_backfiller | [api_backfiller] ESLT.ETORO: 1238 Zeilen gespeichert (price_prec=2, size_prec=2) → data.parquet
2026-07-17 06:42:16,991 | INFO     | api_backfiller | [api_backfiller] ETH.ETORO: 168 Candles konvertiert (price_prec=2, size_prec=8).
2026-07-17 06:42:16,997 | DEBUG    | api_backfiller | [api_backfiller] ETH.ETORO: 2610→2450 Zeilen (-160 Duplikate)
2026-07-17 06:42:16,998 | INFO     | api_backfiller | [api_backfiller] ETH.ETORO: 2450 Zeilen gespeichert (price_prec=2, size_prec=8) → data.parquet
2026-07-17 06:42:18,101 | DEBUG    | api_backfiller | [api_backfiller] FDX.ETORO: Precision-Fallback price_prec=2, size_prec=2
2026-07-17 06:42:18,201 | INFO     | api_backfiller | [api_backfiller] FDX.ETORO: 91 Candles konvertiert (price_prec=2, size_prec=2).
2026-07-17 06:42:18,206 | DEBUG    | api_backfiller | [api_backfiller] FDX.ETORO: 2043→1960 Zeilen (-83 Duplikate)
2026-07-17 06:42:18,207 | INFO     | api_backfiller | [api_backfiller] FDX.ETORO: 1960 Zeilen gespeichert (price_prec=2, size_prec=2) → data.parquet
2026-07-17 06:42:19,312 | DEBUG    | api_backfiller | [api_backfiller] FICO.ETORO: Precision-Fallback price_prec=2, size_prec=2
2026-07-17 06:42:19,406 | INFO     | api_backfiller | [api_backfiller] FICO.ETORO: 71 Candles konvertiert (price_prec=2, size_prec=2).
2026-07-17 06:42:19,412 | DEBUG    | api_backfiller | [api_backfiller] FICO.ETORO: 1940→1875 Zeilen (-65 Duplikate)
2026-07-17 06:42:19,414 | INFO     | api_backfiller | [api_backfiller] FICO.ETORO: 1875 Zeilen gespeichert (price_prec=2, size_prec=2) → data.parquet
2026-07-17 06:42:20,520 | DEBUG    | api_backfiller | [api_backfiller] FISV.ETORO: Precision-Fallback price_prec=2, size_prec=2
2026-07-17 06:42:20,617 | INFO     | api_backfiller | [api_backfiller] FISV.ETORO: 107 Candles konvertiert (price_prec=2, size_prec=2).
2026-07-17 06:42:20,621 | DEBUG    | api_backfiller | [api_backfiller] FISV.ETORO: 2085→1986 Zeilen (-99 Duplikate)
2026-07-17 06:42:20,623 | INFO     | api_backfiller | [api_backfiller] FISV.ETORO: 1986 Zeilen gespeichert (price_prec=2, size_prec=2) → data.parquet
2026-07-17 06:42:21,729 | DEBUG    | api_backfiller | [api_backfiller] FORM.ETORO: Precision-Fallback price_prec=2, size_prec=2
2026-07-17 06:42:21,822 | INFO     | api_backfiller | [api_backfiller] FORM.ETORO: 35 Candles konvertiert (price_prec=2, size_prec=2).
2026-07-17 06:42:21,826 | DEBUG    | api_backfiller | [api_backfiller] FORM.ETORO: 1761→1726 Zeilen (-35 Duplikate)
2026-07-17 06:42:21,828 | INFO     | api_backfiller | [api_backfiller] FORM.ETORO: 1726 Zeilen gespeichert (price_prec=2, size_prec=2) → data.parquet
2026-07-17 06:42:22,932 | DEBUG    | api_backfiller | [api_backfiller] FRO.ETORO: Precision-Fallback price_prec=2, size_prec=2
2026-07-17 06:42:23,937 | INFO     | api_backfiller | [api_backfiller] FRO.ETORO: 35 Candles konvertiert (price_prec=2, size_prec=2).
2026-07-17 06:42:23,940 | DEBUG    | api_backfiller | [api_backfiller] FRO.ETORO: 1845→1810 Zeilen (-35 Duplikate)
2026-07-17 06:42:23,941 | INFO     | api_backfiller | [api_backfiller] FRO.ETORO: 1810 Zeilen gespeichert (price_prec=2, size_prec=2) → data.parquet
2026-07-17 06:42:25,045 | DEBUG    | api_backfiller | [api_backfiller] FSLY.ETORO: Precision-Fallback price_prec=2, size_prec=2
2026-07-17 06:42:25,141 | INFO     | api_backfiller | [api_backfiller] FSLY.ETORO: 34 Candles konvertiert (price_prec=2, size_prec=2).
2026-07-17 06:42:25,143 | DEBUG    | api_backfiller | [api_backfiller] FSLY.ETORO: 1842→1808 Zeilen (-34 Duplikate)
2026-07-17 06:42:25,144 | INFO     | api_backfiller | [api_backfiller] FSLY.ETORO: 1808 Zeilen gespeichert (price_prec=2, size_prec=2) → data.parquet
2026-07-17 06:42:26,249 | DEBUG    | api_backfiller | [api_backfiller] GEV.ETORO: Daten aktuell (Lücke 0.7h) — überspringe.
2026-07-17 06:42:26,250 | DEBUG    | api_backfiller | [api_backfiller] GIS.ETORO: Precision-Fallback price_prec=2, size_prec=2
2026-07-17 06:42:26,347 | INFO     | api_backfiller | [api_backfiller] GIS.ETORO: 110 Candles konvertiert (price_prec=2, size_prec=2).
2026-07-17 06:42:26,351 | DEBUG    | api_backfiller | [api_backfiller] GIS.ETORO: 2097→1995 Zeilen (-102 Duplikate)
2026-07-17 06:42:26,353 | INFO     | api_backfiller | [api_backfiller] GIS.ETORO: 1995 Zeilen gespeichert (price_prec=2, size_prec=2) → data.parquet
2026-07-17 06:42:27,457 | DEBUG    | api_backfiller | [api_backfiller] GLW.ETORO: Precision-Fallback price_prec=2, size_prec=2
2026-07-17 06:42:27,553 | INFO     | api_backfiller | [api_backfiller] GLW.ETORO: 116 Candles konvertiert (price_prec=2, size_prec=2).
2026-07-17 06:42:27,559 | DEBUG    | api_backfiller | [api_backfiller] GLW.ETORO: 2108→2000 Zeilen (-108 Duplikate)
2026-07-17 06:42:27,560 | INFO     | api_backfiller | [api_backfiller] GLW.ETORO: 2000 Zeilen gespeichert (price_prec=2, size_prec=2) → data.parquet
2026-07-17 06:42:28,664 | DEBUG    | api_backfiller | [api_backfiller] GOOG.ETORO: Precision-Fallback price_prec=2, size_prec=2
2026-07-17 06:42:28,761 | INFO     | api_backfiller | [api_backfiller] GOOG.ETORO: 116 Candles konvertiert (price_prec=2, size_prec=2).
2026-07-17 06:42:28,767 | DEBUG    | api_backfiller | [api_backfiller] GOOG.ETORO: 2109→2001 Zeilen (-108 Duplikate)
2026-07-17 06:42:28,768 | INFO     | api_backfiller | [api_backfiller] GOOG.ETORO: 2001 Zeilen gespeichert (price_prec=2, size_prec=2) → data.parquet
2026-07-17 06:42:29,871 | DEBUG    | api_backfiller | [api_backfiller] GOOGL.ETORO: Precision-Fallback price_prec=2, size_prec=2
2026-07-17 06:42:29,972 | INFO     | api_backfiller | [api_backfiller] GOOGL.ETORO: 116 Candles konvertiert (price_prec=2, size_prec=2).
2026-07-17 06:42:29,977 | DEBUG    | api_backfiller | [api_backfiller] GOOGL.ETORO: 2107→1999 Zeilen (-108 Duplikate)
2026-07-17 06:42:29,978 | INFO     | api_backfiller | [api_backfiller] GOOGL.ETORO: 1999 Zeilen gespeichert (price_prec=2, size_prec=2) → data.parquet
2026-07-17 06:42:31,083 | DEBUG    | api_backfiller | [api_backfiller] GSAT.ETORO: Precision-Fallback price_prec=2, size_prec=2
2026-07-17 06:42:31,179 | INFO     | api_backfiller | [api_backfiller] GSAT.ETORO: 35 Candles konvertiert (price_prec=2, size_prec=2).
2026-07-17 06:42:31,182 | DEBUG    | api_backfiller | [api_backfiller] GSAT.ETORO: 1845→1810 Zeilen (-35 Duplikate)
2026-07-17 06:42:31,183 | INFO     | api_backfiller | [api_backfiller] GSAT.ETORO: 1810 Zeilen gespeichert (price_prec=2, size_prec=2) → data.parquet
2026-07-17 06:42:32,288 | DEBUG    | api_backfiller | [api_backfiller] GTLB.ETORO: Precision-Fallback price_prec=2, size_prec=2
2026-07-17 06:42:32,383 | INFO     | api_backfiller | [api_backfiller] GTLB.ETORO: 35 Candles konvertiert (price_prec=2, size_prec=2).
2026-07-17 06:42:32,386 | DEBUG    | api_backfiller | [api_backfiller] GTLB.ETORO: 1844→1809 Zeilen (-35 Duplikate)
2026-07-17 06:42:32,388 | INFO     | api_backfiller | [api_backfiller] GTLB.ETORO: 1809 Zeilen gespeichert (price_prec=2, size_prec=2) → data.parquet
2026-07-17 06:42:33,492 | DEBUG    | api_backfiller | [api_backfiller] HAL.ETORO: Precision-Fallback price_prec=2, size_prec=2
2026-07-17 06:42:33,611 | INFO     | api_backfiller | [api_backfiller] HAL.ETORO: 96 Candles konvertiert (price_prec=2, size_prec=2).
2026-07-17 06:42:33,614 | DEBUG    | api_backfiller | [api_backfiller] HAL.ETORO: 2053→1965 Zeilen (-88 Duplikate)
2026-07-17 06:42:33,616 | INFO     | api_backfiller | [api_backfiller] HAL.ETORO: 1965 Zeilen gespeichert (price_prec=2, size_prec=2) → data.parquet
2026-07-17 06:42:34,722 | DEBUG    | api_backfiller | [api_backfiller] HUBS.ETORO: Precision-Fallback price_prec=2, size_prec=2
2026-07-17 06:42:34,819 | INFO     | api_backfiller | [api_backfiller] HUBS.ETORO: 35 Candles konvertiert (price_prec=2, size_prec=2).
2026-07-17 06:42:34,822 | DEBUG    | api_backfiller | [api_backfiller] HUBS.ETORO: 1845→1810 Zeilen (-35 Duplikate)
2026-07-17 06:42:34,823 | INFO     | api_backfiller | [api_backfiller] HUBS.ETORO: 1810 Zeilen gespeichert (price_prec=2, size_prec=2) → data.parquet
2026-07-17 06:42:35,928 | DEBUG    | api_backfiller | [api_backfiller] HUT.ETORO: Precision-Fallback price_prec=2, size_prec=2
2026-07-17 06:42:36,023 | INFO     | api_backfiller | [api_backfiller] HUT.ETORO: 35 Candles konvertiert (price_prec=2, size_prec=2).
2026-07-17 06:42:36,027 | DEBUG    | api_backfiller | [api_backfiller] HUT.ETORO: 1845→1810 Zeilen (-35 Duplikate)
2026-07-17 06:42:36,029 | INFO     | api_backfiller | [api_backfiller] HUT.ETORO: 1810 Zeilen gespeichert (price_prec=2, size_prec=2) → data.parquet
2026-07-17 06:42:37,225 | INFO     | api_backfiller | [api_backfiller] HYPE.ETORO: 168 Candles konvertiert (price_prec=2, size_prec=8).
2026-07-17 06:42:37,229 | DEBUG    | api_backfiller | [api_backfiller] HYPE.ETORO: 1918→1759 Zeilen (-159 Duplikate)
2026-07-17 06:42:37,231 | INFO     | api_backfiller | [api_backfiller] HYPE.ETORO: 1759 Zeilen gespeichert (price_prec=2, size_prec=8) → data.parquet
2026-07-17 06:42:38,334 | DEBUG    | api_backfiller | [api_backfiller] INSM.ETORO: Precision-Fallback price_prec=2, size_prec=2
2026-07-17 06:42:38,502 | INFO     | api_backfiller | [api_backfiller] INSM.ETORO: 35 Candles konvertiert (price_prec=2, size_prec=2).
2026-07-17 06:42:38,506 | DEBUG    | api_backfiller | [api_backfiller] INSM.ETORO: 1844→1809 Zeilen (-35 Duplikate)
2026-07-17 06:42:38,508 | INFO     | api_backfiller | [api_backfiller] INSM.ETORO: 1809 Zeilen gespeichert (price_prec=2, size_prec=2) → data.parquet
2026-07-17 06:42:39,613 | DEBUG    | api_backfiller | [api_backfiller] INSW.ETORO: Precision-Fallback price_prec=2, size_prec=2
2026-07-17 06:42:39,708 | INFO     | api_backfiller | [api_backfiller] INSW.ETORO: 34 Candles konvertiert (price_prec=2, size_prec=2).
2026-07-17 06:42:39,712 | DEBUG    | api_backfiller | [api_backfiller] INSW.ETORO: 1760→1726 Zeilen (-34 Duplikate)
2026-07-17 06:42:39,713 | INFO     | api_backfiller | [api_backfiller] INSW.ETORO: 1726 Zeilen gespeichert (price_prec=2, size_prec=2) → data.parquet
2026-07-17 06:42:40,819 | DEBUG    | api_backfiller | [api_backfiller] INTU.ETORO: Precision-Fallback price_prec=2, size_prec=2
2026-07-17 06:42:40,915 | INFO     | api_backfiller | [api_backfiller] INTU.ETORO: 116 Candles konvertiert (price_prec=2, size_prec=2).
2026-07-17 06:42:40,921 | DEBUG    | api_backfiller | [api_backfiller] INTU.ETORO: 2108→2000 Zeilen (-108 Duplikate)
2026-07-17 06:42:40,922 | INFO     | api_backfiller | [api_backfiller] INTU.ETORO: 2000 Zeilen gespeichert (price_prec=2, size_prec=2) → data.parquet
2026-07-17 06:42:42,027 | DEBUG    | api_backfiller | [api_backfiller] JAZZ.ETORO: Precision-Fallback price_prec=2, size_prec=2
2026-07-17 06:42:42,117 | INFO     | api_backfiller | [api_backfiller] JAZZ.ETORO: 35 Candles konvertiert (price_prec=2, size_prec=2).
2026-07-17 06:42:42,120 | DEBUG    | api_backfiller | [api_backfiller] JAZZ.ETORO: 1845→1810 Zeilen (-35 Duplikate)
2026-07-17 06:42:42,122 | INFO     | api_backfiller | [api_backfiller] JAZZ.ETORO: 1810 Zeilen gespeichert (price_prec=2, size_prec=2) → data.parquet
2026-07-17 06:42:43,225 | DEBUG    | api_backfiller | [api_backfiller] JNJ.ETORO: Precision-Fallback price_prec=2, size_prec=2
2026-07-17 06:42:43,793 | INFO     | api_backfiller | [api_backfiller] JNJ.ETORO: 116 Candles konvertiert (price_prec=2, size_prec=2).
2026-07-17 06:42:43,797 | DEBUG    | api_backfiller | [api_backfiller] JNJ.ETORO: 2110→2002 Zeilen (-108 Duplikate)
2026-07-17 06:42:43,799 | INFO     | api_backfiller | [api_backfiller] JNJ.ETORO: 2002 Zeilen gespeichert (price_prec=2, size_prec=2) → data.parquet
2026-07-17 06:42:44,904 | DEBUG    | api_backfiller | [api_backfiller] KD.ETORO: Precision-Fallback price_prec=2, size_prec=2
2026-07-17 06:42:44,993 | INFO     | api_backfiller | [api_backfiller] KD.ETORO: 34 Candles konvertiert (price_prec=2, size_prec=2).
2026-07-17 06:42:44,996 | DEBUG    | api_backfiller | [api_backfiller] KD.ETORO: 1841→1807 Zeilen (-34 Duplikate)
2026-07-17 06:42:44,997 | INFO     | api_backfiller | [api_backfiller] KD.ETORO: 1807 Zeilen gespeichert (price_prec=2, size_prec=2) → data.parquet
2026-07-17 06:42:46,102 | DEBUG    | api_backfiller | [api_backfiller] LQDA.ETORO: Precision-Fallback price_prec=2, size_prec=2
2026-07-17 06:42:46,200 | INFO     | api_backfiller | [api_backfiller] LQDA.ETORO: 35 Candles konvertiert (price_prec=2, size_prec=2).
2026-07-17 06:42:46,203 | DEBUG    | api_backfiller | [api_backfiller] LQDA.ETORO: 1764→1729 Zeilen (-35 Duplikate)
2026-07-17 06:42:46,204 | INFO     | api_backfiller | [api_backfiller] LQDA.ETORO: 1729 Zeilen gespeichert (price_prec=2, size_prec=2) → data.parquet
2026-07-17 06:42:47,308 | DEBUG    | api_backfiller | [api_backfiller] LRCX.ETORO: Precision-Fallback price_prec=2, size_prec=2
2026-07-17 06:42:47,415 | INFO     | api_backfiller | [api_backfiller] LRCX.ETORO: 116 Candles konvertiert (price_prec=2, size_prec=2).
2026-07-17 06:42:47,420 | DEBUG    | api_backfiller | [api_backfiller] LRCX.ETORO: 2108→2000 Zeilen (-108 Duplikate)
2026-07-17 06:42:47,421 | INFO     | api_backfiller | [api_backfiller] LRCX.ETORO: 2000 Zeilen gespeichert (price_prec=2, size_prec=2) → data.parquet
2026-07-17 06:42:48,525 | DEBUG    | api_backfiller | [api_backfiller] LSCC.ETORO: Precision-Fallback price_prec=2, size_prec=2
2026-07-17 06:42:48,615 | INFO     | api_backfiller | [api_backfiller] LSCC.ETORO: 34 Candles konvertiert (price_prec=2, size_prec=2).
2026-07-17 06:42:48,618 | DEBUG    | api_backfiller | [api_backfiller] LSCC.ETORO: 1843→1809 Zeilen (-34 Duplikate)
2026-07-17 06:42:48,619 | INFO     | api_backfiller | [api_backfiller] LSCC.ETORO: 1809 Zeilen gespeichert (price_prec=2, size_prec=2) → data.parquet
2026-07-17 06:42:49,723 | DEBUG    | api_backfiller | [api_backfiller] LULU.ETORO: Precision-Fallback price_prec=2, size_prec=2
2026-07-17 06:42:49,820 | INFO     | api_backfiller | [api_backfiller] LULU.ETORO: 112 Candles konvertiert (price_prec=2, size_prec=2).
2026-07-17 06:42:49,825 | DEBUG    | api_backfiller | [api_backfiller] LULU.ETORO: 2102→1998 Zeilen (-104 Duplikate)
2026-07-17 06:42:49,826 | INFO     | api_backfiller | [api_backfiller] LULU.ETORO: 1998 Zeilen gespeichert (price_prec=2, size_prec=2) → data.parquet
2026-07-17 06:42:50,929 | DEBUG    | api_backfiller | [api_backfiller] MBLY.ETORO: Precision-Fallback price_prec=2, size_prec=2
2026-07-17 06:42:51,023 | INFO     | api_backfiller | [api_backfiller] MBLY.ETORO: 35 Candles konvertiert (price_prec=2, size_prec=2).
2026-07-17 06:42:51,025 | DEBUG    | api_backfiller | [api_backfiller] MBLY.ETORO: 1845→1810 Zeilen (-35 Duplikate)
2026-07-17 06:42:51,026 | INFO     | api_backfiller | [api_backfiller] MBLY.ETORO: 1810 Zeilen gespeichert (price_prec=2, size_prec=2) → data.parquet
2026-07-17 06:42:52,130 | DEBUG    | api_backfiller | [api_backfiller] MNDY.ETORO: Precision-Fallback price_prec=2, size_prec=2
2026-07-17 06:42:52,223 | INFO     | api_backfiller | [api_backfiller] MNDY.ETORO: 34 Candles konvertiert (price_prec=2, size_prec=2).
2026-07-17 06:42:52,226 | DEBUG    | api_backfiller | [api_backfiller] MNDY.ETORO: 1841→1807 Zeilen (-34 Duplikate)
2026-07-17 06:42:52,227 | INFO     | api_backfiller | [api_backfiller] MNDY.ETORO: 1807 Zeilen gespeichert (price_prec=2, size_prec=2) → data.parquet
2026-07-17 06:42:53,331 | DEBUG    | api_backfiller | [api_backfiller] MOD.ETORO: Precision-Fallback price_prec=2, size_prec=2
2026-07-17 06:42:53,731 | INFO     | api_backfiller | [api_backfiller] MOD.ETORO: 34 Candles konvertiert (price_prec=2, size_prec=2).
2026-07-17 06:42:53,735 | DEBUG    | api_backfiller | [api_backfiller] MOD.ETORO: 1761→1727 Zeilen (-34 Duplikate)
2026-07-17 06:42:53,737 | INFO     | api_backfiller | [api_backfiller] MOD.ETORO: 1727 Zeilen gespeichert (price_prec=2, size_prec=2) → data.parquet
2026-07-17 06:42:54,840 | DEBUG    | api_backfiller | [api_backfiller] MRVL.ETORO: Daten aktuell (Lücke 0.7h) — überspringe.
2026-07-17 06:42:54,842 | DEBUG    | api_backfiller | [api_backfiller] MSTR.ETORO: Daten aktuell (Lücke 0.7h) — überspringe.
2026-07-17 06:42:54,843 | DEBUG    | api_backfiller | [api_backfiller] MTZ.ETORO: Precision-Fallback price_prec=2, size_prec=2
2026-07-17 06:42:54,936 | INFO     | api_backfiller | [api_backfiller] MTZ.ETORO: 34 Candles konvertiert (price_prec=2, size_prec=2).
2026-07-17 06:42:54,940 | DEBUG    | api_backfiller | [api_backfiller] MTZ.ETORO: 1841→1807 Zeilen (-34 Duplikate)
2026-07-17 06:42:54,941 | INFO     | api_backfiller | [api_backfiller] MTZ.ETORO: 1807 Zeilen gespeichert (price_prec=2, size_prec=2) → data.parquet
2026-07-17 06:42:56,045 | DEBUG    | api_backfiller | [api_backfiller] MU.ETORO: Daten aktuell (Lücke 0.7h) — überspringe.
2026-07-17 06:42:56,047 | DEBUG    | api_backfiller | [api_backfiller] NATGAS.ETORO: Daten aktuell (Lücke 0.7h) — überspringe.
2026-07-17 06:42:56,048 | DEBUG    | api_backfiller | [api_backfiller] NKE.ETORO: Daten aktuell (Lücke 0.7h) — überspringe.
2026-07-17 06:42:56,049 | DEBUG    | api_backfiller | [api_backfiller] NOK.ETORO: Precision-Fallback price_prec=2, size_prec=2
2026-07-17 06:42:56,172 | INFO     | api_backfiller | [api_backfiller] NOK.ETORO: 34 Candles konvertiert (price_prec=2, size_prec=2).
2026-07-17 06:42:56,176 | DEBUG    | api_backfiller | [api_backfiller] NOK.ETORO: 1842→1808 Zeilen (-34 Duplikate)
2026-07-17 06:42:56,178 | INFO     | api_backfiller | [api_backfiller] NOK.ETORO: 1808 Zeilen gespeichert (price_prec=2, size_prec=2) → data.parquet
2026-07-17 06:42:57,281 | DEBUG    | api_backfiller | [api_backfiller] NOW.ETORO: Daten aktuell (Lücke 0.7h) — überspringe.
2026-07-17 06:42:57,283 | DEBUG    | api_backfiller | [api_backfiller] NTSK.ETORO: Precision-Fallback price_prec=2, size_prec=2
2026-07-17 06:42:57,376 | INFO     | api_backfiller | [api_backfiller] NTSK.ETORO: 35 Candles konvertiert (price_prec=2, size_prec=2).
2026-07-17 06:42:57,379 | DEBUG    | api_backfiller | [api_backfiller] NTSK.ETORO: 1316→1281 Zeilen (-35 Duplikate)
2026-07-17 06:42:57,380 | INFO     | api_backfiller | [api_backfiller] NTSK.ETORO: 1281 Zeilen gespeichert (price_prec=2, size_prec=2) → data.parquet
2026-07-17 06:42:58,483 | DEBUG    | api_backfiller | [api_backfiller] NVDA.ETORO: Daten aktuell (Lücke 0.7h) — überspringe.
2026-07-17 06:42:58,485 | DEBUG    | api_backfiller | [api_backfiller] NVO.ETORO: Precision-Fallback price_prec=2, size_prec=2
2026-07-17 06:42:58,623 | INFO     | api_backfiller | [api_backfiller] NVO.ETORO: 34 Candles konvertiert (price_prec=2, size_prec=2).
2026-07-17 06:42:58,627 | DEBUG    | api_backfiller | [api_backfiller] NVO.ETORO: 1841→1807 Zeilen (-34 Duplikate)
2026-07-17 06:42:58,628 | INFO     | api_backfiller | [api_backfiller] NVO.ETORO: 1807 Zeilen gespeichert (price_prec=2, size_prec=2) → data.parquet
2026-07-17 06:42:59,733 | DEBUG    | api_backfiller | [api_backfiller] NVS.ETORO: Precision-Fallback price_prec=2, size_prec=2
2026-07-17 06:42:59,832 | INFO     | api_backfiller | [api_backfiller] NVS.ETORO: 35 Candles konvertiert (price_prec=2, size_prec=2).
2026-07-17 06:42:59,835 | DEBUG    | api_backfiller | [api_backfiller] NVS.ETORO: 1844→1809 Zeilen (-35 Duplikate)
2026-07-17 06:42:59,837 | INFO     | api_backfiller | [api_backfiller] NVS.ETORO: 1809 Zeilen gespeichert (price_prec=2, size_prec=2) → data.parquet
2026-07-17 06:43:01,028 | INFO     | api_backfiller | [api_backfiller] ONDO.ETORO: 168 Candles konvertiert (price_prec=2, size_prec=8).
2026-07-17 06:43:01,032 | DEBUG    | api_backfiller | [api_backfiller] ONDO.ETORO: 2454→2295 Zeilen (-159 Duplikate)
2026-07-17 06:43:01,034 | INFO     | api_backfiller | [api_backfiller] ONDO.ETORO: 2295 Zeilen gespeichert (price_prec=2, size_prec=8) → data.parquet
2026-07-17 06:43:02,138 | DEBUG    | api_backfiller | [api_backfiller] ONTO.ETORO: Precision-Fallback price_prec=2, size_prec=2
2026-07-17 06:43:02,235 | INFO     | api_backfiller | [api_backfiller] ONTO.ETORO: 35 Candles konvertiert (price_prec=2, size_prec=2).
2026-07-17 06:43:02,237 | DEBUG    | api_backfiller | [api_backfiller] ONTO.ETORO: 1842→1807 Zeilen (-35 Duplikate)
2026-07-17 06:43:02,238 | INFO     | api_backfiller | [api_backfiller] ONTO.ETORO: 1807 Zeilen gespeichert (price_prec=2, size_prec=2) → data.parquet
2026-07-17 06:43:03,745 | INFO     | api_backfiller | [api_backfiller] PALL.ETORO: 34 Candles konvertiert (price_prec=5, size_prec=5).
2026-07-17 06:43:03,749 | DEBUG    | api_backfiller | [api_backfiller] PALL.ETORO: 1841→1807 Zeilen (-34 Duplikate)
2026-07-17 06:43:03,750 | INFO     | api_backfiller | [api_backfiller] PALL.ETORO: 1807 Zeilen gespeichert (price_prec=5, size_prec=5) → data.parquet
2026-07-17 06:43:04,855 | DEBUG    | api_backfiller | [api_backfiller] PBR.ETORO: Precision-Fallback price_prec=2, size_prec=2
2026-07-17 06:43:04,945 | INFO     | api_backfiller | [api_backfiller] PBR.ETORO: 35 Candles konvertiert (price_prec=2, size_prec=2).
2026-07-17 06:43:04,948 | DEBUG    | api_backfiller | [api_backfiller] PBR.ETORO: 1843→1808 Zeilen (-35 Duplikate)
2026-07-17 06:43:04,948 | INFO     | api_backfiller | [api_backfiller] PBR.ETORO: 1808 Zeilen gespeichert (price_prec=2, size_prec=2) → data.parquet
2026-07-17 06:43:06,053 | DEBUG    | api_backfiller | [api_backfiller] PEPExM.ETORO: Daten aktuell (Lücke 0.7h) — überspringe.
2026-07-17 06:43:06,055 | DEBUG    | api_backfiller | [api_backfiller] PINS.ETORO: Precision-Fallback price_prec=2, size_prec=2
2026-07-17 06:43:06,147 | INFO     | api_backfiller | [api_backfiller] PINS.ETORO: 35 Candles konvertiert (price_prec=2, size_prec=2).
2026-07-17 06:43:06,149 | DEBUG    | api_backfiller | [api_backfiller] PINS.ETORO: 1843→1808 Zeilen (-35 Duplikate)
2026-07-17 06:43:06,151 | INFO     | api_backfiller | [api_backfiller] PINS.ETORO: 1808 Zeilen gespeichert (price_prec=2, size_prec=2) → data.parquet
2026-07-17 06:43:07,254 | DEBUG    | api_backfiller | [api_backfiller] PLTR.ETORO: Daten aktuell (Lücke 0.7h) — überspringe.
2026-07-17 06:43:07,256 | DEBUG    | api_backfiller | [api_backfiller] POWL.ETORO: Precision-Fallback price_prec=2, size_prec=2
2026-07-17 06:43:07,343 | INFO     | api_backfiller | [api_backfiller] POWL.ETORO: 35 Candles konvertiert (price_prec=2, size_prec=2).
2026-07-17 06:43:07,346 | DEBUG    | api_backfiller | [api_backfiller] POWL.ETORO: 1763→1728 Zeilen (-35 Duplikate)
2026-07-17 06:43:07,347 | INFO     | api_backfiller | [api_backfiller] POWL.ETORO: 1728 Zeilen gespeichert (price_prec=2, size_prec=2) → data.parquet
2026-07-17 06:43:08,451 | DEBUG    | api_backfiller | [api_backfiller] PYPL.ETORO: Daten aktuell (Lücke 0.7h) — überspringe.
2026-07-17 06:43:08,452 | DEBUG    | api_backfiller | [api_backfiller] RBLX.ETORO: Precision-Fallback price_prec=2, size_prec=2
2026-07-17 06:43:08,551 | INFO     | api_backfiller | [api_backfiller] RBLX.ETORO: 35 Candles konvertiert (price_prec=2, size_prec=2).
2026-07-17 06:43:08,553 | DEBUG    | api_backfiller | [api_backfiller] RBLX.ETORO: 1843→1808 Zeilen (-35 Duplikate)
2026-07-17 06:43:08,554 | INFO     | api_backfiller | [api_backfiller] RBLX.ETORO: 1808 Zeilen gespeichert (price_prec=2, size_prec=2) → data.parquet
2026-07-17 06:43:09,658 | DEBUG    | api_backfiller | [api_backfiller] RHM.DE.ETORO: Precision-Fallback price_prec=2, size_prec=2
2026-07-17 06:43:09,761 | INFO     | api_backfiller | [api_backfiller] RHM.DE.ETORO: 45 Candles konvertiert (price_prec=2, size_prec=2).
2026-07-17 06:43:09,763 | DEBUG    | api_backfiller | [api_backfiller] RHM.DE.ETORO: 1907→1862 Zeilen (-45 Duplikate)
2026-07-17 06:43:09,765 | INFO     | api_backfiller | [api_backfiller] RHM.DE.ETORO: 1862 Zeilen gespeichert (price_prec=2, size_prec=2) → data.parquet
2026-07-17 06:43:10,870 | DEBUG    | api_backfiller | [api_backfiller] RIOT.ETORO: Daten aktuell (Lücke 0.7h) — überspringe.
2026-07-17 06:43:10,873 | DEBUG    | api_backfiller | [api_backfiller] ROP.ZU.ETORO: Precision-Fallback price_prec=2, size_prec=2
2026-07-17 06:43:10,962 | INFO     | api_backfiller | [api_backfiller] ROP.ZU.ETORO: 45 Candles konvertiert (price_prec=2, size_prec=2).
2026-07-17 06:43:10,965 | DEBUG    | api_backfiller | [api_backfiller] ROP.ZU.ETORO: 1894→1849 Zeilen (-45 Duplikate)
2026-07-17 06:43:10,967 | INFO     | api_backfiller | [api_backfiller] ROP.ZU.ETORO: 1849 Zeilen gespeichert (price_prec=2, size_prec=2) → data.parquet
2026-07-17 06:43:12,070 | DEBUG    | api_backfiller | [api_backfiller] SE.ETORO: Precision-Fallback price_prec=2, size_prec=2
2026-07-17 06:43:12,161 | INFO     | api_backfiller | [api_backfiller] SE.ETORO: 34 Candles konvertiert (price_prec=2, size_prec=2).
2026-07-17 06:43:12,163 | DEBUG    | api_backfiller | [api_backfiller] SE.ETORO: 1841→1807 Zeilen (-34 Duplikate)
2026-07-17 06:43:12,164 | INFO     | api_backfiller | [api_backfiller] SE.ETORO: 1807 Zeilen gespeichert (price_prec=2, size_prec=2) → data.parquet
2026-07-17 06:43:13,269 | DEBUG    | api_backfiller | [api_backfiller] SEI.US.ETORO: Precision-Fallback price_prec=2, size_prec=2
2026-07-17 06:43:13,574 | INFO     | api_backfiller | [api_backfiller] SEI.US.ETORO: 35 Candles konvertiert (price_prec=2, size_prec=2).
2026-07-17 06:43:13,578 | DEBUG    | api_backfiller | [api_backfiller] SEI.US.ETORO: 1722→1687 Zeilen (-35 Duplikate)
2026-07-17 06:43:13,579 | INFO     | api_backfiller | [api_backfiller] SEI.US.ETORO: 1687 Zeilen gespeichert (price_prec=2, size_prec=2) → data.parquet
2026-07-17 06:43:14,683 | DEBUG    | api_backfiller | [api_backfiller] SHIBxM.ETORO: Daten aktuell (Lücke 0.7h) — überspringe.
2026-07-17 06:43:14,685 | DEBUG    | api_backfiller | [api_backfiller] SMTC.ETORO: Precision-Fallback price_prec=2, size_prec=2
2026-07-17 06:43:14,780 | INFO     | api_backfiller | [api_backfiller] SMTC.ETORO: 34 Candles konvertiert (price_prec=2, size_prec=2).
2026-07-17 06:43:14,783 | DEBUG    | api_backfiller | [api_backfiller] SMTC.ETORO: 1841→1807 Zeilen (-34 Duplikate)
2026-07-17 06:43:14,784 | INFO     | api_backfiller | [api_backfiller] SMTC.ETORO: 1807 Zeilen gespeichert (price_prec=2, size_prec=2) → data.parquet
2026-07-17 06:43:15,887 | DEBUG    | api_backfiller | [api_backfiller] SNAP.ETORO: Daten aktuell (Lücke 0.7h) — überspringe.
2026-07-17 06:43:15,890 | DEBUG    | api_backfiller | [api_backfiller] SOL.ETORO: Daten aktuell (Lücke 0.7h) — überspringe.
2026-07-17 06:43:15,891 | DEBUG    | api_backfiller | [api_backfiller] SQM.ETORO: Precision-Fallback price_prec=2, size_prec=2
2026-07-17 06:43:15,981 | INFO     | api_backfiller | [api_backfiller] SQM.ETORO: 35 Candles konvertiert (price_prec=2, size_prec=2).
2026-07-17 06:43:15,983 | DEBUG    | api_backfiller | [api_backfiller] SQM.ETORO: 1844→1809 Zeilen (-35 Duplikate)
2026-07-17 06:43:15,984 | INFO     | api_backfiller | [api_backfiller] SQM.ETORO: 1809 Zeilen gespeichert (price_prec=2, size_prec=2) → data.parquet
2026-07-17 06:43:17,088 | DEBUG    | api_backfiller | [api_backfiller] STX.US.ETORO: Daten aktuell (Lücke 0.7h) — überspringe.
2026-07-17 06:43:17,091 | DEBUG    | api_backfiller | [api_backfiller] TD.ETORO: Precision-Fallback price_prec=2, size_prec=2
2026-07-17 06:43:17,182 | INFO     | api_backfiller | [api_backfiller] TD.ETORO: 34 Candles konvertiert (price_prec=2, size_prec=2).
2026-07-17 06:43:17,185 | DEBUG    | api_backfiller | [api_backfiller] TD.ETORO: 1841→1807 Zeilen (-34 Duplikate)
2026-07-17 06:43:17,187 | INFO     | api_backfiller | [api_backfiller] TD.ETORO: 1807 Zeilen gespeichert (price_prec=2, size_prec=2) → data.parquet
2026-07-17 06:43:18,291 | DEBUG    | api_backfiller | [api_backfiller] TEAM.ETORO: Daten aktuell (Lücke 0.7h) — überspringe.
2026-07-17 06:43:18,293 | DEBUG    | api_backfiller | [api_backfiller] TER.ETORO: Daten aktuell (Lücke 0.7h) — überspringe.
2026-07-17 06:43:18,295 | DEBUG    | api_backfiller | [api_backfiller] TEVA.ETORO: Precision-Fallback price_prec=2, size_prec=2
2026-07-17 06:43:18,387 | INFO     | api_backfiller | [api_backfiller] TEVA.ETORO: 35 Candles konvertiert (price_prec=2, size_prec=2).
2026-07-17 06:43:18,390 | DEBUG    | api_backfiller | [api_backfiller] TEVA.ETORO: 1843→1808 Zeilen (-35 Duplikate)
2026-07-17 06:43:18,392 | INFO     | api_backfiller | [api_backfiller] TEVA.ETORO: 1808 Zeilen gespeichert (price_prec=2, size_prec=2) → data.parquet
2026-07-17 06:43:19,496 | DEBUG    | api_backfiller | [api_backfiller] TME.ETORO: Precision-Fallback price_prec=2, size_prec=2
2026-07-17 06:43:19,604 | INFO     | api_backfiller | [api_backfiller] TME.ETORO: 35 Candles konvertiert (price_prec=2, size_prec=2).
2026-07-17 06:43:19,608 | DEBUG    | api_backfiller | [api_backfiller] TME.ETORO: 1843→1808 Zeilen (-35 Duplikate)
2026-07-17 06:43:19,609 | INFO     | api_backfiller | [api_backfiller] TME.ETORO: 1808 Zeilen gespeichert (price_prec=2, size_prec=2) → data.parquet
2026-07-17 06:43:20,713 | DEBUG    | api_backfiller | [api_backfiller] TSEM.ETORO: Precision-Fallback price_prec=2, size_prec=2
2026-07-17 06:43:20,811 | INFO     | api_backfiller | [api_backfiller] TSEM.ETORO: 34 Candles konvertiert (price_prec=2, size_prec=2).
2026-07-17 06:43:20,815 | DEBUG    | api_backfiller | [api_backfiller] TSEM.ETORO: 1841→1807 Zeilen (-34 Duplikate)
2026-07-17 06:43:20,816 | INFO     | api_backfiller | [api_backfiller] TSEM.ETORO: 1807 Zeilen gespeichert (price_prec=2, size_prec=2) → data.parquet
2026-07-17 06:43:21,921 | DEBUG    | api_backfiller | [api_backfiller] TSLA.ETORO: Daten aktuell (Lücke 0.7h) — überspringe.
2026-07-17 06:43:21,923 | DEBUG    | api_backfiller | [api_backfiller] TTD.ETORO: Daten aktuell (Lücke 0.7h) — überspringe.
2026-07-17 06:43:21,925 | DEBUG    | api_backfiller | [api_backfiller] TTMI.ETORO: Precision-Fallback price_prec=2, size_prec=2
2026-07-17 06:43:22,020 | INFO     | api_backfiller | [api_backfiller] TTMI.ETORO: 35 Candles konvertiert (price_prec=2, size_prec=2).
2026-07-17 06:43:22,023 | DEBUG    | api_backfiller | [api_backfiller] TTMI.ETORO: 1759→1724 Zeilen (-35 Duplikate)
2026-07-17 06:43:22,025 | INFO     | api_backfiller | [api_backfiller] TTMI.ETORO: 1724 Zeilen gespeichert (price_prec=2, size_prec=2) → data.parquet
2026-07-17 06:43:23,128 | DEBUG    | api_backfiller | [api_backfiller] UPST.ETORO: Precision-Fallback price_prec=2, size_prec=2
2026-07-17 06:43:23,647 | INFO     | api_backfiller | [api_backfiller] UPST.ETORO: 35 Candles konvertiert (price_prec=2, size_prec=2).
2026-07-17 06:43:23,651 | DEBUG    | api_backfiller | [api_backfiller] UPST.ETORO: 1726→1691 Zeilen (-35 Duplikate)
2026-07-17 06:43:23,653 | INFO     | api_backfiller | [api_backfiller] UPST.ETORO: 1691 Zeilen gespeichert (price_prec=2, size_prec=2) → data.parquet
2026-07-17 06:43:24,862 | INFO     | api_backfiller | [api_backfiller] USDTRY.ETORO: 120 Candles konvertiert (price_prec=5, size_prec=5).
2026-07-17 06:43:24,869 | DEBUG    | api_backfiller | [api_backfiller] USDTRY.ETORO: 2071→1960 Zeilen (-111 Duplikate)
2026-07-17 06:43:24,871 | INFO     | api_backfiller | [api_backfiller] USDTRY.ETORO: 1960 Zeilen gespeichert (price_prec=5, size_prec=5) → data.parquet
2026-07-17 06:43:26,085 | INFO     | api_backfiller | [api_backfiller] USDZAR.ETORO: 120 Candles konvertiert (price_prec=5, size_prec=5).
2026-07-17 06:43:26,092 | DEBUG    | api_backfiller | [api_backfiller] USDZAR.ETORO: 2071→1960 Zeilen (-111 Duplikate)
2026-07-17 06:43:26,094 | INFO     | api_backfiller | [api_backfiller] USDZAR.ETORO: 1960 Zeilen gespeichert (price_prec=5, size_prec=5) → data.parquet
2026-07-17 06:43:27,199 | DEBUG    | api_backfiller | [api_backfiller] VLO.ETORO: Precision-Fallback price_prec=2, size_prec=2
2026-07-17 06:43:27,290 | INFO     | api_backfiller | [api_backfiller] VLO.ETORO: 105 Candles konvertiert (price_prec=2, size_prec=2).
2026-07-17 06:43:27,293 | DEBUG    | api_backfiller | [api_backfiller] VLO.ETORO: 1888→1791 Zeilen (-97 Duplikate)
2026-07-17 06:43:27,294 | INFO     | api_backfiller | [api_backfiller] VLO.ETORO: 1791 Zeilen gespeichert (price_prec=2, size_prec=2) → data.parquet
2026-07-17 06:43:28,398 | DEBUG    | api_backfiller | [api_backfiller] VRT.ETORO: Precision-Fallback price_prec=2, size_prec=2
2026-07-17 06:43:28,495 | INFO     | api_backfiller | [api_backfiller] VRT.ETORO: 35 Candles konvertiert (price_prec=2, size_prec=2).
2026-07-17 06:43:28,498 | DEBUG    | api_backfiller | [api_backfiller] VRT.ETORO: 1726→1691 Zeilen (-35 Duplikate)
2026-07-17 06:43:28,499 | INFO     | api_backfiller | [api_backfiller] VRT.ETORO: 1691 Zeilen gespeichert (price_prec=2, size_prec=2) → data.parquet
2026-07-17 06:43:29,603 | DEBUG    | api_backfiller | [api_backfiller] VSH.ETORO: Precision-Fallback price_prec=2, size_prec=2
2026-07-17 06:43:29,700 | INFO     | api_backfiller | [api_backfiller] VSH.ETORO: 35 Candles konvertiert (price_prec=2, size_prec=2).
2026-07-17 06:43:29,703 | DEBUG    | api_backfiller | [api_backfiller] VSH.ETORO: 1726→1691 Zeilen (-35 Duplikate)
2026-07-17 06:43:29,704 | INFO     | api_backfiller | [api_backfiller] VSH.ETORO: 1691 Zeilen gespeichert (price_prec=2, size_prec=2) → data.parquet
2026-07-17 06:43:30,809 | DEBUG    | api_backfiller | [api_backfiller] WBD.ETORO: Precision-Fallback price_prec=2, size_prec=2
2026-07-17 06:43:30,902 | INFO     | api_backfiller | [api_backfiller] WBD.ETORO: 104 Candles konvertiert (price_prec=2, size_prec=2).
2026-07-17 06:43:30,906 | DEBUG    | api_backfiller | [api_backfiller] WBD.ETORO: 1952→1857 Zeilen (-95 Duplikate)
2026-07-17 06:43:30,907 | INFO     | api_backfiller | [api_backfiller] WBD.ETORO: 1857 Zeilen gespeichert (price_prec=2, size_prec=2) → data.parquet
2026-07-17 06:43:32,011 | DEBUG    | api_backfiller | [api_backfiller] WDAY.ETORO: Precision-Fallback price_prec=2, size_prec=2
2026-07-17 06:43:32,105 | INFO     | api_backfiller | [api_backfiller] WDAY.ETORO: 88 Candles konvertiert (price_prec=2, size_prec=2).
2026-07-17 06:43:32,108 | DEBUG    | api_backfiller | [api_backfiller] WDAY.ETORO: 1918→1835 Zeilen (-83 Duplikate)
2026-07-17 06:43:32,110 | INFO     | api_backfiller | [api_backfiller] WDAY.ETORO: 1835 Zeilen gespeichert (price_prec=2, size_prec=2) → data.parquet
2026-07-17 06:43:33,214 | DEBUG    | api_backfiller | [api_backfiller] WDC.ETORO: Precision-Fallback price_prec=2, size_prec=2
2026-07-17 06:43:33,433 | INFO     | api_backfiller | [api_backfiller] WDC.ETORO: 116 Candles konvertiert (price_prec=2, size_prec=2).
2026-07-17 06:43:33,440 | DEBUG    | api_backfiller | [api_backfiller] WDC.ETORO: 1999→1892 Zeilen (-107 Duplikate)
2026-07-17 06:43:33,441 | INFO     | api_backfiller | [api_backfiller] WDC.ETORO: 1892 Zeilen gespeichert (price_prec=2, size_prec=2) → data.parquet
2026-07-17 06:43:34,545 | DEBUG    | api_backfiller | [api_backfiller] WIX.ETORO: Precision-Fallback price_prec=2, size_prec=2
2026-07-17 06:43:34,642 | INFO     | api_backfiller | [api_backfiller] WIX.ETORO: 35 Candles konvertiert (price_prec=2, size_prec=2).
2026-07-17 06:43:34,645 | DEBUG    | api_backfiller | [api_backfiller] WIX.ETORO: 1727→1692 Zeilen (-35 Duplikate)
2026-07-17 06:43:34,647 | INFO     | api_backfiller | [api_backfiller] WIX.ETORO: 1692 Zeilen gespeichert (price_prec=2, size_prec=2) → data.parquet
2026-07-17 06:43:35,751 | DEBUG    | api_backfiller | [api_backfiller] XPEV.ETORO: Precision-Fallback price_prec=2, size_prec=2
2026-07-17 06:43:35,849 | INFO     | api_backfiller | [api_backfiller] XPEV.ETORO: 35 Candles konvertiert (price_prec=2, size_prec=2).
2026-07-17 06:43:35,851 | DEBUG    | api_backfiller | [api_backfiller] XPEV.ETORO: 1726→1691 Zeilen (-35 Duplikate)
2026-07-17 06:43:35,852 | INFO     | api_backfiller | [api_backfiller] XPEV.ETORO: 1691 Zeilen gespeichert (price_prec=2, size_prec=2) → data.parquet
2026-07-17 06:43:37,059 | INFO     | api_backfiller | [api_backfiller] XRP.ETORO: 168 Candles konvertiert (price_prec=2, size_prec=8).
2026-07-17 06:43:37,065 | DEBUG    | api_backfiller | [api_backfiller] XRP.ETORO: 2521→2362 Zeilen (-159 Duplikate)
2026-07-17 06:43:37,068 | INFO     | api_backfiller | [api_backfiller] XRP.ETORO: 2362 Zeilen gespeichert (price_prec=2, size_prec=8) → data.parquet
2026-07-17 06:43:38,172 | DEBUG    | api_backfiller | [api_backfiller] Z.ETORO: Precision-Fallback price_prec=2, size_prec=2
2026-07-17 06:43:38,650 | INFO     | api_backfiller | [api_backfiller] Z.ETORO: 35 Candles konvertiert (price_prec=2, size_prec=2).
2026-07-17 06:43:38,654 | DEBUG    | api_backfiller | [api_backfiller] Z.ETORO: 1726→1691 Zeilen (-35 Duplikate)
2026-07-17 06:43:38,656 | INFO     | api_backfiller | [api_backfiller] Z.ETORO: 1691 Zeilen gespeichert (price_prec=2, size_prec=2) → data.parquet
2026-07-17 06:43:39,761 | DEBUG    | api_backfiller | [api_backfiller] ZS.ETORO: Precision-Fallback price_prec=2, size_prec=2
2026-07-17 06:43:39,863 | INFO     | api_backfiller | [api_backfiller] ZS.ETORO: 113 Candles konvertiert (price_prec=2, size_prec=2).
2026-07-17 06:43:39,867 | DEBUG    | api_backfiller | [api_backfiller] ZS.ETORO: 1993→1887 Zeilen (-106 Duplikate)
2026-07-17 06:43:39,869 | INFO     | api_backfiller | [api_backfiller] ZS.ETORO: 1887 Zeilen gespeichert (price_prec=2, size_prec=2) → data.parquet
2026-07-17 06:43:40,974 | DEBUG    | api_backfiller | [api_backfiller] ZTS.ETORO: Precision-Fallback price_prec=2, size_prec=2
2026-07-17 06:43:41,077 | INFO     | api_backfiller | [api_backfiller] ZTS.ETORO: 109 Candles konvertiert (price_prec=2, size_prec=2).
2026-07-17 06:43:41,080 | DEBUG    | api_backfiller | [api_backfiller] ZTS.ETORO: 1979→1879 Zeilen (-100 Duplikate)
2026-07-17 06:43:41,082 | INFO     | api_backfiller | [api_backfiller] ZTS.ETORO: 1879 Zeilen gespeichert (price_prec=2, size_prec=2) → data.parquet
2026-07-17 06:43:42,184 | INFO     | api_backfiller | [api_backfiller] Backfill abgeschlossen: 106 Symbole befüllt.
2026-07-17 06:43:42,185 | INFO     | orchestrator | [Phase 2c] API-Backfill: 106 Symbole befüllt.
2026-07-17 06:43:42,227 | INFO     | historical_fetcher | [LQDA.ETORO] Inception-Bound-Check erfolgreich: Volle historische Tiefe (2023-11-30) liegt vor.
2026-07-17 06:43:42,229 | INFO     | historical_fetcher | [TTMI.ETORO] Inception-Bound-Check erfolgreich: Volle historische Tiefe (2023-12-05) liegt vor.
2026-07-17 06:43:42,230 | INFO     | historical_fetcher | [POWL.ETORO] Inception-Bound-Check erfolgreich: Volle historische Tiefe (2023-11-30) liegt vor.
2026-07-17 06:43:42,233 | INFO     | historical_fetcher | [FORM.ETORO] Inception-Bound-Check erfolgreich: Volle historische Tiefe (2023-11-30) liegt vor.
2026-07-17 06:43:42,236 | INFO     | historical_fetcher | [MOD.ETORO] Inception-Bound-Check erfolgreich: Volle historische Tiefe (2023-11-30) liegt vor.
2026-07-17 06:43:42,237 | INFO     | historical_fetcher | [ATRO.ETORO] Inception-Bound-Check erfolgreich: Volle historische Tiefe (2024-01-24) liegt vor.
2026-07-17 06:43:42,263 | INFO     | historical_fetcher | [INSW.ETORO] Inception-Bound-Check erfolgreich: Volle historische Tiefe (2023-11-30) liegt vor.
2026-07-17 06:43:42,264 | INFO     | historical_fetcher | [ESLT.ETORO] Inception-Bound-Check erfolgreich: Volle historische Tiefe (2025-11-20) liegt vor.
2026-07-17 06:43:42,265 | INFO     | historical_fetcher | [BTC.ETORO] Inception-Bound-Check erfolgreich: Volle historische Tiefe (2023-10-24) liegt vor.
2026-07-17 06:43:42,266 | INFO     | historical_fetcher | [ETH.ETORO] Inception-Bound-Check erfolgreich: Volle historische Tiefe (2023-10-24) liegt vor.
2026-07-17 06:43:42,268 | INFO     | historical_fetcher | [ADA.ETORO] Inception-Bound-Check erfolgreich: Volle historische Tiefe (2023-10-24) liegt vor.
2026-07-17 06:43:42,269 | INFO     | historical_fetcher | [DOGE.ETORO] Inception-Bound-Check erfolgreich: Volle historische Tiefe (2023-10-24) liegt vor.
2026-07-17 06:43:42,269 | INFO     | historical_fetcher | [SOL.ETORO] Inception-Bound-Check erfolgreich: Volle historische Tiefe (2023-10-25) liegt vor.
2026-07-17 06:43:42,270 | INFO     | historical_fetcher | [SHIBxM.ETORO] Inception-Bound-Check erfolgreich: Volle historische Tiefe (2023-10-25) liegt vor.
2026-07-17 06:43:42,271 | INFO     | historical_fetcher | [AVAX.ETORO] Inception-Bound-Check erfolgreich: Volle historische Tiefe (2023-10-24) liegt vor.
2026-07-17 06:43:42,273 | INFO     | historical_fetcher | [ONDO.ETORO] Inception-Bound-Check erfolgreich: Volle historische Tiefe (2024-03-26) liegt vor.
2026-07-17 06:43:42,274 | INFO     | historical_fetcher | [AERO.ETORO] Inception-Bound-Check erfolgreich: Volle historische Tiefe (2025-04-17) liegt vor.
2026-07-17 06:43:42,274 | INFO     | historical_fetcher | [HYPE.ETORO] Inception-Bound-Check erfolgreich: Volle historische Tiefe (2025-04-09) liegt vor.
2026-07-17 06:43:42,276 | INFO     | historical_fetcher | [SEI.US.ETORO] Inception-Bound-Check erfolgreich: Volle historische Tiefe (2024-01-24) liegt vor.
2026-07-17 06:43:42,282 | INFO     | historical_fetcher | [NTSK.ETORO] Inception-Bound-Check erfolgreich: Volle historische Tiefe (2025-09-18) liegt vor.
2026-07-17 06:43:42,284 | INFO     | orchestrator | [Phase 2d] Alle Symbole haben ausreichend Daten — Historical Fetcher übersprungen.
2026-07-17 06:43:42,284 | INFO     | orchestrator | [JSON_EVENT] {"event_type": "PHASE2D_COMPLETE", "timestamp_utc": "2026-07-17T04:43:42.284432+00:00", "insufficient_count": 0, "hist_filled_count": 0}
2026-07-17 06:43:42,284 | INFO     | orchestrator | [JSON_EVENT] {"event_type": "PHASE2_COMPLETE", "timestamp_utc": "2026-07-17T04:43:42.284498+00:00", "merged_instruments": 0, "zips_deleted": 0, "api_filled_count": 106, "hist_filled_count": 0}
2026-07-17 06:43:42,284 | INFO     | orchestrator | ════════════════════════════════════════════════════════════
2026-07-17 06:43:42,284 | INFO     | orchestrator | PHASE 3+4: Matrix-Backtesting & Tournament
2026-07-17 06:43:42,284 | INFO     | orchestrator | ════════════════════════════════════════════════════════════
2026-07-17 06:43:42,285 | INFO     | orchestrator | [Phase 3] Dynamische Config: /home/user/etoro_nautilus/logs/backtest_dynamic_config.json
2026-07-17 06:43:42,285 | INFO     | orchestrator | [Phase 3] Backtest-Kommando: /usr/bin/python3 /home/user/etoro_nautilus/automation/backtest_runner.py --momentum --catalog-path /home/user/etoro_nautilus/data/nautilus --config /home/user/etoro_nautilus/logs/backtest_dynamic_config.json --output /home/user/etoro_nautilus/logs/tournament_2026-07-17.json
2026-07-17 06:43:42,285 | INFO     | orchestrator | [JSON_EVENT] {"event_type": "BACKTEST_START", "timestamp_utc": "2026-07-17T04:43:42.285157+00:00", "start": "2025-07-22T00:00:00Z", "end": "2026-07-17T00:00:00Z", "walk_forward_active": true}
2026-07-17 06:49:24,970 | INFO     | orchestrator | [Phase 3] Backtest beendet (Exit-Code: 0).
