2026-08-13 07:51:35,079 | INFO     | orchestrator | ╔════════════════════════════════════════════════════════════╗
2026-08-13 07:51:35,079 | INFO     | orchestrator | ║  eToro Nautilus — Daily Orchestrator v2.0                  ║
2026-08-13 07:51:35,079 | INFO     | orchestrator | ║  Start: 2026-08-13T05:51:35.079459+00:00                    ║
2026-08-13 07:51:35,079 | INFO     | orchestrator | ║  NO-DEPLOY: JA                                                 ║
2026-08-13 07:51:35,079 | INFO     | orchestrator | ║  Standalone: Kein adapters/-Import                        ║
2026-08-13 07:51:35,079 | INFO     | orchestrator | ╚════════════════════════════════════════════════════════════╝
2026-08-13 07:51:35,079 | INFO     | orchestrator | [JSON_EVENT] {"event_type": "ORCHESTRATOR_START", "timestamp_utc": "2026-08-13T05:51:35.079736+00:00", "no_deploy": true, "skip_api_fetch": false, "version": "2.0", "python": "3.12.3 (main, Jun 19 2026, 12:46:00) [GCC 13.3.0]"}
2026-08-13 07:51:35,143 | INFO     | orchestrator | ════════════════════════════════════════════════════════════
2026-08-13 07:51:35,143 | INFO     | orchestrator | PHASE 1: Universe & Mapping
2026-08-13 07:51:35,143 | INFO     | orchestrator | ════════════════════════════════════════════════════════════
2026-08-13 07:51:35,144 | INFO     | orchestrator | [Phase 1] Universe-Alter: 0.1h — frisch genug.
2026-08-13 07:51:35,150 | INFO     | orchestrator | [Phase 1] 146 eindeutige Instrumente im Universum.
2026-08-13 07:51:35,150 | INFO     | orchestrator | [JSON_EVENT] {"event_type": "PHASE1_COMPLETE", "timestamp_utc": "2026-08-13T05:51:35.150709+00:00", "universe_size": 146, "unmapped_count": 0}
2026-08-13 07:51:35,150 | INFO     | orchestrator | ════════════════════════════════════════════════════════════
2026-08-13 07:51:35,150 | INFO     | orchestrator | PHASE 2: Datenbeschaffung (Multi-ZIP, Merge, API-Backfill)
2026-08-13 07:51:35,151 | INFO     | orchestrator | ════════════════════════════════════════════════════════════
2026-08-13 07:51:35,151 | INFO     | orchestrator | [Phase 2a] Keine ZIP-Dateien in data/import/ gefunden.
2026-08-13 07:51:35,151 | INFO     | api_backfiller | [api_backfiller] Universe geladen: 146 Instrumente.
2026-08-13 07:51:35,152 | INFO     | orchestrator | [Phase 2c] API-Backfill für 146 Symbole …
2026-08-13 07:51:35,152 | DEBUG    | asyncio | Using selector: EpollSelector
2026-08-13 07:51:35,152 | INFO     | api_backfiller | [api_backfiller] Starte Backfill: 2026-08-06 → 2026-08-13 | 146 Instrumente
2026-08-13 07:51:35,152 | INFO     | api_backfiller | [api_backfiller] Lade Instrument-Precisions via eToro API …
2026-08-13 07:51:35,287 | DEBUG    | api_backfiller | [api_backfiller] Raw API response (first 500 chars): {'instrumentDisplayDatas': [{'instrumentID': 1036, 'instrumentDisplayName': 'ExxonMobil Holdings Corp', 'instrumentTypeID': 5, 'exchangeID': 5, 'images': [{'instrumentID': 1036, 'width': 50.0, 'height': 50.0, 'uri': 'https://etoro-cdn.etorostatic.com/market-avatars/xom/50x50.png'}, {'instrumentID': 1036, 'width': 150.0, 'height': 150.0, 'uri': 'https://etoro-cdn.etorostatic.com/market-avatars/xom/150x150.png'}, {'instrumentID': 1036, 'width': 35.0, 'height': 35.0, 'uri': 'https://etoro-cdn.etoro
2026-08-13 07:51:35,288 | DEBUG    | api_backfiller | [api_backfiller] Keine API-Precision für ID 1036 (XOM). Equity-Fallback (2,2) wird von run_backfill() angewendet.
2026-08-13 07:51:35,288 | DEBUG    | api_backfiller | Vollständiger Item-Dump: {
  "instrumentID": 1036,
  "instrumentDisplayName": "ExxonMobil Holdings Corp",
  "instrumentTypeID": 5,
  "exchangeID": 5,
  "images": [
    {
      "instrumentID": 1036,
      "width": 50.0,
      "height": 50.0,
      "uri": "https://etoro-cdn.etorostatic.com/market-avatars/xom/50x50.png"
    },
    {
      "instrumentID": 1036,
      "width": 150.0,
      "height": 150.0,
      "uri": "https://etoro-cdn.etorostatic.com/market-avatars/xom/150x150.png"
    },
    {
      "instrumentID": 1036,
      "width": 35.0,
      "height": 35.0,
      "uri": "https://etoro-cdn.etorostatic.com/market-avatars/xom/35x35.png"
    },
    {
      "instrumentID": 1036,
      "width": 90.0,
      "height": 90.0,
      "uri": "https://etoro-cdn.etorostatic.com/market-avatars/xom/90x90.png"
    },
    {
      "instrumentID": 1036,
      "uri": "https://etoro-cdn.etorostatic.com/market-avatars/1036/1036_ED1B2D_F7F7F7.svg",
      "backgroundColor": "#ED1B2D",
      "textColor": "#F7F7F7"
    }
  ],
  "symbolFull": "XOM",
  "stocksIndustryID": 1,
  "priceSource": "NASDAQ",
  "hasExpirationDate": false,
  "isInternalInstrument": false,
  "distributionType": 5
}
2026-08-13 07:51:35,288 | DEBUG    | api_backfiller | [api_backfiller] Keine API-Precision für ID 1042 (NKE). Equity-Fallback (2,2) wird von run_backfill() angewendet.
2026-08-13 07:51:35,288 | DEBUG    | api_backfiller | Vollständiger Item-Dump: {
  "instrumentID": 1042,
  "instrumentDisplayName": "NIKE",
  "instrumentTypeID": 5,
  "exchangeID": 5,
  "images": [
    {
      "instrumentID": 1042,
      "width": 50.0,
      "height": 50.0,
      "uri": "https://etoro-cdn.etorostatic.com/market-avatars/nke/50x50.png"
    },
    {
      "instrumentID": 1042,
      "width": 150.0,
      "height": 150.0,
      "uri": "https://etoro-cdn.etorostatic.com/market-avatars/nke/150x150.png"
    },
    {
      "instrumentID": 1042,
      "width": 35.0,
      "height": 35.0,
      "uri": "https://etoro-cdn.etorostatic.com/market-avatars/nke/35x35.png"
    },
    {
      "instrumentID": 1042,
      "width": 90.0,
      "height": 90.0,
      "uri": "https://etoro-cdn.etorostatic.com/market-avatars/nke/90x90.png"
    },
    {
      "instrumentID": 1042,
      "uri": "https://etoro-cdn.etorostatic.com/market-avatars/1042/1042_2C2C2C_F7F7F7.svg",
      "backgroundColor": "#2C2C2C",
      "textColor": "#F7F7F7"
    }
  ],
  "symbolFull": "NKE",
  "stocksIndustryID": 3,
  "priceSource": "NASDAQ",
  "hasExpirationDate": false,
  "isInternalInstrument": false,
  "distributionType": 5
}
2026-08-13 07:51:35,288 | DEBUG    | api_backfiller | [api_backfiller] Keine API-Precision für ID 1127 (NFLX). Equity-Fallback (2,2) wird von run_backfill() angewendet.
2026-08-13 07:51:35,288 | DEBUG    | api_backfiller | Vollständiger Item-Dump: {
  "instrumentID": 1127,
  "instrumentDisplayName": "Netflix, Inc.",
  "instrumentTypeID": 5,
  "exchangeID": 4,
  "images": [
    {
      "instrumentID": 1127,
      "width": 35.0,
      "height": 35.0,
      "uri": "https://etoro-cdn.etorostatic.com/market-avatars/nflx/35x35.png"
    },
    {
      "instrumentID": 1127,
      "width": 50.0,
      "height": 50.0,
      "uri": "https://etoro-cdn.etorostatic.com/market-avatars/nflx/50x50.png"
    },
    {
      "instrumentID": 1127,
      "width": 80.0,
      "height": 80.0,
      "uri": "https://etoro-cdn.etorostatic.com/market-avatars/nflx/80x80.png"
    },
    {
      "instrumentID": 1127,
      "width": 90.0,
      "height": 90.0,
      "uri": "https://etoro-cdn.etorostatic.com/market-avatars/nflx/90x90.png"
    },
    {
      "instrumentID": 1127,
      "width": 150.0,
      "height": 150.0,
      "uri": "https://etoro-cdn.etorostatic.com/market-avatars/nflx/150x150.png"
    },
    {
      "instrumentID": 1127,
      "uri": "https://etoro-cdn.etorostatic.com/market-avatars/1127/1127_F7F7F7_2C2C2C.svg",
      "backgroundColor": "#F7F7F7",
      "textColor": "#2C2C2C"
    }
  ],
  "symbolFull": "NFLX",
  "stocksIndustryID": 7,
  "priceSource": "NASDAQ",
  "hasExpirationDate": false,
  "isInternalInstrument": false,
  "distributionType": 5
}
2026-08-13 07:51:35,288 | DEBUG    | api_backfiller | [api_backfiller] Keine API-Precision für ID 1497 (VLO). Equity-Fallback (2,2) wird von run_backfill() angewendet.
2026-08-13 07:51:35,289 | DEBUG    | api_backfiller | [api_backfiller] Keine API-Precision für ID 1567 (LLY). Equity-Fallback (2,2) wird von run_backfill() angewendet.
2026-08-13 07:51:35,289 | DEBUG    | api_backfiller | [api_backfiller] Keine API-Precision für ID 1704 (CHTR). Equity-Fallback (2,2) wird von run_backfill() angewendet.
2026-08-13 07:51:35,289 | DEBUG    | api_backfiller | [api_backfiller] Keine API-Precision für ID 1706 (AMAT). Equity-Fallback (2,2) wird von run_backfill() angewendet.
2026-08-13 07:51:35,289 | DEBUG    | api_backfiller | [api_backfiller] Keine API-Precision für ID 1740 (FTI). Equity-Fallback (2,2) wird von run_backfill() angewendet.
2026-08-13 07:51:35,289 | DEBUG    | api_backfiller | [api_backfiller] Keine API-Precision für ID 1832 (AMD). Equity-Fallback (2,2) wird von run_backfill() angewendet.
2026-08-13 07:51:35,289 | DEBUG    | api_backfiller | [api_backfiller] Keine API-Precision für ID 1865 (FISV). Equity-Fallback (2,2) wird von run_backfill() angewendet.
2026-08-13 07:51:35,289 | DEBUG    | api_backfiller | [api_backfiller] Keine API-Precision für ID 1886 (Z). Equity-Fallback (2,2) wird von run_backfill() angewendet.
2026-08-13 07:51:35,289 | DEBUG    | api_backfiller | [api_backfiller] Keine API-Precision für ID 1906 (LRCX). Equity-Fallback (2,2) wird von run_backfill() angewendet.
2026-08-13 07:51:35,289 | DEBUG    | api_backfiller | [api_backfiller] Keine API-Precision für ID 1914 (INTU). Equity-Fallback (2,2) wird von run_backfill() angewendet.
2026-08-13 07:51:35,289 | DEBUG    | api_backfiller | [api_backfiller] Keine API-Precision für ID 1939 (ATI). Equity-Fallback (2,2) wird von run_backfill() angewendet.
2026-08-13 07:51:35,289 | DEBUG    | api_backfiller | [api_backfiller] Keine API-Precision für ID 2474 (PSN.US). Equity-Fallback (2,2) wird von run_backfill() angewendet.
2026-08-13 07:51:35,289 | DEBUG    | api_backfiller | [api_backfiller] Keine API-Precision für ID 2483 (MBLY). Equity-Fallback (2,2) wird von run_backfill() angewendet.
2026-08-13 07:51:35,290 | DEBUG    | api_backfiller | [api_backfiller] Keine API-Precision für ID 2485 (ENLT). Equity-Fallback (2,2) wird von run_backfill() angewendet.
2026-08-13 07:51:35,290 | DEBUG    | api_backfiller | [api_backfiller] Keine API-Precision für ID 4067 (GSAT). Equity-Fallback (2,2) wird von run_backfill() angewendet.
2026-08-13 07:51:35,290 | DEBUG    | api_backfiller | [api_backfiller] Keine API-Precision für ID 4194 (ZTS). Equity-Fallback (2,2) wird von run_backfill() angewendet.
2026-08-13 07:51:35,290 | DEBUG    | api_backfiller | [api_backfiller] Keine API-Precision für ID 4244 (ASML). Equity-Fallback (2,2) wird von run_backfill() angewendet.
2026-08-13 07:51:35,290 | DEBUG    | api_backfiller | [api_backfiller] Keine API-Precision für ID 4309 (LULU). Equity-Fallback (2,2) wird von run_backfill() angewendet.
2026-08-13 07:51:35,290 | DEBUG    | api_backfiller | [api_backfiller] Keine API-Precision für ID 4336 (TEVA). Equity-Fallback (2,2) wird von run_backfill() angewendet.
2026-08-13 07:51:35,290 | DEBUG    | api_backfiller | [api_backfiller] Keine API-Precision für ID 4356 (STX.US). Equity-Fallback (2,2) wird von run_backfill() angewendet.
2026-08-13 07:51:35,290 | DEBUG    | api_backfiller | [api_backfiller] Keine API-Precision für ID 4399 (TTD). Equity-Fallback (2,2) wird von run_backfill() angewendet.
2026-08-13 07:51:35,290 | DEBUG    | api_backfiller | [api_backfiller] Keine API-Precision für ID 4482 (TME). Equity-Fallback (2,2) wird von run_backfill() angewendet.
2026-08-13 07:51:35,290 | DEBUG    | api_backfiller | [api_backfiller] Keine API-Precision für ID 5491 (ASX). Equity-Fallback (2,2) wird von run_backfill() angewendet.
2026-08-13 07:51:35,290 | DEBUG    | api_backfiller | [api_backfiller] Keine API-Precision für ID 5641 (PODD). Equity-Fallback (2,2) wird von run_backfill() angewendet.
2026-08-13 07:51:35,290 | DEBUG    | api_backfiller | [api_backfiller] Keine API-Precision für ID 5967 (CPRT). Equity-Fallback (2,2) wird von run_backfill() angewendet.
2026-08-13 07:51:35,290 | DEBUG    | api_backfiller | [api_backfiller] Keine API-Precision für ID 6168 (COIN). Equity-Fallback (2,2) wird von run_backfill() angewendet.
2026-08-13 07:51:35,291 | DEBUG    | api_backfiller | [api_backfiller] Keine API-Precision für ID 6473 (MSTR). Equity-Fallback (2,2) wird von run_backfill() angewendet.
2026-08-13 07:51:35,291 | DEBUG    | api_backfiller | [api_backfiller] Keine API-Precision für ID 6525 (RVMD). Equity-Fallback (2,2) wird von run_backfill() angewendet.
2026-08-13 07:51:35,291 | DEBUG    | api_backfiller | [api_backfiller] Keine API-Precision für ID 6554 (TXG). Equity-Fallback (2,2) wird von run_backfill() angewendet.
2026-08-13 07:51:35,291 | DEBUG    | api_backfiller | [api_backfiller] Keine API-Precision für ID 6662 (CVE). Equity-Fallback (2,2) wird von run_backfill() angewendet.
2026-08-13 07:51:35,291 | DEBUG    | api_backfiller | [api_backfiller] Keine API-Precision für ID 6705 (FRO). Equity-Fallback (2,2) wird von run_backfill() angewendet.
2026-08-13 07:51:35,291 | DEBUG    | api_backfiller | [api_backfiller] Keine API-Precision für ID 6904 (CPNG). Equity-Fallback (2,2) wird von run_backfill() angewendet.
2026-08-13 07:51:35,291 | DEBUG    | api_backfiller | [api_backfiller] Keine API-Precision für ID 6916 (RBLX). Equity-Fallback (2,2) wird von run_backfill() angewendet.
2026-08-13 07:51:35,291 | DEBUG    | api_backfiller | [api_backfiller] Keine API-Precision für ID 7930 (LQDA). Equity-Fallback (2,2) wird von run_backfill() angewendet.
2026-08-13 07:51:35,291 | DEBUG    | api_backfiller | [api_backfiller] Keine API-Precision für ID 7990 (DKNG). Equity-Fallback (2,2) wird von run_backfill() angewendet.
2026-08-13 07:51:35,291 | DEBUG    | api_backfiller | [api_backfiller] Keine API-Precision für ID 8604 (KD). Equity-Fallback (2,2) wird von run_backfill() angewendet.
2026-08-13 07:51:35,291 | DEBUG    | api_backfiller | [api_backfiller] Keine API-Precision für ID 8611 (WBD). Equity-Fallback (2,2) wird von run_backfill() angewendet.
2026-08-13 07:51:35,291 | DEBUG    | api_backfiller | [api_backfiller] Keine API-Precision für ID 8632 (UPST). Equity-Fallback (2,2) wird von run_backfill() angewendet.
2026-08-13 07:51:35,291 | DEBUG    | api_backfiller | [api_backfiller] Keine API-Precision für ID 8637 (DUOL). Equity-Fallback (2,2) wird von run_backfill() angewendet.
2026-08-13 07:51:35,292 | DEBUG    | api_backfiller | [api_backfiller] Keine API-Precision für ID 8927 (TWST). Equity-Fallback (2,2) wird von run_backfill() angewendet.
2026-08-13 07:51:35,292 | DEBUG    | api_backfiller | [api_backfiller] Keine API-Precision für ID 9271 (MNDY). Equity-Fallback (2,2) wird von run_backfill() angewendet.
2026-08-13 07:51:35,292 | DEBUG    | api_backfiller | [api_backfiller] Keine API-Precision für ID 9432 (JOBY). Equity-Fallback (2,2) wird von run_backfill() angewendet.
2026-08-13 07:51:35,292 | DEBUG    | api_backfiller | [api_backfiller] Keine API-Precision für ID 9479 (KRYS). Equity-Fallback (2,2) wird von run_backfill() angewendet.
2026-08-13 07:51:35,292 | DEBUG    | api_backfiller | [api_backfiller] Keine API-Precision für ID 9555 (CRS). Equity-Fallback (2,2) wird von run_backfill() angewendet.
2026-08-13 07:51:35,292 | DEBUG    | api_backfiller | [api_backfiller] Keine API-Precision für ID 9596 (TVTX). Equity-Fallback (2,2) wird von run_backfill() angewendet.
2026-08-13 07:51:35,292 | DEBUG    | api_backfiller | [api_backfiller] Keine API-Precision für ID 9810 (ENVA). Equity-Fallback (2,2) wird von run_backfill() angewendet.
2026-08-13 07:51:35,292 | DEBUG    | api_backfiller | [api_backfiller] Keine API-Precision für ID 13615 (BETA). Equity-Fallback (2,2) wird von run_backfill() angewendet.
2026-08-13 07:51:35,887 | DEBUG    | api_backfiller | [api_backfiller] Raw API response (first 500 chars): {'instrumentDisplayDatas': [{'instrumentID': 22, 'instrumentDisplayName': 'Natural Gas (Non Expiry)', 'instrumentTypeID': 2, 'exchangeID': 2, 'images': [{'instrumentID': 22, 'width': 35.0, 'height': 35.0, 'uri': 'https://etoro-cdn.etorostatic.com/market-avatars/natgas/35x35.png'}, {'instrumentID': 22, 'width': 80.0, 'height': 80.0}, {'instrumentID': 22, 'width': 50.0, 'height': 50.0, 'uri': 'https://etoro-cdn.etorostatic.com/market-avatars/natgas/50x50.png'}, {'instrumentID': 22, 'width': 150.0,
2026-08-13 07:51:35,888 | DEBUG    | api_backfiller | [api_backfiller] ID 22: price_precision via historischem Fallback=5
2026-08-13 07:51:35,888 | DEBUG    | api_backfiller | [api_backfiller] ID 22: size_precision via historischem Fallback=5
2026-08-13 07:51:35,888 | DEBUG    | api_backfiller | [api_backfiller] ID 22 (NATGAS): price_prec=5, size_prec=5
2026-08-13 07:51:35,888 | DEBUG    | api_backfiller | [api_backfiller] ID 42: price_precision via historischem Fallback=5
2026-08-13 07:51:35,888 | DEBUG    | api_backfiller | [api_backfiller] ID 42: size_precision via historischem Fallback=5
2026-08-13 07:51:35,889 | DEBUG    | api_backfiller | [api_backfiller] ID 42 (USDZAR): price_prec=5, size_prec=5
2026-08-13 07:51:35,889 | DEBUG    | api_backfiller | [api_backfiller] ID 62: price_precision via historischem Fallback=5
2026-08-13 07:51:35,889 | DEBUG    | api_backfiller | [api_backfiller] ID 62: size_precision via historischem Fallback=5
2026-08-13 07:51:35,889 | DEBUG    | api_backfiller | [api_backfiller] ID 62 (USDTRY): price_prec=5, size_prec=5
2026-08-13 07:51:35,889 | DEBUG    | api_backfiller | [api_backfiller] Keine API-Precision für ID 1012 (CAT). Equity-Fallback (2,2) wird von run_backfill() angewendet.
2026-08-13 07:51:35,890 | DEBUG    | api_backfiller | [api_backfiller] Keine API-Precision für ID 1022 (JNJ). Equity-Fallback (2,2) wird von run_backfill() angewendet.
2026-08-13 07:51:35,890 | DEBUG    | api_backfiller | [api_backfiller] Keine API-Precision für ID 1102 (PBR). Equity-Fallback (2,2) wird von run_backfill() angewendet.
2026-08-13 07:51:35,890 | DEBUG    | api_backfiller | [api_backfiller] Keine API-Precision für ID 1111 (TSLA). Equity-Fallback (2,2) wird von run_backfill() angewendet.
2026-08-13 07:51:35,890 | DEBUG    | api_backfiller | [api_backfiller] Keine API-Precision für ID 1126 (ADBE). Equity-Fallback (2,2) wird von run_backfill() angewendet.
2026-08-13 07:51:35,891 | DEBUG    | api_backfiller | [api_backfiller] Keine API-Precision für ID 1129 (WDC). Equity-Fallback (2,2) wird von run_backfill() angewendet.
2026-08-13 07:51:35,891 | DEBUG    | api_backfiller | [api_backfiller] Keine API-Precision für ID 1130 (MU). Equity-Fallback (2,2) wird von run_backfill() angewendet.
2026-08-13 07:51:35,891 | DEBUG    | api_backfiller | [api_backfiller] Keine API-Precision für ID 1137 (NVDA). Equity-Fallback (2,2) wird von run_backfill() angewendet.
2026-08-13 07:51:35,891 | DEBUG    | api_backfiller | [api_backfiller] Keine API-Precision für ID 1160 (WIX). Equity-Fallback (2,2) wird von run_backfill() angewendet.
2026-08-13 07:51:35,891 | DEBUG    | api_backfiller | [api_backfiller] Keine API-Precision für ID 1184 (PINS). Equity-Fallback (2,2) wird von run_backfill() angewendet.
2026-08-13 07:51:35,892 | DEBUG    | api_backfiller | [api_backfiller] Keine API-Precision für ID 1402 (ROP.ZU). Equity-Fallback (2,2) wird von run_backfill() angewendet.
2026-08-13 07:51:35,892 | DEBUG    | api_backfiller | [api_backfiller] Keine API-Precision für ID 1450 (ACN). Equity-Fallback (2,2) wird von run_backfill() angewendet.
2026-08-13 07:51:35,892 | DEBUG    | api_backfiller | [api_backfiller] Keine API-Precision für ID 1531 (HAL). Equity-Fallback (2,2) wird von run_backfill() angewendet.
2026-08-13 07:51:35,892 | DEBUG    | api_backfiller | [api_backfiller] Keine API-Precision für ID 1687 (GLW). Equity-Fallback (2,2) wird von run_backfill() angewendet.
2026-08-13 07:51:35,893 | DEBUG    | api_backfiller | [api_backfiller] Keine API-Precision für ID 1839 (CRM). Equity-Fallback (2,2) wird von run_backfill() angewendet.
2026-08-13 07:51:35,893 | DEBUG    | api_backfiller | [api_backfiller] Keine API-Precision für ID 1905 (MTZ). Equity-Fallback (2,2) wird von run_backfill() angewendet.
2026-08-13 07:51:35,893 | DEBUG    | api_backfiller | [api_backfiller] Keine API-Precision für ID 1945 (CMG). Equity-Fallback (2,2) wird von run_backfill() angewendet.
2026-08-13 07:51:35,893 | DEBUG    | api_backfiller | [api_backfiller] Keine API-Precision für ID 1979 (SNAP). Equity-Fallback (2,2) wird von run_backfill() angewendet.
2026-08-13 07:51:35,893 | DEBUG    | api_backfiller | [api_backfiller] Keine API-Precision für ID 2380 (01211.HK). Equity-Fallback (2,2) wird von run_backfill() angewendet.
2026-08-13 07:51:35,894 | DEBUG    | api_backfiller | [api_backfiller] Keine API-Precision für ID 2587 (RHM.DE). Equity-Fallback (2,2) wird von run_backfill() angewendet.
2026-08-13 07:51:35,894 | DEBUG    | api_backfiller | [api_backfiller] ID 3208: price_precision via historischem Fallback=5
2026-08-13 07:51:35,894 | DEBUG    | api_backfiller | [api_backfiller] ID 3208: size_precision via historischem Fallback=5
2026-08-13 07:51:35,894 | DEBUG    | api_backfiller | [api_backfiller] ID 3208 (PALL): price_prec=5, size_prec=5
2026-08-13 07:51:35,895 | DEBUG    | api_backfiller | [api_backfiller] Keine API-Precision für ID 4074 (HUBS). Equity-Fallback (2,2) wird von run_backfill() angewendet.
2026-08-13 07:51:35,895 | DEBUG    | api_backfiller | [api_backfiller] Keine API-Precision für ID 4232 (NVS). Equity-Fallback (2,2) wird von run_backfill() angewendet.
2026-08-13 07:51:35,895 | DEBUG    | api_backfiller | [api_backfiller] Keine API-Precision für ID 4260 (NOW). Equity-Fallback (2,2) wird von run_backfill() angewendet.
2026-08-13 07:51:35,895 | DEBUG    | api_backfiller | [api_backfiller] Keine API-Precision für ID 4263 (WDAY). Equity-Fallback (2,2) wird von run_backfill() angewendet.
2026-08-13 07:51:35,895 | DEBUG    | api_backfiller | [api_backfiller] Keine API-Precision für ID 4286 (TEAM). Equity-Fallback (2,2) wird von run_backfill() angewendet.
2026-08-13 07:51:35,895 | DEBUG    | api_backfiller | [api_backfiller] Keine API-Precision für ID 4398 (DOCU). Equity-Fallback (2,2) wird von run_backfill() angewendet.
2026-08-13 07:51:35,895 | DEBUG    | api_backfiller | [api_backfiller] Keine API-Precision für ID 4403 (ZS). Equity-Fallback (2,2) wird von run_backfill() angewendet.
2026-08-13 07:51:35,895 | DEBUG    | api_backfiller | [api_backfiller] Keine API-Precision für ID 4421 (CIEN). Equity-Fallback (2,2) wird von run_backfill() angewendet.
2026-08-13 07:51:35,896 | DEBUG    | api_backfiller | [api_backfiller] Keine API-Precision für ID 5045 (FSLY). Equity-Fallback (2,2) wird von run_backfill() angewendet.
2026-08-13 07:51:35,896 | DEBUG    | api_backfiller | [api_backfiller] Keine API-Precision für ID 5635 (EEFT). Equity-Fallback (2,2) wird von run_backfill() angewendet.
2026-08-13 07:51:35,896 | DEBUG    | api_backfiller | [api_backfiller] Keine API-Precision für ID 5960 (SE). Equity-Fallback (2,2) wird von run_backfill() angewendet.
2026-08-13 07:51:35,896 | DEBUG    | api_backfiller | [api_backfiller] Keine API-Precision für ID 6094 (COHR). Equity-Fallback (2,2) wird von run_backfill() angewendet.
2026-08-13 07:51:35,896 | DEBUG    | api_backfiller | [api_backfiller] Keine API-Precision für ID 6270 (RIOT). Equity-Fallback (2,2) wird von run_backfill() angewendet.
2026-08-13 07:51:35,896 | DEBUG    | api_backfiller | [api_backfiller] Keine API-Precision für ID 6434 (GOOGL). Equity-Fallback (2,2) wird von run_backfill() angewendet.
2026-08-13 07:51:35,896 | DEBUG    | api_backfiller | [api_backfiller] Keine API-Precision für ID 6552 (TSEM). Equity-Fallback (2,2) wird von run_backfill() angewendet.
2026-08-13 07:51:35,896 | DEBUG    | api_backfiller | [api_backfiller] Keine API-Precision für ID 6584 (AG). Equity-Fallback (2,2) wird von run_backfill() angewendet.
2026-08-13 07:51:35,896 | DEBUG    | api_backfiller | [api_backfiller] Keine API-Precision für ID 6700 (XPEV). Equity-Fallback (2,2) wird von run_backfill() angewendet.
2026-08-13 07:51:35,896 | DEBUG    | api_backfiller | [api_backfiller] Keine API-Precision für ID 6940 (SQM). Equity-Fallback (2,2) wird von run_backfill() angewendet.
2026-08-13 07:51:35,896 | DEBUG    | api_backfiller | [api_backfiller] Keine API-Precision für ID 7991 (PLTR). Equity-Fallback (2,2) wird von run_backfill() angewendet.
2026-08-13 07:51:35,896 | DEBUG    | api_backfiller | [api_backfiller] Keine API-Precision für ID 8585 (GTLB). Equity-Fallback (2,2) wird von run_backfill() angewendet.
2026-08-13 07:51:35,896 | DEBUG    | api_backfiller | [api_backfiller] Keine API-Precision für ID 8638 (E). Equity-Fallback (2,2) wird von run_backfill() angewendet.
2026-08-13 07:51:35,896 | DEBUG    | api_backfiller | [api_backfiller] Keine API-Precision für ID 8671 (HUT). Equity-Fallback (2,2) wird von run_backfill() angewendet.
2026-08-13 07:51:35,896 | DEBUG    | api_backfiller | [api_backfiller] Keine API-Precision für ID 8867 (VRT). Equity-Fallback (2,2) wird von run_backfill() angewendet.
2026-08-13 07:51:35,897 | DEBUG    | api_backfiller | [api_backfiller] Keine API-Precision für ID 8925 (CELH). Equity-Fallback (2,2) wird von run_backfill() angewendet.
2026-08-13 07:51:35,897 | DEBUG    | api_backfiller | [api_backfiller] Keine API-Precision für ID 9077 (FICO). Equity-Fallback (2,2) wird von run_backfill() angewendet.
2026-08-13 07:51:35,897 | DEBUG    | api_backfiller | [api_backfiller] Keine API-Precision für ID 9119 (INSM). Equity-Fallback (2,2) wird von run_backfill() angewendet.
2026-08-13 07:51:36,498 | DEBUG    | api_backfiller | [api_backfiller] Raw API response (first 500 chars): {'instrumentDisplayDatas': [{'instrumentID': 1002, 'instrumentDisplayName': 'Alphabet', 'instrumentTypeID': 5, 'exchangeID': 4, 'images': [{'instrumentID': 1002, 'width': 35.0, 'height': 35.0, 'uri': 'https://etoro-cdn.etorostatic.com/market-avatars/goog/35x35.png'}, {'instrumentID': 1002, 'width': 80.0, 'height': 80.0, 'uri': '/medium/Google.png'}, {'instrumentID': 1002, 'width': 50.0, 'height': 50.0, 'uri': 'https://etoro-cdn.etorostatic.com/market-avatars/goog/50x50.png'}, {'instrumentID': 10
2026-08-13 07:51:36,499 | DEBUG    | api_backfiller | [api_backfiller] Keine API-Precision für ID 1002 (GOOG). Equity-Fallback (2,2) wird von run_backfill() angewendet.
2026-08-13 07:51:36,500 | DEBUG    | api_backfiller | [api_backfiller] Keine API-Precision für ID 1115 (NOK). Equity-Fallback (2,2) wird von run_backfill() angewendet.
2026-08-13 07:51:36,500 | DEBUG    | api_backfiller | [api_backfiller] Keine API-Precision für ID 1138 (FDX). Equity-Fallback (2,2) wird von run_backfill() angewendet.
2026-08-13 07:51:36,500 | DEBUG    | api_backfiller | [api_backfiller] Keine API-Precision für ID 1341 (GEV). Equity-Fallback (2,2) wird von run_backfill() angewendet.
2026-08-13 07:51:36,501 | DEBUG    | api_backfiller | [api_backfiller] Keine API-Precision für ID 1484 (PYPL). Equity-Fallback (2,2) wird von run_backfill() angewendet.
2026-08-13 07:51:36,501 | DEBUG    | api_backfiller | [api_backfiller] Keine API-Precision für ID 1552 (ABT.US). Equity-Fallback (2,2) wird von run_backfill() angewendet.
2026-08-13 07:51:36,501 | DEBUG    | api_backfiller | [api_backfiller] Keine API-Precision für ID 1585 (GIS). Equity-Fallback (2,2) wird von run_backfill() angewendet.
2026-08-13 07:51:36,501 | DEBUG    | api_backfiller | [api_backfiller] Keine API-Precision für ID 1586 (CAG). Equity-Fallback (2,2) wird von run_backfill() angewendet.
2026-08-13 07:51:36,501 | DEBUG    | api_backfiller | [api_backfiller] Keine API-Precision für ID 4046 (DPZ). Equity-Fallback (2,2) wird von run_backfill() angewendet.
2026-08-13 07:51:36,501 | DEBUG    | api_backfiller | [api_backfiller] Keine API-Precision für ID 4087 (JAZZ). Equity-Fallback (2,2) wird von run_backfill() angewendet.
2026-08-13 07:51:36,501 | DEBUG    | api_backfiller | [api_backfiller] Keine API-Precision für ID 4272 (CCL). Equity-Fallback (2,2) wird von run_backfill() angewendet.
2026-08-13 07:51:36,501 | DEBUG    | api_backfiller | [api_backfiller] Keine API-Precision für ID 4358 (MRVL). Equity-Fallback (2,2) wird von run_backfill() angewendet.
2026-08-13 07:51:36,501 | DEBUG    | api_backfiller | [api_backfiller] Keine API-Precision für ID 5505 (CHWY). Equity-Fallback (2,2) wird von run_backfill() angewendet.
2026-08-13 07:51:36,501 | DEBUG    | api_backfiller | [api_backfiller] Keine API-Precision für ID 5657 (SMTC). Equity-Fallback (2,2) wird von run_backfill() angewendet.
2026-08-13 07:51:36,501 | DEBUG    | api_backfiller | [api_backfiller] Keine API-Precision für ID 5997 (ARWR). Equity-Fallback (2,2) wird von run_backfill() angewendet.
2026-08-13 07:51:36,501 | DEBUG    | api_backfiller | [api_backfiller] Keine API-Precision für ID 6071 (AXON). Equity-Fallback (2,2) wird von run_backfill() angewendet.
2026-08-13 07:51:36,501 | DEBUG    | api_backfiller | [api_backfiller] Keine API-Precision für ID 6314 (AXSM). Equity-Fallback (2,2) wird von run_backfill() angewendet.
2026-08-13 07:51:36,501 | DEBUG    | api_backfiller | [api_backfiller] Keine API-Precision für ID 6459 (LSCC). Equity-Fallback (2,2) wird von run_backfill() angewendet.
2026-08-13 07:51:36,501 | DEBUG    | api_backfiller | [api_backfiller] Keine API-Precision für ID 6549 (TER). Equity-Fallback (2,2) wird von run_backfill() angewendet.
2026-08-13 07:51:36,501 | DEBUG    | api_backfiller | [api_backfiller] Keine API-Precision für ID 6681 (ELF). Equity-Fallback (2,2) wird von run_backfill() angewendet.
2026-08-13 07:51:36,501 | DEBUG    | api_backfiller | [api_backfiller] Keine API-Precision für ID 6804 (ONTO). Equity-Fallback (2,2) wird von run_backfill() angewendet.
2026-08-13 07:51:36,501 | DEBUG    | api_backfiller | [api_backfiller] Keine API-Precision für ID 6844 (NVO). Equity-Fallback (2,2) wird von run_backfill() angewendet.
2026-08-13 07:51:36,502 | DEBUG    | api_backfiller | [api_backfiller] Keine API-Precision für ID 6870 (TD). Equity-Fallback (2,2) wird von run_backfill() angewendet.
2026-08-13 07:51:36,502 | DEBUG    | api_backfiller | [api_backfiller] Keine API-Precision für ID 7852 (AMKR). Equity-Fallback (2,2) wird von run_backfill() angewendet.
2026-08-13 07:51:36,502 | DEBUG    | api_backfiller | [api_backfiller] Keine API-Precision für ID 9484 (VSH). Equity-Fallback (2,2) wird von run_backfill() angewendet.
2026-08-13 07:51:36,502 | DEBUG    | api_backfiller | [api_backfiller] Keine API-Precision für ID 9506 (MOD). Equity-Fallback (2,2) wird von run_backfill() angewendet.
2026-08-13 07:51:36,502 | DEBUG    | api_backfiller | [api_backfiller] Keine API-Precision für ID 9517 (INSW). Equity-Fallback (2,2) wird von run_backfill() angewendet.
2026-08-13 07:51:36,502 | DEBUG    | api_backfiller | [api_backfiller] Keine API-Precision für ID 9646 (FORM). Equity-Fallback (2,2) wird von run_backfill() angewendet.
2026-08-13 07:51:36,502 | DEBUG    | api_backfiller | [api_backfiller] Keine API-Precision für ID 9803 (TTMI). Equity-Fallback (2,2) wird von run_backfill() angewendet.
2026-08-13 07:51:36,502 | DEBUG    | api_backfiller | [api_backfiller] Keine API-Precision für ID 9814 (POWL). Equity-Fallback (2,2) wird von run_backfill() angewendet.
2026-08-13 07:51:36,502 | DEBUG    | api_backfiller | [api_backfiller] Keine API-Precision für ID 10151 (ATRO). Equity-Fallback (2,2) wird von run_backfill() angewendet.
2026-08-13 07:51:36,502 | DEBUG    | api_backfiller | [api_backfiller] Keine API-Precision für ID 10476 (SEI.US). Equity-Fallback (2,2) wird von run_backfill() angewendet.
2026-08-13 07:51:36,502 | DEBUG    | api_backfiller | [api_backfiller] Keine API-Precision für ID 14310 (NTSK). Equity-Fallback (2,2) wird von run_backfill() angewendet.
2026-08-13 07:51:36,502 | DEBUG    | api_backfiller | [api_backfiller] Keine API-Precision für ID 15233 (ESLT). Equity-Fallback (2,2) wird von run_backfill() angewendet.
2026-08-13 07:51:36,502 | DEBUG    | api_backfiller | [api_backfiller] ID 100000: price_precision via historischem Fallback=2
2026-08-13 07:51:36,502 | DEBUG    | api_backfiller | [api_backfiller] ID 100000: size_precision via historischem Fallback=8
2026-08-13 07:51:36,502 | DEBUG    | api_backfiller | [api_backfiller] ID 100000 (BTC): price_prec=2, size_prec=8
2026-08-13 07:51:36,502 | DEBUG    | api_backfiller | [api_backfiller] ID 100001: price_precision via historischem Fallback=2
2026-08-13 07:51:36,502 | DEBUG    | api_backfiller | [api_backfiller] ID 100001: size_precision via historischem Fallback=8
2026-08-13 07:51:36,502 | DEBUG    | api_backfiller | [api_backfiller] ID 100001 (ETH): price_prec=2, size_prec=8
2026-08-13 07:51:36,502 | DEBUG    | api_backfiller | [api_backfiller] ID 100003: price_precision via historischem Fallback=2
2026-08-13 07:51:36,502 | DEBUG    | api_backfiller | [api_backfiller] ID 100003: size_precision via historischem Fallback=8
2026-08-13 07:51:36,502 | DEBUG    | api_backfiller | [api_backfiller] ID 100003 (XRP): price_prec=2, size_prec=8
2026-08-13 07:51:36,503 | DEBUG    | api_backfiller | [api_backfiller] ID 100017: price_precision via historischem Fallback=2
2026-08-13 07:51:36,503 | DEBUG    | api_backfiller | [api_backfiller] ID 100017: size_precision via historischem Fallback=8
2026-08-13 07:51:36,503 | DEBUG    | api_backfiller | [api_backfiller] ID 100017 (ADA): price_prec=2, size_prec=8
2026-08-13 07:51:36,503 | DEBUG    | api_backfiller | [api_backfiller] ID 100043: price_precision via historischem Fallback=2
2026-08-13 07:51:36,503 | DEBUG    | api_backfiller | [api_backfiller] ID 100043: size_precision via historischem Fallback=8
2026-08-13 07:51:36,503 | DEBUG    | api_backfiller | [api_backfiller] ID 100043 (DOGE): price_prec=2, size_prec=8
2026-08-13 07:51:36,503 | DEBUG    | api_backfiller | [api_backfiller] ID 100063: price_precision via historischem Fallback=2
2026-08-13 07:51:36,503 | DEBUG    | api_backfiller | [api_backfiller] ID 100063: size_precision via historischem Fallback=8
2026-08-13 07:51:36,503 | DEBUG    | api_backfiller | [api_backfiller] ID 100063 (SOL): price_prec=2, size_prec=8
2026-08-13 07:51:36,503 | DEBUG    | api_backfiller | [api_backfiller] ID 100080: price_precision via historischem Fallback=8
2026-08-13 07:51:36,503 | DEBUG    | api_backfiller | [api_backfiller] ID 100080: size_precision via historischem Fallback=8
2026-08-13 07:51:36,503 | DEBUG    | api_backfiller | [api_backfiller] ID 100080 (SHIBxM): price_prec=8, size_prec=8
2026-08-13 07:51:36,503 | DEBUG    | api_backfiller | [api_backfiller] ID 100085: price_precision via historischem Fallback=2
2026-08-13 07:51:36,503 | DEBUG    | api_backfiller | [api_backfiller] ID 100085: size_precision via historischem Fallback=8
2026-08-13 07:51:36,503 | DEBUG    | api_backfiller | [api_backfiller] ID 100085 (AVAX): price_prec=2, size_prec=8
2026-08-13 07:51:36,503 | DEBUG    | api_backfiller | [api_backfiller] ID 100303: price_precision via historischem Fallback=8
2026-08-13 07:51:36,503 | DEBUG    | api_backfiller | [api_backfiller] ID 100303: size_precision via historischem Fallback=8
2026-08-13 07:51:36,503 | DEBUG    | api_backfiller | [api_backfiller] ID 100303 (PEPExM): price_prec=8, size_prec=8
2026-08-13 07:51:36,503 | DEBUG    | api_backfiller | [api_backfiller] ID 100323: price_precision via historischem Fallback=2
2026-08-13 07:51:36,503 | DEBUG    | api_backfiller | [api_backfiller] ID 100323: size_precision via historischem Fallback=8
2026-08-13 07:51:36,503 | DEBUG    | api_backfiller | [api_backfiller] ID 100323 (ONDO): price_prec=2, size_prec=8
2026-08-13 07:51:36,503 | DEBUG    | api_backfiller | [api_backfiller] ID 100421: price_precision via historischem Fallback=2
2026-08-13 07:51:36,503 | DEBUG    | api_backfiller | [api_backfiller] ID 100421: size_precision via historischem Fallback=8
2026-08-13 07:51:36,504 | DEBUG    | api_backfiller | [api_backfiller] ID 100421 (AERO): price_prec=2, size_prec=8
2026-08-13 07:51:36,504 | DEBUG    | api_backfiller | [api_backfiller] ID 100446: price_precision via historischem Fallback=2
2026-08-13 07:51:36,504 | DEBUG    | api_backfiller | [api_backfiller] ID 100446: size_precision via historischem Fallback=8
2026-08-13 07:51:36,504 | DEBUG    | api_backfiller | [api_backfiller] ID 100446 (HYPE): price_prec=2, size_prec=8
2026-08-13 07:51:37,005 | INFO     | api_backfiller | [api_backfiller] Precision-Auflösung abgeschlossen: 16 direkt via API, 0 via Symbol-Fallback (_fallback_precisions), 130 Equities erhalten (2,2) in run_backfill().
2026-08-13 07:51:37,301 | DEBUG    | api_backfiller | [api_backfiller] 01211.HK.ETORO: Daten aktuell (Lücke 0.9h) — überspringe.
2026-08-13 07:51:37,303 | DEBUG    | api_backfiller | [api_backfiller] ABT.US.ETORO: Daten aktuell (Lücke 0.9h) — überspringe.
2026-08-13 07:51:37,305 | DEBUG    | api_backfiller | [api_backfiller] ACN.ETORO: Daten aktuell (Lücke 0.9h) — überspringe.
2026-08-13 07:51:37,307 | DEBUG    | api_backfiller | [api_backfiller] ADA.ETORO: Daten aktuell (Lücke 0.9h) — überspringe.
2026-08-13 07:51:37,309 | DEBUG    | api_backfiller | [api_backfiller] ADBE.ETORO: Daten aktuell (Lücke 0.9h) — überspringe.
2026-08-13 07:51:37,311 | DEBUG    | api_backfiller | [api_backfiller] AERO.ETORO: Daten aktuell (Lücke 0.9h) — überspringe.
2026-08-13 07:51:37,313 | DEBUG    | api_backfiller | [api_backfiller] AG.ETORO: Precision-Fallback price_prec=2, size_prec=2
2026-08-13 07:51:37,411 | INFO     | api_backfiller | [api_backfiller] AG.ETORO: 35 Candles konvertiert (price_prec=2, size_prec=2).
2026-08-13 07:51:37,415 | DEBUG    | api_backfiller | [api_backfiller] AG.ETORO: 1975→1940 Zeilen (-35 Duplikate)
2026-08-13 07:51:37,417 | INFO     | api_backfiller | [api_backfiller] AG.ETORO: 1940 Zeilen gespeichert (price_prec=2, size_prec=2) → data.parquet
2026-08-13 07:51:38,523 | DEBUG    | api_backfiller | [api_backfiller] AMAT.ETORO: Daten aktuell (Lücke 0.9h) — überspringe.
2026-08-13 07:51:38,526 | DEBUG    | api_backfiller | [api_backfiller] AMD.ETORO: Daten aktuell (Lücke 0.9h) — überspringe.
2026-08-13 07:51:38,529 | DEBUG    | api_backfiller | [api_backfiller] AMKR.ETORO: Precision-Fallback price_prec=2, size_prec=2
2026-08-13 07:51:38,629 | INFO     | api_backfiller | [api_backfiller] AMKR.ETORO: 35 Candles konvertiert (price_prec=2, size_prec=2).
2026-08-13 07:51:38,636 | DEBUG    | api_backfiller | [api_backfiller] AMKR.ETORO: 1977→1942 Zeilen (-35 Duplikate)
2026-08-13 07:51:38,639 | INFO     | api_backfiller | [api_backfiller] AMKR.ETORO: 1942 Zeilen gespeichert (price_prec=2, size_prec=2) → data.parquet
2026-08-13 07:51:39,748 | DEBUG    | api_backfiller | [api_backfiller] ARWR.ETORO: Precision-Fallback price_prec=2, size_prec=2
2026-08-13 07:51:39,962 | INFO     | api_backfiller | [api_backfiller] ARWR.ETORO: 35 Candles konvertiert (price_prec=2, size_prec=2).
2026-08-13 07:51:39,969 | DEBUG    | api_backfiller | [api_backfiller] ARWR.ETORO: 1914→1879 Zeilen (-35 Duplikate)
2026-08-13 07:51:39,970 | INFO     | api_backfiller | [api_backfiller] ARWR.ETORO: 1879 Zeilen gespeichert (price_prec=2, size_prec=2) → data.parquet
2026-08-13 07:51:41,078 | DEBUG    | api_backfiller | [api_backfiller] ASML.ETORO: Daten aktuell (Lücke 0.9h) — überspringe.
2026-08-13 07:51:41,081 | DEBUG    | api_backfiller | [api_backfiller] ASX.ETORO: Precision-Fallback price_prec=2, size_prec=2
2026-08-13 07:51:41,182 | INFO     | api_backfiller | [api_backfiller] ASX.ETORO: 35 Candles konvertiert (price_prec=2, size_prec=2).
2026-08-13 07:51:41,189 | DEBUG    | api_backfiller | [api_backfiller] ASX.ETORO: 1972→1937 Zeilen (-35 Duplikate)
2026-08-13 07:51:41,194 | INFO     | api_backfiller | [api_backfiller] ASX.ETORO: 1937 Zeilen gespeichert (price_prec=2, size_prec=2) → data.parquet
2026-08-13 07:51:42,303 | DEBUG    | api_backfiller | [api_backfiller] ATI.ETORO: Precision-Fallback price_prec=2, size_prec=2
2026-08-13 07:51:42,411 | INFO     | api_backfiller | [api_backfiller] ATI.ETORO: 35 Candles konvertiert (price_prec=2, size_prec=2).
2026-08-13 07:51:42,418 | DEBUG    | api_backfiller | [api_backfiller] ATI.ETORO: 1793→1758 Zeilen (-35 Duplikate)
2026-08-13 07:51:42,425 | INFO     | api_backfiller | [api_backfiller] ATI.ETORO: 1758 Zeilen gespeichert (price_prec=2, size_prec=2) → data.parquet
2026-08-13 07:51:43,534 | DEBUG    | api_backfiller | [api_backfiller] ATRO.ETORO: Precision-Fallback price_prec=2, size_prec=2
2026-08-13 07:51:43,635 | INFO     | api_backfiller | [api_backfiller] ATRO.ETORO: 35 Candles konvertiert (price_prec=2, size_prec=2).
2026-08-13 07:51:43,639 | DEBUG    | api_backfiller | [api_backfiller] ATRO.ETORO: 1798→1763 Zeilen (-35 Duplikate)
2026-08-13 07:51:43,642 | INFO     | api_backfiller | [api_backfiller] ATRO.ETORO: 1763 Zeilen gespeichert (price_prec=2, size_prec=2) → data.parquet
2026-08-13 07:51:44,754 | DEBUG    | api_backfiller | [api_backfiller] AVAX.ETORO: Daten aktuell (Lücke 0.9h) — überspringe.
2026-08-13 07:51:44,763 | DEBUG    | api_backfiller | [api_backfiller] AXON.ETORO: Daten aktuell (Lücke 0.9h) — überspringe.
2026-08-13 07:51:44,770 | DEBUG    | api_backfiller | [api_backfiller] AXSM.ETORO: Precision-Fallback price_prec=2, size_prec=2
2026-08-13 07:51:44,891 | INFO     | api_backfiller | [api_backfiller] AXSM.ETORO: 35 Candles konvertiert (price_prec=2, size_prec=2).
2026-08-13 07:51:44,901 | DEBUG    | api_backfiller | [api_backfiller] AXSM.ETORO: 1913→1878 Zeilen (-35 Duplikate)
2026-08-13 07:51:44,907 | INFO     | api_backfiller | [api_backfiller] AXSM.ETORO: 1878 Zeilen gespeichert (price_prec=2, size_prec=2) → data.parquet
2026-08-13 07:51:46,016 | DEBUG    | api_backfiller | [api_backfiller] BETA.ETORO: Precision-Fallback price_prec=2, size_prec=2
2026-08-13 07:51:46,124 | INFO     | api_backfiller | [api_backfiller] BETA.ETORO: 35 Candles konvertiert (price_prec=2, size_prec=2).
2026-08-13 07:51:46,133 | DEBUG    | api_backfiller | [api_backfiller] BETA.ETORO: 1262→1227 Zeilen (-35 Duplikate)
2026-08-13 07:51:46,138 | INFO     | api_backfiller | [api_backfiller] BETA.ETORO: 1227 Zeilen gespeichert (price_prec=2, size_prec=2) → data.parquet
2026-08-13 07:51:47,250 | DEBUG    | api_backfiller | [api_backfiller] BTC.ETORO: Daten aktuell (Lücke 0.9h) — überspringe.
2026-08-13 07:51:47,259 | DEBUG    | api_backfiller | [api_backfiller] CAG.ETORO: Daten aktuell (Lücke 0.9h) — überspringe.
2026-08-13 07:51:47,268 | DEBUG    | api_backfiller | [api_backfiller] CAT.ETORO: Daten aktuell (Lücke 0.9h) — überspringe.
2026-08-13 07:51:47,277 | DEBUG    | api_backfiller | [api_backfiller] CCL.ETORO: Daten aktuell (Lücke 0.9h) — überspringe.
2026-08-13 07:51:47,284 | DEBUG    | api_backfiller | [api_backfiller] CELH.ETORO: Precision-Fallback price_prec=2, size_prec=2
2026-08-13 07:51:47,383 | INFO     | api_backfiller | [api_backfiller] CELH.ETORO: 35 Candles konvertiert (price_prec=2, size_prec=2).
2026-08-13 07:51:47,391 | DEBUG    | api_backfiller | [api_backfiller] CELH.ETORO: 1793→1758 Zeilen (-35 Duplikate)
2026-08-13 07:51:47,397 | INFO     | api_backfiller | [api_backfiller] CELH.ETORO: 1758 Zeilen gespeichert (price_prec=2, size_prec=2) → data.parquet
2026-08-13 07:51:48,508 | DEBUG    | api_backfiller | [api_backfiller] CHTR.ETORO: Precision-Fallback price_prec=2, size_prec=2
2026-08-13 07:51:48,608 | INFO     | api_backfiller | [api_backfiller] CHTR.ETORO: 87 Candles konvertiert (price_prec=2, size_prec=2).
2026-08-13 07:51:48,619 | DEBUG    | api_backfiller | [api_backfiller] CHTR.ETORO: 2379→2292 Zeilen (-87 Duplikate)
2026-08-13 07:51:48,627 | INFO     | api_backfiller | [api_backfiller] CHTR.ETORO: 2292 Zeilen gespeichert (price_prec=2, size_prec=2) → data.parquet
2026-08-13 07:51:49,736 | DEBUG    | api_backfiller | [api_backfiller] CHWY.ETORO: Precision-Fallback price_prec=2, size_prec=2
2026-08-13 07:51:49,848 | INFO     | api_backfiller | [api_backfiller] CHWY.ETORO: 35 Candles konvertiert (price_prec=2, size_prec=2).
2026-08-13 07:51:49,856 | DEBUG    | api_backfiller | [api_backfiller] CHWY.ETORO: 1913→1878 Zeilen (-35 Duplikate)
2026-08-13 07:51:49,861 | INFO     | api_backfiller | [api_backfiller] CHWY.ETORO: 1878 Zeilen gespeichert (price_prec=2, size_prec=2) → data.parquet
2026-08-13 07:51:50,971 | DEBUG    | api_backfiller | [api_backfiller] CIEN.ETORO: Daten aktuell (Lücke 0.9h) — überspringe.
2026-08-13 07:51:50,979 | DEBUG    | api_backfiller | [api_backfiller] CMG.ETORO: Daten aktuell (Lücke 0.9h) — überspringe.
2026-08-13 07:51:50,987 | DEBUG    | api_backfiller | [api_backfiller] COHR.ETORO: Daten aktuell (Lücke 0.9h) — überspringe.
2026-08-13 07:51:50,995 | DEBUG    | api_backfiller | [api_backfiller] COIN.ETORO: Daten aktuell (Lücke 0.9h) — überspringe.
2026-08-13 07:51:51,003 | DEBUG    | api_backfiller | [api_backfiller] CPNG.ETORO: Precision-Fallback price_prec=2, size_prec=2
2026-08-13 07:51:51,260 | INFO     | api_backfiller | [api_backfiller] CPNG.ETORO: 35 Candles konvertiert (price_prec=2, size_prec=2).
2026-08-13 07:51:51,266 | DEBUG    | api_backfiller | [api_backfiller] CPNG.ETORO: 1793→1758 Zeilen (-35 Duplikate)
2026-08-13 07:51:51,268 | INFO     | api_backfiller | [api_backfiller] CPNG.ETORO: 1758 Zeilen gespeichert (price_prec=2, size_prec=2) → data.parquet
2026-08-13 07:51:52,379 | DEBUG    | api_backfiller | [api_backfiller] CPRT.ETORO: Daten aktuell (Lücke 0.9h) — überspringe.
2026-08-13 07:51:52,387 | DEBUG    | api_backfiller | [api_backfiller] CRM.ETORO: Daten aktuell (Lücke 0.9h) — überspringe.
2026-08-13 07:51:52,394 | DEBUG    | api_backfiller | [api_backfiller] CRS.ETORO: Precision-Fallback price_prec=2, size_prec=2
2026-08-13 07:51:52,487 | INFO     | api_backfiller | [api_backfiller] CRS.ETORO: 35 Candles konvertiert (price_prec=2, size_prec=2).
2026-08-13 07:51:52,494 | DEBUG    | api_backfiller | [api_backfiller] CRS.ETORO: 1725→1690 Zeilen (-35 Duplikate)
2026-08-13 07:51:52,500 | INFO     | api_backfiller | [api_backfiller] CRS.ETORO: 1690 Zeilen gespeichert (price_prec=2, size_prec=2) → data.parquet
2026-08-13 07:51:53,610 | DEBUG    | api_backfiller | [api_backfiller] CVE.ETORO: Precision-Fallback price_prec=2, size_prec=2
2026-08-13 07:51:53,706 | INFO     | api_backfiller | [api_backfiller] CVE.ETORO: 35 Candles konvertiert (price_prec=2, size_prec=2).
2026-08-13 07:51:53,714 | DEBUG    | api_backfiller | [api_backfiller] CVE.ETORO: 1913→1878 Zeilen (-35 Duplikate)
2026-08-13 07:51:53,720 | INFO     | api_backfiller | [api_backfiller] CVE.ETORO: 1878 Zeilen gespeichert (price_prec=2, size_prec=2) → data.parquet
2026-08-13 07:51:54,830 | DEBUG    | api_backfiller | [api_backfiller] DKNG.ETORO: Daten aktuell (Lücke 0.9h) — überspringe.
2026-08-13 07:51:54,838 | DEBUG    | api_backfiller | [api_backfiller] DOCU.ETORO: Precision-Fallback price_prec=2, size_prec=2
2026-08-13 07:51:54,954 | INFO     | api_backfiller | [api_backfiller] DOCU.ETORO: 35 Candles konvertiert (price_prec=2, size_prec=2).
2026-08-13 07:51:54,965 | DEBUG    | api_backfiller | [api_backfiller] DOCU.ETORO: 1976→1941 Zeilen (-35 Duplikate)
2026-08-13 07:51:54,971 | INFO     | api_backfiller | [api_backfiller] DOCU.ETORO: 1941 Zeilen gespeichert (price_prec=2, size_prec=2) → data.parquet
2026-08-13 07:51:56,083 | DEBUG    | api_backfiller | [api_backfiller] DOGE.ETORO: Daten aktuell (Lücke 0.9h) — überspringe.
2026-08-13 07:51:56,092 | DEBUG    | api_backfiller | [api_backfiller] DPZ.ETORO: Daten aktuell (Lücke 0.9h) — überspringe.
2026-08-13 07:51:56,100 | DEBUG    | api_backfiller | [api_backfiller] DUOL.ETORO: Daten aktuell (Lücke 0.9h) — überspringe.
2026-08-13 07:51:56,108 | DEBUG    | api_backfiller | [api_backfiller] E.ETORO: Precision-Fallback price_prec=2, size_prec=2
2026-08-13 07:51:56,246 | INFO     | api_backfiller | [api_backfiller] E.ETORO: 35 Candles konvertiert (price_prec=2, size_prec=2).
2026-08-13 07:51:56,255 | DEBUG    | api_backfiller | [api_backfiller] E.ETORO: 1976→1941 Zeilen (-35 Duplikate)
2026-08-13 07:51:56,261 | INFO     | api_backfiller | [api_backfiller] E.ETORO: 1941 Zeilen gespeichert (price_prec=2, size_prec=2) → data.parquet
2026-08-13 07:51:57,371 | DEBUG    | api_backfiller | [api_backfiller] EEFT.ETORO: Precision-Fallback price_prec=2, size_prec=2
2026-08-13 07:51:57,469 | INFO     | api_backfiller | [api_backfiller] EEFT.ETORO: 35 Candles konvertiert (price_prec=2, size_prec=2).
2026-08-13 07:51:57,477 | DEBUG    | api_backfiller | [api_backfiller] EEFT.ETORO: 1977→1942 Zeilen (-35 Duplikate)
2026-08-13 07:51:57,479 | INFO     | api_backfiller | [api_backfiller] EEFT.ETORO: 1942 Zeilen gespeichert (price_prec=2, size_prec=2) → data.parquet
2026-08-13 07:51:58,588 | DEBUG    | api_backfiller | [api_backfiller] ELF.ETORO: Precision-Fallback price_prec=2, size_prec=2
2026-08-13 07:51:58,685 | INFO     | api_backfiller | [api_backfiller] ELF.ETORO: 35 Candles konvertiert (price_prec=2, size_prec=2).
2026-08-13 07:51:58,693 | DEBUG    | api_backfiller | [api_backfiller] ELF.ETORO: 1974→1939 Zeilen (-35 Duplikate)
2026-08-13 07:51:58,694 | INFO     | api_backfiller | [api_backfiller] ELF.ETORO: 1939 Zeilen gespeichert (price_prec=2, size_prec=2) → data.parquet
2026-08-13 07:51:59,804 | DEBUG    | api_backfiller | [api_backfiller] ENLT.ETORO: Precision-Fallback price_prec=2, size_prec=2
2026-08-13 07:51:59,910 | INFO     | api_backfiller | [api_backfiller] ENLT.ETORO: 35 Candles konvertiert (price_prec=2, size_prec=2).
2026-08-13 07:51:59,918 | DEBUG    | api_backfiller | [api_backfiller] ENLT.ETORO: 1912→1877 Zeilen (-35 Duplikate)
2026-08-13 07:51:59,920 | INFO     | api_backfiller | [api_backfiller] ENLT.ETORO: 1877 Zeilen gespeichert (price_prec=2, size_prec=2) → data.parquet
2026-08-13 07:52:01,028 | DEBUG    | api_backfiller | [api_backfiller] ENVA.ETORO: Precision-Fallback price_prec=2, size_prec=2
2026-08-13 07:52:01,124 | INFO     | api_backfiller | [api_backfiller] ENVA.ETORO: 35 Candles konvertiert (price_prec=2, size_prec=2).
2026-08-13 07:52:01,133 | DEBUG    | api_backfiller | [api_backfiller] ENVA.ETORO: 1726→1691 Zeilen (-35 Duplikate)
2026-08-13 07:52:01,138 | INFO     | api_backfiller | [api_backfiller] ENVA.ETORO: 1691 Zeilen gespeichert (price_prec=2, size_prec=2) → data.parquet
2026-08-13 07:52:02,248 | DEBUG    | api_backfiller | [api_backfiller] ESLT.ETORO: Precision-Fallback price_prec=2, size_prec=2
2026-08-13 07:52:02,353 | INFO     | api_backfiller | [api_backfiller] ESLT.ETORO: 35 Candles konvertiert (price_prec=2, size_prec=2).
2026-08-13 07:52:02,363 | DEBUG    | api_backfiller | [api_backfiller] ESLT.ETORO: 1348→1313 Zeilen (-35 Duplikate)
2026-08-13 07:52:02,370 | INFO     | api_backfiller | [api_backfiller] ESLT.ETORO: 1313 Zeilen gespeichert (price_prec=2, size_prec=2) → data.parquet
2026-08-13 07:52:03,483 | DEBUG    | api_backfiller | [api_backfiller] ETH.ETORO: Daten aktuell (Lücke 0.9h) — überspringe.
2026-08-13 07:52:03,491 | DEBUG    | api_backfiller | [api_backfiller] FDX.ETORO: Precision-Fallback price_prec=2, size_prec=2
2026-08-13 07:52:03,593 | INFO     | api_backfiller | [api_backfiller] FDX.ETORO: 105 Candles konvertiert (price_prec=2, size_prec=2).
2026-08-13 07:52:03,601 | DEBUG    | api_backfiller | [api_backfiller] FDX.ETORO: 2463→2358 Zeilen (-105 Duplikate)
2026-08-13 07:52:03,608 | INFO     | api_backfiller | [api_backfiller] FDX.ETORO: 2358 Zeilen gespeichert (price_prec=2, size_prec=2) → data.parquet
2026-08-13 07:52:04,719 | DEBUG    | api_backfiller | [api_backfiller] FICO.ETORO: Precision-Fallback price_prec=2, size_prec=2
2026-08-13 07:52:04,845 | INFO     | api_backfiller | [api_backfiller] FICO.ETORO: 101 Candles konvertiert (price_prec=2, size_prec=2).
2026-08-13 07:52:04,857 | DEBUG    | api_backfiller | [api_backfiller] FICO.ETORO: 2341→2240 Zeilen (-101 Duplikate)
2026-08-13 07:52:04,864 | INFO     | api_backfiller | [api_backfiller] FICO.ETORO: 2240 Zeilen gespeichert (price_prec=2, size_prec=2) → data.parquet
2026-08-13 07:52:05,975 | DEBUG    | api_backfiller | [api_backfiller] FISV.ETORO: Daten aktuell (Lücke 0.9h) — überspringe.
2026-08-13 07:52:05,982 | DEBUG    | api_backfiller | [api_backfiller] FORM.ETORO: Precision-Fallback price_prec=2, size_prec=2
2026-08-13 07:52:06,078 | INFO     | api_backfiller | [api_backfiller] FORM.ETORO: 35 Candles konvertiert (price_prec=2, size_prec=2).
2026-08-13 07:52:06,083 | DEBUG    | api_backfiller | [api_backfiller] FORM.ETORO: 1827→1792 Zeilen (-35 Duplikate)
2026-08-13 07:52:06,089 | INFO     | api_backfiller | [api_backfiller] FORM.ETORO: 1792 Zeilen gespeichert (price_prec=2, size_prec=2) → data.parquet
2026-08-13 07:52:07,198 | DEBUG    | api_backfiller | [api_backfiller] FRO.ETORO: Precision-Fallback price_prec=2, size_prec=2
2026-08-13 07:52:07,295 | INFO     | api_backfiller | [api_backfiller] FRO.ETORO: 35 Candles konvertiert (price_prec=2, size_prec=2).
2026-08-13 07:52:07,300 | DEBUG    | api_backfiller | [api_backfiller] FRO.ETORO: 1974→1939 Zeilen (-35 Duplikate)
2026-08-13 07:52:07,307 | INFO     | api_backfiller | [api_backfiller] FRO.ETORO: 1939 Zeilen gespeichert (price_prec=2, size_prec=2) → data.parquet
2026-08-13 07:52:08,416 | DEBUG    | api_backfiller | [api_backfiller] FSLY.ETORO: Precision-Fallback price_prec=2, size_prec=2
2026-08-13 07:52:08,516 | INFO     | api_backfiller | [api_backfiller] FSLY.ETORO: 35 Candles konvertiert (price_prec=2, size_prec=2).
2026-08-13 07:52:08,524 | DEBUG    | api_backfiller | [api_backfiller] FSLY.ETORO: 1974→1939 Zeilen (-35 Duplikate)
2026-08-13 07:52:08,528 | INFO     | api_backfiller | [api_backfiller] FSLY.ETORO: 1939 Zeilen gespeichert (price_prec=2, size_prec=2) → data.parquet
2026-08-13 07:52:09,638 | DEBUG    | api_backfiller | [api_backfiller] FTI.ETORO: Precision-Fallback price_prec=2, size_prec=2
2026-08-13 07:52:09,738 | INFO     | api_backfiller | [api_backfiller] FTI.ETORO: 35 Candles konvertiert (price_prec=2, size_prec=2).
2026-08-13 07:52:09,745 | DEBUG    | api_backfiller | [api_backfiller] FTI.ETORO: 1793→1758 Zeilen (-35 Duplikate)
2026-08-13 07:52:09,747 | INFO     | api_backfiller | [api_backfiller] FTI.ETORO: 1758 Zeilen gespeichert (price_prec=2, size_prec=2) → data.parquet
2026-08-13 07:52:10,857 | DEBUG    | api_backfiller | [api_backfiller] GEV.ETORO: Daten aktuell (Lücke 0.9h) — überspringe.
2026-08-13 07:52:10,866 | DEBUG    | api_backfiller | [api_backfiller] GIS.ETORO: Daten aktuell (Lücke 0.9h) — überspringe.
2026-08-13 07:52:10,875 | DEBUG    | api_backfiller | [api_backfiller] GLW.ETORO: Daten aktuell (Lücke 0.9h) — überspringe.
2026-08-13 07:52:10,883 | DEBUG    | api_backfiller | [api_backfiller] GOOG.ETORO: Daten aktuell (Lücke 0.9h) — überspringe.
2026-08-13 07:52:10,892 | DEBUG    | api_backfiller | [api_backfiller] GOOGL.ETORO: Daten aktuell (Lücke 0.9h) — überspringe.
2026-08-13 07:52:10,899 | DEBUG    | api_backfiller | [api_backfiller] GSAT.ETORO: Precision-Fallback price_prec=2, size_prec=2
2026-08-13 07:52:10,990 | INFO     | api_backfiller | [api_backfiller] GSAT.ETORO: 35 Candles konvertiert (price_prec=2, size_prec=2).
2026-08-13 07:52:10,998 | DEBUG    | api_backfiller | [api_backfiller] GSAT.ETORO: 1976→1941 Zeilen (-35 Duplikate)
2026-08-13 07:52:11,000 | INFO     | api_backfiller | [api_backfiller] GSAT.ETORO: 1941 Zeilen gespeichert (price_prec=2, size_prec=2) → data.parquet
2026-08-13 07:52:12,109 | DEBUG    | api_backfiller | [api_backfiller] GTLB.ETORO: Precision-Fallback price_prec=2, size_prec=2
2026-08-13 07:52:12,206 | INFO     | api_backfiller | [api_backfiller] GTLB.ETORO: 35 Candles konvertiert (price_prec=2, size_prec=2).
2026-08-13 07:52:12,214 | DEBUG    | api_backfiller | [api_backfiller] GTLB.ETORO: 1977→1942 Zeilen (-35 Duplikate)
2026-08-13 07:52:12,216 | INFO     | api_backfiller | [api_backfiller] GTLB.ETORO: 1942 Zeilen gespeichert (price_prec=2, size_prec=2) → data.parquet
2026-08-13 07:52:13,326 | DEBUG    | api_backfiller | [api_backfiller] HAL.ETORO: Daten aktuell (Lücke 0.9h) — überspringe.
2026-08-13 07:52:13,334 | DEBUG    | api_backfiller | [api_backfiller] HUBS.ETORO: Precision-Fallback price_prec=2, size_prec=2
2026-08-13 07:52:13,435 | INFO     | api_backfiller | [api_backfiller] HUBS.ETORO: 35 Candles konvertiert (price_prec=2, size_prec=2).
2026-08-13 07:52:13,444 | DEBUG    | api_backfiller | [api_backfiller] HUBS.ETORO: 1976→1941 Zeilen (-35 Duplikate)
2026-08-13 07:52:13,451 | INFO     | api_backfiller | [api_backfiller] HUBS.ETORO: 1941 Zeilen gespeichert (price_prec=2, size_prec=2) → data.parquet
2026-08-13 07:52:14,561 | DEBUG    | api_backfiller | [api_backfiller] HUT.ETORO: Precision-Fallback price_prec=2, size_prec=2
2026-08-13 07:52:14,657 | INFO     | api_backfiller | [api_backfiller] HUT.ETORO: 35 Candles konvertiert (price_prec=2, size_prec=2).
2026-08-13 07:52:14,665 | DEBUG    | api_backfiller | [api_backfiller] HUT.ETORO: 1977→1942 Zeilen (-35 Duplikate)
2026-08-13 07:52:14,667 | INFO     | api_backfiller | [api_backfiller] HUT.ETORO: 1942 Zeilen gespeichert (price_prec=2, size_prec=2) → data.parquet
2026-08-13 07:52:15,778 | DEBUG    | api_backfiller | [api_backfiller] HYPE.ETORO: Daten aktuell (Lücke 0.9h) — überspringe.
2026-08-13 07:52:15,786 | DEBUG    | api_backfiller | [api_backfiller] INSM.ETORO: Precision-Fallback price_prec=2, size_prec=2
2026-08-13 07:52:15,881 | INFO     | api_backfiller | [api_backfiller] INSM.ETORO: 35 Candles konvertiert (price_prec=2, size_prec=2).
2026-08-13 07:52:15,889 | DEBUG    | api_backfiller | [api_backfiller] INSM.ETORO: 1977→1942 Zeilen (-35 Duplikate)
2026-08-13 07:52:15,891 | INFO     | api_backfiller | [api_backfiller] INSM.ETORO: 1942 Zeilen gespeichert (price_prec=2, size_prec=2) → data.parquet
2026-08-13 07:52:17,000 | DEBUG    | api_backfiller | [api_backfiller] INSW.ETORO: Precision-Fallback price_prec=2, size_prec=2
2026-08-13 07:52:17,109 | INFO     | api_backfiller | [api_backfiller] INSW.ETORO: 35 Candles konvertiert (price_prec=2, size_prec=2).
2026-08-13 07:52:17,116 | DEBUG    | api_backfiller | [api_backfiller] INSW.ETORO: 1886→1851 Zeilen (-35 Duplikate)
2026-08-13 07:52:17,121 | INFO     | api_backfiller | [api_backfiller] INSW.ETORO: 1851 Zeilen gespeichert (price_prec=2, size_prec=2) → data.parquet
2026-08-13 07:52:18,232 | DEBUG    | api_backfiller | [api_backfiller] INTU.ETORO: Daten aktuell (Lücke 0.9h) — überspringe.
2026-08-13 07:52:18,240 | DEBUG    | api_backfiller | [api_backfiller] JAZZ.ETORO: Precision-Fallback price_prec=2, size_prec=2
2026-08-13 07:52:18,341 | INFO     | api_backfiller | [api_backfiller] JAZZ.ETORO: 35 Candles konvertiert (price_prec=2, size_prec=2).
2026-08-13 07:52:18,349 | DEBUG    | api_backfiller | [api_backfiller] JAZZ.ETORO: 1975→1940 Zeilen (-35 Duplikate)
2026-08-13 07:52:18,350 | INFO     | api_backfiller | [api_backfiller] JAZZ.ETORO: 1940 Zeilen gespeichert (price_prec=2, size_prec=2) → data.parquet
2026-08-13 07:52:19,461 | DEBUG    | api_backfiller | [api_backfiller] JNJ.ETORO: Daten aktuell (Lücke 0.9h) — überspringe.
2026-08-13 07:52:19,468 | DEBUG    | api_backfiller | [api_backfiller] JOBY.ETORO: Precision-Fallback price_prec=2, size_prec=2
2026-08-13 07:52:19,573 | INFO     | api_backfiller | [api_backfiller] JOBY.ETORO: 35 Candles konvertiert (price_prec=2, size_prec=2).
2026-08-13 07:52:19,581 | DEBUG    | api_backfiller | [api_backfiller] JOBY.ETORO: 1726→1691 Zeilen (-35 Duplikate)
2026-08-13 07:52:19,585 | INFO     | api_backfiller | [api_backfiller] JOBY.ETORO: 1691 Zeilen gespeichert (price_prec=2, size_prec=2) → data.parquet
2026-08-13 07:52:20,695 | DEBUG    | api_backfiller | [api_backfiller] KD.ETORO: Precision-Fallback price_prec=2, size_prec=2
2026-08-13 07:52:20,792 | INFO     | api_backfiller | [api_backfiller] KD.ETORO: 35 Candles konvertiert (price_prec=2, size_prec=2).
2026-08-13 07:52:20,800 | DEBUG    | api_backfiller | [api_backfiller] KD.ETORO: 1973→1938 Zeilen (-35 Duplikate)
2026-08-13 07:52:20,805 | INFO     | api_backfiller | [api_backfiller] KD.ETORO: 1938 Zeilen gespeichert (price_prec=2, size_prec=2) → data.parquet
2026-08-13 07:52:21,915 | DEBUG    | api_backfiller | [api_backfiller] KRYS.ETORO: Precision-Fallback price_prec=2, size_prec=2
2026-08-13 07:52:22,012 | INFO     | api_backfiller | [api_backfiller] KRYS.ETORO: 35 Candles konvertiert (price_prec=2, size_prec=2).
2026-08-13 07:52:22,019 | DEBUG    | api_backfiller | [api_backfiller] KRYS.ETORO: 1725→1690 Zeilen (-35 Duplikate)
2026-08-13 07:52:22,024 | INFO     | api_backfiller | [api_backfiller] KRYS.ETORO: 1690 Zeilen gespeichert (price_prec=2, size_prec=2) → data.parquet
2026-08-13 07:52:23,133 | DEBUG    | api_backfiller | [api_backfiller] LLY.ETORO: Daten aktuell (Lücke 0.9h) — überspringe.
2026-08-13 07:52:23,140 | DEBUG    | api_backfiller | [api_backfiller] LQDA.ETORO: Precision-Fallback price_prec=2, size_prec=2
2026-08-13 07:52:23,242 | INFO     | api_backfiller | [api_backfiller] LQDA.ETORO: 35 Candles konvertiert (price_prec=2, size_prec=2).
2026-08-13 07:52:23,250 | DEBUG    | api_backfiller | [api_backfiller] LQDA.ETORO: 1893→1858 Zeilen (-35 Duplikate)
2026-08-13 07:52:23,251 | INFO     | api_backfiller | [api_backfiller] LQDA.ETORO: 1858 Zeilen gespeichert (price_prec=2, size_prec=2) → data.parquet
2026-08-13 07:52:24,362 | DEBUG    | api_backfiller | [api_backfiller] LRCX.ETORO: Daten aktuell (Lücke 0.9h) — überspringe.
2026-08-13 07:52:24,370 | DEBUG    | api_backfiller | [api_backfiller] LSCC.ETORO: Precision-Fallback price_prec=2, size_prec=2
2026-08-13 07:52:24,616 | INFO     | api_backfiller | [api_backfiller] LSCC.ETORO: 35 Candles konvertiert (price_prec=2, size_prec=2).
2026-08-13 07:52:24,621 | DEBUG    | api_backfiller | [api_backfiller] LSCC.ETORO: 1911→1876 Zeilen (-35 Duplikate)
2026-08-13 07:52:24,626 | INFO     | api_backfiller | [api_backfiller] LSCC.ETORO: 1876 Zeilen gespeichert (price_prec=2, size_prec=2) → data.parquet
2026-08-13 07:52:25,737 | DEBUG    | api_backfiller | [api_backfiller] LULU.ETORO: Daten aktuell (Lücke 0.9h) — überspringe.
2026-08-13 07:52:25,745 | DEBUG    | api_backfiller | [api_backfiller] MBLY.ETORO: Precision-Fallback price_prec=2, size_prec=2
2026-08-13 07:52:25,940 | INFO     | api_backfiller | [api_backfiller] MBLY.ETORO: 35 Candles konvertiert (price_prec=2, size_prec=2).
2026-08-13 07:52:25,947 | DEBUG    | api_backfiller | [api_backfiller] MBLY.ETORO: 1914→1879 Zeilen (-35 Duplikate)
2026-08-13 07:52:25,953 | INFO     | api_backfiller | [api_backfiller] MBLY.ETORO: 1879 Zeilen gespeichert (price_prec=2, size_prec=2) → data.parquet
2026-08-13 07:52:27,063 | DEBUG    | api_backfiller | [api_backfiller] MNDY.ETORO: Precision-Fallback price_prec=2, size_prec=2
2026-08-13 07:52:27,172 | INFO     | api_backfiller | [api_backfiller] MNDY.ETORO: 35 Candles konvertiert (price_prec=2, size_prec=2).
2026-08-13 07:52:27,180 | DEBUG    | api_backfiller | [api_backfiller] MNDY.ETORO: 1975→1940 Zeilen (-35 Duplikate)
2026-08-13 07:52:27,186 | INFO     | api_backfiller | [api_backfiller] MNDY.ETORO: 1940 Zeilen gespeichert (price_prec=2, size_prec=2) → data.parquet
2026-08-13 07:52:28,296 | DEBUG    | api_backfiller | [api_backfiller] MOD.ETORO: Precision-Fallback price_prec=2, size_prec=2
2026-08-13 07:52:28,396 | INFO     | api_backfiller | [api_backfiller] MOD.ETORO: 35 Candles konvertiert (price_prec=2, size_prec=2).
2026-08-13 07:52:28,404 | DEBUG    | api_backfiller | [api_backfiller] MOD.ETORO: 1828→1793 Zeilen (-35 Duplikate)
2026-08-13 07:52:28,409 | INFO     | api_backfiller | [api_backfiller] MOD.ETORO: 1793 Zeilen gespeichert (price_prec=2, size_prec=2) → data.parquet
2026-08-13 07:52:29,520 | DEBUG    | api_backfiller | [api_backfiller] MRVL.ETORO: Daten aktuell (Lücke 0.9h) — überspringe.
2026-08-13 07:52:29,529 | DEBUG    | api_backfiller | [api_backfiller] MSTR.ETORO: Daten aktuell (Lücke 0.9h) — überspringe.
2026-08-13 07:52:29,536 | DEBUG    | api_backfiller | [api_backfiller] MTZ.ETORO: Precision-Fallback price_prec=2, size_prec=2
2026-08-13 07:52:29,633 | INFO     | api_backfiller | [api_backfiller] MTZ.ETORO: 35 Candles konvertiert (price_prec=2, size_prec=2).
2026-08-13 07:52:29,637 | DEBUG    | api_backfiller | [api_backfiller] MTZ.ETORO: 1975→1940 Zeilen (-35 Duplikate)
2026-08-13 07:52:29,639 | INFO     | api_backfiller | [api_backfiller] MTZ.ETORO: 1940 Zeilen gespeichert (price_prec=2, size_prec=2) → data.parquet
2026-08-13 07:52:30,749 | DEBUG    | api_backfiller | [api_backfiller] MU.ETORO: Daten aktuell (Lücke 0.9h) — überspringe.
2026-08-13 07:52:30,758 | DEBUG    | api_backfiller | [api_backfiller] NATGAS.ETORO: Daten aktuell (Lücke 0.9h) — überspringe.
2026-08-13 07:52:30,765 | DEBUG    | api_backfiller | [api_backfiller] NFLX.ETORO: Daten aktuell (Lücke 0.9h) — überspringe.
2026-08-13 07:52:30,773 | DEBUG    | api_backfiller | [api_backfiller] NKE.ETORO: Daten aktuell (Lücke 0.9h) — überspringe.
2026-08-13 07:52:30,780 | DEBUG    | api_backfiller | [api_backfiller] NOK.ETORO: Precision-Fallback price_prec=2, size_prec=2
2026-08-13 07:52:30,885 | INFO     | api_backfiller | [api_backfiller] NOK.ETORO: 35 Candles konvertiert (price_prec=2, size_prec=2).
2026-08-13 07:52:30,888 | DEBUG    | api_backfiller | [api_backfiller] NOK.ETORO: 1975→1940 Zeilen (-35 Duplikate)
2026-08-13 07:52:30,892 | INFO     | api_backfiller | [api_backfiller] NOK.ETORO: 1940 Zeilen gespeichert (price_prec=2, size_prec=2) → data.parquet
2026-08-13 07:52:32,002 | DEBUG    | api_backfiller | [api_backfiller] NOW.ETORO: Daten aktuell (Lücke 0.9h) — überspringe.
2026-08-13 07:52:32,008 | DEBUG    | api_backfiller | [api_backfiller] NTSK.ETORO: Precision-Fallback price_prec=2, size_prec=2
2026-08-13 07:52:32,110 | INFO     | api_backfiller | [api_backfiller] NTSK.ETORO: 35 Candles konvertiert (price_prec=2, size_prec=2).
2026-08-13 07:52:32,113 | DEBUG    | api_backfiller | [api_backfiller] NTSK.ETORO: 1430→1395 Zeilen (-35 Duplikate)
2026-08-13 07:52:32,116 | INFO     | api_backfiller | [api_backfiller] NTSK.ETORO: 1395 Zeilen gespeichert (price_prec=2, size_prec=2) → data.parquet
2026-08-13 07:52:33,227 | DEBUG    | api_backfiller | [api_backfiller] NVDA.ETORO: Daten aktuell (Lücke 0.9h) — überspringe.
2026-08-13 07:52:33,235 | DEBUG    | api_backfiller | [api_backfiller] NVO.ETORO: Precision-Fallback price_prec=2, size_prec=2
2026-08-13 07:52:33,342 | INFO     | api_backfiller | [api_backfiller] NVO.ETORO: 35 Candles konvertiert (price_prec=2, size_prec=2).
2026-08-13 07:52:33,352 | DEBUG    | api_backfiller | [api_backfiller] NVO.ETORO: 1975→1940 Zeilen (-35 Duplikate)
2026-08-13 07:52:33,361 | INFO     | api_backfiller | [api_backfiller] NVO.ETORO: 1940 Zeilen gespeichert (price_prec=2, size_prec=2) → data.parquet
2026-08-13 07:52:34,469 | DEBUG    | api_backfiller | [api_backfiller] NVS.ETORO: Precision-Fallback price_prec=2, size_prec=2
2026-08-13 07:52:34,649 | INFO     | api_backfiller | [api_backfiller] NVS.ETORO: 35 Candles konvertiert (price_prec=2, size_prec=2).
2026-08-13 07:52:34,655 | DEBUG    | api_backfiller | [api_backfiller] NVS.ETORO: 1976→1941 Zeilen (-35 Duplikate)
2026-08-13 07:52:34,661 | INFO     | api_backfiller | [api_backfiller] NVS.ETORO: 1941 Zeilen gespeichert (price_prec=2, size_prec=2) → data.parquet
2026-08-13 07:52:35,773 | DEBUG    | api_backfiller | [api_backfiller] ONDO.ETORO: Daten aktuell (Lücke 0.9h) — überspringe.
2026-08-13 07:52:35,780 | DEBUG    | api_backfiller | [api_backfiller] ONTO.ETORO: Precision-Fallback price_prec=2, size_prec=2
2026-08-13 07:52:35,888 | INFO     | api_backfiller | [api_backfiller] ONTO.ETORO: 35 Candles konvertiert (price_prec=2, size_prec=2).
2026-08-13 07:52:35,896 | DEBUG    | api_backfiller | [api_backfiller] ONTO.ETORO: 1912→1877 Zeilen (-35 Duplikate)
2026-08-13 07:52:35,903 | INFO     | api_backfiller | [api_backfiller] ONTO.ETORO: 1877 Zeilen gespeichert (price_prec=2, size_prec=2) → data.parquet
2026-08-13 07:52:37,110 | INFO     | api_backfiller | [api_backfiller] PALL.ETORO: 35 Candles konvertiert (price_prec=5, size_prec=5).
2026-08-13 07:52:37,119 | DEBUG    | api_backfiller | [api_backfiller] PALL.ETORO: 1974→1939 Zeilen (-35 Duplikate)
2026-08-13 07:52:37,126 | INFO     | api_backfiller | [api_backfiller] PALL.ETORO: 1939 Zeilen gespeichert (price_prec=5, size_prec=5) → data.parquet
2026-08-13 07:52:38,236 | DEBUG    | api_backfiller | [api_backfiller] PBR.ETORO: Precision-Fallback price_prec=2, size_prec=2
2026-08-13 07:52:38,333 | INFO     | api_backfiller | [api_backfiller] PBR.ETORO: 35 Candles konvertiert (price_prec=2, size_prec=2).
2026-08-13 07:52:38,341 | DEBUG    | api_backfiller | [api_backfiller] PBR.ETORO: 1975→1940 Zeilen (-35 Duplikate)
2026-08-13 07:52:38,344 | INFO     | api_backfiller | [api_backfiller] PBR.ETORO: 1940 Zeilen gespeichert (price_prec=2, size_prec=2) → data.parquet
2026-08-13 07:52:39,449 | DEBUG    | api_backfiller | [api_backfiller] PEPExM.ETORO: Daten aktuell (Lücke 0.9h) — überspringe.
2026-08-13 07:52:39,452 | DEBUG    | api_backfiller | [api_backfiller] PINS.ETORO: Precision-Fallback price_prec=2, size_prec=2
2026-08-13 07:52:39,549 | INFO     | api_backfiller | [api_backfiller] PINS.ETORO: 35 Candles konvertiert (price_prec=2, size_prec=2).
2026-08-13 07:52:39,557 | DEBUG    | api_backfiller | [api_backfiller] PINS.ETORO: 1976→1941 Zeilen (-35 Duplikate)
2026-08-13 07:52:39,559 | INFO     | api_backfiller | [api_backfiller] PINS.ETORO: 1941 Zeilen gespeichert (price_prec=2, size_prec=2) → data.parquet
2026-08-13 07:52:40,670 | DEBUG    | api_backfiller | [api_backfiller] PLTR.ETORO: Daten aktuell (Lücke 0.9h) — überspringe.
2026-08-13 07:52:40,677 | DEBUG    | api_backfiller | [api_backfiller] PODD.ETORO: Precision-Fallback price_prec=2, size_prec=2
2026-08-13 07:52:40,784 | INFO     | api_backfiller | [api_backfiller] PODD.ETORO: 73 Candles konvertiert (price_prec=2, size_prec=2).
2026-08-13 07:52:40,792 | DEBUG    | api_backfiller | [api_backfiller] PODD.ETORO: 1865→1792 Zeilen (-73 Duplikate)
2026-08-13 07:52:40,799 | INFO     | api_backfiller | [api_backfiller] PODD.ETORO: 1792 Zeilen gespeichert (price_prec=2, size_prec=2) → data.parquet
2026-08-13 07:52:41,909 | DEBUG    | api_backfiller | [api_backfiller] POWL.ETORO: Precision-Fallback price_prec=2, size_prec=2
2026-08-13 07:52:42,009 | INFO     | api_backfiller | [api_backfiller] POWL.ETORO: 35 Candles konvertiert (price_prec=2, size_prec=2).
2026-08-13 07:52:42,016 | DEBUG    | api_backfiller | [api_backfiller] POWL.ETORO: 1893→1858 Zeilen (-35 Duplikate)
2026-08-13 07:52:42,022 | INFO     | api_backfiller | [api_backfiller] POWL.ETORO: 1858 Zeilen gespeichert (price_prec=2, size_prec=2) → data.parquet
2026-08-13 07:52:43,132 | DEBUG    | api_backfiller | [api_backfiller] PSN.US.ETORO: Precision-Fallback price_prec=2, size_prec=2
2026-08-13 07:52:43,227 | INFO     | api_backfiller | [api_backfiller] PSN.US.ETORO: 35 Candles konvertiert (price_prec=2, size_prec=2).
2026-08-13 07:52:43,235 | DEBUG    | api_backfiller | [api_backfiller] PSN.US.ETORO: 1793→1758 Zeilen (-35 Duplikate)
2026-08-13 07:52:43,241 | INFO     | api_backfiller | [api_backfiller] PSN.US.ETORO: 1758 Zeilen gespeichert (price_prec=2, size_prec=2) → data.parquet
2026-08-13 07:52:44,352 | DEBUG    | api_backfiller | [api_backfiller] PYPL.ETORO: Daten aktuell (Lücke 0.9h) — überspringe.
2026-08-13 07:52:44,360 | DEBUG    | api_backfiller | [api_backfiller] RBLX.ETORO: Precision-Fallback price_prec=2, size_prec=2
2026-08-13 07:52:44,680 | INFO     | api_backfiller | [api_backfiller] RBLX.ETORO: 35 Candles konvertiert (price_prec=2, size_prec=2).
2026-08-13 07:52:44,688 | DEBUG    | api_backfiller | [api_backfiller] RBLX.ETORO: 1913→1878 Zeilen (-35 Duplikate)
2026-08-13 07:52:44,690 | INFO     | api_backfiller | [api_backfiller] RBLX.ETORO: 1878 Zeilen gespeichert (price_prec=2, size_prec=2) → data.parquet
2026-08-13 07:52:45,799 | DEBUG    | api_backfiller | [api_backfiller] RHM.DE.ETORO: Precision-Fallback price_prec=2, size_prec=2
2026-08-13 07:52:45,900 | INFO     | api_backfiller | [api_backfiller] RHM.DE.ETORO: 45 Candles konvertiert (price_prec=2, size_prec=2).
2026-08-13 07:52:45,910 | DEBUG    | api_backfiller | [api_backfiller] RHM.DE.ETORO: 2107→2062 Zeilen (-45 Duplikate)
2026-08-13 07:52:45,920 | INFO     | api_backfiller | [api_backfiller] RHM.DE.ETORO: 2062 Zeilen gespeichert (price_prec=2, size_prec=2) → data.parquet
2026-08-13 07:52:47,032 | DEBUG    | api_backfiller | [api_backfiller] RIOT.ETORO: Daten aktuell (Lücke 0.9h) — überspringe.
2026-08-13 07:52:47,040 | DEBUG    | api_backfiller | [api_backfiller] ROP.ZU.ETORO: Precision-Fallback price_prec=2, size_prec=2
2026-08-13 07:52:47,141 | INFO     | api_backfiller | [api_backfiller] ROP.ZU.ETORO: 45 Candles konvertiert (price_prec=2, size_prec=2).
2026-08-13 07:52:47,156 | DEBUG    | api_backfiller | [api_backfiller] ROP.ZU.ETORO: 2094→2049 Zeilen (-45 Duplikate)
2026-08-13 07:52:47,166 | INFO     | api_backfiller | [api_backfiller] ROP.ZU.ETORO: 2049 Zeilen gespeichert (price_prec=2, size_prec=2) → data.parquet
2026-08-13 07:52:48,278 | DEBUG    | api_backfiller | [api_backfiller] RVMD.ETORO: Precision-Fallback price_prec=2, size_prec=2
2026-08-13 07:52:48,371 | INFO     | api_backfiller | [api_backfiller] RVMD.ETORO: 35 Candles konvertiert (price_prec=2, size_prec=2).
2026-08-13 07:52:48,379 | DEBUG    | api_backfiller | [api_backfiller] RVMD.ETORO: 1794→1759 Zeilen (-35 Duplikate)
2026-08-13 07:52:48,385 | INFO     | api_backfiller | [api_backfiller] RVMD.ETORO: 1759 Zeilen gespeichert (price_prec=2, size_prec=2) → data.parquet
2026-08-13 07:52:49,496 | DEBUG    | api_backfiller | [api_backfiller] SE.ETORO: Precision-Fallback price_prec=2, size_prec=2
2026-08-13 07:52:49,703 | INFO     | api_backfiller | [api_backfiller] SE.ETORO: 35 Candles konvertiert (price_prec=2, size_prec=2).
2026-08-13 07:52:49,711 | DEBUG    | api_backfiller | [api_backfiller] SE.ETORO: 1974→1939 Zeilen (-35 Duplikate)
2026-08-13 07:52:49,717 | INFO     | api_backfiller | [api_backfiller] SE.ETORO: 1939 Zeilen gespeichert (price_prec=2, size_prec=2) → data.parquet
2026-08-13 07:52:50,826 | DEBUG    | api_backfiller | [api_backfiller] SEI.US.ETORO: Precision-Fallback price_prec=2, size_prec=2
2026-08-13 07:52:51,029 | INFO     | api_backfiller | [api_backfiller] SEI.US.ETORO: 35 Candles konvertiert (price_prec=2, size_prec=2).
2026-08-13 07:52:51,038 | DEBUG    | api_backfiller | [api_backfiller] SEI.US.ETORO: 1860→1825 Zeilen (-35 Duplikate)
2026-08-13 07:52:51,044 | INFO     | api_backfiller | [api_backfiller] SEI.US.ETORO: 1825 Zeilen gespeichert (price_prec=2, size_prec=2) → data.parquet
2026-08-13 07:52:52,156 | DEBUG    | api_backfiller | [api_backfiller] SHIBxM.ETORO: Daten aktuell (Lücke 0.9h) — überspringe.
2026-08-13 07:52:52,164 | DEBUG    | api_backfiller | [api_backfiller] SMTC.ETORO: Precision-Fallback price_prec=2, size_prec=2
2026-08-13 07:52:52,261 | INFO     | api_backfiller | [api_backfiller] SMTC.ETORO: 35 Candles konvertiert (price_prec=2, size_prec=2).
2026-08-13 07:52:52,268 | DEBUG    | api_backfiller | [api_backfiller] SMTC.ETORO: 1975→1940 Zeilen (-35 Duplikate)
2026-08-13 07:52:52,270 | INFO     | api_backfiller | [api_backfiller] SMTC.ETORO: 1940 Zeilen gespeichert (price_prec=2, size_prec=2) → data.parquet
2026-08-13 07:52:53,381 | DEBUG    | api_backfiller | [api_backfiller] SNAP.ETORO: Daten aktuell (Lücke 0.9h) — überspringe.
2026-08-13 07:52:53,392 | DEBUG    | api_backfiller | [api_backfiller] SOL.ETORO: Daten aktuell (Lücke 0.9h) — überspringe.
2026-08-13 07:52:53,399 | DEBUG    | api_backfiller | [api_backfiller] SQM.ETORO: Precision-Fallback price_prec=2, size_prec=2
2026-08-13 07:52:53,488 | INFO     | api_backfiller | [api_backfiller] SQM.ETORO: 35 Candles konvertiert (price_prec=2, size_prec=2).
2026-08-13 07:52:53,497 | DEBUG    | api_backfiller | [api_backfiller] SQM.ETORO: 1976→1941 Zeilen (-35 Duplikate)
2026-08-13 07:52:53,498 | INFO     | api_backfiller | [api_backfiller] SQM.ETORO: 1941 Zeilen gespeichert (price_prec=2, size_prec=2) → data.parquet
2026-08-13 07:52:54,609 | DEBUG    | api_backfiller | [api_backfiller] STX.US.ETORO: Daten aktuell (Lücke 0.9h) — überspringe.
2026-08-13 07:52:54,612 | DEBUG    | api_backfiller | [api_backfiller] TD.ETORO: Precision-Fallback price_prec=2, size_prec=2
2026-08-13 07:52:54,924 | INFO     | api_backfiller | [api_backfiller] TD.ETORO: 35 Candles konvertiert (price_prec=2, size_prec=2).
2026-08-13 07:52:54,932 | DEBUG    | api_backfiller | [api_backfiller] TD.ETORO: 1913→1878 Zeilen (-35 Duplikate)
2026-08-13 07:52:54,934 | INFO     | api_backfiller | [api_backfiller] TD.ETORO: 1878 Zeilen gespeichert (price_prec=2, size_prec=2) → data.parquet
2026-08-13 07:52:56,044 | DEBUG    | api_backfiller | [api_backfiller] TEAM.ETORO: Daten aktuell (Lücke 0.9h) — überspringe.
2026-08-13 07:52:56,053 | DEBUG    | api_backfiller | [api_backfiller] TER.ETORO: Daten aktuell (Lücke 0.9h) — überspringe.
2026-08-13 07:52:56,060 | DEBUG    | api_backfiller | [api_backfiller] TEVA.ETORO: Precision-Fallback price_prec=2, size_prec=2
2026-08-13 07:52:56,164 | INFO     | api_backfiller | [api_backfiller] TEVA.ETORO: 35 Candles konvertiert (price_prec=2, size_prec=2).
2026-08-13 07:52:56,172 | DEBUG    | api_backfiller | [api_backfiller] TEVA.ETORO: 1913→1878 Zeilen (-35 Duplikate)
2026-08-13 07:52:56,174 | INFO     | api_backfiller | [api_backfiller] TEVA.ETORO: 1878 Zeilen gespeichert (price_prec=2, size_prec=2) → data.parquet
2026-08-13 07:52:57,284 | DEBUG    | api_backfiller | [api_backfiller] TME.ETORO: Precision-Fallback price_prec=2, size_prec=2
2026-08-13 07:52:57,481 | INFO     | api_backfiller | [api_backfiller] TME.ETORO: 35 Candles konvertiert (price_prec=2, size_prec=2).
2026-08-13 07:52:57,491 | DEBUG    | api_backfiller | [api_backfiller] TME.ETORO: 1976→1941 Zeilen (-35 Duplikate)
2026-08-13 07:52:57,497 | INFO     | api_backfiller | [api_backfiller] TME.ETORO: 1941 Zeilen gespeichert (price_prec=2, size_prec=2) → data.parquet
2026-08-13 07:52:58,607 | DEBUG    | api_backfiller | [api_backfiller] TSEM.ETORO: Precision-Fallback price_prec=2, size_prec=2
2026-08-13 07:52:58,719 | INFO     | api_backfiller | [api_backfiller] TSEM.ETORO: 35 Candles konvertiert (price_prec=2, size_prec=2).
2026-08-13 07:52:58,726 | DEBUG    | api_backfiller | [api_backfiller] TSEM.ETORO: 1975→1940 Zeilen (-35 Duplikate)
2026-08-13 07:52:58,730 | INFO     | api_backfiller | [api_backfiller] TSEM.ETORO: 1940 Zeilen gespeichert (price_prec=2, size_prec=2) → data.parquet
2026-08-13 07:52:59,841 | DEBUG    | api_backfiller | [api_backfiller] TSLA.ETORO: Daten aktuell (Lücke 0.9h) — überspringe.
2026-08-13 07:52:59,850 | DEBUG    | api_backfiller | [api_backfiller] TTD.ETORO: Daten aktuell (Lücke 0.9h) — überspringe.
2026-08-13 07:52:59,857 | DEBUG    | api_backfiller | [api_backfiller] TTMI.ETORO: Precision-Fallback price_prec=2, size_prec=2
2026-08-13 07:52:59,960 | INFO     | api_backfiller | [api_backfiller] TTMI.ETORO: 35 Candles konvertiert (price_prec=2, size_prec=2).
2026-08-13 07:52:59,968 | DEBUG    | api_backfiller | [api_backfiller] TTMI.ETORO: 1888→1853 Zeilen (-35 Duplikate)
2026-08-13 07:52:59,974 | INFO     | api_backfiller | [api_backfiller] TTMI.ETORO: 1853 Zeilen gespeichert (price_prec=2, size_prec=2) → data.parquet
2026-08-13 07:53:01,084 | DEBUG    | api_backfiller | [api_backfiller] TVTX.ETORO: Precision-Fallback price_prec=2, size_prec=2
2026-08-13 07:53:01,200 | INFO     | api_backfiller | [api_backfiller] TVTX.ETORO: 35 Candles konvertiert (price_prec=2, size_prec=2).
2026-08-13 07:53:01,207 | DEBUG    | api_backfiller | [api_backfiller] TVTX.ETORO: 1725→1690 Zeilen (-35 Duplikate)
2026-08-13 07:53:01,209 | INFO     | api_backfiller | [api_backfiller] TVTX.ETORO: 1690 Zeilen gespeichert (price_prec=2, size_prec=2) → data.parquet
2026-08-13 07:53:02,318 | DEBUG    | api_backfiller | [api_backfiller] TWST.ETORO: Precision-Fallback price_prec=2, size_prec=2
2026-08-13 07:53:02,424 | INFO     | api_backfiller | [api_backfiller] TWST.ETORO: 35 Candles konvertiert (price_prec=2, size_prec=2).
2026-08-13 07:53:02,427 | DEBUG    | api_backfiller | [api_backfiller] TWST.ETORO: 1793→1758 Zeilen (-35 Duplikate)
2026-08-13 07:53:02,429 | INFO     | api_backfiller | [api_backfiller] TWST.ETORO: 1758 Zeilen gespeichert (price_prec=2, size_prec=2) → data.parquet
2026-08-13 07:53:03,538 | DEBUG    | api_backfiller | [api_backfiller] TXG.ETORO: Precision-Fallback price_prec=2, size_prec=2
2026-08-13 07:53:03,632 | INFO     | api_backfiller | [api_backfiller] TXG.ETORO: 35 Candles konvertiert (price_prec=2, size_prec=2).
2026-08-13 07:53:03,640 | DEBUG    | api_backfiller | [api_backfiller] TXG.ETORO: 1793→1758 Zeilen (-35 Duplikate)
2026-08-13 07:53:03,642 | INFO     | api_backfiller | [api_backfiller] TXG.ETORO: 1758 Zeilen gespeichert (price_prec=2, size_prec=2) → data.parquet
2026-08-13 07:53:04,747 | DEBUG    | api_backfiller | [api_backfiller] UPST.ETORO: Precision-Fallback price_prec=2, size_prec=2
2026-08-13 07:53:04,853 | INFO     | api_backfiller | [api_backfiller] UPST.ETORO: 35 Candles konvertiert (price_prec=2, size_prec=2).
2026-08-13 07:53:04,861 | DEBUG    | api_backfiller | [api_backfiller] UPST.ETORO: 1913→1878 Zeilen (-35 Duplikate)
2026-08-13 07:53:04,866 | INFO     | api_backfiller | [api_backfiller] UPST.ETORO: 1878 Zeilen gespeichert (price_prec=2, size_prec=2) → data.parquet
2026-08-13 07:53:05,977 | DEBUG    | api_backfiller | [api_backfiller] USDTRY.ETORO: Daten aktuell (Lücke 0.9h) — überspringe.
2026-08-13 07:53:05,986 | DEBUG    | api_backfiller | [api_backfiller] USDZAR.ETORO: Daten aktuell (Lücke 0.9h) — überspringe.
2026-08-13 07:53:05,995 | DEBUG    | api_backfiller | [api_backfiller] VLO.ETORO: Daten aktuell (Lücke 0.9h) — überspringe.
2026-08-13 07:53:06,003 | DEBUG    | api_backfiller | [api_backfiller] VRT.ETORO: Daten aktuell (Lücke 0.9h) — überspringe.
2026-08-13 07:53:06,010 | DEBUG    | api_backfiller | [api_backfiller] VSH.ETORO: Precision-Fallback price_prec=2, size_prec=2
2026-08-13 07:53:06,112 | INFO     | api_backfiller | [api_backfiller] VSH.ETORO: 35 Candles konvertiert (price_prec=2, size_prec=2).
2026-08-13 07:53:06,122 | DEBUG    | api_backfiller | [api_backfiller] VSH.ETORO: 1830→1795 Zeilen (-35 Duplikate)
2026-08-13 07:53:06,128 | INFO     | api_backfiller | [api_backfiller] VSH.ETORO: 1795 Zeilen gespeichert (price_prec=2, size_prec=2) → data.parquet
2026-08-13 07:53:07,238 | DEBUG    | api_backfiller | [api_backfiller] WBD.ETORO: Daten aktuell (Lücke 0.9h) — überspringe.
2026-08-13 07:53:07,247 | DEBUG    | api_backfiller | [api_backfiller] WDAY.ETORO: Precision-Fallback price_prec=2, size_prec=2
2026-08-13 07:53:07,339 | INFO     | api_backfiller | [api_backfiller] WDAY.ETORO: 102 Candles konvertiert (price_prec=2, size_prec=2).
2026-08-13 07:53:07,347 | DEBUG    | api_backfiller | [api_backfiller] WDAY.ETORO: 2502→2400 Zeilen (-102 Duplikate)
2026-08-13 07:53:07,349 | INFO     | api_backfiller | [api_backfiller] WDAY.ETORO: 2400 Zeilen gespeichert (price_prec=2, size_prec=2) → data.parquet
2026-08-13 07:53:08,459 | DEBUG    | api_backfiller | [api_backfiller] WDC.ETORO: Daten aktuell (Lücke 0.9h) — überspringe.
2026-08-13 07:53:08,467 | DEBUG    | api_backfiller | [api_backfiller] WIX.ETORO: Precision-Fallback price_prec=2, size_prec=2
2026-08-13 07:53:08,575 | INFO     | api_backfiller | [api_backfiller] WIX.ETORO: 44 Candles konvertiert (price_prec=2, size_prec=2).
2026-08-13 07:53:08,583 | DEBUG    | api_backfiller | [api_backfiller] WIX.ETORO: 1995→1951 Zeilen (-44 Duplikate)
2026-08-13 07:53:08,585 | INFO     | api_backfiller | [api_backfiller] WIX.ETORO: 1951 Zeilen gespeichert (price_prec=2, size_prec=2) → data.parquet
2026-08-13 07:53:09,693 | DEBUG    | api_backfiller | [api_backfiller] XOM.ETORO: Daten aktuell (Lücke 0.9h) — überspringe.
2026-08-13 07:53:09,701 | DEBUG    | api_backfiller | [api_backfiller] XPEV.ETORO: Precision-Fallback price_prec=2, size_prec=2
2026-08-13 07:53:09,791 | INFO     | api_backfiller | [api_backfiller] XPEV.ETORO: 35 Candles konvertiert (price_prec=2, size_prec=2).
2026-08-13 07:53:09,799 | DEBUG    | api_backfiller | [api_backfiller] XPEV.ETORO: 1976→1941 Zeilen (-35 Duplikate)
2026-08-13 07:53:09,800 | INFO     | api_backfiller | [api_backfiller] XPEV.ETORO: 1941 Zeilen gespeichert (price_prec=2, size_prec=2) → data.parquet
2026-08-13 07:53:10,912 | DEBUG    | api_backfiller | [api_backfiller] XRP.ETORO: Daten aktuell (Lücke 0.9h) — überspringe.
2026-08-13 07:53:10,919 | DEBUG    | api_backfiller | [api_backfiller] Z.ETORO: Precision-Fallback price_prec=2, size_prec=2
2026-08-13 07:53:11,025 | INFO     | api_backfiller | [api_backfiller] Z.ETORO: 35 Candles konvertiert (price_prec=2, size_prec=2).
2026-08-13 07:53:11,028 | DEBUG    | api_backfiller | [api_backfiller] Z.ETORO: 1913→1878 Zeilen (-35 Duplikate)
2026-08-13 07:53:11,029 | INFO     | api_backfiller | [api_backfiller] Z.ETORO: 1878 Zeilen gespeichert (price_prec=2, size_prec=2) → data.parquet
2026-08-13 07:53:12,140 | DEBUG    | api_backfiller | [api_backfiller] ZS.ETORO: Daten aktuell (Lücke 0.9h) — überspringe.
2026-08-13 07:53:12,149 | DEBUG    | api_backfiller | [api_backfiller] ZTS.ETORO: Daten aktuell (Lücke 0.9h) — überspringe.
2026-08-13 07:53:12,151 | INFO     | api_backfiller | [api_backfiller] Backfill abgeschlossen: 76 Symbole befüllt.
2026-08-13 07:53:12,152 | INFO     | orchestrator | [Phase 2c] API-Backfill: 76 Symbole befüllt.
2026-08-13 07:53:12,213 | INFO     | historical_fetcher | [LQDA.ETORO] Inception-Bound-Check erfolgreich: Volle historische Tiefe (2023-11-30) liegt vor.
2026-08-13 07:53:12,221 | INFO     | historical_fetcher | [KRYS.ETORO] Inception-Bound-Check erfolgreich: Volle historische Tiefe (2023-11-30) liegt vor.
2026-08-13 07:53:12,223 | INFO     | historical_fetcher | [TVTX.ETORO] Inception-Bound-Check erfolgreich: Volle historische Tiefe (2023-11-30) liegt vor.
2026-08-13 07:53:12,232 | INFO     | historical_fetcher | [JOBY.ETORO] Inception-Bound-Check erfolgreich: Volle historische Tiefe (2023-11-30) liegt vor.
2026-08-13 07:53:12,238 | INFO     | historical_fetcher | [CRS.ETORO] Inception-Bound-Check erfolgreich: Volle historische Tiefe (2023-11-30) liegt vor.
2026-08-13 07:53:12,241 | INFO     | historical_fetcher | [ENVA.ETORO] Inception-Bound-Check erfolgreich: Volle historische Tiefe (2023-11-30) liegt vor.
2026-08-13 07:53:12,244 | INFO     | historical_fetcher | [BETA.ETORO] Inception-Bound-Check erfolgreich: Volle historische Tiefe (2025-11-04) liegt vor.
2026-08-13 07:53:12,389 | INFO     | historical_fetcher | [INSW.ETORO] Inception-Bound-Check erfolgreich: Volle historische Tiefe (2023-11-30) liegt vor.
2026-08-13 07:53:12,392 | INFO     | historical_fetcher | [TTMI.ETORO] Inception-Bound-Check erfolgreich: Volle historische Tiefe (2023-12-05) liegt vor.
2026-08-13 07:53:12,394 | INFO     | historical_fetcher | [POWL.ETORO] Inception-Bound-Check erfolgreich: Volle historische Tiefe (2023-11-30) liegt vor.
2026-08-13 07:53:12,398 | INFO     | historical_fetcher | [ESLT.ETORO] Inception-Bound-Check erfolgreich: Volle historische Tiefe (2025-11-20) liegt vor.
2026-08-13 07:53:12,401 | INFO     | historical_fetcher | [BTC.ETORO] Inception-Bound-Check erfolgreich: Volle historische Tiefe (2023-10-22) liegt vor.
2026-08-13 07:53:12,404 | INFO     | historical_fetcher | [ETH.ETORO] Inception-Bound-Check erfolgreich: Volle historische Tiefe (2023-10-22) liegt vor.
2026-08-13 07:53:12,407 | INFO     | historical_fetcher | [XRP.ETORO] Inception-Bound-Check erfolgreich: Volle historische Tiefe (2023-10-22) liegt vor.
2026-08-13 07:53:12,411 | INFO     | historical_fetcher | [ADA.ETORO] Inception-Bound-Check erfolgreich: Volle historische Tiefe (2023-10-22) liegt vor.
2026-08-13 07:53:12,415 | INFO     | historical_fetcher | [DOGE.ETORO] Inception-Bound-Check erfolgreich: Volle historische Tiefe (2023-10-22) liegt vor.
2026-08-13 07:53:12,418 | INFO     | historical_fetcher | [SOL.ETORO] Inception-Bound-Check erfolgreich: Volle historische Tiefe (2023-10-22) liegt vor.
2026-08-13 07:53:12,421 | INFO     | historical_fetcher | [SHIBxM.ETORO] Inception-Bound-Check erfolgreich: Volle historische Tiefe (2023-10-22) liegt vor.
2026-08-13 07:53:12,424 | INFO     | historical_fetcher | [AVAX.ETORO] Inception-Bound-Check erfolgreich: Volle historische Tiefe (2023-10-22) liegt vor.
2026-08-13 07:53:12,431 | INFO     | historical_fetcher | [ONDO.ETORO] Inception-Bound-Check erfolgreich: Volle historische Tiefe (2024-03-26) liegt vor.
2026-08-13 07:53:12,434 | INFO     | historical_fetcher | [AERO.ETORO] Inception-Bound-Check erfolgreich: Volle historische Tiefe (2025-04-17) liegt vor.
2026-08-13 07:53:12,438 | INFO     | historical_fetcher | [HYPE.ETORO] Inception-Bound-Check erfolgreich: Volle historische Tiefe (2025-04-09) liegt vor.
2026-08-13 07:53:12,450 | INFO     | historical_fetcher | [SEI.US.ETORO] Inception-Bound-Check erfolgreich: Volle historische Tiefe (2024-01-24) liegt vor.
2026-08-13 07:53:12,482 | INFO     | historical_fetcher | [NTSK.ETORO] Inception-Bound-Check erfolgreich: Volle historische Tiefe (2025-09-18) liegt vor.
2026-08-13 07:53:12,495 | INFO     | historical_fetcher | [MOD.ETORO] Inception-Bound-Check erfolgreich: Volle historische Tiefe (2023-11-30) liegt vor.
2026-08-13 07:53:12,499 | INFO     | historical_fetcher | [FORM.ETORO] Inception-Bound-Check erfolgreich: Volle historische Tiefe (2023-11-30) liegt vor.
2026-08-13 07:53:12,509 | INFO     | historical_fetcher | [VSH.ETORO] Inception-Bound-Check erfolgreich: Volle historische Tiefe (2023-11-30) liegt vor.
2026-08-13 07:53:12,511 | INFO     | historical_fetcher | [ATRO.ETORO] Inception-Bound-Check erfolgreich: Volle historische Tiefe (2024-01-24) liegt vor.
2026-08-13 07:53:12,515 | INFO     | orchestrator | [Phase 2d] Alle Symbole haben ausreichend Daten — Historical Fetcher übersprungen.
2026-08-13 07:53:12,515 | INFO     | orchestrator | [JSON_EVENT] {"event_type": "PHASE2D_COMPLETE", "timestamp_utc": "2026-08-13T05:53:12.515663+00:00", "insufficient_count": 0, "hist_filled_count": 0}
2026-08-13 07:53:12,515 | INFO     | orchestrator | [JSON_EVENT] {"event_type": "PHASE2_COMPLETE", "timestamp_utc": "2026-08-13T05:53:12.515860+00:00", "merged_instruments": 0, "zips_deleted": 0, "api_filled_count": 76, "hist_filled_count": 0}
2026-08-13 07:53:12,516 | INFO     | orchestrator | ════════════════════════════════════════════════════════════
2026-08-13 07:53:12,516 | INFO     | orchestrator | PHASE 3+4: Matrix-Backtesting & Tournament
2026-08-13 07:53:12,516 | INFO     | orchestrator | ════════════════════════════════════════════════════════════
2026-08-13 07:53:12,517 | INFO     | orchestrator | [Phase 3] Dynamische Config: /home/user/etoro_nautilus/logs/backtest_dynamic_config.json
2026-08-13 07:53:12,517 | INFO     | orchestrator | [Phase 3] Backtest-Kommando: /home/user/etoro_nautilus/venv/bin/python3 /home/user/etoro_nautilus/automation/backtest_runner.py --momentum --catalog-path /home/user/etoro_nautilus/data/nautilus --config /home/user/etoro_nautilus/logs/backtest_dynamic_config.json --output /home/user/etoro_nautilus/logs/tournament_2026-08-13.json
2026-08-13 07:53:12,518 | INFO     | orchestrator | [JSON_EVENT] {"event_type": "BACKTEST_START", "timestamp_utc": "2026-08-13T05:53:12.518016+00:00", "start": "2025-08-18T00:00:00Z", "end": "2026-08-13T00:00:00Z", "walk_forward_active": true}
2026-08-13 07:54:21,735 | WARNING  | orchestrator | Orchestrator manuell abgebrochen (KeyboardInterrupt).
2026-08-13 07:54:21,735 | INFO     | orchestrator | [JSON_EVENT] {"event_type": "ORCHESTRATOR_EXIT", "timestamp_utc": "2026-08-13T05:54:21.735464+00:00", "exit_code": 130}
2026-08-13 07:54:21,735 | INFO     | orchestrator | Orchestrator beendet (Exit-Code: 130).
