2026-05-27 18:08:38,353 | INFO     | orchestrator | ╔════════════════════════════════════════════════════════════╗
2026-05-27 18:08:38,353 | INFO     | orchestrator | ║  eToro Nautilus — Daily Orchestrator v2.0                  ║
2026-05-27 18:08:38,353 | INFO     | orchestrator | ║  Start: 2026-05-27T18:08:38.353706+00:00                    ║
2026-05-27 18:08:38,353 | INFO     | orchestrator | ║  DRY-RUN: JA                                                   ║
2026-05-27 18:08:38,353 | INFO     | orchestrator | ║  Standalone: Kein adapters/-Import                        ║
2026-05-27 18:08:38,353 | INFO     | orchestrator | ╚════════════════════════════════════════════════════════════╝
2026-05-27 18:08:38,354 | INFO     | orchestrator | [JSON_EVENT] {"event_type": "ORCHESTRATOR_START", "timestamp_utc": "2026-05-27T18:08:38.353977+00:00", "dry_run": true, "skip_api_fetch": true, "version": "2.0", "python": "3.12.13 (main, Mar  6 2026, 16:37:31) [GCC 13.3.0]"}
2026-05-27 18:08:38,354 | INFO     | orchestrator | ════════════════════════════════════════════════════════════
2026-05-27 18:08:38,354 | INFO     | orchestrator | PHASE 1: Universe & Mapping
2026-05-27 18:08:38,354 | INFO     | orchestrator | ════════════════════════════════════════════════════════════
2026-05-27 18:08:38,355 | WARNING  | orchestrator | [Phase 1] Universe-Daten sind 275.1h alt (> 24h). Bitte neu fetchen.
2026-05-27 18:08:38,356 | INFO     | orchestrator | [Phase 1] 49 eindeutige Instrumente im Universum.
2026-05-27 18:08:38,356 | INFO     | orchestrator | [JSON_EVENT] {"event_type": "PHASE1_COMPLETE", "timestamp_utc": "2026-05-27T18:08:38.356252+00:00", "universe_size": 49, "unmapped_count": 0}
2026-05-27 18:08:38,356 | INFO     | orchestrator | ════════════════════════════════════════════════════════════
2026-05-27 18:08:38,356 | INFO     | orchestrator | PHASE 2: Datenbeschaffung (Multi-ZIP, Merge, API-Backfill)
2026-05-27 18:08:38,356 | INFO     | orchestrator | ════════════════════════════════════════════════════════════
2026-05-27 18:08:38,356 | INFO     | orchestrator | [Phase 2a] Keine ZIP-Dateien in data/import/ gefunden.
2026-05-27 18:08:38,356 | INFO     | orchestrator | [Phase 2c] API-Backfill übersprungen (--skip-api-fetch).
2026-05-27 18:08:38,357 | INFO     | orchestrator | [JSON_EVENT] {"event_type": "PHASE2_COMPLETE", "timestamp_utc": "2026-05-27T18:08:38.357005+00:00", "merged_instruments": 0, "zips_deleted": 0, "api_filled_count": 0}
2026-05-27 18:08:38,357 | INFO     | orchestrator | ════════════════════════════════════════════════════════════
2026-05-27 18:08:38,357 | INFO     | orchestrator | PHASE 3+4: Matrix-Backtesting & Tournament
2026-05-27 18:08:38,357 | INFO     | orchestrator | ════════════════════════════════════════════════════════════
2026-05-27 18:08:38,357 | INFO     | orchestrator | [Phase 3] Zeitfenster: 2026-05-20T00:00:00+00:00 → 2026-05-27T00:00:00+00:00
2026-05-27 18:08:38,358 | INFO     | orchestrator | [Phase 3] Dynamische Config: /app/logs/backtest_dynamic_config.json
2026-05-27 18:08:38,363 | ERROR    | orchestrator | Unerwarteter Fehler: name '_THIS_DIR' is not defined
Traceback (most recent call last):
  File "/app/automation/daily_orchestrator.py", line 878, in main
    tournament_result = phase3_4_backtest_and_tournament(log, dry_run=args.dry_run)
                        ^^^^^^^^^^^^^^^^^^^^^^^^^^^^^^^^^^^^^^^^^^^^^^^^^^^^^^^^^^^
  File "/app/automation/daily_orchestrator.py", line 602, in phase3_4_backtest_and_tournament
    str(_THIS_DIR / "backtest_runner.py"),
        ^^^^^^^^^
NameError: name '_THIS_DIR' is not defined

2026-05-27 18:08:38,363 | INFO     | orchestrator | [JSON_EVENT] {"event_type": "ORCHESTRATOR_ERROR", "timestamp_utc": "2026-05-27T18:08:38.363555+00:00", "error": "name '_THIS_DIR' is not defined"}
2026-05-27 18:08:38,363 | INFO     | orchestrator | [JSON_EVENT] {"event_type": "ORCHESTRATOR_EXIT", "timestamp_utc": "2026-05-27T18:08:38.363675+00:00", "exit_code": 1}
2026-05-27 18:08:38,363 | INFO     | orchestrator | Orchestrator beendet (Exit-Code: 1).
2026-05-27 18:08:57,760 | INFO     | orchestrator | ╔════════════════════════════════════════════════════════════╗
2026-05-27 18:08:57,761 | INFO     | orchestrator | ║  eToro Nautilus — Daily Orchestrator v2.0                  ║
2026-05-27 18:08:57,761 | INFO     | orchestrator | ║  Start: 2026-05-27T18:08:57.761229+00:00                    ║
2026-05-27 18:08:57,761 | INFO     | orchestrator | ║  DRY-RUN: JA                                                   ║
2026-05-27 18:08:57,761 | INFO     | orchestrator | ║  Standalone: Kein adapters/-Import                        ║
2026-05-27 18:08:57,761 | INFO     | orchestrator | ╚════════════════════════════════════════════════════════════╝
2026-05-27 18:08:57,761 | INFO     | orchestrator | [JSON_EVENT] {"event_type": "ORCHESTRATOR_START", "timestamp_utc": "2026-05-27T18:08:57.761504+00:00", "dry_run": true, "skip_api_fetch": true, "version": "2.0", "python": "3.12.13 (main, Mar  6 2026, 16:37:31) [GCC 13.3.0]"}
2026-05-27 18:08:57,762 | INFO     | orchestrator | ════════════════════════════════════════════════════════════
2026-05-27 18:08:57,762 | INFO     | orchestrator | PHASE 1: Universe & Mapping
2026-05-27 18:08:57,762 | INFO     | orchestrator | ════════════════════════════════════════════════════════════
2026-05-27 18:08:57,763 | WARNING  | orchestrator | [Phase 1] Universe-Daten sind 275.1h alt (> 24h). Bitte neu fetchen.
2026-05-27 18:08:57,763 | INFO     | orchestrator | [Phase 1] 49 eindeutige Instrumente im Universum.
2026-05-27 18:08:57,763 | INFO     | orchestrator | [JSON_EVENT] {"event_type": "PHASE1_COMPLETE", "timestamp_utc": "2026-05-27T18:08:57.763518+00:00", "universe_size": 49, "unmapped_count": 0}
2026-05-27 18:08:57,763 | INFO     | orchestrator | ════════════════════════════════════════════════════════════
2026-05-27 18:08:57,763 | INFO     | orchestrator | PHASE 2: Datenbeschaffung (Multi-ZIP, Merge, API-Backfill)
2026-05-27 18:08:57,764 | INFO     | orchestrator | ════════════════════════════════════════════════════════════
2026-05-27 18:08:57,764 | INFO     | orchestrator | [Phase 2a] Keine ZIP-Dateien in data/import/ gefunden.
2026-05-27 18:08:57,764 | INFO     | orchestrator | [Phase 2c] API-Backfill übersprungen (--skip-api-fetch).
2026-05-27 18:08:57,764 | INFO     | orchestrator | [JSON_EVENT] {"event_type": "PHASE2_COMPLETE", "timestamp_utc": "2026-05-27T18:08:57.764424+00:00", "merged_instruments": 0, "zips_deleted": 0, "api_filled_count": 0}
2026-05-27 18:08:57,764 | INFO     | orchestrator | ════════════════════════════════════════════════════════════
2026-05-27 18:08:57,764 | INFO     | orchestrator | PHASE 3+4: Matrix-Backtesting & Tournament
2026-05-27 18:08:57,764 | INFO     | orchestrator | ════════════════════════════════════════════════════════════
2026-05-27 18:08:57,764 | INFO     | orchestrator | [Phase 3] Zeitfenster: 2026-05-20T00:00:00+00:00 → 2026-05-27T00:00:00+00:00
2026-05-27 18:08:57,765 | INFO     | orchestrator | [Phase 3] Dynamische Config: /app/logs/backtest_dynamic_config.json
2026-05-27 18:08:57,770 | ERROR    | orchestrator | Unerwarteter Fehler: name '_THIS_DIR' is not defined
Traceback (most recent call last):
  File "/app/automation/daily_orchestrator.py", line 878, in main
    tournament_result = phase3_4_backtest_and_tournament(log, dry_run=args.dry_run)
                        ^^^^^^^^^^^^^^^^^^^^^^^^^^^^^^^^^^^^^^^^^^^^^^^^^^^^^^^^^^^
  File "/app/automation/daily_orchestrator.py", line 602, in phase3_4_backtest_and_tournament
    str(_THIS_DIR / "backtest_runner.py"),
        ^^^^^^^^^
NameError: name '_THIS_DIR' is not defined

2026-05-27 18:08:57,770 | INFO     | orchestrator | [JSON_EVENT] {"event_type": "ORCHESTRATOR_ERROR", "timestamp_utc": "2026-05-27T18:08:57.770803+00:00", "error": "name '_THIS_DIR' is not defined"}
2026-05-27 18:08:57,770 | INFO     | orchestrator | [JSON_EVENT] {"event_type": "ORCHESTRATOR_EXIT", "timestamp_utc": "2026-05-27T18:08:57.770921+00:00", "exit_code": 1}
2026-05-27 18:08:57,771 | INFO     | orchestrator | Orchestrator beendet (Exit-Code: 1).
2026-05-27 18:09:17,451 | INFO     | orchestrator | ╔════════════════════════════════════════════════════════════╗
2026-05-27 18:09:17,451 | INFO     | orchestrator | ║  eToro Nautilus — Daily Orchestrator v2.0                  ║
2026-05-27 18:09:17,451 | INFO     | orchestrator | ║  Start: 2026-05-27T18:09:17.451279+00:00                    ║
2026-05-27 18:09:17,451 | INFO     | orchestrator | ║  DRY-RUN: JA                                                   ║
2026-05-27 18:09:17,451 | INFO     | orchestrator | ║  Standalone: Kein adapters/-Import                        ║
2026-05-27 18:09:17,451 | INFO     | orchestrator | ╚════════════════════════════════════════════════════════════╝
2026-05-27 18:09:17,451 | INFO     | orchestrator | [JSON_EVENT] {"event_type": "ORCHESTRATOR_START", "timestamp_utc": "2026-05-27T18:09:17.451551+00:00", "dry_run": true, "skip_api_fetch": true, "version": "2.0", "python": "3.12.13 (main, Mar  6 2026, 16:37:31) [GCC 13.3.0]"}
2026-05-27 18:09:17,452 | INFO     | orchestrator | ════════════════════════════════════════════════════════════
2026-05-27 18:09:17,452 | INFO     | orchestrator | PHASE 1: Universe & Mapping
2026-05-27 18:09:17,452 | INFO     | orchestrator | ════════════════════════════════════════════════════════════
2026-05-27 18:09:17,453 | WARNING  | orchestrator | [Phase 1] Universe-Daten sind 275.1h alt (> 24h). Bitte neu fetchen.
2026-05-27 18:09:17,453 | INFO     | orchestrator | [Phase 1] 49 eindeutige Instrumente im Universum.
2026-05-27 18:09:17,453 | INFO     | orchestrator | [JSON_EVENT] {"event_type": "PHASE1_COMPLETE", "timestamp_utc": "2026-05-27T18:09:17.453678+00:00", "universe_size": 49, "unmapped_count": 0}
2026-05-27 18:09:17,453 | INFO     | orchestrator | ════════════════════════════════════════════════════════════
2026-05-27 18:09:17,453 | INFO     | orchestrator | PHASE 2: Datenbeschaffung (Multi-ZIP, Merge, API-Backfill)
2026-05-27 18:09:17,454 | INFO     | orchestrator | ════════════════════════════════════════════════════════════
2026-05-27 18:09:17,454 | INFO     | orchestrator | [Phase 2a] Keine ZIP-Dateien in data/import/ gefunden.
2026-05-27 18:09:17,454 | INFO     | orchestrator | [Phase 2c] API-Backfill übersprungen (--skip-api-fetch).
2026-05-27 18:09:17,454 | INFO     | orchestrator | [JSON_EVENT] {"event_type": "PHASE2_COMPLETE", "timestamp_utc": "2026-05-27T18:09:17.454445+00:00", "merged_instruments": 0, "zips_deleted": 0, "api_filled_count": 0}
2026-05-27 18:09:17,454 | INFO     | orchestrator | ════════════════════════════════════════════════════════════
2026-05-27 18:09:17,454 | INFO     | orchestrator | PHASE 3+4: Matrix-Backtesting & Tournament
2026-05-27 18:09:17,454 | INFO     | orchestrator | ════════════════════════════════════════════════════════════
2026-05-27 18:09:17,454 | INFO     | orchestrator | [Phase 3] Zeitfenster: 2026-05-20T00:00:00+00:00 → 2026-05-27T00:00:00+00:00
2026-05-27 18:09:17,455 | INFO     | orchestrator | [Phase 3] Dynamische Config: /app/logs/backtest_dynamic_config.json
2026-05-27 18:09:17,455 | INFO     | orchestrator | [Phase 3] Backtest-Kommando: /home/jules/.pyenv/versions/3.12.13/bin/python3 /app/automation/backtest_runner.py --momentum --catalog-path /app/data/nautilus --config /app/logs/backtest_dynamic_config.json --output /app/logs/tournament_2026-05-27.json
2026-05-27 18:09:17,456 | INFO     | orchestrator | [JSON_EVENT] {"event_type": "BACKTEST_START", "timestamp_utc": "2026-05-27T18:09:17.456069+00:00", "start": "2026-05-20T00:00:00+00:00", "end": "2026-05-27T00:00:00+00:00", "capital": 10000.0}
2026-05-27 18:09:17,456 | INFO     | orchestrator | [Phase 3] DRY-RUN: Backtest übersprungen.
2026-05-27 18:09:17,456 | INFO     | orchestrator | [Phase 4] Dummy-Tournament gespeichert: /app/logs/tournament_2026-05-27.json
2026-05-27 18:09:17,456 | INFO     | orchestrator | ════════════════════════════════════════════════════════════
2026-05-27 18:09:17,456 | INFO     | orchestrator | PHASE 5: Live Deployment & Bot-Start
2026-05-27 18:09:17,456 | INFO     | orchestrator | ════════════════════════════════════════════════════════════
2026-05-27 18:09:17,456 | INFO     | orchestrator | [Phase 5] Bot-Kommando: /home/jules/.pyenv/versions/3.12.13/bin/python3 /app/dev_scripts/momentum_ls_run.py --universe /app/data/universe/momentum_ls.json --tournament /app/logs/tournament_2026-05-27.json
2026-05-27 18:09:17,456 | INFO     | orchestrator | [JSON_EVENT] {"event_type": "BOT_START_INITIATED", "timestamp_utc": "2026-05-27T18:09:17.456908+00:00", "cmd": ["/home/jules/.pyenv/versions/3.12.13/bin/python3", "/app/dev_scripts/momentum_ls_run.py", "--universe", "/app/data/universe/momentum_ls.json", "--tournament", "/app/logs/tournament_2026-05-27.json"], "log_file": "/app/logs/live_bot_20260527.log", "tournament": "/app/logs/tournament_2026-05-27.json", "universe": "/app/data/universe/momentum_ls.json", "dry_run": true}
2026-05-27 18:09:17,457 | INFO     | orchestrator | [Phase 5] DRY-RUN: Bot-Subprocess übersprungen.
2026-05-27 18:09:17,457 | INFO     | orchestrator | [JSON_EVENT] {"event_type": "ORCHESTRATOR_EXIT", "timestamp_utc": "2026-05-27T18:09:17.457084+00:00", "exit_code": 0}
2026-05-27 18:09:17,457 | INFO     | orchestrator | Orchestrator beendet (Exit-Code: 0).
2026-05-27 18:21:35,735 | INFO     | orchestrator | ╔════════════════════════════════════════════════════════════╗
2026-05-27 18:21:35,735 | INFO     | orchestrator | ║  eToro Nautilus — Daily Orchestrator v2.0                  ║
2026-05-27 18:21:35,735 | INFO     | orchestrator | ║  Start: 2026-05-27T18:21:35.735840+00:00                    ║
2026-05-27 18:21:35,735 | INFO     | orchestrator | ║  DRY-RUN: JA                                                   ║
2026-05-27 18:21:35,736 | INFO     | orchestrator | ║  Standalone: Kein adapters/-Import                        ║
2026-05-27 18:21:35,736 | INFO     | orchestrator | ╚════════════════════════════════════════════════════════════╝
2026-05-27 18:21:35,736 | INFO     | orchestrator | [JSON_EVENT] {"event_type": "ORCHESTRATOR_START", "timestamp_utc": "2026-05-27T18:21:35.736124+00:00", "dry_run": true, "skip_api_fetch": true, "version": "2.0", "python": "3.12.13 (main, Mar  6 2026, 16:37:31) [GCC 13.3.0]"}
2026-05-27 18:21:35,736 | INFO     | orchestrator | ════════════════════════════════════════════════════════════
2026-05-27 18:21:35,736 | INFO     | orchestrator | PHASE 1: Universe & Mapping
2026-05-27 18:21:35,736 | INFO     | orchestrator | ════════════════════════════════════════════════════════════
2026-05-27 18:21:35,737 | WARNING  | orchestrator | [Phase 1] Universe-Daten sind 275.3h alt (> 24h). Bitte neu fetchen.
2026-05-27 18:21:35,738 | INFO     | orchestrator | [Phase 1] 49 eindeutige Instrumente im Universum.
2026-05-27 18:21:35,738 | INFO     | orchestrator | [JSON_EVENT] {"event_type": "PHASE1_COMPLETE", "timestamp_utc": "2026-05-27T18:21:35.738176+00:00", "universe_size": 49, "unmapped_count": 0}
2026-05-27 18:21:35,738 | INFO     | orchestrator | ════════════════════════════════════════════════════════════
2026-05-27 18:21:35,738 | INFO     | orchestrator | PHASE 2: Datenbeschaffung (Multi-ZIP, Merge, API-Backfill)
2026-05-27 18:21:35,738 | INFO     | orchestrator | ════════════════════════════════════════════════════════════
2026-05-27 18:21:35,738 | INFO     | orchestrator | [Phase 2a] Keine ZIP-Dateien in data/import/ gefunden.
2026-05-27 18:21:35,738 | INFO     | orchestrator | [Phase 2c] API-Backfill übersprungen (--skip-api-fetch).
2026-05-27 18:21:35,738 | INFO     | orchestrator | [JSON_EVENT] {"event_type": "PHASE2_COMPLETE", "timestamp_utc": "2026-05-27T18:21:35.738955+00:00", "merged_instruments": 0, "zips_deleted": 0, "api_filled_count": 0}
2026-05-27 18:21:35,739 | INFO     | orchestrator | ════════════════════════════════════════════════════════════
2026-05-27 18:21:35,739 | INFO     | orchestrator | PHASE 3+4: Matrix-Backtesting & Tournament
2026-05-27 18:21:35,739 | INFO     | orchestrator | ════════════════════════════════════════════════════════════
2026-05-27 18:21:35,739 | INFO     | orchestrator | [Phase 3] Zeitfenster: 2026-05-20T00:00:00+00:00 → 2026-05-27T00:00:00+00:00
2026-05-27 18:21:35,740 | INFO     | orchestrator | [Phase 3] Dynamische Config: /app/logs/backtest_dynamic_config.json
2026-05-27 18:21:35,740 | INFO     | orchestrator | [Phase 3] Backtest-Kommando: /home/jules/.pyenv/versions/3.12.13/bin/python3 /app/automation/backtest_runner.py --momentum --catalog-path /app/data/nautilus --config /app/logs/backtest_dynamic_config.json --output /app/logs/tournament_2026-05-27.json
2026-05-27 18:21:35,740 | INFO     | orchestrator | [JSON_EVENT] {"event_type": "BACKTEST_START", "timestamp_utc": "2026-05-27T18:21:35.740652+00:00", "start": "2026-05-20T00:00:00+00:00", "end": "2026-05-27T00:00:00+00:00", "capital": 10000.0}
2026-05-27 18:21:35,740 | INFO     | orchestrator | [Phase 3] DRY-RUN: Backtest übersprungen.
2026-05-27 18:21:35,741 | INFO     | orchestrator | [Phase 4] Dummy-Tournament gespeichert: /app/logs/tournament_2026-05-27.json
2026-05-27 18:21:35,741 | INFO     | orchestrator | ════════════════════════════════════════════════════════════
2026-05-27 18:21:35,741 | INFO     | orchestrator | PHASE 5: Live Deployment & Bot-Start
2026-05-27 18:21:35,741 | INFO     | orchestrator | ════════════════════════════════════════════════════════════
2026-05-27 18:21:35,741 | INFO     | orchestrator | [Phase 5] Bot-Kommando: /home/jules/.pyenv/versions/3.12.13/bin/python3 /app/dev_scripts/momentum_ls_run.py --universe /app/data/universe/momentum_ls.json --tournament /app/logs/tournament_2026-05-27.json
2026-05-27 18:21:35,741 | INFO     | orchestrator | [JSON_EVENT] {"event_type": "BOT_START_INITIATED", "timestamp_utc": "2026-05-27T18:21:35.741744+00:00", "cmd": ["/home/jules/.pyenv/versions/3.12.13/bin/python3", "/app/dev_scripts/momentum_ls_run.py", "--universe", "/app/data/universe/momentum_ls.json", "--tournament", "/app/logs/tournament_2026-05-27.json"], "log_file": "/app/logs/live_bot_20260527.log", "tournament": "/app/logs/tournament_2026-05-27.json", "universe": "/app/data/universe/momentum_ls.json", "dry_run": true}
2026-05-27 18:21:35,741 | INFO     | orchestrator | [Phase 5] DRY-RUN: Bot-Subprocess übersprungen.
2026-05-27 18:21:35,742 | INFO     | orchestrator | [JSON_EVENT] {"event_type": "ORCHESTRATOR_EXIT", "timestamp_utc": "2026-05-27T18:21:35.742004+00:00", "exit_code": 0}
2026-05-27 18:21:35,742 | INFO     | orchestrator | Orchestrator beendet (Exit-Code: 0).
