🔍 Starte Massen-Analyse im Verzeichnis: data/nautilus/data/quote_tick/ ...

============================================================
📊 ZUSAMMENFASSUNG DER MASSEN-ANALYSE
============================================================
Total .parquet Dateien geprüft: 77
Leere Dateien (0 Ticks/Zeilen): 0
Dateien MIT echten Daten:       77
============================================================

🚀 HIER SIND DIE DATEIEN MIT INHALT:

🟢 E.ETORO | Datei: 2022-04-01T00-00-00-000000000Z_2026-05-19T16-00-00-000000000Z.parquet
   - Anzahl Ticks in dieser Datei: 2000
                                           bid_price                                          ask_price                                           bid_size                                           ask_size             ts_event              ts_init
0  b'\x00p\x19\x1dm\x8e\x13\x04\x00\x00\x00\x00\x...  b'\x00\x10\x9dr\n\x90\x1e\x04\x00\x00\x00\x00\...  b'\x00\x00\xc1o\xf2\x86#\x00\x00\x00\x00\x00\x...  b'\x00\x00\xc1o\xf2\x86#\x00\x00\x00\x00\x00\x...  1648771200000000000  1648771200000000000
1  b'\x00\xb0|o,U\x15\x04\x00\x00\x00\x00\x00\x00...  b'\x00\xc0f\xcf\xfa\x9f\x1f\x04\x00\x00\x00\x0...  b'\x00\x00\xc1o\xf2\x86#\x00\x00\x00\x00\x00\x...  b'\x00\x00\xc1o\xf2\x86#\x00\x00\x00\x00\x00\x...  1649030400000000000  1649030400000000000
2  b'\x00\xe0#\xde\x84\xf9\t\x04\x00\x00\x00\x00\...  b'\x00\x10\xb40>$\x1d\x04\x00\x00\x00\x00\x00\...  b'\x00\x00\xc1o\xf2\x86#\x00\x00\x00\x00\x00\x...  b'\x00\x00\xc1o\xf2\x86#\x00\x00\x00\x00\x00\x...  1649116800000000000  1649116800000000000
------------------------------------------------------------
🟢 FICO.ETORO | Datei: 2022-04-14T00-00-00-000000000Z_2026-05-19T16-00-00-000000000Z.parquet
   - Anzahl Ticks in dieser Datei: 2000
                                           bid_price                                          ask_price                                           bid_size                                           ask_size             ts_event              ts_init
0  b'\x00\x80vh\x17\xae\x1f9\x00\x00\x00\x00\x00\...  b'\x00\x00P\xf5A\x80\xff9\x00\x00\x00\x00\x00\...  b'\x00\x00\xc1o\xf2\x86#\x00\x00\x00\x00\x00\x...  b'\x00\x00\xc1o\xf2\x86#\x00\x00\x00\x00\x00\x...  1649894400000000000  1649894400000000000
1  b'\x00@P\xd2_l\xfd7\x00\x00\x00\x00\x00\x00\x0...  b'\x00@\xe3\xae,\x97\x8f9\x00\x00\x00\x00\x00\...  b'\x00\x00\xc1o\xf2\x86#\x00\x00\x00\x00\x00\x...  b'\x00\x00\xc1o\xf2\x86#\x00\x00\x00\x00\x00\x...  1650240000000000000  1650240000000000000
2  b'\x00\x90G\xa18\xae\xe57\x00\x00\x00\x00\x00\...  b'\x00@m#c\x10\x879\x00\x00\x00\x00\x00\x00\x0...  b'\x00\x00\xc1o\xf2\x86#\x00\x00\x00\x00\x00\x...  b'\x00\x00\xc1o\xf2\x86#\x00\x00\x00\x00\x00\x...  1650326400000000000  1650326400000000000
------------------------------------------------------------
🟢 CRM.ETORO | Datei: 2022-04-13T00-00-00-000000000Z_2026-05-19T16-00-00-000000000Z.parquet
   - Anzahl Ticks in dieser Datei: 3000
                                           bid_price                                          ask_price                                           bid_size                                           ask_size             ts_event              ts_init
0  b'\x00PT\xa8\xc0+>\x1a\x00\x00\x00\x00\x00\x00...  b'\x00 \x82\xf3\xb6bS\x1b\x00\x00\x00\x00\x00\...  b'\x00\x00\xc1o\xf2\x86#\x00\x00\x00\x00\x00\x...  b'\x00\x00\xc1o\xf2\x86#\x00\x00\x00\x00\x00\x...  1649808000000000000  1649808000000000000
1  b'\x00\xe0\x01\xff\xa9j\xb9\x19\x00\x00\x00\x0...  b'\x00@\xb2WT??\x1a\x00\x00\x00\x00\x00\x00\x0...  b'\x00\x00\xc1o\xf2\x86#\x00\x00\x00\x00\x00\x...  b'\x00\x00\xc1o\xf2\x86#\x00\x00\x00\x00\x00\x...  1650240000000000000  1650240000000000000
2  b'\x0008\xa2\xb9Z\xb8\x19\x00\x00\x00\x00\x00\...  b'\x00 h\xe5\x8a\x1a\xa5\x1a\x00\x00\x00\x00\x...  b'\x00\x00\xc1o\xf2\x86#\x00\x00\x00\x00\x00\x...  b'\x00\x00\xc1o\xf2\x86#\x00\x00\x00\x00\x00\x...  1650326400000000000  1650326400000000000
------------------------------------------------------------
🟢 ESLT.ETORO | Datei: 2025-11-16T22-00-00-000000000Z_2026-05-19T16-00-00-000000000Z.parquet
   - Anzahl Ticks in dieser Datei: 986
                                           bid_price                                          ask_price                                           bid_size                                           ask_size             ts_event              ts_init
0  b'\x00\xa0f\xfc\xb3\xc1\x88?\x00\x00\x00\x00\x...  b'\x00P\xec\x8c\xc9\x16\xeaC\x00\x00\x00\x00\x...  b'\x00\x00\xc1o\xf2\x86#\x00\x00\x00\x00\x00\x...  b'\x00\x00\xc1o\xf2\x86#\x00\x00\x00\x00\x00\x...  1763330400000000000  1763330400000000000
1  b'\x00\xb0\xea\x1a\xa6\x05\xbd@\x00\x00\x00\x0...  b'\x00P\xec\x8c\xc9\x16\xeaC\x00\x00\x00\x00\x...  b'\x00\x00\xc1o\xf2\x86#\x00\x00\x00\x00\x00\x...  b'\x00\x00\xc1o\xf2\x86#\x00\x00\x00\x00\x00\x...  1763596800000000000  1763596800000000000
2  b"\x00\x90\xf7'\xce\x19\xcbB\x00\x00\x00\x00\x...  b'\x00\x90i.Z\xde\xbfC\x00\x00\x00\x00\x00\x00...  b'\x00\x00\xc1o\xf2\x86#\x00\x00\x00\x00\x00\x...  b'\x00\x00\xc1o\xf2\x86#\x00\x00\x00\x00\x00\x...  1763647200000000000  1763647200000000000
------------------------------------------------------------
🟢 FISV.ETORO | Datei: 2022-04-13T00-00-00-000000000Z_2026-05-19T16-00-00-000000000Z.parquet
   - Anzahl Ticks in dieser Datei: 2000
                                           bid_price                                          ask_price                                           bid_size                                           ask_size             ts_event              ts_init
0  b'\x00@\x7f\xa6\xe7\xe9\x9c\r\x00\x00\x00\x00\...  b'\x00\xa0q\xcf\xf2\x16\xc6\r\x00\x00\x00\x00\...  b'\x00\x00\xc1o\xf2\x86#\x00\x00\x00\x00\x00\x...  b'\x00\x00\xc1o\xf2\x86#\x00\x00\x00\x00\x00\x...  1649808000000000000  1649808000000000000
1  b'\x00P$\x1de\x05\xba\r\x00\x00\x00\x00\x00\x0...  b'\x00@\x0c\xd6\xa2T\xfb\r\x00\x00\x00\x00\x00...  b'\x00\x00\xc1o\xf2\x86#\x00\x00\x00\x00\x00\x...  b'\x00\x00\xc1o\xf2\x86#\x00\x00\x00\x00\x00\x...  1650240000000000000  1650240000000000000
2  b'\x00\xb0-\xb3Y9\xd3\r\x00\x00\x00\x00\x00\x0...  b'\x00\xf04DR\x8c@\x0e\x00\x00\x00\x00\x00\x00...  b'\x00\x00\xc1o\xf2\x86#\x00\x00\x00\x00\x00\x...  b'\x00\x00\xc1o\xf2\x86#\x00\x00\x00\x00\x00\x...  1650326400000000000  1650326400000000000
------------------------------------------------------------
🟢 MTZ.ETORO | Datei: 2022-04-04T00-00-00-000000000Z_2026-05-19T16-00-00-000000000Z.parquet
   - Anzahl Ticks in dieser Datei: 2000
                                           bid_price                                          ask_price                                           bid_size                                           ask_size             ts_event              ts_init
0  b'\x00\xa0#\xb2\x8f\x96\x8f\x0b\x00\x00\x00\x0...  b'\x00`\xd7G\xeb\xe8\x1d\x0c\x00\x00\x00\x00\x...  b'\x00\x00\xc1o\xf2\x86#\x00\x00\x00\x00\x00\x...  b'\x00\x00\xc1o\xf2\x86#\x00\x00\x00\x00\x00\x...  1649030400000000000  1649030400000000000
1  b'\x00\xb0\xae\r\xc0\x11*\x0b\x00\x00\x00\x00\...  b'\x00\x909\xa3\x0b\xd9\x93\x0b\x00\x00\x00\x0...  b'\x00\x00\xc1o\xf2\x86#\x00\x00\x00\x00\x00\x...  b'\x00\x00\xc1o\xf2\x86#\x00\x00\x00\x00\x00\x...  1649116800000000000  1649116800000000000
2  b'\x00 \xe7W`\xfd\xf1\n\x00\x00\x00\x00\x00\x0...  b'\x00 \xb9pl\x97=\x0b\x00\x00\x00\x00\x00\x00...  b'\x00\x00\xc1o\xf2\x86#\x00\x00\x00\x00\x00\x...  b'\x00\x00\xc1o\xf2\x86#\x00\x00\x00\x00\x00\x...  1649203200000000000  1649203200000000000
------------------------------------------------------------
🟢 CPRT.ETORO | Datei: 2022-04-13T00-00-00-000000000Z_2026-05-19T16-00-00-000000000Z.parquet
   - Anzahl Ticks in dieser Datei: 2000
                                           bid_price                                          ask_price                                           bid_size                                           ask_size             ts_event              ts_init
0  b'\x00P\xd7?\xf5\xd4)\x04\x00\x00\x00\x00\x00\...  b'\x00`A\xc8hf;\x04\x00\x00\x00\x00\x00\x00\x0...  b'\x00\x00\xc1o\xf2\x86#\x00\x00\x00\x00\x00\x...  b'\x00\x00\xc1o\xf2\x86#\x00\x00\x00\x00\x00\x...  1649808000000000000  1649808000000000000
1  b'\x00@\xb2O\x88\xe5\xf6\x03\x00\x00\x00\x00\x...  b'\x00p\xc2\xca\xe6V\x11\x04\x00\x00\x00\x00\x...  b'\x00\x00\xc1o\xf2\x86#\x00\x00\x00\x00\x00\x...  b'\x00\x00\xc1o\xf2\x86#\x00\x00\x00\x00\x00\x...  1650240000000000000  1650240000000000000
2  b'\x00\x00\xe1=Y\xe0\x02\x04\x00\x00\x00\x00\x...  b'\x00\xa0\x8a\x87-\xf7.\x04\x00\x00\x00\x00\x...  b'\x00\x00\xc1o\xf2\x86#\x00\x00\x00\x00\x00\x...  b'\x00\x00\xc1o\xf2\x86#\x00\x00\x00\x00\x00\x...  1650326400000000000  1650326400000000000
------------------------------------------------------------
🟢 SOL.ETORO | Datei: 2023-08-27T00-00-00-000000000Z_2026-05-19T16-00-00-000000000Z.parquet
   - Anzahl Ticks in dieser Datei: 2000
                                           bid_price                                          ask_price                                           bid_size                                           ask_size             ts_event              ts_init
0  b'\x00\x10\x9c\xc9\xac\xce\xc5\x02\x00\x00\x00...  b'\x00\x10\x9a\xf8*W\xdd\x02\x00\x00\x00\x00\x...  b'\x00\x00\xc1o\xf2\x86#\x00\x00\x00\x00\x00\x...  b'\x00\x00\xc1o\xf2\x86#\x00\x00\x00\x00\x00\x...  1693094400000000000  1693094400000000000
1  b'\x00P\xa3\xd2R\xb7\xbe\x02\x00\x00\x00\x00\x...  b'\x00\xb0:\xc3\xaa\x88\xda\x02\x00\x00\x00\x0...  b'\x00\x00\xc1o\xf2\x86#\x00\x00\x00\x00\x00\x...  b'\x00\x00\xc1o\xf2\x86#\x00\x00\x00\x00\x00\x...  1693180800000000000  1693180800000000000
2  b'\x00\xe0\x0b\xc8=1\xc1\x02\x00\x00\x00\x00\x...  b'\x00\x80\x0e(\xf9\x9e\x03\x03\x00\x00\x00\x0...  b'\x00\x00\xc1o\xf2\x86#\x00\x00\x00\x00\x00\x...  b'\x00\x00\xc1o\xf2\x86#\x00\x00\x00\x00\x00\x...  1693267200000000000  1693267200000000000
------------------------------------------------------------
🟢 01211.HK.ETORO | Datei: 2022-03-11T00-00-00-000000000Z_2026-05-19T07-00-00-000000000Z.parquet
   - Anzahl Ticks in dieser Datei: 1996
                                           bid_price                                          ask_price                                           bid_size                                           ask_size             ts_event              ts_init
0  b'\x00\x80V9\xce\x13\xa1\x08\x00\x00\x00\x00\x...  b'\x00@\xe0\xe7\xa4\xd4.\t\x00\x00\x00\x00\x00...  b'\x00\x00\xc1o\xf2\x86#\x00\x00\x00\x00\x00\x...  b'\x00\x00\xc1o\xf2\x86#\x00\x00\x00\x00\x00\x...  1646956800000000000  1646956800000000000
1  b'\x00\xc0\xa1\xe3V\xcc%\x08\x00\x00\x00\x00\x...  b'\x00\x80\x87\x8a\xfc\xdd\xad\x08\x00\x00\x00...  b'\x00\x00\xc1o\xf2\x86#\x00\x00\x00\x00\x00\x...  b'\x00\x00\xc1o\xf2\x86#\x00\x00\x00\x00\x00\x...  1647216000000000000  1647216000000000000
2  b'\x00\xc0\x13\xb0V7\xa0\x07\x00\x00\x00\x00\x...  b'\x00\x00s,\x8e\xae\x7f\x08\x00\x00\x00\x00\x...  b'\x00\x00\xc1o\xf2\x86#\x00\x00\x00\x00\x00\x...  b'\x00\x00\xc1o\xf2\x86#\x00\x00\x00\x00\x00\x...  1647302400000000000  1647302400000000000
------------------------------------------------------------
🟢 TTD.ETORO | Datei: 2022-04-13T00-00-00-000000000Z_2026-05-19T16-00-00-000000000Z.parquet
   - Anzahl Ticks in dieser Datei: 2000
                                           bid_price                                          ask_price                                           bid_size                                           ask_size             ts_event              ts_init
0  b'\x00\xa0\x8dN\xc2\xda\xe7\x08\x00\x00\x00\x0...  b'\x00`[\xd5\x83Hg\t\x00\x00\x00\x00\x00\x00\x...  b'\x00\x00\xc1o\xf2\x86#\x00\x00\x00\x00\x00\x...  b'\x00\x00\xc1o\xf2\x86#\x00\x00\x00\x00\x00\x...  1649808000000000000  1649808000000000000
1  b'\x00\xe0\xbfv\xb6\xdfY\x08\x00\x00\x00\x00\x...  b'\x00\xc0a\x1b\x80\xc8\xd0\x08\x00\x00\x00\x0...  b'\x00\x00\xc1o\xf2\x86#\x00\x00\x00\x00\x00\x...  b'\x00\x00\xc1o\xf2\x86#\x00\x00\x00\x00\x00\x...  1650240000000000000  1650240000000000000
2  b'\x00\x90D;\xa0M|\x08\x00\x00\x00\x00\x00\x00...  b'\x00p\\\xa2;\x9aa\t\x00\x00\x00\x00\x00\x00\...  b'\x00\x00\xc1o\xf2\x86#\x00\x00\x00\x00\x00\x...  b'\x00\x00\xc1o\xf2\x86#\x00\x00\x00\x00\x00\x...  1650326400000000000  1650326400000000000
------------------------------------------------------------
🟢 HUT.ETORO | Datei: 2022-04-01T00-00-00-000000000Z_2026-05-19T16-00-00-000000000Z.parquet
   - Anzahl Ticks in dieser Datei: 2000
                                           bid_price                                          ask_price                                           bid_size                                           ask_size             ts_event              ts_init
0  b'\x00\xb0\xef\x90\xbbw\xc5\x03\x00\x00\x00\x0...  b'\x00\x00\x82p\xc3\xed\xf8\x03\x00\x00\x00\x0...  b'\x00\x00\xc1o\xf2\x86#\x00\x00\x00\x00\x00\x...  b'\x00\x00\xc1o\xf2\x86#\x00\x00\x00\x00\x00\x...  1648771200000000000  1648771200000000000
1  b'\x00\xb0bG\xbe\\\xbe\x03\x00\x00\x00\x00\x00...  b'\x00\x90w\r\x17h\xe5\x03\x00\x00\x00\x00\x00...  b'\x00\x00\xc1o\xf2\x86#\x00\x00\x00\x00\x00\x...  b'\x00\x00\xc1o\xf2\x86#\x00\x00\x00\x00\x00\x...  1649030400000000000  1649030400000000000
2  b'\x00\xa0\xc0\x03s\xc8\x93\x03\x00\x00\x00\x0...  b'\x00 \xfa\xf3g\xfd\xd8\x03\x00\x00\x00\x00\x...  b'\x00\x00\xc1o\xf2\x86#\x00\x00\x00\x00\x00\x...  b'\x00\x00\xc1o\xf2\x86#\x00\x00\x00\x00\x00\x...  1649116800000000000  1649116800000000000
------------------------------------------------------------
🟢 VLO.ETORO | Datei: 2022-04-12T00-00-00-000000000Z_2026-05-19T16-00-00-000000000Z.parquet
   - Anzahl Ticks in dieser Datei: 2000
                                           bid_price                                          ask_price                                           bid_size                                           ask_size             ts_event              ts_init
0  b'\x00@\xf5\xc6$3\xee\r\x00\x00\x00\x00\x00\x0...  b'\x00\x10\xad\xad\xb4\xebw\x0e\x00\x00\x00\x0...  b'\x00\x00\xc1o\xf2\x86#\x00\x00\x00\x00\x00\x...  b'\x00\x00\xc1o\xf2\x86#\x00\x00\x00\x00\x00\x...  1649721600000000000  1649721600000000000
1  b'\x00P\xc8h\xbf\xe9\xf9\r\x00\x00\x00\x00\x00...  b'\x00\xd0\x1b\xdf\x8d\xfcx\x0e\x00\x00\x00\x0...  b'\x00\x00\xc1o\xf2\x86#\x00\x00\x00\x00\x00\x...  b'\x00\x00\xc1o\xf2\x86#\x00\x00\x00\x00\x00\x...  1649808000000000000  1649808000000000000
2  b'\x00\xd0\x1b\x81"\x17\x96\x0e\x00\x00\x00\x0...  b'\x00 \x83A\xdcpP\x0f\x00\x00\x00\x00\x00\x00...  b'\x00\x00\xc1o\xf2\x86#\x00\x00\x00\x00\x00\x...  b'\x00\x00\xc1o\xf2\x86#\x00\x00\x00\x00\x00\x...  1650240000000000000  1650240000000000000
------------------------------------------------------------
🟢 AERO.ETORO | Datei: 2025-04-17T00-00-00-000000000Z_2026-05-19T16-00-00-000000000Z.parquet
   - Anzahl Ticks in dieser Datei: 7399
                                           bid_price                                          ask_price                                           bid_size                                           ask_size             ts_event              ts_init
0  b'\x00\xd0\rO\x13v\r\x00\x00\x00\x00\x00\x00\x...  b'\x00\xf0Z|a\x8c\x0e\x00\x00\x00\x00\x00\x00\...  b'\x00\x00\xc1o\xf2\x86#\x00\x00\x00\x00\x00\x...  b'\x00\x00\xc1o\xf2\x86#\x00\x00\x00\x00\x00\x...  1744848000000000000  1744848000000000000
1  b'\x00\xc0hz*u\r\x00\x00\x00\x00\x00\x00\x00\x...  b'\x00\x00\xd6i\xc5\xfb\r\x00\x00\x00\x00\x00\...  b'\x00\x00\xc1o\xf2\x86#\x00\x00\x00\x00\x00\x...  b'\x00\x00\xc1o\xf2\x86#\x00\x00\x00\x00\x00\x...  1744934400000000000  1744934400000000000
2  b'\x00p\x80\x9d+\x7f\r\x00\x00\x00\x00\x00\x00...  b'\x00\x90\xa3\xe3\xf4\x03\x0e\x00\x00\x00\x00...  b'\x00\x00\xc1o\xf2\x86#\x00\x00\x00\x00\x00\x...  b'\x00\x00\xc1o\xf2\x86#\x00\x00\x00\x00\x00\x...  1745020800000000000  1745020800000000000
------------------------------------------------------------
🟢 NVDA.ETORO | Datei: 2022-04-18T00-00-00-000000000Z_2026-05-19T16-00-00-000000000Z.parquet
   - Anzahl Ticks in dieser Datei: 2000
                                           bid_price                                          ask_price                                           bid_size                                           ask_size             ts_event              ts_init
0  b'\x00\xe0??}*\xec\x02\x00\x00\x00\x00\x00\x00...  b'\x00`\xcb\xe8\xd0\xd5\x0f\x03\x00\x00\x00\x0...  b'\x00\x00\xc1o\xf2\x86#\x00\x00\x00\x00\x00\x...  b'\x00\x00\xc1o\xf2\x86#\x00\x00\x00\x00\x00\x...  1650240000000000000  1650240000000000000
1  b'\x00\xe0\x136,\x94\xf4\x02\x00\x00\x00\x00\x...  b'\x00p\xc2i\xf7\xf4\x19\x03\x00\x00\x00\x00\x...  b'\x00\x00\xc1o\xf2\x86#\x00\x00\x00\x00\x00\x...  b'\x00\x00\xc1o\xf2\x86#\x00\x00\x00\x00\x00\x...  1650326400000000000  1650326400000000000
2  b'\x00\xb0\xad\x1bB\x88\xf0\x02\x00\x00\x00\x0...  b'\x00\x80A=\x88\x88$\x03\x00\x00\x00\x00\x00\...  b'\x00\x00\xc1o\xf2\x86#\x00\x00\x00\x00\x00\x...  b'\x00\x00\xc1o\xf2\x86#\x00\x00\x00\x00\x00\x...  1650412800000000000  1650412800000000000
------------------------------------------------------------
🟢 JNJ.ETORO | Datei: 2022-04-18T00-00-00-000000000Z_2026-05-19T16-00-00-000000000Z.parquet
   - Anzahl Ticks in dieser Datei: 2000
                                           bid_price                                          ask_price                                           bid_size                                           ask_size             ts_event              ts_init
0  b'\x00\xa0\xe0\xbd\xf0\xb4\x80\x18\x00\x00\x00...  b'\x00@g\x1f]5\x01\x19\x00\x00\x00\x00\x00\x00...  b'\x00\x00\xc1o\xf2\x86#\x00\x00\x00\x00\x00\x...  b'\x00\x00\xc1o\xf2\x86#\x00\x00\x00\x00\x00\x...  1650240000000000000  1650240000000000000
1  b'\x00 b_\xdcb\xee\x18\x00\x00\x00\x00\x00\x00...  b'\x00\xb0Z\x90Q\xc6\xc4\x19\x00\x00\x00\x00\x...  b'\x00\x00\xc1o\xf2\x86#\x00\x00\x00\x00\x00\x...  b'\x00\x00\xc1o\xf2\x86#\x00\x00\x00\x00\x00\x...  1650326400000000000  1650326400000000000
2  b'\x00\xf0\x8c\xb8E\xcb6\x19\x00\x00\x00\x00\x...  b'\x00\xd0\\7\xe2\xc1\x8d\x19\x00\x00\x00\x00\...  b'\x00\x00\xc1o\xf2\x86#\x00\x00\x00\x00\x00\x...  b'\x00\x00\xc1o\xf2\x86#\x00\x00\x00\x00\x00\x...  1650412800000000000  1650412800000000000
------------------------------------------------------------
🟢 GLW.ETORO | Datei: 2022-04-13T00-00-00-000000000Z_2026-05-19T16-00-00-000000000Z.parquet
   - Anzahl Ticks in dieser Datei: 2000
                                           bid_price                                          ask_price                                           bid_size                                           ask_size             ts_event              ts_init
0  b'\x00\xb0\xad\x99\xf7\x16\xa5\x04\x00\x00\x00...  b'\x00\xf0>\xb9h\x93\xb2\x04\x00\x00\x00\x00\x...  b'\x00\x00\xc1o\xf2\x86#\x00\x00\x00\x00\x00\x...  b'\x00\x00\xc1o\xf2\x86#\x00\x00\x00\x00\x00\x...  1649808000000000000  1649808000000000000
1  b'\x00\xe0k\x17\xce\xdc\xa6\x04\x00\x00\x00\x0...  b'\x00\x90\xf0\x8am\xbd\xba\x04\x00\x00\x00\x0...  b'\x00\x00\xc1o\xf2\x86#\x00\x00\x00\x00\x00\x...  b'\x00\x00\xc1o\xf2\x86#\x00\x00\x00\x00\x00\x...  1650240000000000000  1650240000000000000
2  b"\x00\xf0'\xfb4\xff\xb3\x04\x00\x00\x00\x00\x...  b'\x00p\x1c\xbe\xaf\xcf\xd1\x04\x00\x00\x00\x0...  b'\x00\x00\xc1o\xf2\x86#\x00\x00\x00\x00\x00\x...  b'\x00\x00\xc1o\xf2\x86#\x00\x00\x00\x00\x00\x...  1650326400000000000  1650326400000000000
------------------------------------------------------------
🟢 ZS.ETORO | Datei: 2022-04-13T00-00-00-000000000Z_2026-05-19T16-00-00-000000000Z.parquet
   - Anzahl Ticks in dieser Datei: 3000
                                           bid_price                                          ask_price                                           bid_size                                           ask_size             ts_event              ts_init
0  b'\x00`\x95Y\x04H\xc8\x1e\x00\x00\x00\x00\x00\...  b'\x00P\x13\xc7Y\xe0\xbf!\x00\x00\x00\x00\x00\...  b'\x00\x00\xc1o\xf2\x86#\x00\x00\x00\x00\x00\x...  b'\x00\x00\xc1o\xf2\x86#\x00\x00\x00\x00\x00\x...  1649808000000000000  1649808000000000000
1  b'\x00@Ky*ib\x1e\x00\x00\x00\x00\x00\x00\x00\x00'  b'\x00 \xf0\xb1\x15;\xc3\x1f\x00\x00\x00\x00\x...  b'\x00\x00\xc1o\xf2\x86#\x00\x00\x00\x00\x00\x...  b'\x00\x00\xc1o\xf2\x86#\x00\x00\x00\x00\x00\x...  1650240000000000000  1650240000000000000
2  b'\x00 \xa5\xd7\x89\x16h\x1e\x00\x00\x00\x00\x...  b'\x00\xa0\x88o\xa0b\x12 \x00\x00\x00\x00\x00\...  b'\x00\x00\xc1o\xf2\x86#\x00\x00\x00\x00\x00\x...  b'\x00\x00\xc1o\xf2\x86#\x00\x00\x00\x00\x00\x...  1650326400000000000  1650326400000000000
------------------------------------------------------------
🟢 INSW.ETORO | Datei: 2023-11-30T00-00-00-000000000Z_2026-05-19T16-00-00-000000000Z.parquet
   - Anzahl Ticks in dieser Datei: 3590
                                           bid_price                                          ask_price                                           bid_size                                           ask_size             ts_event              ts_init
0  b'\x00\x10\xa7\xd1\xc4\x13\x0c\x06\x00\x00\x00...  b'\x00\x80c\xb2\x89\xd4Z\x06\x00\x00\x00\x00\x...  b'\x00\x00\xc1o\xf2\x86#\x00\x00\x00\x00\x00\x...  b'\x00\x00\xc1o\xf2\x86#\x00\x00\x00\x00\x00\x...  1701302400000000000  1701302400000000000
1  b'\x00p\x93C!\xa5A\x06\x00\x00\x00\x00\x00\x00...  b'\x000\x16QFP]\x06\x00\x00\x00\x00\x00\x00\x0...  b'\x00\x00\xc1o\xf2\x86#\x00\x00\x00\x00\x00\x...  b'\x00\x00\xc1o\xf2\x86#\x00\x00\x00\x00\x00\x...  1701734400000000000  1701734400000000000
2  b'\x00\xd0\x12!\xb6*)\x06\x00\x00\x00\x00\x00\...  b'\x00\x80L\xf4U@\\\x06\x00\x00\x00\x00\x00\x0...  b'\x00\x00\xc1o\xf2\x86#\x00\x00\x00\x00\x00\x...  b'\x00\x00\xc1o\xf2\x86#\x00\x00\x00\x00\x00\x...  1701820800000000000  1701820800000000000
------------------------------------------------------------
🟢 DUOL.ETORO | Datei: 2022-04-12T00-00-00-000000000Z_2026-05-19T16-00-00-000000000Z.parquet
   - Anzahl Ticks in dieser Datei: 2000
                                           bid_price                                          ask_price                                           bid_size                                           ask_size             ts_event              ts_init
0  b'\x00\x80\xf6s\x03\xe9\xc1\x0c\x00\x00\x00\x0...  b'\x00\xd0\x8b_\xda\xddj\r\x00\x00\x00\x00\x00...  b'\x00\x00\xc1o\xf2\x86#\x00\x00\x00\x00\x00\x...  b'\x00\x00\xc1o\xf2\x86#\x00\x00\x00\x00\x00\x...  1649721600000000000  1649721600000000000
1  b'\x00\xb0\xcb\ry(\xa5\x0c\x00\x00\x00\x00\x00...  b'\x00\xd0,[<\x0e\xfb\x0c\x00\x00\x00\x00\x00\...  b'\x00\x00\xc1o\xf2\x86#\x00\x00\x00\x00\x00\x...  b'\x00\x00\xc1o\xf2\x86#\x00\x00\x00\x00\x00\x...  1649808000000000000  1649808000000000000
2  b'\x00\xb0\xb1\xffL\xe0\xf6\x0b\x00\x00\x00\x0...  b'\x00`g\x9d\xb7\x82\x9a\x0c\x00\x00\x00\x00\x...  b'\x00\x00\xc1o\xf2\x86#\x00\x00\x00\x00\x00\x...  b'\x00\x00\xc1o\xf2\x86#\x00\x00\x00\x00\x00\x...  1650240000000000000  1650240000000000000
------------------------------------------------------------
🟢 VRT.ETORO | Datei: 2022-04-06T00-00-00-000000000Z_2026-05-19T16-00-00-000000000Z.parquet
   - Anzahl Ticks in dieser Datei: 2000
                                           bid_price                                          ask_price                                           bid_size                                           ask_size             ts_event              ts_init
0  b'\x00 2\xfa\x81\x94\xd7\x01\x00\x00\x00\x00\x...  b'\x00\xd0Ov\xc6T\xe8\x01\x00\x00\x00\x00\x00\...  b'\x00\x00\xc1o\xf2\x86#\x00\x00\x00\x00\x00\x...  b'\x00\x00\xc1o\xf2\x86#\x00\x00\x00\x00\x00\x...  1649203200000000000  1649203200000000000
1  b'\x00\x10\xe8\x0c\x02b\xd6\x01\x00\x00\x00\x0...  b'\x00\xc0A\x88\xb6.\xee\x01\x00\x00\x00\x00\x...  b'\x00\x00\xc1o\xf2\x86#\x00\x00\x00\x00\x00\x...  b'\x00\x00\xc1o\xf2\x86#\x00\x00\x00\x00\x00\x...  1649289600000000000  1649289600000000000
2  b"\x00@\xa6\x8a\xd8'\xd8\x01\x00\x00\x00\x00\x...  b'\x00\x80#p\x92$\xe8\x01\x00\x00\x00\x00\x00\...  b'\x00\x00\xc1o\xf2\x86#\x00\x00\x00\x00\x00\x...  b'\x00\x00\xc1o\xf2\x86#\x00\x00\x00\x00\x00\x...  1649376000000000000  1649376000000000000
------------------------------------------------------------
🟢 ADA.ETORO | Datei: 2023-08-27T00-00-00-000000000Z_2026-05-19T16-00-00-000000000Z.parquet
   - Anzahl Ticks in dieser Datei: 2000
                                           bid_price                                          ask_price                                           bid_size                                           ask_size             ts_event              ts_init
0  b'\x00@\xcb\xf1\xac$\t\x00\x00\x00\x00\x00\x00...  b'\x00(\x12(US\t\x00\x00\x00\x00\x00\x00\x00\x...  b'\x00\x00\xc1o\xf2\x86#\x00\x00\x00\x00\x00\x...  b'\x00\x00\xc1o\xf2\x86#\x00\x00\x00\x00\x00\x...  1693094400000000000  1693094400000000000
1  b'\x00P\x88OM\x0e\t\x00\x00\x00\x00\x00\x00\x0...  b'\x00Pn\r\x9de\t\x00\x00\x00\x00\x00\x00\x00\...  b'\x00\x00\xc1o\xf2\x86#\x00\x00\x00\x00\x00\x...  b'\x00\x00\xc1o\xf2\x86#\x00\x00\x00\x00\x00\x...  1693180800000000000  1693180800000000000
2  b'\x00Pp\xc6\x95%\t\x00\x00\x00\x00\x00\x00\x0...  b'\x00\xd0\xaa\xc9\xa9\xd5\t\x00\x00\x00\x00\x...  b'\x00\x00\xc1o\xf2\x86#\x00\x00\x00\x00\x00\x...  b'\x00\x00\xc1o\xf2\x86#\x00\x00\x00\x00\x00\x...  1693267200000000000  1693267200000000000
------------------------------------------------------------
🟢 NATGAS.ETORO | Datei: 2022-07-04T00-00-00-000000000Z_2026-05-19T16-00-00-000000000Z.parquet
   - Anzahl Ticks in dieser Datei: 2000
                                           bid_price                                          ask_price                                           bid_size                                           ask_size             ts_event              ts_init
0  b'\x00\xc0\xf1\xfa\xc0\x98\xc6\x00\x00\x00\x00...  b'\x00\xc0P\xc8V\x8b\xd0\x00\x00\x00\x00\x00\x...  b'\x00\x00\xc1o\xf2\x86#\x00\x00\x00\x00\x00\x...  b'\x00\x00\xc1o\xf2\x86#\x00\x00\x00\x00\x00\x...  1656892800000000000  1656892800000000000
1  b'\x00\xe0\x8e\x10\xec\xad\xbd\x00\x00\x00\x00...  b"\x00\xe0ciK'\xd0\x00\x00\x00\x00\x00\x00\x00...  b'\x00\x00\xc1o\xf2\x86#\x00\x00\x00\x00\x00\x...  b'\x00\x00\xc1o\xf2\x86#\x00\x00\x00\x00\x00\x...  1656979200000000000  1656979200000000000
2  b'\x00\xa0\xd3Z@-\xbe\x00\x00\x00\x00\x00\x00\...  b'\x00\x802\xb02\x81\xca\x00\x00\x00\x00\x00\x...  b'\x00\x00\xc1o\xf2\x86#\x00\x00\x00\x00\x00\x...  b'\x00\x00\xc1o\xf2\x86#\x00\x00\x00\x00\x00\x...  1657065600000000000  1657065600000000000
------------------------------------------------------------
🟢 CIEN.ETORO | Datei: 2022-04-04T00-00-00-000000000Z_2026-05-19T16-00-00-000000000Z.parquet
   - Anzahl Ticks in dieser Datei: 3000
                                           bid_price                                          ask_price                                           bid_size                                           ask_size             ts_event              ts_init
0  b'\x00\x00f\xba\xebLq\x08\x00\x00\x00\x00\x00\...  b'\x00P\x85A\\\xc3\x8e\x08\x00\x00\x00\x00\x00...  b'\x00\x00\xc1o\xf2\x86#\x00\x00\x00\x00\x00\x...  b'\x00\x00\xc1o\xf2\x86#\x00\x00\x00\x00\x00\x...  1649030400000000000  1649030400000000000
1  b'\x000;\xb2\xccq7\x08\x00\x00\x00\x00\x00\x00...  b'\x00`\x9d\xccG\xa9\x87\x08\x00\x00\x00\x00\x...  b'\x00\x00\xc1o\xf2\x86#\x00\x00\x00\x00\x00\x...  b'\x00\x00\xc1o\xf2\x86#\x00\x00\x00\x00\x00\x...  1649116800000000000  1649116800000000000
2  b'\x00\xe02G\xfbt\xfb\x07\x00\x00\x00\x00\x00\...  b'\x00\xf0\xee\x1dA?4\x08\x00\x00\x00\x00\x00\...  b'\x00\x00\xc1o\xf2\x86#\x00\x00\x00\x00\x00\x...  b'\x00\x00\xc1o\xf2\x86#\x00\x00\x00\x00\x00\x...  1649203200000000000  1649203200000000000
------------------------------------------------------------
🟢 RHM.DE.ETORO | Datei: 2022-05-09T00-00-00-000000000Z_2026-05-19T15-00-00-000000000Z.parquet
   - Anzahl Ticks in dieser Datei: 2000
                                           bid_price                                          ask_price                                           bid_size                                           ask_size             ts_event              ts_init
0  b'\x00\x00\x0c\xb6\xbd\xe3\xd2\x19\x00\x00\x00...  b'\x00@?s\xd5\xf2\x1d\x1d\x00\x00\x00\x00\x00\...  b'\x00\x00\xc1o\xf2\x86#\x00\x00\x00\x00\x00\x...  b'\x00\x00\xc1o\xf2\x86#\x00\x00\x00\x00\x00\x...  1652054400000000000  1652054400000000000
1  b'\x00\xc0\x01\x9e\xc4\xffO\x18\x00\x00\x00\x0...  b'\x00\xc0^i\xd8\x964\x1a\x00\x00\x00\x00\x00\...  b'\x00\x00\xc1o\xf2\x86#\x00\x00\x00\x00\x00\x...  b'\x00\x00\xc1o\xf2\x86#\x00\x00\x00\x00\x00\x...  1652140800000000000  1652140800000000000
2  b'\x00\xc05\xc4\xb9kl\x18\x00\x00\x00\x00\x00\...  b'\x00\xc0\x92\x8f\xcd\x02Q\x1a\x00\x00\x00\x0...  b'\x00\x00\xc1o\xf2\x86#\x00\x00\x00\x00\x00\x...  b'\x00\x00\xc1o\xf2\x86#\x00\x00\x00\x00\x00\x...  1652227200000000000  1652227200000000000
------------------------------------------------------------
🟢 TTMI.ETORO | Datei: 2023-12-05T00-00-00-000000000Z_2026-05-19T16-00-00-000000000Z.parquet
   - Anzahl Ticks in dieser Datei: 1586
                                           bid_price                                          ask_price                                           bid_size                                           ask_size             ts_event              ts_init
0  b'\x00\xb0 \xc2\x9f\x98\x00\x02\x00\x00\x00\x0...  b'\x00\x80\xa7\xcf\xae\x1c\t\x02\x00\x00\x00\x...  b'\x00\x00\xc1o\xf2\x86#\x00\x00\x00\x00\x00\x...  b'\x00\x00\xc1o\xf2\x86#\x00\x00\x00\x00\x00\x...  1701734400000000000  1701734400000000000
1  b'\x00`w\x17C6\xfa\x01\x00\x00\x00\x00\x00\x00...  b'\x00\xf0\xf6\x1b\xac\xd1\t\x02\x00\x00\x00\x...  b'\x00\x00\xc1o\xf2\x86#\x00\x00\x00\x00\x00\x...  b'\x00\x00\xc1o\xf2\x86#\x00\x00\x00\x00\x00\x...  1701820800000000000  1701820800000000000
2  b'\x00\xa0\xa9\xbahM\x0c\x02\x00\x00\x00\x00\x...  b'\x00pG\x86\xabe\x13\x02\x00\x00\x00\x00\x00\...  b'\x00\x00\xc1o\xf2\x86#\x00\x00\x00\x00\x00\x...  b'\x00\x00\xc1o\xf2\x86#\x00\x00\x00\x00\x00\x...  1702339200000000000  1702339200000000000
------------------------------------------------------------
🟢 STX.US.ETORO | Datei: 2022-04-13T00-00-00-000000000Z_2026-05-19T16-00-00-000000000Z.parquet
   - Anzahl Ticks in dieser Datei: 4000
                                           bid_price                                          ask_price                                           bid_size                                           ask_size             ts_event              ts_init
0  b'\x00@\x03^g\xcew\x0b\x00\x00\x00\x00\x00\x00...  b'\x000\xd4Xq\x89\xba\x0b\x00\x00\x00\x00\x00\...  b'\x00\x00\xc1o\xf2\x86#\x00\x00\x00\x00\x00\x...  b'\x00\x00\xc1o\xf2\x86#\x00\x00\x00\x00\x00\x...  1649808000000000000  1649808000000000000
1  b'\x00\x90\xc3\x82\xce\x8fB\x0b\x00\x00\x00\x0...  b'\x00\xb0\r\xc1\x13T\x8b\x0b\x00\x00\x00\x00\...  b'\x00\x00\xc1o\xf2\x86#\x00\x00\x00\x00\x00\x...  b'\x00\x00\xc1o\xf2\x86#\x00\x00\x00\x00\x00\x...  1650240000000000000  1650240000000000000
2  b'\x00@v!\x8b\x0bE\x0b\x00\x00\x00\x00\x00\x00...  b'\x00\x00[\x156\x80\xb4\x0b\x00\x00\x00\x00\x...  b'\x00\x00\xc1o\xf2\x86#\x00\x00\x00\x00\x00\x...  b'\x00\x00\xc1o\xf2\x86#\x00\x00\x00\x00\x00\x...  1650326400000000000  1650326400000000000
------------------------------------------------------------
🟢 ONDO.ETORO | Datei: 2024-03-26T00-00-00-000000000Z_2026-05-19T16-00-00-000000000Z.parquet
   - Anzahl Ticks in dieser Datei: 1787
                                           bid_price                                          ask_price                                           bid_size                                           ask_size             ts_event              ts_init
0  b'\x00`\x15\xa6\xe6\x85\x1d\x00\x00\x00\x00\x0...  b'\x00\xa0\t\xd7\x85\xfe"\x00\x00\x00\x00\x00\...  b'\x00\x00\xc1o\xf2\x86#\x00\x00\x00\x00\x00\x...  b'\x00\x00\xc1o\xf2\x86#\x00\x00\x00\x00\x00\x...  1711411200000000000  1711411200000000000
1  b'\x00@C\xaa\xaa\x0f\x1d\x00\x00\x00\x00\x00\x...  b'\x00@i\xfcL\n!\x00\x00\x00\x00\x00\x00\x00\x...  b'\x00\x00\xc1o\xf2\x86#\x00\x00\x00\x00\x00\x...  b'\x00\x00\xc1o\xf2\x86#\x00\x00\x00\x00\x00\x...  1711497600000000000  1711497600000000000
2  b'\x00\x00\x1dh\xc1\xd7\x1d\x00\x00\x00\x00\x0...  b'\x00\xc0]\x1d3\xc0!\x00\x00\x00\x00\x00\x00\...  b'\x00\x00\xc1o\xf2\x86#\x00\x00\x00\x00\x00\x...  b'\x00\x00\xc1o\xf2\x86#\x00\x00\x00\x00\x00\x...  1711584000000000000  1711584000000000000
------------------------------------------------------------
🟢 WIX.ETORO | Datei: 2022-04-06T00-00-00-000000000Z_2026-05-19T16-00-00-000000000Z.parquet
   - Anzahl Ticks in dieser Datei: 2000
                                           bid_price                                          ask_price                                           bid_size                                           ask_size             ts_event              ts_init
0  b'\x00\x10\xc1(\x11$\x9b\r\x00\x00\x00\x00\x00...  b'\x00Pl\x05d[H\x0e\x00\x00\x00\x00\x00\x00\x0...  b'\x00\x00\xc1o\xf2\x86#\x00\x00\x00\x00\x00\x...  b'\x00\x00\xc1o\xf2\x86#\x00\x00\x00\x00\x00\x...  1649203200000000000  1649203200000000000
1  b'\x0006B{\xcf"\r\x00\x00\x00\x00\x00\x00\x00\...  b'\x00\x00M\xdc^\xca\r\x0e\x00\x00\x00\x00\x00...  b'\x00\x00\xc1o\xf2\x86#\x00\x00\x00\x00\x00\x...  b'\x00\x00\xc1o\xf2\x86#\x00\x00\x00\x00\x00\x...  1649289600000000000  1649289600000000000
2  b'\x00p\xde\xdb\xf6\xaa\xf4\x0c\x00\x00\x00\x0...  b'\x00\xc0\xa1\xff\x0b\x93`\r\x00\x00\x00\x00\...  b'\x00\x00\xc1o\xf2\x86#\x00\x00\x00\x00\x00\x...  b'\x00\x00\xc1o\xf2\x86#\x00\x00\x00\x00\x00\x...  1649376000000000000  1649376000000000000
------------------------------------------------------------
🟢 SNAP.ETORO | Datei: 2022-04-13T00-00-00-000000000Z_2026-05-19T16-00-00-000000000Z.parquet
   - Anzahl Ticks in dieser Datei: 2000
                                           bid_price                                          ask_price                                           bid_size                                           ask_size             ts_event              ts_init
0  b'\x00\x804V\xbc\r\x9f\x04\x00\x00\x00\x00\x00...  b'\x00\x00\xa8\x81\xc0/\xd7\x04\x00\x00\x00\x0...  b'\x00\x00\xc1o\xf2\x86#\x00\x00\x00\x00\x00\x...  b'\x00\x00\xc1o\xf2\x86#\x00\x00\x00\x00\x00\x...  1649808000000000000  1649808000000000000
1  b'\x00@\xe8}\x07\xa6a\x04\x00\x00\x00\x00\x00\...  b'\x00\x804V\xbc\r\x9f\x04\x00\x00\x00\x00\x00...  b'\x00\x00\xc1o\xf2\x86#\x00\x00\x00\x00\x00\x...  b'\x00\x00\xc1o\xf2\x86#\x00\x00\x00\x00\x00\x...  1650240000000000000  1650240000000000000
2  b'\x00\x90L?\x13\xd9z\x04\x00\x00\x00\x00\x00\...  b'\x00\x00\x12[\x03J\xbe\x04\x00\x00\x00\x00\x...  b'\x00\x00\xc1o\xf2\x86#\x00\x00\x00\x00\x00\x...  b'\x00\x00\xc1o\xf2\x86#\x00\x00\x00\x00\x00\x...  1650326400000000000  1650326400000000000
------------------------------------------------------------
🟢 GOOGL.ETORO | Datei: 2022-04-13T00-00-00-000000000Z_2026-05-19T16-00-00-000000000Z.parquet
   - Anzahl Ticks in dieser Datei: 2000
                                           bid_price                                          ask_price                                           bid_size                                           ask_size             ts_event              ts_init
0  b'\x00\xe0O(\xcc\x92\xb4\x11\x00\x00\x00\x00\x...  b'\x00\xd0u\xa4\xda\r\x11\x12\x00\x00\x00\x00\...  b'\x00\x00\xc1o\xf2\x86#\x00\x00\x00\x00\x00\x...  b'\x00\x00\xc1o\xf2\x86#\x00\x00\x00\x00\x00\x...  1649808000000000000  1649808000000000000
1  b'\x00\x90p\x93\x19\xa5}\x11\x00\x00\x00\x00\x...  b'\x00\xa0\x12y\xf9S\xc5\x11\x00\x00\x00\x00\x...  b'\x00\x00\xc1o\xf2\x86#\x00\x00\x00\x00\x00\x...  b'\x00\x00\xc1o\xf2\x86#\x00\x00\x00\x00\x00\x...  1650240000000000000  1650240000000000000
2  b'\x00`G+\x9aB\x99\x11\x00\x00\x00\x00\x00\x00...  b'\x00\x00\x07\xb7\xaf-\x11\x12\x00\x00\x00\x0...  b'\x00\x00\xc1o\xf2\x86#\x00\x00\x00\x00\x00\x...  b'\x00\x00\xc1o\xf2\x86#\x00\x00\x00\x00\x00\x...  1650326400000000000  1650326400000000000
------------------------------------------------------------
🟢 TEAM.ETORO | Datei: 2022-04-13T00-00-00-000000000Z_2026-05-19T16-00-00-000000000Z.parquet
   - Anzahl Ticks in dieser Datei: 2000
                                           bid_price                                          ask_price                                           bid_size                                           ask_size             ts_event              ts_init
0  b'\x00\xe0\xb83\x12D\xe5$\x00\x00\x00\x00\x00\...  b"\x00\x00\t</\xf5\x1e'\x00\x00\x00\x00\x00\x0...  b'\x00\x00\xc1o\xf2\x86#\x00\x00\x00\x00\x00\x...  b'\x00\x00\xc1o\xf2\x86#\x00\x00\x00\x00\x00\x...  1649808000000000000  1649808000000000000
1  b'\x00\x10\x88:\xb8s=#\x00\x00\x00\x00\x00\x00...  b'\x00\xc0W\x88\xe3x\xac$\x00\x00\x00\x00\x00\...  b'\x00\x00\xc1o\xf2\x86#\x00\x00\x00\x00\x00\x...  b'\x00\x00\xc1o\xf2\x86#\x00\x00\x00\x00\x00\x...  1650240000000000000  1650240000000000000
2  b'\x00pc\xe9\xb8A\xa2#\x00\x00\x00\x00\x00\x00...  b'\x00\xa0\x89A\xd4Bz&\x00\x00\x00\x00\x00\x00...  b'\x00\x00\xc1o\xf2\x86#\x00\x00\x00\x00\x00\x...  b'\x00\x00\xc1o\xf2\x86#\x00\x00\x00\x00\x00\x...  1650326400000000000  1650326400000000000
------------------------------------------------------------
🟢 DOCU.ETORO | Datei: 2022-04-04T00-00-00-000000000Z_2026-05-19T16-00-00-000000000Z.parquet
   - Anzahl Ticks in dieser Datei: 2000
                                           bid_price                                          ask_price                                           bid_size                                           ask_size             ts_event              ts_init
0  b'\x00\xa0\xea\xd4\x9b\xd6\x0f\x0f\x00\x00\x00...  b'\x000\xe3\x122\x92\xba\x0f\x00\x00\x00\x00\x...  b'\x00\x00\xc1o\xf2\x86#\x00\x00\x00\x00\x00\x...  b'\x00\x00\xc1o\xf2\x86#\x00\x00\x00\x00\x00\x...  1649030400000000000  1649030400000000000
1  b'\x00p\x88\xba \x9f\xbf\x0e\x00\x00\x00\x00\x...  b'\x00 >\x9c\xb4v\x9d\x0f\x00\x00\x00\x00\x00\...  b'\x00\x00\xc1o\xf2\x86#\x00\x00\x00\x00\x00\x...  b'\x00\x00\xc1o\xf2\x86#\x00\x00\x00\x00\x00\x...  1649116800000000000  1649116800000000000
2  b'\x00@\x0c\xd6\xa2T\xfb\r\x00\x00\x00\x00\x00...  b'\x00\xb00\xa5\xe6\x07\xa0\x0e\x00\x00\x00\x0...  b'\x00\x00\xc1o\xf2\x86#\x00\x00\x00\x00\x00\x...  b'\x00\x00\xc1o\xf2\x86#\x00\x00\x00\x00\x00\x...  1649203200000000000  1649203200000000000
------------------------------------------------------------
🟢 SHIBxM.ETORO | Datei: 2023-08-27T00-00-00-000000000Z_2026-05-19T16-00-00-000000000Z.parquet
   - Anzahl Ticks in dieser Datei: 3000
                                           bid_price                                          ask_price                                           bid_size                                           ask_size             ts_event              ts_init
0  b'\x000\x0b6\x05\xba\x19\x01\x00\x00\x00\x00\x...  b'\x00\xd0\xb3{\x94\xa6\x1e\x01\x00\x00\x00\x0...  b'\x00\x00\xc1o\xf2\x86#\x00\x00\x00\x00\x00\x...  b'\x00\x00\xc1o\xf2\x86#\x00\x00\x00\x00\x00\x...  1693094400000000000  1693094400000000000
1  b'\x00\xd0\r\x01Me\x13\x01\x00\x00\x00\x00\x00...  b'\x00\xa01\xfd-\xed#\x01\x00\x00\x00\x00\x00\...  b'\x00\x00\xc1o\xf2\x86#\x00\x00\x00\x00\x00\x...  b'\x00\x00\xc1o\xf2\x86#\x00\x00\x00\x00\x00\x...  1693180800000000000  1693180800000000000
2  b'\x00`\xe0q\x0f\x14\x1a\x01\x00\x00\x00\x00\x...  b'\x00\xe0/\xcb\xa8%(\x01\x00\x00\x00\x00\x00\...  b'\x00\x00\xc1o\xf2\x86#\x00\x00\x00\x00\x00\x...  b'\x00\x00\xc1o\xf2\x86#\x00\x00\x00\x00\x00\x...  1693267200000000000  1693267200000000000
------------------------------------------------------------
🟢 NOW.ETORO | Datei: 2022-04-13T00-00-00-000000000Z_2026-05-19T16-00-00-000000000Z.parquet
   - Anzahl Ticks in dieser Datei: 6000
                                           bid_price                                          ask_price                                           bid_size                                           ask_size             ts_event              ts_init
0  b'\x00\xb0\xff\xcbe\xd3\x1e\x0e\x00\x00\x00\x0...  b'\x00\xc0\x03G\x81\xbe\xab\x0e\x00\x00\x00\x0...  b'\x00\x00\xc1o\xf2\x86#\x00\x00\x00\x00\x00\x...  b'\x00\x00\xc1o\xf2\x86#\x00\x00\x00\x00\x00\x...  1649808000000000000  1649808000000000000
1  b'\x00\x90\xdf\x81\xc6\xf8\xaa\r\x00\x00\x00\x...  b'\x00\xa0\x80\xa7\x8a\xb2\x05\x0e\x00\x00\x00...  b'\x00\x00\xc1o\xf2\x86#\x00\x00\x00\x00\x00\x...  b'\x00\x00\xc1o\xf2\x86#\x00\x00\x00\x00\x00\x...  1650240000000000000  1650240000000000000
2  b'\x00\xa0\xb6g\xf9\xb8\xa4\r\x00\x00\x00\x00\...  b'\x00\xf00\xa2N\x9do\x0e\x00\x00\x00\x00\x00\...  b'\x00\x00\xc1o\xf2\x86#\x00\x00\x00\x00\x00\x...  b'\x00\x00\xc1o\xf2\x86#\x00\x00\x00\x00\x00\x...  1650326400000000000  1650326400000000000
------------------------------------------------------------
🟢 NVS.ETORO | Datei: 2022-04-04T00-00-00-000000000Z_2026-05-19T16-00-00-000000000Z.parquet
   - Anzahl Ticks in dieser Datei: 4000
                                           bid_price                                          ask_price                                           bid_size                                           ask_size             ts_event              ts_init
0  b'\x00\xd0@\x85N\xb9\x0f\x0c\x00\x00\x00\x00\x...  b'\x00\x00\xa3\xfd4\xd6B\x0c\x00\x00\x00\x00\x...  b'\x00\x00\xc1o\xf2\x86#\x00\x00\x00\x00\x00\x...  b'\x00\x00\xc1o\xf2\x86#\x00\x00\x00\x00\x00\x...  1649030400000000000  1649030400000000000
1  b'\x00 \x8e\x88&X*\x0c\x00\x00\x00\x00\x00\x00...  b'\x00\xc0\xe0.*\xaaE\x0c\x00\x00\x00\x00\x00\...  b'\x00\x00\xc1o\xf2\x86#\x00\x00\x00\x00\x00\x...  b'\x00\x00\xc1o\xf2\x86#\x00\x00\x00\x00\x00\x...  1649116800000000000  1649116800000000000
2  b'\x00`\xda\xbeF\xa5J\x0c\x00\x00\x00\x00\x00\...  b'\x00\xc0\xb5\xcb\xb2X\x92\x0c\x00\x00\x00\x0...  b'\x00\x00\xc1o\xf2\x86#\x00\x00\x00\x00\x00\x...  b'\x00\x00\xc1o\xf2\x86#\x00\x00\x00\x00\x00\x...  1649203200000000000  1649203200000000000
------------------------------------------------------------
🟢 USDZAR.ETORO | Datei: 2022-07-12T00-00-00-000000000Z_2026-05-19T16-00-00-000000000Z.parquet
   - Anzahl Ticks in dieser Datei: 2000
                                           bid_price                                          ask_price                                           bid_size                                           ask_size             ts_event              ts_init
0  b'\x00\xd0,0\xf3\xd8Y\x02\x00\x00\x00\x00\x00\...  b'\x00\xe0\x8b\xb9\xda\x9ab\x02\x00\x00\x00\x0...  b'\x00\x00\xc1o\xf2\x86#\x00\x00\x00\x00\x00\x...  b'\x00\x00\xc1o\xf2\x86#\x00\x00\x00\x00\x00\x...  1657584000000000000  1657584000000000000
1  b'\x00\x10Mj\xe3\xe7V\x02\x00\x00\x00\x00\x00\...  b'\x000=\x8e\xfc*b\x02\x00\x00\x00\x00\x00\x00...  b'\x00\x00\xc1o\xf2\x86#\x00\x00\x00\x00\x00\x...  b'\x00\x00\xc1o\xf2\x86#\x00\x00\x00\x00\x00\x...  1657670400000000000  1657670400000000000
2  b'\x00\xc0\xf9\x00\xa7:W\x02\x00\x00\x00\x00\x...  b'\x00`|E\xde\xb9f\x02\x00\x00\x00\x00\x00\x00...  b'\x00\x00\xc1o\xf2\x86#\x00\x00\x00\x00\x00\x...  b'\x00\x00\xc1o\xf2\x86#\x00\x00\x00\x00\x00\x...  1657756800000000000  1657756800000000000
------------------------------------------------------------
🟢 RIOT.ETORO | Datei: 2022-04-13T00-00-00-000000000Z_2026-05-19T16-00-00-000000000Z.parquet
   - Anzahl Ticks in dieser Datei: 2000
                                           bid_price                                          ask_price                                           bid_size                                           ask_size             ts_event              ts_init
0  b'\x00 \x0b,\xed\xd9 \x02\x00\x00\x00\x00\x00\...  b'\x000\xde\x1e\xd2\x1d;\x02\x00\x00\x00\x00\x...  b'\x00\x00\xc1o\xf2\x86#\x00\x00\x00\x00\x00\x...  b'\x00\x00\xc1o\xf2\x86#\x00\x00\x00\x00\x00\x...  1649808000000000000  1649808000000000000
1  b'\x00\x80pv\x87)\xfa\x01\x00\x00\x00\x00\x00\...  b'\x00P\xb2\x9aE~\x15\x02\x00\x00\x00\x00\x00\...  b'\x00\x00\xc1o\xf2\x86#\x00\x00\x00\x00\x00\x...  b'\x00\x00\xc1o\xf2\x86#\x00\x00\x00\x00\x00\x...  1650240000000000000  1650240000000000000
2  b'\x00\x00|U\xa1s\xf9\x01\x00\x00\x00\x00\x00\...  b'\x00p\x86\t\x98\x86\x1b\x02\x00\x00\x00\x00\...  b'\x00\x00\xc1o\xf2\x86#\x00\x00\x00\x00\x00\x...  b'\x00\x00\xc1o\xf2\x86#\x00\x00\x00\x00\x00\x...  1650326400000000000  1650326400000000000
------------------------------------------------------------
🟢 TSLA.ETORO | Datei: 2022-04-18T00-00-00-000000000Z_2026-05-19T16-00-00-000000000Z.parquet
   - Anzahl Ticks in dieser Datei: 3000
                                           bid_price                                          ask_price                                           bid_size                                           ask_size             ts_event              ts_init
0  b'\x00pGi\xd8\x17\xfe,\x00\x00\x00\x00\x00\x00...  b'\x00@)\xcf\xe4\xa0\xe5.\x00\x00\x00\x00\x00\...  b'\x00\x00\xc1o\xf2\x86#\x00\x00\x00\x00\x00\x...  b'\x00\x00\xc1o\xf2\x86#\x00\x00\x00\x00\x00\x...  1650240000000000000  1650240000000000000
1  b'\x00\x10\x83aM\xaa\x03.\x00\x00\x00\x00\x00\...  b'\x00\xa0\xbc\x98j\x95\xd0/\x00\x00\x00\x00\x...  b'\x00\x00\xc1o\xf2\x86#\x00\x00\x00\x00\x00\x...  b'\x00\x00\xc1o\xf2\x86#\x00\x00\x00\x00\x00\x...  1650326400000000000  1650326400000000000
2  b'\x00\x00\xe0\x9e\x8b\xd9\x11-\x00\x00\x00\x0...  b'\x00\x80\xb9K\x00U\xc3/\x00\x00\x00\x00\x00\...  b'\x00\x00\xc1o\xf2\x86#\x00\x00\x00\x00\x00\x...  b'\x00\x00\xc1o\xf2\x86#\x00\x00\x00\x00\x00\x...  1650412800000000000  1650412800000000000
------------------------------------------------------------
🟢 PEPExM.ETORO | Datei: 2022-07-03T00-00-00-000000000Z_2026-05-19T16-00-00-000000000Z.parquet
   - Anzahl Ticks in dieser Datei: 1599
                                           bid_price                                          ask_price                                           bid_size                                           ask_size             ts_event              ts_init
0  b'\x00\x00\xc1o\xf2\x86#\x00\x00\x00\x00\x00\x...  b'\x00\x00\xc1o\xf2\x86#\x00\x00\x00\x00\x00\x...  b'\x00\x00\xc1o\xf2\x86#\x00\x00\x00\x00\x00\x...  b'\x00\x00\xc1o\xf2\x86#\x00\x00\x00\x00\x00\x...  1656806400000000000  1656806400000000000
1  b'\x00 \xfeK:\xbeF\x01\x00\x00\x00\x00\x00\x00...  b'\x00\x00yI\xd2\xf4\x83\x01\x00\x00\x00\x00\x...  b'\x00\x00\xc1o\xf2\x86#\x00\x00\x00\x00\x00\x...  b'\x00\x00\xc1o\xf2\x86#\x00\x00\x00\x00\x00\x...  1727740800000000000  1727740800000000000
2  b'\x00\xa0\x974m\x18:\x01\x00\x00\x00\x00\x00\...  b'\x00 \xbf\xbb,Ej\x01\x00\x00\x00\x00\x00\x00...  b'\x00\x00\xc1o\xf2\x86#\x00\x00\x00\x00\x00\x...  b'\x00\x00\xc1o\xf2\x86#\x00\x00\x00\x00\x00\x...  1727827200000000000  1727827200000000000
------------------------------------------------------------
🟢 POWL.ETORO | Datei: 2023-11-30T00-00-00-000000000Z_2026-05-19T16-00-00-000000000Z.parquet
   - Anzahl Ticks in dieser Datei: 1590
                                           bid_price                                          ask_price                                           bid_size                                           ask_size             ts_event              ts_init
0  b'\x00\xa0\xf3\xc7\xb7$\xa6\x03\x00\x00\x00\x0...  b'\x00\xa0\xee\x14N\xb3\xd9\x03\x00\x00\x00\x0...  b'\x00\x00\xc1o\xf2\x86#\x00\x00\x00\x00\x00\x...  b'\x00\x00\xc1o\xf2\x86#\x00\x00\x00\x00\x00\x...  1701302400000000000  1701302400000000000
1  b'\x00p\xb6\xba\xf4\x04\r\x04\x00\x00\x00\x00\...  b'\x00 K\xc6GvM\x04\x00\x00\x00\x00\x00\x00\x0...  b'\x00\x00\xc1o\xf2\x86#\x00\x00\x00\x00\x00\x...  b'\x00\x00\xc1o\xf2\x86#\x00\x00\x00\x00\x00\x...  1701734400000000000  1701734400000000000
2  b'\x00p\x0bp}%x\x03\x00\x00\x00\x00\x00\x00\x0...  b'\x00`lo\t\xed(\x04\x00\x00\x00\x00\x00\x00\x...  b'\x00\x00\xc1o\xf2\x86#\x00\x00\x00\x00\x00\x...  b'\x00\x00\xc1o\xf2\x86#\x00\x00\x00\x00\x00\x...  1701820800000000000  1701820800000000000
------------------------------------------------------------
🟢 USDTRY.ETORO | Datei: 2022-07-12T00-00-00-000000000Z_2026-05-19T16-00-00-000000000Z.parquet
   - Anzahl Ticks in dieser Datei: 2000
                                           bid_price                                          ask_price                                           bid_size                                           ask_size             ts_event              ts_init
0  b'\x00(K\xe2\x11\x1a^\x02\x00\x00\x00\x00\x00\...  b'\x008\x87W\xf1\xc7i\x02\x00\x00\x00\x00\x00\...  b'\x00\x00\xc1o\xf2\x86#\x00\x00\x00\x00\x00\x...  b'\x00\x00\xc1o\xf2\x86#\x00\x00\x00\x00\x00\x...  1657584000000000000  1657584000000000000
1  b'\x00h\x84*[8b\x02\x00\x00\x00\x00\x00\x00\x0...  b'\x00`$\xbf\x00\xe9k\x02\x00\x00\x00\x00\x00\...  b'\x00\x00\xc1o\xf2\x86#\x00\x00\x00\x00\x00\x...  b'\x00\x00\xc1o\xf2\x86#\x00\x00\x00\x00\x00\x...  1657670400000000000  1657670400000000000
2  b'\x00(\xc1m\xdb\xa0f\x02\x00\x00\x00\x00\x00\...  b'\x00\xc0/&w\x94m\x02\x00\x00\x00\x00\x00\x00...  b'\x00\x00\xc1o\xf2\x86#\x00\x00\x00\x00\x00\x...  b'\x00\x00\xc1o\xf2\x86#\x00\x00\x00\x00\x00\x...  1657756800000000000  1657756800000000000
------------------------------------------------------------
🟢 WDC.ETORO | Datei: 2022-04-18T00-00-00-000000000Z_2026-05-19T16-00-00-000000000Z.parquet
   - Anzahl Ticks in dieser Datei: 2000
                                           bid_price                                          ask_price                                           bid_size                                           ask_size             ts_event              ts_init
0  b'\x00\xa0\xb2R\xee|a\x06\x00\x00\x00\x00\x00\...  b'\x00`\xf3\xfa>\r\x91\x06\x00\x00\x00\x00\x00...  b'\x00\x00\xc1o\xf2\x86#\x00\x00\x00\x00\x00\x...  b'\x00\x00\xc1o\xf2\x86#\x00\x00\x00\x00\x00\x...  1650240000000000000  1650240000000000000
1  b'\x00\xd0\x14z\x8a\x0c\x86\x06\x00\x00\x00\x0...  b'\x00p\x81U\x1d\xaf\xcc\x06\x00\x00\x00\x00\x...  b'\x00\x00\xc1o\xf2\x86#\x00\x00\x00\x00\x00\x...  b'\x00\x00\xc1o\xf2\x86#\x00\x00\x00\x00\x00\x...  1650326400000000000  1650326400000000000
2  b'\x00\x80\x82s\x1f\x8e\xd5\x06\x00\x00\x00\x0...  b'\x00@\xc3\x1bp\x1e\x05\x07\x00\x00\x00\x00\x...  b'\x00\x00\xc1o\xf2\x86#\x00\x00\x00\x00\x00\x...  b'\x00\x00\xc1o\xf2\x86#\x00\x00\x00\x00\x00\x...  1650412800000000000  1650412800000000000
------------------------------------------------------------
🟢 INSM.ETORO | Datei: 2022-04-30T00-00-00-000000000Z_2026-05-19T16-00-00-000000000Z.parquet
   - Anzahl Ticks in dieser Datei: 1985
                                           bid_price                                          ask_price                                           bid_size                                           ask_size             ts_event              ts_init
0  b"\x00@'i\xfc\x87\x0c\x03\x00\x00\x00\x00\x00\...  b"\x00@'i\xfc\x87\x0c\x03\x00\x00\x00\x00\x00\...  b'\x00\x00\xc1o\xf2\x86#\x00\x00\x00\x00\x00\x...  b'\x00\x00\xc1o\xf2\x86#\x00\x00\x00\x00\x00\x...  1651276800000000000  1651276800000000000
1  b'\x00 \xf7\x01\xdb.\x0c\x03\x00\x00\x00\x00\x...  b"\x00@'i\xfc\x87\x0c\x03\x00\x00\x00\x00\x00\...  b'\x00\x00\xc1o\xf2\x86#\x00\x00\x00\x00\x00\x...  b'\x00\x00\xc1o\xf2\x86#\x00\x00\x00\x00\x00\x...  1651363200000000000  1651363200000000000
2  b'\x00 \x0eo\xc45\xfc\x02\x00\x00\x00\x00\x00\...  b'\x00`C\xe7\xb0\xee\x1d\x03\x00\x00\x00\x00\x...  b'\x00\x00\xc1o\xf2\x86#\x00\x00\x00\x00\x00\x...  b'\x00\x00\xc1o\xf2\x86#\x00\x00\x00\x00\x00\x...  1651449600000000000  1651449600000000000
------------------------------------------------------------
🟢 FSLY.ETORO | Datei: 2022-04-04T00-00-00-000000000Z_2026-05-19T16-00-00-000000000Z.parquet
   - Anzahl Ticks in dieser Datei: 2000
                                           bid_price                                          ask_price                                           bid_size                                           ask_size             ts_event              ts_init
0  b'\x000kN\x8d\x88\x99\x02\x00\x00\x00\x00\x00\...  b'\x00\xb0HS\xd4\xc4\xb8\x02\x00\x00\x00\x00\x...  b'\x00\x00\xc1o\xf2\x86#\x00\x00\x00\x00\x00\x...  b'\x00\x00\xc1o\xf2\x86#\x00\x00\x00\x00\x00\x...  1649030400000000000  1649030400000000000
1  b'\x00\x00\xf2\xb9\x07\xf2\x84\x02\x00\x00\x00...  b'\x00`\xcd$\xdf\x8a\xaf\x02\x00\x00\x00\x00\x...  b'\x00\x00\xc1o\xf2\x86#\x00\x00\x00\x00\x00\x...  b'\x00\x00\xc1o\xf2\x86#\x00\x00\x00\x00\x00\x...  1649116800000000000  1649116800000000000
2  b'\x00\xe0K%\x88\xf7^\x02\x00\x00\x00\x00\x00\...  b'\x00PV\xd9~\n\x81\x02\x00\x00\x00\x00\x00\x0...  b'\x00\x00\xc1o\xf2\x86#\x00\x00\x00\x00\x00\x...  b'\x00\x00\xc1o\xf2\x86#\x00\x00\x00\x00\x00\x...  1649203200000000000  1649203200000000000
------------------------------------------------------------
🟢 CAT.ETORO | Datei: 2022-04-18T00-00-00-000000000Z_2026-05-19T16-00-00-000000000Z.parquet
   - Anzahl Ticks in dieser Datei: 2000
                                           bid_price                                          ask_price                                           bid_size                                           ask_size             ts_event              ts_init
0  b'\x00\xa0@\x87\xa1\x0c\x84\x1f\x00\x00\x00\x0...  b'\x00\xf0bQ\xe9\xde| \x00\x00\x00\x00\x00\x00...  b'\x00\x00\xc1o\xf2\x86#\x00\x00\x00\x00\x00\x...  b'\x00\x00\xc1o\xf2\x86#\x00\x00\x00\x00\x00\x...  1650240000000000000  1650240000000000000
1  b'\x00\x00xH\xb3\xdb\x8b\x1f\x00\x00\x00\x00\x...  b'\x00\xc0\xe9\x1a\xcf-K \x00\x00\x00\x00\x00\...  b'\x00\x00\xc1o\xf2\x86#\x00\x00\x00\x00\x00\x...  b'\x00\x00\xc1o\xf2\x86#\x00\x00\x00\x00\x00\x...  1650326400000000000  1650326400000000000
2  b'\x00@#%\x06\x139 \x00\x00\x00\x00\x00\x00\x0...  b'\x00\x10\xc4Mb7\xc4 \x00\x00\x00\x00\x00\x00...  b'\x00\x00\xc1o\xf2\x86#\x00\x00\x00\x00\x00\x...  b'\x00\x00\xc1o\xf2\x86#\x00\x00\x00\x00\x00\x...  1650412800000000000  1650412800000000000
------------------------------------------------------------
🟢 COHR.ETORO | Datei: 2022-04-04T00-00-00-000000000Z_2026-05-19T16-00-00-000000000Z.parquet
   - Anzahl Ticks in dieser Datei: 7000
                                           bid_price                                          ask_price                                           bid_size                                           ask_size             ts_event              ts_init
0  b'\x00p\xd2d\r\xfe\xcf\t\x00\x00\x00\x00\x00\x...  b'\x00\x10(\xd3\xb6\x99&\n\x00\x00\x00\x00\x00...  b'\x00\x00\xc1o\xf2\x86#\x00\x00\x00\x00\x00\x...  b'\x00\x00\xc1o\xf2\x86#\x00\x00\x00\x00\x00\x...  1649030400000000000  1649030400000000000
1  b'\x00\xd0\x93\xb4\x97\xf6w\t\x00\x00\x00\x00\...  b'\x00P\xfeF\x05\x83\xd8\t\x00\x00\x00\x00\x00...  b'\x00\x00\xc1o\xf2\x86#\x00\x00\x00\x00\x00\x...  b'\x00\x00\xc1o\xf2\x86#\x00\x00\x00\x00\x00\x...  1649116800000000000  1649116800000000000
2  b'\x00\xb0\x1b\xfa\xea\t2\t\x00\x00\x00\x00\x0...  b'\x00\xe08\xda\xca\x84\x86\t\x00\x00\x00\x00\...  b'\x00\x00\xc1o\xf2\x86#\x00\x00\x00\x00\x00\x...  b'\x00\x00\xc1o\xf2\x86#\x00\x00\x00\x00\x00\x...  1649203200000000000  1649203200000000000
------------------------------------------------------------
🟢 BTC.ETORO | Datei: 2023-08-27T00-00-00-000000000Z_2026-05-19T16-00-00-000000000Z.parquet
   - Anzahl Ticks in dieser Datei: 2000
                                           bid_price                                          ask_price                                           bid_size                                           ask_size             ts_event              ts_init
0  b'\x00\xc0\xb8\xees\xe0F\xea\r\x00\x00\x00\x00...  b'\x00\xc0\x81\x10 \x94\xf2\x07\x0e\x00\x00\x0...  b'\x00\x00\xc1o\xf2\x86#\x00\x00\x00\x00\x00\x...  b'\x00\x00\xc1o\xf2\x86#\x00\x00\x00\x00\x00\x...  1693094400000000000  1693094400000000000
1  b'\x00\x80a\x04\xb9\rv\xd9\r\x00\x00\x00\x00\x...  b'\x00\xc0\x7f\xc9c\x9d\x10\x0e\x0e\x00\x00\x0...  b'\x00\x00\xc1o\xf2\x86#\x00\x00\x00\x00\x00\x...  b'\x00\x00\xc1o\xf2\x86#\x00\x00\x00\x00\x00\x...  1693180800000000000  1693180800000000000
2  b'\x00\x00\x0eu\n\xfb]\xe3\r\x00\x00\x00\x00\x...  b'\x00\x80[\t\x86U\xdf\n\x0f\x00\x00\x00\x00\x...  b'\x00\x00\xc1o\xf2\x86#\x00\x00\x00\x00\x00\x...  b'\x00\x00\xc1o\xf2\x86#\x00\x00\x00\x00\x00\x...  1693267200000000000  1693267200000000000
------------------------------------------------------------
🟢 CMG.ETORO | Datei: 2022-04-13T00-00-00-000000000Z_2026-05-19T16-00-00-000000000Z.parquet
   - Anzahl Ticks in dieser Datei: 2000
                                           bid_price                                          ask_price                                           bid_size                                           ask_size             ts_event              ts_init
0  b'\x00P\xce\x04\xca$5\x04\x00\x00\x00\x00\x00\...  b'\x00\xf0\x9f\x13W\xc8j\x04\x00\x00\x00\x00\x...  b'\x00\x00\xc1o\xf2\x86#\x00\x00\x00\x00\x00\x...  b'\x00\x00\xc1o\xf2\x86#\x00\x00\x00\x00\x00\x...  1649808000000000000  1649808000000000000
1  b'\x00\x10\x06\xd0Z\xeaR\x04\x00\x00\x00\x00\x...  b'\x00\x00/\x8c\xbcDv\x04\x00\x00\x00\x00\x00\...  b'\x00\x00\xc1o\xf2\x86#\x00\x00\x00\x00\x00\x...  b'\x00\x00\xc1o\xf2\x86#\x00\x00\x00\x00\x00\x...  1650240000000000000  1650240000000000000
2  b'\x00\xf0\xc8G\xe1\xbcR\x04\x00\x00\x00\x00\x...  b'\x00\xd0DV\xdfu\x8b\x04\x00\x00\x00\x00\x00\...  b'\x00\x00\xc1o\xf2\x86#\x00\x00\x00\x00\x00\x...  b'\x00\x00\xc1o\xf2\x86#\x00\x00\x00\x00\x00\x...  1650326400000000000  1650326400000000000
------------------------------------------------------------
🟢 EEFT.ETORO | Datei: 2022-04-04T00-00-00-000000000Z_2026-05-19T16-00-00-000000000Z.parquet
   - Anzahl Ticks in dieser Datei: 2000
                                           bid_price                                          ask_price                                           bid_size                                           ask_size             ts_event              ts_init
0  b'\x00@`5\x8bW\xae\x11\x00\x00\x00\x00\x00\x00...  b'\x00@L\xba.\x1f\x8b\x12\x00\x00\x00\x00\x00\...  b'\x00\x00\xc1o\xf2\x86#\x00\x00\x00\x00\x00\x...  b'\x00\x00\xc1o\xf2\x86#\x00\x00\x00\x00\x00\x...  1649030400000000000  1649030400000000000
1  b'\x00\x80P\x08P\x16\x1d\x12\x00\x00\x00\x00\x...  b'\x00\xa0\x83{@\xee\x92\x12\x00\x00\x00\x00\x...  b'\x00\x00\xc1o\xf2\x86#\x00\x00\x00\x00\x00\x...  b'\x00\x00\xc1o\xf2\x86#\x00\x00\x00\x00\x00\x...  1649116800000000000  1649116800000000000
2  b'\x00\xe0\x11e\xfbf\x99\x11\x00\x00\x00\x00\x...  b'\x00\xc0\xcav\xaeV\x00\x12\x00\x00\x00\x00\x...  b'\x00\x00\xc1o\xf2\x86#\x00\x00\x00\x00\x00\x...  b'\x00\x00\xc1o\xf2\x86#\x00\x00\x00\x00\x00\x...  1649203200000000000  1649203200000000000
------------------------------------------------------------
🟢 WBD.ETORO | Datei: 2022-04-12T00-00-00-000000000Z_2026-05-19T16-00-00-000000000Z.parquet
   - Anzahl Ticks in dieser Datei: 2000
                                           bid_price                                          ask_price                                           bid_size                                           ask_size             ts_event              ts_init
0  b'\x00`,\x1c\\\x02K\x03\x00\x00\x00\x00\x00\x0...  b'\x00\x80\xa4\x85\xbea\x82\x03\x00\x00\x00\x0...  b'\x00\x00\xc1o\xf2\x86#\x00\x00\x00\x00\x00\x...  b'\x00\x00\xc1o\xf2\x86#\x00\x00\x00\x00\x00\x...  1649721600000000000  1649721600000000000
1  b'\x00\xa0\x8f\xbfeV[\x03\x00\x00\x00\x00\x00\...  b'\x00\xd0~\xc5r\xc3\xcf\x03\x00\x00\x00\x00\x...  b'\x00\x00\xc1o\xf2\x86#\x00\x00\x00\x00\x00\x...  b'\x00\x00\xc1o\xf2\x86#\x00\x00\x00\x00\x00\x...  1649808000000000000  1649808000000000000
2  b'\x00\x80\x00:d}B\x03\x00\x00\x00\x00\x00\x00...  b'\x00\x10\x9a"\x12\xdcn\x03\x00\x00\x00\x00\x...  b'\x00\x00\xc1o\xf2\x86#\x00\x00\x00\x00\x00\x...  b'\x00\x00\xc1o\xf2\x86#\x00\x00\x00\x00\x00\x...  1650240000000000000  1650240000000000000
------------------------------------------------------------
🟢 XPEV.ETORO | Datei: 2022-04-04T00-00-00-000000000Z_2026-05-19T16-00-00-000000000Z.parquet
   - Anzahl Ticks in dieser Datei: 4000
                                           bid_price                                          ask_price                                           bid_size                                           ask_size             ts_event              ts_init
0  b'\x00\xb0ND\x0f\xba&\x04\x00\x00\x00\x00\x00\...  b'\x00\x00\x85+H\xdf_\x04\x00\x00\x00\x00\x00\...  b'\x00\x00\xc1o\xf2\x86#\x00\x00\x00\x00\x00\x...  b'\x00\x00\xc1o\xf2\x86#\x00\x00\x00\x00\x00\x...  1649030400000000000  1649030400000000000
1  b'\x00\x00\xf8L\xd7\x01\x10\x04\x00\x00\x00\x0...  b'\x00\xa0Mj6\x10X\x04\x00\x00\x00\x00\x00\x00...  b'\x00\x00\xc1o\xf2\x86#\x00\x00\x00\x00\x00\x...  b'\x00\x00\xc1o\xf2\x86#\x00\x00\x00\x00\x00\x...  1649116800000000000  1649116800000000000
2  b'\x00\xc0\xc22V.\xd1\x03\x00\x00\x00\x00\x00\...  b'\x00\x90\xbf\xbe\r\xe1\r\x04\x00\x00\x00\x00...  b'\x00\x00\xc1o\xf2\x86#\x00\x00\x00\x00\x00\x...  b'\x00\x00\xc1o\xf2\x86#\x00\x00\x00\x00\x00\x...  1649203200000000000  1649203200000000000
------------------------------------------------------------
🟢 MU.ETORO | Datei: 2022-04-18T00-00-00-000000000Z_2026-05-19T16-00-00-000000000Z.parquet
   - Anzahl Ticks in dieser Datei: 2000
                                           bid_price                                          ask_price                                           bid_size                                           ask_size             ts_event              ts_init
0  b'\x00\x10\xc9\xce\x18\xca\xb6\t\x00\x00\x00\x...  b'\x00\xb0\x1e\xecw\xd8\xfe\t\x00\x00\x00\x00\...  b'\x00\x00\xc1o\xf2\x86#\x00\x00\x00\x00\x00\x...  b'\x00\x00\xc1o\xf2\x86#\x00\x00\x00\x00\x00\x...  1650240000000000000  1650240000000000000
1  b'\x000XT\x1a\xa3\xcf\t\x00\x00\x00\x00\x00\x0...  b'\x00\xb0\xf0b\xefW-\n\x00\x00\x00\x00\x00\x0...  b'\x00\x00\xc1o\xf2\x86#\x00\x00\x00\x00\x00\x...  b'\x00\x00\xc1o\xf2\x86#\x00\x00\x00\x00\x00\x...  1650326400000000000  1650326400000000000
2  b'\x00\x80IR\x02\x99\x1b\n\x00\x00\x00\x00\x00...  b'\x00 \x88\xa4\x0c\xbb\x90\n\x00\x00\x00\x00\...  b'\x00\x00\xc1o\xf2\x86#\x00\x00\x00\x00\x00\x...  b'\x00\x00\xc1o\xf2\x86#\x00\x00\x00\x00\x00\x...  1650412800000000000  1650412800000000000
------------------------------------------------------------
🟢 HUBS.ETORO | Datei: 2022-04-04T00-00-00-000000000Z_2026-05-19T16-00-00-000000000Z.parquet
   - Anzahl Ticks in dieser Datei: 2000
                                           bid_price                                          ask_price                                           bid_size                                           ask_size             ts_event              ts_init
0  b'\x00\xf0E\xc4\xd9\xa9\x8eC\x00\x00\x00\x00\x...  b'\x00p\xd3\xdc\xae\x04!G\x00\x00\x00\x00\x00\...  b'\x00\x00\xc1o\xf2\x86#\x00\x00\x00\x00\x00\x...  b'\x00\x00\xc1o\xf2\x86#\x00\x00\x00\x00\x00\x...  1649030400000000000  1649030400000000000
1  b'\x00\xb0Ll\xb8\x0c\xc8@\x00\x00\x00\x00\x00\...  b'\x00P\x10Hv\xf3\x7fE\x00\x00\x00\x00\x00\x00...  b'\x00\x00\xc1o\xf2\x86#\x00\x00\x00\x00\x00\x...  b'\x00\x00\xc1o\xf2\x86#\x00\x00\x00\x00\x00\x...  1649116800000000000  1649116800000000000
2  b'\x00 \x03}\x9d\xe7\xfc<\x00\x00\x00\x00\x00\...  b'\x00\x80\xb9\xc9\x06.\x05@\x00\x00\x00\x00\x...  b'\x00\x00\xc1o\xf2\x86#\x00\x00\x00\x00\x00\x...  b'\x00\x00\xc1o\xf2\x86#\x00\x00\x00\x00\x00\x...  1649203200000000000  1649203200000000000
------------------------------------------------------------
🟢 HAL.ETORO | Datei: 2022-04-13T00-00-00-000000000Z_2026-05-19T16-00-00-000000000Z.parquet
   - Anzahl Ticks in dieser Datei: 2000
                                           bid_price                                          ask_price                                           bid_size                                           ask_size             ts_event              ts_init
0  b'\x00\xd0\x84\xfa\xd6\xedw\x05\x00\x00\x00\x0...  b'\x00\x80\xdbBY3\x9d\x05\x00\x00\x00\x00\x00\...  b'\x00\x00\xc1o\xf2\x86#\x00\x00\x00\x00\x00\x...  b'\x00\x00\xc1o\xf2\x86#\x00\x00\x00\x00\x00\x...  1649808000000000000  1649808000000000000
1  b'\x00P4\xd4\x00\x8f\xa8\x05\x00\x00\x00\x00\x...  b'\x00@\x1c<\xf4P\xdb\x05\x00\x00\x00\x00\x00\...  b'\x00\x00\xc1o\xf2\x86#\x00\x00\x00\x00\x00\x...  b'\x00\x00\xc1o\xf2\x86#\x00\x00\x00\x00\x00\x...  1650240000000000000  1650240000000000000
2  b'\x00 \x8d\x14^]\xa5\x05\x00\x00\x00\x00\x00\...  b'\x00\xd0\xe3\xfet\xbd\xe7\x05\x00\x00\x00\x0...  b'\x00\x00\xc1o\xf2\x86#\x00\x00\x00\x00\x00\x...  b'\x00\x00\xc1o\xf2\x86#\x00\x00\x00\x00\x00\x...  1650326400000000000  1650326400000000000
------------------------------------------------------------
🟢 ADBE.ETORO | Datei: 2022-04-18T00-00-00-000000000Z_2026-05-19T16-00-00-000000000Z.parquet
   - Anzahl Ticks in dieser Datei: 2000
                                           bid_price                                          ask_price                                           bid_size                                           ask_size             ts_event              ts_init
0  b'\x00\x90\xeaL\xc1F\n:\x00\x00\x00\x00\x00\x0...  b'\x00\xc0\xae\x0c\x1d\x8f\x88;\x00\x00\x00\x0...  b'\x00\x00\xc1o\xf2\x86#\x00\x00\x00\x00\x00\x...  b'\x00\x00\xc1o\xf2\x86#\x00\x00\x00\x00\x00\x...  1650240000000000000  1650240000000000000
1  b'\x00\xe0 \x85D\xf9Q:\x00\x00\x00\x00\x00\x00...  b'\x00@J\xbc4\x85\xa4<\x00\x00\x00\x00\x00\x00...  b'\x00\x00\xc1o\xf2\x86#\x00\x00\x00\x00\x00\x...  b'\x00\x00\xc1o\xf2\x86#\x00\x00\x00\x00\x00\x...  1650326400000000000  1650326400000000000
2  b'\x00\x90zn\t\x805;\x00\x00\x00\x00\x00\x00\x...  b'\x00\x90\xf6\x14\xf5\x80==\x00\x00\x00\x00\x...  b'\x00\x00\xc1o\xf2\x86#\x00\x00\x00\x00\x00\x...  b'\x00\x00\xc1o\xf2\x86#\x00\x00\x00\x00\x00\x...  1650412800000000000  1650412800000000000
------------------------------------------------------------
🟢 ETH.ETORO | Datei: 2023-08-27T00-00-00-000000000Z_2026-05-19T16-00-00-000000000Z.parquet
   - Anzahl Ticks in dieser Datei: 2000
                                           bid_price                                          ask_price                                           bid_size                                           ask_size             ts_event              ts_init
0  b'\x00\xb0\x02\xed>\xca\xdd\xe1\x00\x00\x00\x0...  b'\x00p\xc5\xa1\xdfi\xfa\xe3\x00\x00\x00\x00\x...  b'\x00\x00\xc1o\xf2\x86#\x00\x00\x00\x00\x00\x...  b'\x00\x00\xc1o\xf2\x86#\x00\x00\x00\x00\x00\x...  1693094400000000000  1693094400000000000
1  b'\x00\x80q\xd1\xdd4\xa0\xde\x00\x00\x00\x00\x...  b'\x00\xe0\xfa\xfcv\x03\n\xe4\x00\x00\x00\x00\...  b'\x00\x00\xc1o\xf2\x86#\x00\x00\x00\x00\x00\x...  b'\x00\x00\xc1o\xf2\x86#\x00\x00\x00\x00\x00\x...  1693180800000000000  1693180800000000000
2  b"\x00\xe0'\xf4_\xf6\x16\xe1\x00\x00\x00\x00\x...  b'\x00\xa0\x0f\x93;\xd2\x91\xef\x00\x00\x00\x0...  b'\x00\x00\xc1o\xf2\x86#\x00\x00\x00\x00\x00\x...  b'\x00\x00\xc1o\xf2\x86#\x00\x00\x00\x00\x00\x...  1693267200000000000  1693267200000000000
------------------------------------------------------------
🟢 MNDY.ETORO | Datei: 2022-04-01T00-00-00-000000000Z_2026-05-19T16-00-00-000000000Z.parquet
   - Anzahl Ticks in dieser Datei: 4000
                                           bid_price                                          ask_price                                           bid_size                                           ask_size             ts_event              ts_init
0  b'\x00\xf0\xf3\x11\xa1\xb3\xb3\x15\x00\x00\x00...  b'\x00\xa0\xf19\x9f\xc6\x02\x17\x00\x00\x00\x0...  b'\x00\x00\xc1o\xf2\x86#\x00\x00\x00\x00\x00\x...  b'\x00\x00\xc1o\xf2\x86#\x00\x00\x00\x00\x00\x...  1648771200000000000  1648771200000000000
1  b"\x00\x10\xceq.\xb1'\x17\x00\x00\x00\x00\x00\...  b'\x00\x100\n\xeei\x81\x18\x00\x00\x00\x00\x00...  b'\x00\x00\xc1o\xf2\x86#\x00\x00\x00\x00\x00\x...  b'\x00\x00\xc1o\xf2\x86#\x00\x00\x00\x00\x00\x...  1649030400000000000  1649030400000000000
2  b'\x00\x90wg>\xb5\xbe\x15\x00\x00\x00\x00\x00\...  b'\x00\xa0jLi\xde \x18\x00\x00\x00\x00\x00\x00...  b'\x00\x00\xc1o\xf2\x86#\x00\x00\x00\x00\x00\x...  b'\x00\x00\xc1o\xf2\x86#\x00\x00\x00\x00\x00\x...  1649116800000000000  1649116800000000000
------------------------------------------------------------
🟢 ACN.ETORO | Datei: 2022-04-13T00-00-00-000000000Z_2026-05-19T16-00-00-000000000Z.parquet
   - Anzahl Ticks in dieser Datei: 2000
                                           bid_price                                          ask_price                                           bid_size                                           ask_size             ts_event              ts_init
0  b'\x00\xb0]\x13\x0e\xbf\xd0,\x00\x00\x00\x00\x...  b'\x00\xa0\xa4.U\xc3d-\x00\x00\x00\x00\x00\x00...  b'\x00\x00\xc1o\xf2\x86#\x00\x00\x00\x00\x00\x...  b'\x00\x00\xc1o\xf2\x86#\x00\x00\x00\x00\x00\x...  1649808000000000000  1649808000000000000
1  b'\x00\xf0\xff\x19\xba\x8a\x17+\x00\x00\x00\x0...  b'\x00\x90\xceI\xe3\xb0},\x00\x00\x00\x00\x00\...  b'\x00\x00\xc1o\xf2\x86#\x00\x00\x00\x00\x00\x...  b'\x00\x00\xc1o\xf2\x86#\x00\x00\x00\x00\x00\x...  1650240000000000000  1650240000000000000
2  b'\x00\x00\xd3\x0c\x9f\xce1+\x00\x00\x00\x00\x...  b'\x00\xa0\xcf\x16\x9b\x02x,\x00\x00\x00\x00\x...  b'\x00\x00\xc1o\xf2\x86#\x00\x00\x00\x00\x00\x...  b'\x00\x00\xc1o\xf2\x86#\x00\x00\x00\x00\x00\x...  1650326400000000000  1650326400000000000
------------------------------------------------------------
🟢 PINS.ETORO | Datei: 2022-04-04T00-00-00-000000000Z_2026-05-19T16-00-00-000000000Z.parquet
   - Anzahl Ticks in dieser Datei: 2000
                                           bid_price                                          ask_price                                           bid_size                                           ask_size             ts_event              ts_init
0  b'\x00p\xa3\xb8\x06\x10\x88\x03\x00\x00\x00\x0...  b'\x00\x90\xedG\x96a\xdf\x03\x00\x00\x00\x00\x...  b'\x00\x00\xc1o\xf2\x86#\x00\x00\x00\x00\x00\x...  b'\x00\x00\xc1o\xf2\x86#\x00\x00\x00\x00\x00\x...  1649030400000000000  1649030400000000000
1  b'\x00\xd0\xda\xcabl\x9e\x03\x00\x00\x00\x00\x...  b'\x00\x10\xf9\xd5e\x1e\xd0\x03\x00\x00\x00\x0...  b'\x00\x00\xc1o\xf2\x86#\x00\x00\x00\x00\x00\x...  b'\x00\x00\xc1o\xf2\x86#\x00\x00\x00\x00\x00\x...  1649116800000000000  1649116800000000000
2  b'\x00PB\r\xd8DO\x03\x00\x00\x00\x00\x00\x00\x...  b'\x00p\xd14n8\x85\x03\x00\x00\x00\x00\x00\x00...  b'\x00\x00\xc1o\xf2\x86#\x00\x00\x00\x00\x00\x...  b'\x00\x00\xc1o\xf2\x86#\x00\x00\x00\x00\x00\x...  1649203200000000000  1649203200000000000
------------------------------------------------------------
🟢 HYPE.ETORO | Datei: 2025-04-09T00-00-00-000000000Z_2026-05-19T16-00-00-000000000Z.parquet
   - Anzahl Ticks in dieser Datei: 1250
                                           bid_price                                          ask_price                                           bid_size                                           ask_size             ts_event              ts_init
0  b'\x00\x00\x0c=]S\xaa\x01\x00\x00\x00\x00\x00\...  b'\x00\x00\x0c=]S\xaa\x01\x00\x00\x00\x00\x00\...  b'\x00\x00\xc1o\xf2\x86#\x00\x00\x00\x00\x00\x...  b'\x00\x00\xc1o\xf2\x86#\x00\x00\x00\x00\x00\x...  1744156800000000000  1744156800000000000
1  b'\x00\x00\x0c=]S\xaa\x01\x00\x00\x00\x00\x00\...  b'\x00\x00\x0c=]S\xaa\x01\x00\x00\x00\x00\x00\...  b'\x00\x00\xc1o\xf2\x86#\x00\x00\x00\x00\x00\x...  b'\x00\x00\xc1o\xf2\x86#\x00\x00\x00\x00\x00\x...  1744243200000000000  1744243200000000000
2  b'\x00\xc0\xb9\xa2K\x0e7\x07\x00\x00\x00\x00\x...  b'\x00@\xba\x17MKv\x07\x00\x00\x00\x00\x00\x00...  b'\x00\x00\xc1o\xf2\x86#\x00\x00\x00\x00\x00\x...  b'\x00\x00\xc1o\xf2\x86#\x00\x00\x00\x00\x00\x...  1757894400000000000  1757894400000000000
------------------------------------------------------------
🟢 AVAX.ETORO | Datei: 2023-08-27T00-00-00-000000000Z_2026-05-19T16-00-00-000000000Z.parquet
   - Anzahl Ticks in dieser Datei: 2000
                                           bid_price                                          ask_price                                           bid_size                                           ask_size             ts_event              ts_init
0  b'\x00\x80\xc3\xb8\xf9\xb7_\x01\x00\x00\x00\x0...  b'\x00\x00.e\xa9\xf4h\x01\x00\x00\x00\x00\x00\...  b'\x00\x00\xc1o\xf2\x86#\x00\x00\x00\x00\x00\x...  b'\x00\x00\xc1o\xf2\x86#\x00\x00\x00\x00\x00\x...  1693094400000000000  1693094400000000000
1  b'\x00\xc0\x82\x03\x88\xcf[\x01\x00\x00\x00\x0...  b'\x00\x00\xd2l\xda\xa3n\x01\x00\x00\x00\x00\x...  b'\x00\x00\xc1o\xf2\x86#\x00\x00\x00\x00\x00\x...  b'\x00\x00\xc1o\xf2\x86#\x00\x00\x00\x00\x00\x...  1693180800000000000  1693180800000000000
2  b'\x00\x00E#\xdd\x88g\x01\x00\x00\x00\x00\x00\...  b'\x00\xc0\xa2@\x10I\x89\x01\x00\x00\x00\x00\x...  b'\x00\x00\xc1o\xf2\x86#\x00\x00\x00\x00\x00\x...  b'\x00\x00\xc1o\xf2\x86#\x00\x00\x00\x00\x00\x...  1693267200000000000  1693267200000000000
------------------------------------------------------------
🟢 LRCX.ETORO | Datei: 2022-04-13T00-00-00-000000000Z_2026-05-19T16-00-00-000000000Z.parquet
   - Anzahl Ticks in dieser Datei: 2000
                                           bid_price                                          ask_price                                           bid_size                                           ask_size             ts_event              ts_init
0  b'\x00\xe0\xbf\x05"\xa9y\x06\x00\x00\x00\x00\x...  b'\x00\xe0\xaa\\\x99\xc1\x9d\x06\x00\x00\x00\x...  b'\x00\x00\xc1o\xf2\x86#\x00\x00\x00\x00\x00\x...  b'\x00\x00\xc1o\xf2\x86#\x00\x00\x00\x00\x00\x...  1649808000000000000  1649808000000000000
1  b'\x00`\xd1\xa8\x0b\xe7@\x06\x00\x00\x00\x00\x...  b'\x00\x00)9\x81\x87\x8e\x06\x00\x00\x00\x00\x...  b'\x00\x00\xc1o\xf2\x86#\x00\x00\x00\x00\x00\x...  b'\x00\x00\xc1o\xf2\x86#\x00\x00\x00\x00\x00\x...  1650240000000000000  1650240000000000000
2  b'\x00P\xf6 \xd57v\x06\x00\x00\x00\x00\x00\x00...  b'\x00\x80\xd8\xc1`\x9b\xb0\x06\x00\x00\x00\x0...  b'\x00\x00\xc1o\xf2\x86#\x00\x00\x00\x00\x00\x...  b'\x00\x00\xc1o\xf2\x86#\x00\x00\x00\x00\x00\x...  1650326400000000000  1650326400000000000
------------------------------------------------------------
🟢 PLTR.ETORO | Datei: 2022-04-13T00-00-00-000000000Z_2026-05-19T16-00-00-000000000Z.parquet
   - Anzahl Ticks in dieser Datei: 5000
                                           bid_price                                          ask_price                                           bid_size                                           ask_size             ts_event              ts_init
0  b'\x00\xe0\x1aY(\x1b\xb2\x01\x00\x00\x00\x00\x...  b'\x00\xc0\x15\x8c\x86\xf0\xca\x01\x00\x00\x00...  b'\x00\x00\xc1o\xf2\x86#\x00\x00\x00\x00\x00\x...  b'\x00\x00\xc1o\xf2\x86#\x00\x00\x00\x00\x00\x...  1649808000000000000  1649808000000000000
1  b'\x00PS\x96\xa7\xae\xa5\x01\x00\x00\x00\x00\x...  b'\x00@i\xd8m~\xb8\x01\x00\x00\x00\x00\x00\x00...  b'\x00\x00\xc1o\xf2\x86#\x00\x00\x00\x00\x00\x...  b'\x00\x00\xc1o\xf2\x86#\x00\x00\x00\x00\x00\x...  1650240000000000000  1650240000000000000
2  b'\x00\xf0\x1b&\xe0l\xac\x01\x00\x00\x00\x00\x...  b'\x00\xf0\xd6\x8d\xd9\xca\xcd\x01\x00\x00\x00...  b'\x00\x00\xc1o\xf2\x86#\x00\x00\x00\x00\x00\x...  b'\x00\x00\xc1o\xf2\x86#\x00\x00\x00\x00\x00\x...  1650326400000000000  1650326400000000000
------------------------------------------------------------
🟢 TSEM.ETORO | Datei: 2022-04-04T00-00-00-000000000Z_2026-05-19T16-00-00-000000000Z.parquet
   - Anzahl Ticks in dieser Datei: 4000
                                           bid_price                                          ask_price                                           bid_size                                           ask_size             ts_event              ts_init
0  b'\x00@\xf1\x02d\x84\xb9\x06\x00\x00\x00\x00\x...  b'\x00p\x98\x13QC\xcb\x06\x00\x00\x00\x00\x00\...  b'\x00\x00\xc1o\xf2\x86#\x00\x00\x00\x00\x00\x...  b'\x00\x00\xc1o\xf2\x86#\x00\x00\x00\x00\x00\x...  1649030400000000000  1649030400000000000
1  b'\x00\x80\xb0M\xf2\x9b\xb5\x06\x00\x00\x00\x0...  b'\x00\xd0\xfd\xff\x7f\xad\xc1\x06\x00\x00\x00...  b'\x00\x00\xc1o\xf2\x86#\x00\x00\x00\x00\x00\x...  b'\x00\x00\xc1o\xf2\x86#\x00\x00\x00\x00\x00\x...  1649116800000000000  1649116800000000000
2  b'\x00p\xaf/\xf0\xbc\xac\x06\x00\x00\x00\x00\x...  b'\x00p\x98\xc2\x06\xb6\xbc\x06\x00\x00\x00\x0...  b'\x00\x00\xc1o\xf2\x86#\x00\x00\x00\x00\x00\x...  b'\x00\x00\xc1o\xf2\x86#\x00\x00\x00\x00\x00\x...  1649203200000000000  1649203200000000000
------------------------------------------------------------
🟢 LULU.ETORO | Datei: 2022-04-13T00-00-00-000000000Z_2026-05-19T16-00-00-000000000Z.parquet
   - Anzahl Ticks in dieser Datei: 2000
                                           bid_price                                          ask_price                                           bid_size                                           ask_size             ts_event              ts_init
0  b'\x00\xb0J\x19\x9b\xd9\x064\x00\x00\x00\x00\x...  b'\x00\xf0\xe7\xaf\xf5\x0297\x00\x00\x00\x00\x...  b'\x00\x00\xc1o\xf2\x86#\x00\x00\x00\x00\x00\x...  b'\x00\x00\xc1o\xf2\x86#\x00\x00\x00\x00\x00\x...  1649808000000000000  1649808000000000000
1  b'\x00\xa0\xd9zL\x19\x0c5\x00\x00\x00\x00\x00\...  b'\x00\x90Q\xa6\x1c/\x876\x00\x00\x00\x00\x00\...  b'\x00\x00\xc1o\xf2\x86#\x00\x00\x00\x00\x00\x...  b'\x00\x00\xc1o\xf2\x86#\x00\x00\x00\x00\x00\x...  1650240000000000000  1650240000000000000
2  b'\x00\xd0\xcb\xa9\xee1\xb36\x00\x00\x00\x00\x...  b'\x00\xe01\xbd\xc9\xd5\x998\x00\x00\x00\x00\x...  b'\x00\x00\xc1o\xf2\x86#\x00\x00\x00\x00\x00\x...  b'\x00\x00\xc1o\xf2\x86#\x00\x00\x00\x00\x00\x...  1650326400000000000  1650326400000000000
------------------------------------------------------------
🟢 XRP.ETORO | Datei: 2023-08-27T00-00-00-000000000Z_2026-05-19T16-00-00-000000000Z.parquet
   - Anzahl Ticks in dieser Datei: 2000
                                           bid_price                                          ask_price                                           bid_size                                           ask_size             ts_event              ts_init
0  b'\x00\xb8\x00q\xcfS\x12\x00\x00\x00\x00\x00\x...  b'\x008\x04l\x06\x9e\x12\x00\x00\x00\x00\x00\x...  b'\x00\x00\xc1o\xf2\x86#\x00\x00\x00\x00\x00\x...  b'\x00\x00\xc1o\xf2\x86#\x00\x00\x00\x00\x00\x...  1693094400000000000  1693094400000000000
1  b'\x00P\xe4\x98f\xec\x11\x00\x00\x00\x00\x00\x...  b'\x00\xd0\xe5\xda\xa4v\x12\x00\x00\x00\x00\x0...  b'\x00\x00\xc1o\xf2\x86#\x00\x00\x00\x00\x00\x...  b'\x00\x00\xc1o\xf2\x86#\x00\x00\x00\x00\x00\x...  1693180800000000000  1693180800000000000
2  b'\x00\xa0K\x19i\x02\x12\x00\x00\x00\x00\x00\x...  b'\x00\xf0z\xa3\x19G\x13\x00\x00\x00\x00\x00\x...  b'\x00\x00\xc1o\xf2\x86#\x00\x00\x00\x00\x00\x...  b'\x00\x00\xc1o\xf2\x86#\x00\x00\x00\x00\x00\x...  1693267200000000000  1693267200000000000
------------------------------------------------------------
🟢 ROP.ZU.ETORO | Datei: 2022-04-07T00-00-00-000000000Z_2026-05-19T15-00-00-000000000Z.parquet
   - Anzahl Ticks in dieser Datei: 2000
                                           bid_price                                          ask_price                                           bid_size                                           ask_size             ts_event              ts_init
0  b'\x00\x00\xfb\xd5=\x88_6\x00\x00\x00\x00\x00\...  b'\x00@\x1b\xc2g\x86b7\x00\x00\x00\x00\x00\x00...  b'\x00\x00\xc1o\xf2\x86#\x00\x00\x00\x00\x00\x...  b'\x00\x00\xc1o\xf2\x86#\x00\x00\x00\x00\x00\x...  1649289600000000000  1649289600000000000
1  b'\x00@9+\xea\x0b\x936\x00\x00\x00\x00\x00\x00...  b'\x00\x80\x98\xa7!\x83r7\x00\x00\x00\x00\x00\...  b'\x00\x00\xc1o\xf2\x86#\x00\x00\x00\x00\x00\x...  b'\x00\x00\xc1o\xf2\x86#\x00\x00\x00\x00\x00\x...  1649376000000000000  1649376000000000000
2  b'\x00\xc0E\xf4\x06\xd0\x107\x00\x00\x00\x00\x...  b'\x00\xc0\x8c\x02\xa8\x80\t8\x00\x00\x00\x00\...  b'\x00\x00\xc1o\xf2\x86#\x00\x00\x00\x00\x00\x...  b'\x00\x00\xc1o\xf2\x86#\x00\x00\x00\x00\x00\x...  1649635200000000000  1649635200000000000
------------------------------------------------------------
🟢 WDAY.ETORO | Datei: 2022-04-13T00-00-00-000000000Z_2026-05-19T16-00-00-000000000Z.parquet
   - Anzahl Ticks in dieser Datei: 2000
                                           bid_price                                          ask_price                                           bid_size                                           ask_size             ts_event              ts_init
0  b'\x00\xb0\x86\xa86\xcb"\x1f\x00\x00\x00\x00\x...  b'\x000~\x0c\xf4\xdc\xfe\x1f\x00\x00\x00\x00\x...  b'\x00\x00\xc1o\xf2\x86#\x00\x00\x00\x00\x00\x...  b'\x00\x00\xc1o\xf2\x86#\x00\x00\x00\x00\x00\x...  1649808000000000000  1649808000000000000
1  b'\x00\xd0\x0f\xec\xb2!\xbf\x1d\x00\x00\x00\x0...  b'\x00\x90S\x86\x90\x80\xbb\x1e\x00\x00\x00\x0...  b'\x00\x00\xc1o\xf2\x86#\x00\x00\x00\x00\x00\x...  b'\x00\x00\xc1o\xf2\x86#\x00\x00\x00\x00\x00\x...  1650240000000000000  1650240000000000000
2  b'\x00`\xa9%\xab\r\xfa\x1d\x00\x00\x00\x00\x00...  b'\x00`\xf4\xae\xec\xa4F\x1f\x00\x00\x00\x00\x...  b'\x00\x00\xc1o\xf2\x86#\x00\x00\x00\x00\x00\x...  b'\x00\x00\xc1o\xf2\x86#\x00\x00\x00\x00\x00\x...  1650326400000000000  1650326400000000000
------------------------------------------------------------
🟢 PBR.ETORO | Datei: 2022-04-06T00-00-00-000000000Z_2026-05-19T16-00-00-000000000Z.parquet
   - Anzahl Ticks in dieser Datei: 2000
                                           bid_price                                          ask_price                                           bid_size                                           ask_size             ts_event              ts_init
0  b'\x00@\ru\x12\xf0\x06\x02\x00\x00\x00\x00\x00...  b'\x00\x00|\xf75\x8e\x16\x02\x00\x00\x00\x00\x...  b'\x00\x00\xc1o\xf2\x86#\x00\x00\x00\x00\x00\x...  b'\x00\x00\xc1o\xf2\x86#\x00\x00\x00\x00\x00\x...  1649203200000000000  1649203200000000000
1  b'\x00 \x0b\xdb\xa2L\x12\x02\x00\x00\x00\x00\x...  b'\x00\x90\x15>O\xd2%\x02\x00\x00\x00\x00\x00\...  b'\x00\x00\xc1o\xf2\x86#\x00\x00\x00\x00\x00\x...  b'\x00\x00\xc1o\xf2\x86#\x00\x00\x00\x00\x00\x...  1649289600000000000  1649289600000000000
2  b'\x00\xa0-\xc9:\xb8\x1e\x02\x00\x00\x00\x00\x...  b'\x00`\x9cK^V.\x02\x00\x00\x00\x00\x00\x00\x0...  b'\x00\x00\xc1o\xf2\x86#\x00\x00\x00\x00\x00\x...  b'\x00\x00\xc1o\xf2\x86#\x00\x00\x00\x00\x00\x...  1649376000000000000  1649376000000000000
------------------------------------------------------------
🟢 PALL.ETORO | Datei: 2022-04-04T00-00-00-000000000Z_2026-05-19T16-00-00-000000000Z.parquet
   - Anzahl Ticks in dieser Datei: 2000
                                           bid_price                                          ask_price                                           bid_size                                           ask_size             ts_event              ts_init
0  b'\x00\xf0\xf8p\xeb\xd0\xcf\x05\x00\x00\x00\x0...  b'\x00\xc0d|.\xb7\xeb\x05\x00\x00\x00\x00\x00\...  b'\x00\x00\xc1o\xf2\x86#\x00\x00\x00\x00\x00\x...  b'\x00\x00\xc1o\xf2\x86#\x00\x00\x00\x00\x00\x...  1649030400000000000  1649030400000000000
1  b"\x00\x90\xc5\xa2'~\xa7\x05\x00\x00\x00\x00\x...  b'\x00\xd0e\x9a0\x96\xf4\x05\x00\x00\x00\x00\x...  b'\x00\x00\xc1o\xf2\x86#\x00\x00\x00\x00\x00\x...  b'\x00\x00\xc1o\xf2\x86#\x00\x00\x00\x00\x00\x...  1649116800000000000  1649116800000000000
2  b'\x00\x80\tnv\xce\x8b\x05\x00\x00\x00\x00\x00...  b'\x00\xe0i\xf8\x85T\xc4\x05\x00\x00\x00\x00\x...  b'\x00\x00\xc1o\xf2\x86#\x00\x00\x00\x00\x00\x...  b'\x00\x00\xc1o\xf2\x86#\x00\x00\x00\x00\x00\x...  1649203200000000000  1649203200000000000
------------------------------------------------------------
🟢 CHTR.ETORO | Datei: 2022-04-13T00-00-00-000000000Z_2026-05-19T16-00-00-000000000Z.parquet
   - Anzahl Ticks in dieser Datei: 2000
                                           bid_price                                          ask_price                                           bid_size                                           ask_size             ts_event              ts_init
0  b'\x00P(\x87\x93\xda\xd7K\x00\x00\x00\x00\x00\...  b'\x00\x00\xfb\xc6K\xae\x13N\x00\x00\x00\x00\x...  b'\x00\x00\xc1o\xf2\x86#\x00\x00\x00\x00\x00\x...  b'\x00\x00\xc1o\xf2\x86#\x00\x00\x00\x00\x00\x...  1649808000000000000  1649808000000000000
1  b'\x00P~\x06\xd5\xcb\xefI\x00\x00\x00\x00\x00\...  b'\x00\xf0i\xcb*\xcb\x19M\x00\x00\x00\x00\x00\...  b'\x00\x00\xc1o\xf2\x86#\x00\x00\x00\x00\x00\x...  b'\x00\x00\xc1o\xf2\x86#\x00\x00\x00\x00\x00\x...  1650240000000000000  1650240000000000000
2  b'\x00\xa0\xcb\t\xadj\nJ\x00\x00\x00\x00\x00\x...  b'\x00`\xa5X\xa2\x12\xbdM\x00\x00\x00\x00\x00\...  b'\x00\x00\xc1o\xf2\x86#\x00\x00\x00\x00\x00\x...  b'\x00\x00\xc1o\xf2\x86#\x00\x00\x00\x00\x00\x...  1650326400000000000  1650326400000000000
------------------------------------------------------------
🟢 GSAT.ETORO | Datei: 2022-04-04T00-00-00-000000000Z_2026-05-19T16-00-00-000000000Z.parquet
   - Anzahl Ticks in dieser Datei: 2000
                                           bid_price                                          ask_price                                           bid_size                                           ask_size             ts_event              ts_init
0  b'\x00P\x14\xfc\xfcY\t\x03\x00\x00\x00\x00\x00...  b'\x00 9Z\x8e\xf1#\x03\x00\x00\x00\x00\x00\x00...  b'\x00\x00\xc1o\xf2\x86#\x00\x00\x00\x00\x00\x...  b'\x00\x00\xc1o\xf2\x86#\x00\x00\x00\x00\x00\x...  1649030400000000000  1649030400000000000
1  b'\x00\x90C(\xc7\xb4\xee\x02\x00\x00\x00\x00\x...  b'\x00\xd0g\xeax\x02\x14\x03\x00\x00\x00\x00\x...  b'\x00\x00\xc1o\xf2\x86#\x00\x00\x00\x00\x00\x...  b'\x00\x00\xc1o\xf2\x86#\x00\x00\x00\x00\x00\x...  1649116800000000000  1649116800000000000
2  b'\x00\xc0w\xed=\xcc\xbe\x02\x00\x00\x00\x00\x...  b'\x00 SX\x15e\xe9\x02\x00\x00\x00\x00\x00\x00...  b'\x00\x00\xc1o\xf2\x86#\x00\x00\x00\x00\x00\x...  b'\x00\x00\xc1o\xf2\x86#\x00\x00\x00\x00\x00\x...  1649203200000000000  1649203200000000000
------------------------------------------------------------
🟢 AG.ETORO | Datei: 2022-04-04T00-00-00-000000000Z_2026-05-19T16-00-00-000000000Z.parquet
   - Anzahl Ticks in dieser Datei: 3000
                                           bid_price                                          ask_price                                           bid_size                                           ask_size             ts_event              ts_init
0  b'\x00\xc0/\x1f\x81&\xd9\x01\x00\x00\x00\x00\x...  b'\x00\x80\xcf\xa1\x88\x01\xe7\x01\x00\x00\x00...  b'\x00\x00\xc1o\xf2\x86#\x00\x00\x00\x00\x00\x...  b'\x00\x00\xc1o\xf2\x86#\x00\x00\x00\x00\x00\x...  1649030400000000000  1649030400000000000
1  b'\x00\x80\xb5\xbdC>\xca\x01\x00\x00\x00\x00\x...  b'\x00\xa0[R\xc38\xf0\x01\x00\x00\x00\x00\x00\...  b'\x00\x00\xc1o\xf2\x86#\x00\x00\x00\x00\x00\x...  b'\x00\x00\xc1o\xf2\x86#\x00\x00\x00\x00\x00\x...  1649116800000000000  1649116800000000000
2  b'\x00P%\xbc\xd4\xa0\xc5\x01\x00\x00\x00\x00\x...  b'\x00\x90\x88_\xde\xf4\xd5\x01\x00\x00\x00\x0...  b'\x00\x00\xc1o\xf2\x86#\x00\x00\x00\x00\x00\x...  b'\x00\x00\xc1o\xf2\x86#\x00\x00\x00\x00\x00\x...  1649203200000000000  1649203200000000000
------------------------------------------------------------
🟢 GTLB.ETORO | Datei: 2022-04-01T00-00-00-000000000Z_2026-05-19T16-00-00-000000000Z.parquet
   - Anzahl Ticks in dieser Datei: 2000
                                           bid_price                                          ask_price                                           bid_size                                           ask_size             ts_event              ts_init
0  b'\x00\xa0\x9e\xd7\x91D>\x07\x00\x00\x00\x00\x...  b'\x00\x80\xb3\xc7\xd1\xd4\xf6\x07\x00\x00\x00...  b'\x00\x00\xc1o\xf2\x86#\x00\x00\x00\x00\x00\x...  b'\x00\x00\xc1o\xf2\x86#\x00\x00\x00\x00\x00\x...  1648771200000000000  1648771200000000000
1  b'\x00\xd0\x00\xa1\xc2\xee\x7f\x07\x00\x00\x00...  b'\x000$\xe7w\x85d\x08\x00\x00\x00\x00\x00\x00...  b'\x00\x00\xc1o\xf2\x86#\x00\x00\x00\x00\x00\x...  b'\x00\x00\xc1o\xf2\x86#\x00\x00\x00\x00\x00\x...  1649030400000000000  1649030400000000000
2  b'\x00\x10M\xd7\xe2;\xa0\x07\x00\x00\x00\x00\x...  b'\x00\x80\xcdM\xab\xb20\x08\x00\x00\x00\x00\x...  b'\x00\x00\xc1o\xf2\x86#\x00\x00\x00\x00\x00\x...  b'\x00\x00\xc1o\xf2\x86#\x00\x00\x00\x00\x00\x...  1649116800000000000  1649116800000000000
------------------------------------------------------------
🟢 SE.ETORO | Datei: 2022-04-04T00-00-00-000000000Z_2026-05-19T16-00-00-000000000Z.parquet
   - Anzahl Ticks in dieser Datei: 3000
                                           bid_price                                          ask_price                                           bid_size                                           ask_size             ts_event              ts_init
0  b'\x00\xc0\xde\xe4\xe96O\x11\x00\x00\x00\x00\x...  b'\x00P\xac::\xb3\xe6\x12\x00\x00\x00\x00\x00\...  b'\x00\x00\xc1o\xf2\x86#\x00\x00\x00\x00\x00\x...  b'\x00\x00\xc1o\xf2\x86#\x00\x00\x00\x00\x00\x...  1649030400000000000  1649030400000000000
1  b'\x00\x00YSHw2\x11\x00\x00\x00\x00\x00\x00\x0...  b'\x00\xd0Xs!\x13Y\x12\x00\x00\x00\x00\x00\x00...  b'\x00\x00\xc1o\xf2\x86#\x00\x00\x00\x00\x00\x...  b'\x00\x00\xc1o\xf2\x86#\x00\x00\x00\x00\x00\x...  1649116800000000000  1649116800000000000
2  b'\x00\xb0\x92\x8e\xf0M\x08\x10\x00\x00\x00\x0...  b'\x00\xa0}F\xdc\xc3\xea\x10\x00\x00\x00\x00\x...  b'\x00\x00\xc1o\xf2\x86#\x00\x00\x00\x00\x00\x...  b'\x00\x00\xc1o\xf2\x86#\x00\x00\x00\x00\x00\x...  1649203200000000000  1649203200000000000
------------------------------------------------------------
🟢 DOGE.ETORO | Datei: 2023-08-27T00-00-00-000000000Z_2026-05-19T16-00-00-000000000Z.parquet
   - Anzahl Ticks in dieser Datei: 2000
                                           bid_price                                          ask_price                                           bid_size                                           ask_size             ts_event              ts_init
0  b'\x00\xf0\xf7_\xcb0\x02\x00\x00\x00\x00\x00\x...  b'\x00x\xe1\xf6\xfa9\x02\x00\x00\x00\x00\x00\x...  b'\x00\x00\xc1o\xf2\x86#\x00\x00\x00\x00\x00\x...  b'\x00\x00\xc1o\xf2\x86#\x00\x00\x00\x00\x00\x...  1693094400000000000  1693094400000000000
1  b'\x00\x00\x06\x08\xf9(\x02\x00\x00\x00\x00\x0...  b'\x00\x10\xfc&o8\x02\x00\x00\x00\x00\x00\x00\...  b'\x00\x00\xc1o\xf2\x86#\x00\x00\x00\x00\x00\x...  b'\x00\x00\xc1o\xf2\x86#\x00\x00\x00\x00\x00\x...  1693180800000000000  1693180800000000000
2  b'\x00\xa8\x7f*(.\x02\x00\x00\x00\x00\x00\x00\...  b'\x00\xe8\xc0yEc\x02\x00\x00\x00\x00\x00\x00\...  b'\x00\x00\xc1o\xf2\x86#\x00\x00\x00\x00\x00\x...  b'\x00\x00\xc1o\xf2\x86#\x00\x00\x00\x00\x00\x...  1693267200000000000  1693267200000000000
------------------------------------------------------------
🟢 SQM.ETORO | Datei: 2022-04-04T00-00-00-000000000Z_2026-05-19T16-00-00-000000000Z.parquet
   - Anzahl Ticks in dieser Datei: 2000
                                           bid_price                                          ask_price                                           bid_size                                           ask_size             ts_event              ts_init
0  b'\x00p\xf2VS\xe3\x17\x0c\x00\x00\x00\x00\x00\...  b'\x00\xd0\x9f\xda6\x16\x8e\x0c\x00\x00\x00\x0...  b'\x00\x00\xc1o\xf2\x86#\x00\x00\x00\x00\x00\x...  b'\x00\x00\xc1o\xf2\x86#\x00\x00\x00\x00\x00\x...  1649030400000000000  1649030400000000000
1  b'\x00\xc0\xc9\x97Y\x1e\xc4\x0b\x00\x00\x00\x0...  b'\x00\x10_\x830\x13m\x0c\x00\x00\x00\x00\x00\...  b'\x00\x00\xc1o\xf2\x86#\x00\x00\x00\x00\x00\x...  b'\x00\x00\xc1o\xf2\x86#\x00\x00\x00\x00\x00\x...  1649116800000000000  1649116800000000000
2  b'\x00P\xd6\xff\x01\x85\x83\x0b\x00\x00\x00\x0...  b'\x00pN\x0b\xf9\xfe\xd7\x0b\x00\x00\x00\x00\x...  b'\x00\x00\xc1o\xf2\x86#\x00\x00\x00\x00\x00\x...  b'\x00\x00\xc1o\xf2\x86#\x00\x00\x00\x00\x00\x...  1649203200000000000  1649203200000000000
------------------------------------------------------------

💾 Analyse abgeschlossen. Ausgabe zusätzlich gespeichert in:
   /home/user/etoro_nautilus/logs/parquet_analysis_2026-05-21_07-55-41.log
