🔍 Starte Massen-Analyse im Verzeichnis: data/nautilus/data/quote_tick/ ...

============================================================
📊 ZUSAMMENFASSUNG DER MASSEN-ANALYSE
============================================================
Total .parquet Dateien geprüft: 77
Leere Dateien (0 Ticks/Zeilen): 0
Dateien MIT echten Daten:       77
============================================================

🚀 HIER SIND DIE DATEIEN MIT INHALT:

🟢 E.ETORO | Datei: 2022-04-04T00-00-00-000000000Z_2026-05-20T19-00-00-000000000Z.parquet
   - Anzahl Ticks in dieser Datei: 2000
                                           bid_price                                          ask_price                                           bid_size                                           ask_size             ts_event              ts_init
0  b'\x00\xb0|o,U\x15\x04\x00\x00\x00\x00\x00\x00...  b'\x00\xc0f\xcf\xfa\x9f\x1f\x04\x00\x00\x00\x0...  b'\x00\x00\xc1o\xf2\x86#\x00\x00\x00\x00\x00\x...  b'\x00\x00\xc1o\xf2\x86#\x00\x00\x00\x00\x00\x...  1649030400000000000  1649030400000000000
1  b'\x00\xe0#\xde\x84\xf9\t\x04\x00\x00\x00\x00\...  b'\x00\x10\xb40>$\x1d\x04\x00\x00\x00\x00\x00\...  b'\x00\x00\xc1o\xf2\x86#\x00\x00\x00\x00\x00\x...  b'\x00\x00\xc1o\xf2\x86#\x00\x00\x00\x00\x00\x...  1649116800000000000  1649116800000000000
2  b'\x00\xd0P<\xeaB\xfe\x03\x00\x00\x00\x00\x00\...  b'\x00@[\x9f\x96\xc8\x11\x04\x00\x00\x00\x00\x...  b'\x00\x00\xc1o\xf2\x86#\x00\x00\x00\x00\x00\x...  b'\x00\x00\xc1o\xf2\x86#\x00\x00\x00\x00\x00\x...  1649203200000000000  1649203200000000000
------------------------------------------------------------
🟢 FICO.ETORO | Datei: 2022-04-19T00-00-00-000000000Z_2026-05-21T06-00-00-000000000Z.parquet
   - Anzahl Ticks in dieser Datei: 5000
                                           bid_price                                          ask_price                                           bid_size                                           ask_size             ts_event              ts_init
0  b'\x00\x90G\xa18\xae\xe57\x00\x00\x00\x00\x00\...  b'\x00@m#c\x10\x879\x00\x00\x00\x00\x00\x00\x0...  b'\x00\x00\xc1o\xf2\x86#\x00\x00\x00\x00\x00\x...  b'\x00\x00\xc1o\xf2\x86#\x00\x00\x00\x00\x00\x...  1650326400000000000  1650326400000000000
1  b'\x00\x00\xe2\x15\x88\x98;8\x00\x00\x00\x00\x...  b'\x00@K\xfb\x16o\xc89\x00\x00\x00\x00\x00\x00...  b'\x00\x00\xc1o\xf2\x86#\x00\x00\x00\x00\x00\x...  b'\x00\x00\xc1o\xf2\x86#\x00\x00\x00\x00\x00\x...  1650412800000000000  1650412800000000000
2  b'\x000r\xf4(\x10Z5\x00\x00\x00\x00\x00\x00\x0...  b'\x00\x80\xaa\x8e\x0c\x1a<9\x00\x00\x00\x00\x...  b'\x00\x00\xc1o\xf2\x86#\x00\x00\x00\x00\x00\x...  b'\x00\x00\xc1o\xf2\x86#\x00\x00\x00\x00\x00\x...  1650499200000000000  1650499200000000000
------------------------------------------------------------
🟢 CRM.ETORO | Datei: 2022-04-19T00-00-00-000000000Z_2026-05-21T06-00-00-000000000Z.parquet
   - Anzahl Ticks in dieser Datei: 2000
                                           bid_price                                          ask_price                                           bid_size                                           ask_size             ts_event              ts_init
0  b'\x0008\xa2\xb9Z\xb8\x19\x00\x00\x00\x00\x00\...  b'\x00 h\xe5\x8a\x1a\xa5\x1a\x00\x00\x00\x00\x...  b'\x00\x00\xc1o\xf2\x86#\x00\x00\x00\x00\x00\x...  b'\x00\x00\xc1o\xf2\x86#\x00\x00\x00\x00\x00\x...  1650326400000000000  1650326400000000000
1  b'\x00\xa0B\x05f\xe0\xcb\x19\x00\x00\x00\x00\x...  b'\x00\x00f\x9ce\x04\xbf\x1a\x00\x00\x00\x00\x...  b'\x00\x00\xc1o\xf2\x86#\x00\x00\x00\x00\x00\x...  b'\x00\x00\xc1o\xf2\x86#\x00\x00\x00\x00\x00\x...  1650412800000000000  1650412800000000000
2  b'\x00\xa0\xe0\xbd\xf0\xb4\x80\x18\x00\x00\x00...  b'\x00 \xad\x8a\xb2\x14X\x1a\x00\x00\x00\x00\x...  b'\x00\x00\xc1o\xf2\x86#\x00\x00\x00\x00\x00\x...  b'\x00\x00\xc1o\xf2\x86#\x00\x00\x00\x00\x00\x...  1650499200000000000  1650499200000000000
------------------------------------------------------------
🟢 ESLT.ETORO | Datei: 2025-11-16T22-00-00-000000000Z_2026-05-20T19-00-00-000000000Z.parquet
   - Anzahl Ticks in dieser Datei: 997
                                           bid_price                                          ask_price                                           bid_size                                           ask_size             ts_event              ts_init
0  b'\x00\xa0f\xfc\xb3\xc1\x88?\x00\x00\x00\x00\x...  b'\x00P\xec\x8c\xc9\x16\xeaC\x00\x00\x00\x00\x...  b'\x00\x00\xc1o\xf2\x86#\x00\x00\x00\x00\x00\x...  b'\x00\x00\xc1o\xf2\x86#\x00\x00\x00\x00\x00\x...  1763330400000000000  1763330400000000000
1  b'\x00\xb0\xea\x1a\xa6\x05\xbd@\x00\x00\x00\x0...  b'\x00P\xec\x8c\xc9\x16\xeaC\x00\x00\x00\x00\x...  b'\x00\x00\xc1o\xf2\x86#\x00\x00\x00\x00\x00\x...  b'\x00\x00\xc1o\xf2\x86#\x00\x00\x00\x00\x00\x...  1763596800000000000  1763596800000000000
2  b"\x00\x90\xf7'\xce\x19\xcbB\x00\x00\x00\x00\x...  b'\x00\x90i.Z\xde\xbfC\x00\x00\x00\x00\x00\x00...  b'\x00\x00\xc1o\xf2\x86#\x00\x00\x00\x00\x00\x...  b'\x00\x00\xc1o\xf2\x86#\x00\x00\x00\x00\x00\x...  1763647200000000000  1763647200000000000
------------------------------------------------------------
🟢 FISV.ETORO | Datei: 2022-04-19T00-00-00-000000000Z_2026-05-21T06-00-00-000000000Z.parquet
   - Anzahl Ticks in dieser Datei: 2000
                                           bid_price                                          ask_price                                           bid_size                                           ask_size             ts_event              ts_init
0  b'\x00\xb0-\xb3Y9\xd3\r\x00\x00\x00\x00\x00\x0...  b'\x00\xf04DR\x8c@\x0e\x00\x00\x00\x00\x00\x00...  b'\x00\x00\xc1o\xf2\x86#\x00\x00\x00\x00\x00\x...  b'\x00\x00\xc1o\xf2\x86#\x00\x00\x00\x00\x00\x...  1650326400000000000  1650326400000000000
1  b'\x00\xc0\xd2\xcbko\r\x0e\x00\x00\x00\x00\x00...  b'\x00\x80\xe5\xea3\x7fk\x0e\x00\x00\x00\x00\x...  b'\x00\x00\xc1o\xf2\x86#\x00\x00\x00\x00\x00\x...  b'\x00\x00\xc1o\xf2\x86#\x00\x00\x00\x00\x00\x...  1650412800000000000  1650412800000000000
2  b'\x000"\xc7\x1e\x97\xff\r\x00\x00\x00\x00\x00...  b'\x00`?V\xb4\x84E\x0e\x00\x00\x00\x00\x00\x00...  b'\x00\x00\xc1o\xf2\x86#\x00\x00\x00\x00\x00\x...  b'\x00\x00\xc1o\xf2\x86#\x00\x00\x00\x00\x00\x...  1650499200000000000  1650499200000000000
------------------------------------------------------------
🟢 MTZ.ETORO | Datei: 2022-04-05T00-00-00-000000000Z_2026-05-20T19-00-00-000000000Z.parquet
   - Anzahl Ticks in dieser Datei: 2000
                                           bid_price                                          ask_price                                           bid_size                                           ask_size             ts_event              ts_init
0  b'\x00\xb0\xae\r\xc0\x11*\x0b\x00\x00\x00\x00\...  b'\x00\x909\xa3\x0b\xd9\x93\x0b\x00\x00\x00\x0...  b'\x00\x00\xc1o\xf2\x86#\x00\x00\x00\x00\x00\x...  b'\x00\x00\xc1o\xf2\x86#\x00\x00\x00\x00\x00\x...  1649116800000000000  1649116800000000000
1  b'\x00 \xe7W`\xfd\xf1\n\x00\x00\x00\x00\x00\x0...  b'\x00 \xb9pl\x97=\x0b\x00\x00\x00\x00\x00\x00...  b'\x00\x00\xc1o\xf2\x86#\x00\x00\x00\x00\x00\x...  b'\x00\x00\xc1o\xf2\x86#\x00\x00\x00\x00\x00\x...  1649203200000000000  1649203200000000000
2  b'\x00\x80\x91:\x01\xef\xa9\n\x00\x00\x00\x00\...  b'\x00\xf0(|\x1eR\r\x0b\x00\x00\x00\x00\x00\x0...  b'\x00\x00\xc1o\xf2\x86#\x00\x00\x00\x00\x00\x...  b'\x00\x00\xc1o\xf2\x86#\x00\x00\x00\x00\x00\x...  1649289600000000000  1649289600000000000
------------------------------------------------------------
🟢 CPRT.ETORO | Datei: 2022-04-19T00-00-00-000000000Z_2026-05-21T06-00-00-000000000Z.parquet
   - Anzahl Ticks in dieser Datei: 2000
                                           bid_price                                          ask_price                                           bid_size                                           ask_size             ts_event              ts_init
0  b'\x00\x00\xe1=Y\xe0\x02\x04\x00\x00\x00\x00\x...  b'\x00\xa0\x8a\x87-\xf7.\x04\x00\x00\x00\x00\x...  b'\x00\x00\xc1o\xf2\x86#\x00\x00\x00\x00\x00\x...  b'\x00\x00\xc1o\xf2\x86#\x00\x00\x00\x00\x00\x...  1650326400000000000  1650326400000000000
1  b'\x00\x003\x8c+\x19*\x04\x00\x00\x00\x00\x00\...  b'\x00\xa0PL\x1e\n<\x04\x00\x00\x00\x00\x00\x0...  b'\x00\x00\xc1o\xf2\x86#\x00\x00\x00\x00\x00\x...  b'\x00\x00\xc1o\xf2\x86#\x00\x00\x00\x00\x00\x...  1650412800000000000  1650412800000000000
2  b'\x00\x003;\xe1\x8b\x1b\x04\x00\x00\x00\x00\x...  b'\x000\x03s7\xe7@\x04\x00\x00\x00\x00\x00\x00...  b'\x00\x00\xc1o\xf2\x86#\x00\x00\x00\x00\x00\x...  b'\x00\x00\xc1o\xf2\x86#\x00\x00\x00\x00\x00\x...  1650499200000000000  1650499200000000000
------------------------------------------------------------
🟢 SOL.ETORO | Datei: 2023-08-29T00-00-00-000000000Z_2026-05-21T06-00-00-000000000Z.parquet
   - Anzahl Ticks in dieser Datei: 2000
                                           bid_price                                          ask_price                                           bid_size                                           ask_size             ts_event              ts_init
0  b'\x00\xe0\x0b\xc8=1\xc1\x02\x00\x00\x00\x00\x...  b'\x00\x80\x0e(\xf9\x9e\x03\x03\x00\x00\x00\x0...  b'\x00\x00\xc1o\xf2\x86#\x00\x00\x00\x00\x00\x...  b'\x00\x00\xc1o\xf2\x86#\x00\x00\x00\x00\x00\x...  1693267200000000000  1693267200000000000
1  b'\x00\xb0Y\xab\xa3J\xd2\x02\x00\x00\x00\x00\x...  b'\x00\xc0\x1a(2.\x03\x03\x00\x00\x00\x00\x00\...  b'\x00\x00\xc1o\xf2\x86#\x00\x00\x00\x00\x00\x...  b'\x00\x00\xc1o\xf2\x86#\x00\x00\x00\x00\x00\x...  1693353600000000000  1693353600000000000
2  b'\x00p`\xe1\xdc\x10\xa9\x02\x00\x00\x00\x00\x...  b'\x00\xa0\xee\xb3^Q\xe2\x02\x00\x00\x00\x00\x...  b'\x00\x00\xc1o\xf2\x86#\x00\x00\x00\x00\x00\x...  b'\x00\x00\xc1o\xf2\x86#\x00\x00\x00\x00\x00\x...  1693440000000000000  1693440000000000000
------------------------------------------------------------
🟢 01211.HK.ETORO | Datei: 2022-03-15T00-00-00-000000000Z_2026-05-21T06-00-00-000000000Z.parquet
   - Anzahl Ticks in dieser Datei: 2000
                                           bid_price                                          ask_price                                           bid_size                                           ask_size             ts_event              ts_init
0  b'\x00\xc0\x13\xb0V7\xa0\x07\x00\x00\x00\x00\x...  b'\x00\x00s,\x8e\xae\x7f\x08\x00\x00\x00\x00\x...  b'\x00\x00\xc1o\xf2\x86#\x00\x00\x00\x00\x00\x...  b'\x00\x00\xc1o\xf2\x86#\x00\x00\x00\x00\x00\x...  1647302400000000000  1647302400000000000
1  b'\x00\x00\xff\x8b\x88O\x08\x08\x00\x00\x00\x0...  b'\x00@\xe0\xe7\xa4\xd4.\t\x00\x00\x00\x00\x00...  b'\x00\x00\xc1o\xf2\x86#\x00\x00\x00\x00\x00\x...  b'\x00\x00\xc1o\xf2\x86#\x00\x00\x00\x00\x00\x...  1647388800000000000  1647388800000000000
2  b'\x00\xc0\x81\x8f\x10\x1fd\t\x00\x00\x00\x00\...  b'\x00\xc0\xed\x9a\xc4\x12+\n\x00\x00\x00\x00\...  b'\x00\x00\xc1o\xf2\x86#\x00\x00\x00\x00\x00\x...  b'\x00\x00\xc1o\xf2\x86#\x00\x00\x00\x00\x00\x...  1647475200000000000  1647475200000000000
------------------------------------------------------------
🟢 TTD.ETORO | Datei: 2022-04-19T00-00-00-000000000Z_2026-05-21T06-00-00-000000000Z.parquet
   - Anzahl Ticks in dieser Datei: 2000
                                           bid_price                                          ask_price                                           bid_size                                           ask_size             ts_event              ts_init
0  b'\x00\x90D;\xa0M|\x08\x00\x00\x00\x00\x00\x00...  b'\x00p\\\xa2;\x9aa\t\x00\x00\x00\x00\x00\x00\...  b'\x00\x00\xc1o\xf2\x86#\x00\x00\x00\x00\x00\x...  b'\x00\x00\xc1o\xf2\x86#\x00\x00\x00\x00\x00\x...  1650326400000000000  1650326400000000000
1  b'\x00@\xfaz\x9f\n=\t\x00\x00\x00\x00\x00\x00\...  b'\x00\x80~\xf4\xe9\xc4\xea\t\x00\x00\x00\x00\...  b'\x00\x00\xc1o\xf2\x86#\x00\x00\x00\x00\x00\x...  b'\x00\x00\xc1o\xf2\x86#\x00\x00\x00\x00\x00\x...  1650412800000000000  1650412800000000000
2  b'\x00\x00!\x15\xc4R\xbe\x08\x00\x00\x00\x00\x...  b'\x00\x90\xbd\x9e\xb4\xf2\xa8\t\x00\x00\x00\x...  b'\x00\x00\xc1o\xf2\x86#\x00\x00\x00\x00\x00\x...  b'\x00\x00\xc1o\xf2\x86#\x00\x00\x00\x00\x00\x...  1650499200000000000  1650499200000000000
------------------------------------------------------------
🟢 HUT.ETORO | Datei: 2022-04-04T00-00-00-000000000Z_2026-05-20T19-00-00-000000000Z.parquet
   - Anzahl Ticks in dieser Datei: 2000
                                           bid_price                                          ask_price                                           bid_size                                           ask_size             ts_event              ts_init
0  b'\x00\xb0bG\xbe\\\xbe\x03\x00\x00\x00\x00\x00...  b'\x00\x90w\r\x17h\xe5\x03\x00\x00\x00\x00\x00...  b'\x00\x00\xc1o\xf2\x86#\x00\x00\x00\x00\x00\x...  b'\x00\x00\xc1o\xf2\x86#\x00\x00\x00\x00\x00\x...  1649030400000000000  1649030400000000000
1  b'\x00\xa0\xc0\x03s\xc8\x93\x03\x00\x00\x00\x0...  b'\x00 \xfa\xf3g\xfd\xd8\x03\x00\x00\x00\x00\x...  b'\x00\x00\xc1o\xf2\x86#\x00\x00\x00\x00\x00\x...  b'\x00\x00\xc1o\xf2\x86#\x00\x00\x00\x00\x00\x...  1649116800000000000  1649116800000000000
2  b'\x00\xd0\xda5\xef\xa9U\x03\x00\x00\x00\x00\x...  b'\x00 \xfa^\xf4:\x90\x03\x00\x00\x00\x00\x00\...  b'\x00\x00\xc1o\xf2\x86#\x00\x00\x00\x00\x00\x...  b'\x00\x00\xc1o\xf2\x86#\x00\x00\x00\x00\x00\x...  1649203200000000000  1649203200000000000
------------------------------------------------------------
🟢 VLO.ETORO | Datei: 2022-04-18T00-00-00-000000000Z_2026-05-21T06-00-00-000000000Z.parquet
   - Anzahl Ticks in dieser Datei: 2000
                                           bid_price                                          ask_price                                           bid_size                                           ask_size             ts_event              ts_init
0  b'\x00\xd0\x1b\x81"\x17\x96\x0e\x00\x00\x00\x0...  b'\x00 \x83A\xdcpP\x0f\x00\x00\x00\x00\x00\x00...  b'\x00\x00\xc1o\xf2\x86#\x00\x00\x00\x00\x00\x...  b'\x00\x00\xc1o\xf2\x86#\x00\x00\x00\x00\x00\x...  1650240000000000000  1650240000000000000
1  b'\x00 \xf6\xc0\xd6x\xe3\x0e\x00\x00\x00\x00\x...  b'\x00\x90v7\x9f\xefs\x0f\x00\x00\x00\x00\x00\...  b'\x00\x00\xc1o\xf2\x86#\x00\x00\x00\x00\x00\x...  b'\x00\x00\xc1o\xf2\x86#\x00\x00\x00\x00\x00\x...  1650326400000000000  1650326400000000000
2  b'\x00\x10:.\xba\xe3\xe4\x0e\x00\x00\x00\x00\x...  b'\x00\xd0L\xab\xed\xd8%\x0f\x00\x00\x00\x00\x...  b'\x00\x00\xc1o\xf2\x86#\x00\x00\x00\x00\x00\x...  b'\x00\x00\xc1o\xf2\x86#\x00\x00\x00\x00\x00\x...  1650412800000000000  1650412800000000000
------------------------------------------------------------
🟢 AERO.ETORO | Datei: 2025-04-17T00-00-00-000000000Z_2026-05-21T06-00-00-000000000Z.parquet
   - Anzahl Ticks in dieser Datei: 1401
                                           bid_price                                          ask_price                                           bid_size                                           ask_size             ts_event              ts_init
0  b'\x00\xd0\rO\x13v\r\x00\x00\x00\x00\x00\x00\x...  b'\x00\xf0Z|a\x8c\x0e\x00\x00\x00\x00\x00\x00\...  b'\x00\x00\xc1o\xf2\x86#\x00\x00\x00\x00\x00\x...  b'\x00\x00\xc1o\xf2\x86#\x00\x00\x00\x00\x00\x...  1744848000000000000  1744848000000000000
1  b'\x00\xc0hz*u\r\x00\x00\x00\x00\x00\x00\x00\x...  b'\x00\x00\xd6i\xc5\xfb\r\x00\x00\x00\x00\x00\...  b'\x00\x00\xc1o\xf2\x86#\x00\x00\x00\x00\x00\x...  b'\x00\x00\xc1o\xf2\x86#\x00\x00\x00\x00\x00\x...  1744934400000000000  1744934400000000000
2  b'\x00p\x80\x9d+\x7f\r\x00\x00\x00\x00\x00\x00...  b'\x00\x90\xa3\xe3\xf4\x03\x0e\x00\x00\x00\x00...  b'\x00\x00\xc1o\xf2\x86#\x00\x00\x00\x00\x00\x...  b'\x00\x00\xc1o\xf2\x86#\x00\x00\x00\x00\x00\x...  1745020800000000000  1745020800000000000
------------------------------------------------------------
🟢 NVDA.ETORO | Datei: 2022-04-20T00-00-00-000000000Z_2026-05-21T06-00-00-000000000Z.parquet
   - Anzahl Ticks in dieser Datei: 3000
                                           bid_price                                          ask_price                                           bid_size                                           ask_size             ts_event              ts_init
0  b'\x00\xb0\xad\x1bB\x88\xf0\x02\x00\x00\x00\x0...  b'\x00\x80A=\x88\x88$\x03\x00\x00\x00\x00\x00\...  b'\x00\x00\xc1o\xf2\x86#\x00\x00\x00\x00\x00\x...  b'\x00\x00\xc1o\xf2\x86#\x00\x00\x00\x00\x00\x...  1650412800000000000  1650412800000000000
1  b'\x00\xc0\x047;\xe7\xc5\x02\x00\x00\x00\x00\x...  b'\x00\xa0\xce\xad\xde\xb4\x1a\x03\x00\x00\x00...  b'\x00\x00\xc1o\xf2\x86#\x00\x00\x00\x00\x00\x...  b'\x00\x00\xc1o\xf2\x86#\x00\x00\x00\x00\x00\x...  1650499200000000000  1650499200000000000
2  b"\x00\x80\xb8Qe'\xb4\x02\x00\x00\x00\x00\x00\...  b'\x00@MwuM\xd6\x02\x00\x00\x00\x00\x00\x00\x0...  b'\x00\x00\xc1o\xf2\x86#\x00\x00\x00\x00\x00\x...  b'\x00\x00\xc1o\xf2\x86#\x00\x00\x00\x00\x00\x...  1650585600000000000  1650585600000000000
------------------------------------------------------------
🟢 JNJ.ETORO | Datei: 2022-04-20T00-00-00-000000000Z_2026-05-21T06-00-00-000000000Z.parquet
   - Anzahl Ticks in dieser Datei: 3000
                                           bid_price                                          ask_price                                           bid_size                                           ask_size             ts_event              ts_init
0  b'\x00\xf0\x8c\xb8E\xcb6\x19\x00\x00\x00\x00\x...  b'\x00\xd0\\7\xe2\xc1\x8d\x19\x00\x00\x00\x00\...  b'\x00\x00\xc1o\xf2\x86#\x00\x00\x00\x00\x00\x...  b'\x00\x00\xc1o\xf2\x86#\x00\x00\x00\x00\x00\x...  1650412800000000000  1650412800000000000
1  b'\x00P\x96N:\xffO\x19\x00\x00\x00\x00\x00\x00...  b'\x00\x80\xe1\xaa\x81\xa2\xa1\x19\x00\x00\x00...  b'\x00\x00\xc1o\xf2\x86#\x00\x00\x00\x00\x00\x...  b'\x00\x00\xc1o\xf2\x86#\x00\x00\x00\x00\x00\x...  1650499200000000000  1650499200000000000
2  b'\x00\x80\x82U\x99E#\x19\x00\x00\x00\x00\x00\...  b'\x00\xc0\x89\xf3\xb2\xf0d\x19\x00\x00\x00\x0...  b'\x00\x00\xc1o\xf2\x86#\x00\x00\x00\x00\x00\x...  b'\x00\x00\xc1o\xf2\x86#\x00\x00\x00\x00\x00\x...  1650585600000000000  1650585600000000000
------------------------------------------------------------
🟢 GLW.ETORO | Datei: 2022-04-19T00-00-00-000000000Z_2026-05-21T06-00-00-000000000Z.parquet
   - Anzahl Ticks in dieser Datei: 2000
                                           bid_price                                          ask_price                                           bid_size                                           ask_size             ts_event              ts_init
0  b"\x00\xf0'\xfb4\xff\xb3\x04\x00\x00\x00\x00\x...  b'\x00p\x1c\xbe\xaf\xcf\xd1\x04\x00\x00\x00\x0...  b'\x00\x00\xc1o\xf2\x86#\x00\x00\x00\x00\x00\x...  b'\x00\x00\xc1o\xf2\x86#\x00\x00\x00\x00\x00\x...  1650326400000000000  1650326400000000000
1  b'\x00\xd0<pC}\xcc\x04\x00\x00\x00\x00\x00\x00...  b'\x00\xa0\xac\x10i\xfa\xe4\x04\x00\x00\x00\x0...  b'\x00\x00\xc1o\xf2\x86#\x00\x00\x00\x00\x00\x...  b'\x00\x00\xc1o\xf2\x86#\x00\x00\x00\x00\x00\x...  1650412800000000000  1650412800000000000
2  b'\x00 \xa1\x8f\xba\x95\xc8\x04\x00\x00\x00\x0...  b'\x00\x804\xeb/\xd0\xe7\x04\x00\x00\x00\x00\x...  b'\x00\x00\xc1o\xf2\x86#\x00\x00\x00\x00\x00\x...  b'\x00\x00\xc1o\xf2\x86#\x00\x00\x00\x00\x00\x...  1650499200000000000  1650499200000000000
------------------------------------------------------------
🟢 ZS.ETORO | Datei: 2022-04-19T00-00-00-000000000Z_2026-05-21T06-00-00-000000000Z.parquet
   - Anzahl Ticks in dieser Datei: 2000
                                           bid_price                                          ask_price                                           bid_size                                           ask_size             ts_event              ts_init
0  b'\x00 \xa5\xd7\x89\x16h\x1e\x00\x00\x00\x00\x...  b'\x00\xa0\x88o\xa0b\x12 \x00\x00\x00\x00\x00\...  b'\x00\x00\xc1o\xf2\x86#\x00\x00\x00\x00\x00\x...  b'\x00\x00\xc1o\xf2\x86#\x00\x00\x00\x00\x00\x...  1650326400000000000  1650326400000000000
1  b'\x00@b7^\xfd`\x1e\x00\x00\x00\x00\x00\x00\x0...  b'\x00\xa0\xb6\xf8(\xe3\xe3\x1f\x00\x00\x00\x0...  b'\x00\x00\xc1o\xf2\x86#\x00\x00\x00\x00\x00\x...  b'\x00\x00\xc1o\xf2\x86#\x00\x00\x00\x00\x00\x...  1650412800000000000  1650412800000000000
2  b'\x00 \xfe\xa6\xc3\xbb/\x1d\x00\x00\x00\x00\x...  b'\x00\xe00Zf\xcb\xf2\x1f\x00\x00\x00\x00\x00\...  b'\x00\x00\xc1o\xf2\x86#\x00\x00\x00\x00\x00\x...  b'\x00\x00\xc1o\xf2\x86#\x00\x00\x00\x00\x00\x...  1650499200000000000  1650499200000000000
------------------------------------------------------------
🟢 INSW.ETORO | Datei: 2023-11-30T00-00-00-000000000Z_2026-05-20T19-00-00-000000000Z.parquet
   - Anzahl Ticks in dieser Datei: 1591
                                           bid_price                                          ask_price                                           bid_size                                           ask_size             ts_event              ts_init
0  b'\x00\x10\xa7\xd1\xc4\x13\x0c\x06\x00\x00\x00...  b'\x00\x80c\xb2\x89\xd4Z\x06\x00\x00\x00\x00\x...  b'\x00\x00\xc1o\xf2\x86#\x00\x00\x00\x00\x00\x...  b'\x00\x00\xc1o\xf2\x86#\x00\x00\x00\x00\x00\x...  1701302400000000000  1701302400000000000
1  b'\x00p\x93C!\xa5A\x06\x00\x00\x00\x00\x00\x00...  b'\x000\x16QFP]\x06\x00\x00\x00\x00\x00\x00\x0...  b'\x00\x00\xc1o\xf2\x86#\x00\x00\x00\x00\x00\x...  b'\x00\x00\xc1o\xf2\x86#\x00\x00\x00\x00\x00\x...  1701734400000000000  1701734400000000000
2  b'\x00\xd0\x12!\xb6*)\x06\x00\x00\x00\x00\x00\...  b'\x00\x80L\xf4U@\\\x06\x00\x00\x00\x00\x00\x0...  b'\x00\x00\xc1o\xf2\x86#\x00\x00\x00\x00\x00\x...  b'\x00\x00\xc1o\xf2\x86#\x00\x00\x00\x00\x00\x...  1701820800000000000  1701820800000000000
------------------------------------------------------------
🟢 DUOL.ETORO | Datei: 2022-04-18T00-00-00-000000000Z_2026-05-21T06-00-00-000000000Z.parquet
   - Anzahl Ticks in dieser Datei: 2000
                                           bid_price                                          ask_price                                           bid_size                                           ask_size             ts_event              ts_init
0  b'\x00\xb0\xb1\xffL\xe0\xf6\x0b\x00\x00\x00\x0...  b'\x00`g\x9d\xb7\x82\x9a\x0c\x00\x00\x00\x00\x...  b'\x00\x00\xc1o\xf2\x86#\x00\x00\x00\x00\x00\x...  b'\x00\x00\xc1o\xf2\x86#\x00\x00\x00\x00\x00\x...  1650240000000000000  1650240000000000000
1  b'\x00P\x07{\x17\xd4!\x0c\x00\x00\x00\x00\x00\...  b'\x000d)o5\xd7\x0c\x00\x00\x00\x00\x00\x00\x0...  b'\x00\x00\xc1o\xf2\x86#\x00\x00\x00\x00\x00\x...  b'\x00\x00\xc1o\xf2\x86#\x00\x00\x00\x00\x00\x...  1650326400000000000  1650326400000000000
2  b'\x00\x90\xc6\xc5\xa5\xeb\x1d\x0c\x00\x00\x00...  b'\x00\x10\xec\xbf\x0c\xd6\x9f\x0c\x00\x00\x00...  b'\x00\x00\xc1o\xf2\x86#\x00\x00\x00\x00\x00\x...  b'\x00\x00\xc1o\xf2\x86#\x00\x00\x00\x00\x00\x...  1650412800000000000  1650412800000000000
------------------------------------------------------------
🟢 VRT.ETORO | Datei: 2022-04-07T00-00-00-000000000Z_2026-05-20T19-00-00-000000000Z.parquet
   - Anzahl Ticks in dieser Datei: 2000
                                           bid_price                                          ask_price                                           bid_size                                           ask_size             ts_event              ts_init
0  b'\x00\x10\xe8\x0c\x02b\xd6\x01\x00\x00\x00\x0...  b'\x00\xc0A\x88\xb6.\xee\x01\x00\x00\x00\x00\x...  b'\x00\x00\xc1o\xf2\x86#\x00\x00\x00\x00\x00\x...  b'\x00\x00\xc1o\xf2\x86#\x00\x00\x00\x00\x00\x...  1649289600000000000  1649289600000000000
1  b"\x00@\xa6\x8a\xd8'\xd8\x01\x00\x00\x00\x00\x...  b'\x00\x80#p\x92$\xe8\x01\x00\x00\x00\x00\x00\...  b'\x00\x00\xc1o\xf2\x86#\x00\x00\x00\x00\x00\x...  b'\x00\x00\xc1o\xf2\x86#\x00\x00\x00\x00\x00\x...  1649376000000000000  1649376000000000000
2  b'\x00\x00[\xc9\x91;\xbf\x03\x00\x00\x00\x00\x...  b'\x00\x00[\xc9\x91;\xbf\x03\x00\x00\x00\x00\x...  b'\x00\x00\xc1o\xf2\x86#\x00\x00\x00\x00\x00\x...  b'\x00\x00\xc1o\xf2\x86#\x00\x00\x00\x00\x00\x...  1649462400000000000  1649462400000000000
------------------------------------------------------------
🟢 ADA.ETORO | Datei: 2023-08-29T00-00-00-000000000Z_2026-05-21T06-00-00-000000000Z.parquet
   - Anzahl Ticks in dieser Datei: 2000
                                           bid_price                                          ask_price                                           bid_size                                           ask_size             ts_event              ts_init
0  b'\x00Pp\xc6\x95%\t\x00\x00\x00\x00\x00\x00\x0...  b'\x00\xd0\xaa\xc9\xa9\xd5\t\x00\x00\x00\x00\x...  b'\x00\x00\xc1o\xf2\x86#\x00\x00\x00\x00\x00\x...  b'\x00\x00\xc1o\xf2\x86#\x00\x00\x00\x00\x00\x...  1693267200000000000  1693267200000000000
1  b'\x00\x98\xe8\xfb8(\t\x00\x00\x00\x00\x00\x00...  b'\x00x\x0e\x1c\x1a\xb2\t\x00\x00\x00\x00\x00\...  b'\x00\x00\xc1o\xf2\x86#\x00\x00\x00\x00\x00\x...  b'\x00\x00\xc1o\xf2\x86#\x00\x00\x00\x00\x00\x...  1693353600000000000  1693353600000000000
2  b'\x00\x00Q\xe1\xb9\xc9\x08\x00\x00\x00\x00\x0...  b'\x00H\xf3\xfd\xe1]\t\x00\x00\x00\x00\x00\x00...  b'\x00\x00\xc1o\xf2\x86#\x00\x00\x00\x00\x00\x...  b'\x00\x00\xc1o\xf2\x86#\x00\x00\x00\x00\x00\x...  1693440000000000000  1693440000000000000
------------------------------------------------------------
🟢 NATGAS.ETORO | Datei: 2022-07-06T00-00-00-000000000Z_2026-05-21T06-00-00-000000000Z.parquet
   - Anzahl Ticks in dieser Datei: 3000
                                           bid_price                                          ask_price                                           bid_size                                           ask_size             ts_event              ts_init
0  b'\x00\xa0\xd3Z@-\xbe\x00\x00\x00\x00\x00\x00\...  b'\x00\x802\xb02\x81\xca\x00\x00\x00\x00\x00\x...  b'\x00\x00\xc1o\xf2\x86#\x00\x00\x00\x00\x00\x...  b'\x00\x00\xc1o\xf2\x86#\x00\x00\x00\x00\x00\x...  1657065600000000000  1657065600000000000
1  b"\x00\x80'\xb1\xa6\xb1\xc1\x00\x00\x00\x00\x0...  b'\x00\x00"|\x1a\xab\xe1\x00\x00\x00\x00\x00\x...  b'\x00\x00\xc1o\xf2\x86#\x00\x00\x00\x00\x00\x...  b'\x00\x00\xc1o\xf2\x86#\x00\x00\x00\x00\x00\x...  1657152000000000000  1657152000000000000
2  b'\x00\xa0\x0f\xab\xfa\xc6\xd3\x00\x00\x00\x00...  b'\x00\xa0-\xd3\xd7\x93\xde\x00\x00\x00\x00\x0...  b'\x00\x00\xc1o\xf2\x86#\x00\x00\x00\x00\x00\x...  b'\x00\x00\xc1o\xf2\x86#\x00\x00\x00\x00\x00\x...  1657238400000000000  1657238400000000000
------------------------------------------------------------
🟢 CIEN.ETORO | Datei: 2022-04-05T00-00-00-000000000Z_2026-05-20T19-00-00-000000000Z.parquet
   - Anzahl Ticks in dieser Datei: 2000
                                           bid_price                                          ask_price                                           bid_size                                           ask_size             ts_event              ts_init
0  b'\x000;\xb2\xccq7\x08\x00\x00\x00\x00\x00\x00...  b'\x00`\x9d\xccG\xa9\x87\x08\x00\x00\x00\x00\x...  b'\x00\x00\xc1o\xf2\x86#\x00\x00\x00\x00\x00\x...  b'\x00\x00\xc1o\xf2\x86#\x00\x00\x00\x00\x00\x...  1649116800000000000  1649116800000000000
1  b'\x00\xe02G\xfbt\xfb\x07\x00\x00\x00\x00\x00\...  b'\x00\xf0\xee\x1dA?4\x08\x00\x00\x00\x00\x00\...  b'\x00\x00\xc1o\xf2\x86#\x00\x00\x00\x00\x00\x...  b'\x00\x00\xc1o\xf2\x86#\x00\x00\x00\x00\x00\x...  1649203200000000000  1649203200000000000
2  b'\x00\xe0I\xb4\xe4{\xeb\x07\x00\x00\x00\x00\x...  b'\x00\x00\xd9\xdbzo!\x08\x00\x00\x00\x00\x00\...  b'\x00\x00\xc1o\xf2\x86#\x00\x00\x00\x00\x00\x...  b'\x00\x00\xc1o\xf2\x86#\x00\x00\x00\x00\x00\x...  1649289600000000000  1649289600000000000
------------------------------------------------------------
🟢 RHM.DE.ETORO | Datei: 2022-05-10T00-00-00-000000000Z_2026-05-20T15-00-00-000000000Z.parquet
   - Anzahl Ticks in dieser Datei: 2000
                                           bid_price                                          ask_price                                           bid_size                                           ask_size             ts_event              ts_init
0  b'\x00\xc0\x01\x9e\xc4\xffO\x18\x00\x00\x00\x0...  b'\x00\xc0^i\xd8\x964\x1a\x00\x00\x00\x00\x00\...  b'\x00\x00\xc1o\xf2\x86#\x00\x00\x00\x00\x00\x...  b'\x00\x00\xc1o\xf2\x86#\x00\x00\x00\x00\x00\x...  1652140800000000000  1652140800000000000
1  b'\x00\xc05\xc4\xb9kl\x18\x00\x00\x00\x00\x00\...  b'\x00\xc0\x92\x8f\xcd\x02Q\x1a\x00\x00\x00\x0...  b'\x00\x00\xc1o\xf2\x86#\x00\x00\x00\x00\x00\x...  b'\x00\x00\xc1o\xf2\x86#\x00\x00\x00\x00\x00\x...  1652227200000000000  1652227200000000000
2  b'\x00@\x0b\x92\x1a"\xbe\x18\x00\x00\x00\x00\x...  b'\x00@\xe2\xbe\x7f\x8f\xcd\x19\x00\x00\x00\x0...  b'\x00\x00\xc1o\xf2\x86#\x00\x00\x00\x00\x00\x...  b'\x00\x00\xc1o\xf2\x86#\x00\x00\x00\x00\x00\x...  1652313600000000000  1652313600000000000
------------------------------------------------------------
🟢 TTMI.ETORO | Datei: 2023-12-05T00-00-00-000000000Z_2026-05-20T19-00-00-000000000Z.parquet
   - Anzahl Ticks in dieser Datei: 1587
                                           bid_price                                          ask_price                                           bid_size                                           ask_size             ts_event              ts_init
0  b'\x00\xb0 \xc2\x9f\x98\x00\x02\x00\x00\x00\x0...  b'\x00\x80\xa7\xcf\xae\x1c\t\x02\x00\x00\x00\x...  b'\x00\x00\xc1o\xf2\x86#\x00\x00\x00\x00\x00\x...  b'\x00\x00\xc1o\xf2\x86#\x00\x00\x00\x00\x00\x...  1701734400000000000  1701734400000000000
1  b'\x00`w\x17C6\xfa\x01\x00\x00\x00\x00\x00\x00...  b'\x00\xf0\xf6\x1b\xac\xd1\t\x02\x00\x00\x00\x...  b'\x00\x00\xc1o\xf2\x86#\x00\x00\x00\x00\x00\x...  b'\x00\x00\xc1o\xf2\x86#\x00\x00\x00\x00\x00\x...  1701820800000000000  1701820800000000000
2  b'\x00\xa0\xa9\xbahM\x0c\x02\x00\x00\x00\x00\x...  b'\x00pG\x86\xabe\x13\x02\x00\x00\x00\x00\x00\...  b'\x00\x00\xc1o\xf2\x86#\x00\x00\x00\x00\x00\x...  b'\x00\x00\xc1o\xf2\x86#\x00\x00\x00\x00\x00\x...  1702339200000000000  1702339200000000000
------------------------------------------------------------
🟢 STX.US.ETORO | Datei: 2022-04-19T00-00-00-000000000Z_2026-05-21T06-00-00-000000000Z.parquet
   - Anzahl Ticks in dieser Datei: 2000
                                           bid_price                                          ask_price                                           bid_size                                           ask_size             ts_event              ts_init
0  b'\x00@v!\x8b\x0bE\x0b\x00\x00\x00\x00\x00\x00...  b'\x00\x00[\x156\x80\xb4\x0b\x00\x00\x00\x00\x...  b'\x00\x00\xc1o\xf2\x86#\x00\x00\x00\x00\x00\x...  b'\x00\x00\xc1o\xf2\x86#\x00\x00\x00\x00\x00\x...  1650326400000000000  1650326400000000000
1  b'\x00 \x01\x08!`\xbd\x0b\x00\x00\x00\x00\x00\...  b'\x00 \x8e\xe6\x91=\r\x0c\x00\x00\x00\x00\x00...  b'\x00\x00\xc1o\xf2\x86#\x00\x00\x00\x00\x00\x...  b'\x00\x00\xc1o\xf2\x86#\x00\x00\x00\x00\x00\x...  1650412800000000000  1650412800000000000
2  b'\x00\x10.\x15<\x1c\xa3\x0b\x00\x00\x00\x00\x...  b'\x00\xf0\xe6&\xef\x0b\n\x0c\x00\x00\x00\x00\...  b'\x00\x00\xc1o\xf2\x86#\x00\x00\x00\x00\x00\x...  b'\x00\x00\xc1o\xf2\x86#\x00\x00\x00\x00\x00\x...  1650499200000000000  1650499200000000000
------------------------------------------------------------
🟢 ONDO.ETORO | Datei: 2024-03-26T00-00-00-000000000Z_2026-05-21T06-00-00-000000000Z.parquet
   - Anzahl Ticks in dieser Datei: 1789
                                           bid_price                                          ask_price                                           bid_size                                           ask_size             ts_event              ts_init
0  b'\x00`\x15\xa6\xe6\x85\x1d\x00\x00\x00\x00\x0...  b'\x00\xa0\t\xd7\x85\xfe"\x00\x00\x00\x00\x00\...  b'\x00\x00\xc1o\xf2\x86#\x00\x00\x00\x00\x00\x...  b'\x00\x00\xc1o\xf2\x86#\x00\x00\x00\x00\x00\x...  1711411200000000000  1711411200000000000
1  b'\x00@C\xaa\xaa\x0f\x1d\x00\x00\x00\x00\x00\x...  b'\x00@i\xfcL\n!\x00\x00\x00\x00\x00\x00\x00\x...  b'\x00\x00\xc1o\xf2\x86#\x00\x00\x00\x00\x00\x...  b'\x00\x00\xc1o\xf2\x86#\x00\x00\x00\x00\x00\x...  1711497600000000000  1711497600000000000
2  b'\x00\x00\x1dh\xc1\xd7\x1d\x00\x00\x00\x00\x0...  b'\x00\xc0]\x1d3\xc0!\x00\x00\x00\x00\x00\x00\...  b'\x00\x00\xc1o\xf2\x86#\x00\x00\x00\x00\x00\x...  b'\x00\x00\xc1o\xf2\x86#\x00\x00\x00\x00\x00\x...  1711584000000000000  1711584000000000000
------------------------------------------------------------
🟢 WIX.ETORO | Datei: 2022-04-07T00-00-00-000000000Z_2026-05-20T19-00-00-000000000Z.parquet
   - Anzahl Ticks in dieser Datei: 2000
                                           bid_price                                          ask_price                                           bid_size                                           ask_size             ts_event              ts_init
0  b'\x0006B{\xcf"\r\x00\x00\x00\x00\x00\x00\x00\...  b'\x00\x00M\xdc^\xca\r\x0e\x00\x00\x00\x00\x00...  b'\x00\x00\xc1o\xf2\x86#\x00\x00\x00\x00\x00\x...  b'\x00\x00\xc1o\xf2\x86#\x00\x00\x00\x00\x00\x...  1649289600000000000  1649289600000000000
1  b'\x00p\xde\xdb\xf6\xaa\xf4\x0c\x00\x00\x00\x0...  b'\x00\xc0\xa1\xff\x0b\x93`\r\x00\x00\x00\x00\...  b'\x00\x00\xc1o\xf2\x86#\x00\x00\x00\x00\x00\x...  b'\x00\x00\xc1o\xf2\x86#\x00\x00\x00\x00\x00\x...  1649376000000000000  1649376000000000000
2  b'\x00P\x94\xfb\x1c\xcc\x8e\x0c\x00\x00\x00\x0...  b'\x00 \xc2S4[x\r\x00\x00\x00\x00\x00\x00\x00\...  b'\x00\x00\xc1o\xf2\x86#\x00\x00\x00\x00\x00\x...  b'\x00\x00\xc1o\xf2\x86#\x00\x00\x00\x00\x00\x...  1649635200000000000  1649635200000000000
------------------------------------------------------------
🟢 SNAP.ETORO | Datei: 2022-04-19T00-00-00-000000000Z_2026-05-21T06-00-00-000000000Z.parquet
   - Anzahl Ticks in dieser Datei: 2000
                                           bid_price                                          ask_price                                           bid_size                                           ask_size             ts_event              ts_init
0  b'\x00\x90L?\x13\xd9z\x04\x00\x00\x00\x00\x00\...  b'\x00\x00\x12[\x03J\xbe\x04\x00\x00\x00\x00\x...  b'\x00\x00\xc1o\xf2\x86#\x00\x00\x00\x00\x00\x...  b'\x00\x00\xc1o\xf2\x86#\x00\x00\x00\x00\x00\x...  1650326400000000000  1650326400000000000
1  b'\x00@\x16X\xda\xb3A\x04\x00\x00\x00\x00\x00\...  b'\x00 \xe6\xd6v\xaa\x98\x04\x00\x00\x00\x00\x...  b'\x00\x00\xc1o\xf2\x86#\x00\x00\x00\x00\x00\x...  b'\x00\x00\xc1o\xf2\x86#\x00\x00\x00\x00\x00\x...  1650412800000000000  1650412800000000000
2  b'\x00\xd0g\xfa\x1d\xd7\xfc\x03\x00\x00\x00\x0...  b'\x00\xa0M\xbb\x80\x9df\x04\x00\x00\x00\x00\x...  b'\x00\x00\xc1o\xf2\x86#\x00\x00\x00\x00\x00\x...  b'\x00\x00\xc1o\xf2\x86#\x00\x00\x00\x00\x00\x...  1650499200000000000  1650499200000000000
------------------------------------------------------------
🟢 GOOGL.ETORO | Datei: 2022-04-19T00-00-00-000000000Z_2026-05-21T06-00-00-000000000Z.parquet
   - Anzahl Ticks in dieser Datei: 2000
                                           bid_price                                          ask_price                                           bid_size                                           ask_size             ts_event              ts_init
0  b'\x00`G+\x9aB\x99\x11\x00\x00\x00\x00\x00\x00...  b'\x00\x00\x07\xb7\xaf-\x11\x12\x00\x00\x00\x0...  b'\x00\x00\xc1o\xf2\x86#\x00\x00\x00\x00\x00\x...  b'\x00\x00\xc1o\xf2\x86#\x00\x00\x00\x00\x00\x...  1650326400000000000  1650326400000000000
1  b'\x00\xc0k\x14\xa5\xa1\xad\x11\x00\x00\x00\x0...  b'\x00P;\xda\x8736\x12\x00\x00\x00\x00\x00\x00...  b'\x00\x00\xc1o\xf2\x86#\x00\x00\x00\x00\x00\x...  b'\x00\x00\xc1o\xf2\x86#\x00\x00\x00\x00\x00\x...  1650412800000000000  1650412800000000000
2  b'\x00\xc0\x89\xb4/\x04D\x11\x00\x00\x00\x00\x...  b'\x00\x00q\xe1<\xd5\x06\x12\x00\x00\x00\x00\x...  b'\x00\x00\xc1o\xf2\x86#\x00\x00\x00\x00\x00\x...  b'\x00\x00\xc1o\xf2\x86#\x00\x00\x00\x00\x00\x...  1650499200000000000  1650499200000000000
------------------------------------------------------------
🟢 TEAM.ETORO | Datei: 2022-04-19T00-00-00-000000000Z_2026-05-21T06-00-00-000000000Z.parquet
   - Anzahl Ticks in dieser Datei: 4000
                                           bid_price                                          ask_price                                           bid_size                                           ask_size             ts_event              ts_init
0  b'\x00pc\xe9\xb8A\xa2#\x00\x00\x00\x00\x00\x00...  b'\x00\xa0\x89A\xd4Bz&\x00\x00\x00\x00\x00\x00...  b'\x00\x00\xc1o\xf2\x86#\x00\x00\x00\x00\x00\x...  b'\x00\x00\xc1o\xf2\x86#\x00\x00\x00\x00\x00\x...  1650326400000000000  1650326400000000000
1  b'\x00\x10\x013@\xdb\xb2$\x00\x00\x00\x00\x00\...  b'\x00\xf0\xbf\x93\x99\xa5j&\x00\x00\x00\x00\x...  b'\x00\x00\xc1o\xf2\x86#\x00\x00\x00\x00\x00\x...  b'\x00\x00\xc1o\xf2\x86#\x00\x00\x00\x00\x00\x...  1650412800000000000  1650412800000000000
2  b'\x00\xe0\x81\x18\x0c\x8d\xe7"\x00\x00\x00\x0...  b'\x00 \xf1\x9d\x8b\xcb\xd3%\x00\x00\x00\x00\x...  b'\x00\x00\xc1o\xf2\x86#\x00\x00\x00\x00\x00\x...  b'\x00\x00\xc1o\xf2\x86#\x00\x00\x00\x00\x00\x...  1650499200000000000  1650499200000000000
------------------------------------------------------------
🟢 DOCU.ETORO | Datei: 2022-04-05T00-00-00-000000000Z_2026-05-20T19-00-00-000000000Z.parquet
   - Anzahl Ticks in dieser Datei: 2000
                                           bid_price                                          ask_price                                           bid_size                                           ask_size             ts_event              ts_init
0  b'\x00p\x88\xba \x9f\xbf\x0e\x00\x00\x00\x00\x...  b'\x00 >\x9c\xb4v\x9d\x0f\x00\x00\x00\x00\x00\...  b'\x00\x00\xc1o\xf2\x86#\x00\x00\x00\x00\x00\x...  b'\x00\x00\xc1o\xf2\x86#\x00\x00\x00\x00\x00\x...  1649116800000000000  1649116800000000000
1  b'\x00@\x0c\xd6\xa2T\xfb\r\x00\x00\x00\x00\x00...  b'\x00\xb00\xa5\xe6\x07\xa0\x0e\x00\x00\x00\x0...  b'\x00\x00\xc1o\xf2\x86#\x00\x00\x00\x00\x00\x...  b'\x00\x00\xc1o\xf2\x86#\x00\x00\x00\x00\x00\x...  1649203200000000000  1649203200000000000
2  b'\x00@\x0c4\x0e:\xde\r\x00\x00\x00\x00\x00\x0...  b'\x00\x00q\xe5\xd1\xb7\x9d\x0e\x00\x00\x00\x0...  b'\x00\x00\xc1o\xf2\x86#\x00\x00\x00\x00\x00\x...  b'\x00\x00\xc1o\xf2\x86#\x00\x00\x00\x00\x00\x...  1649289600000000000  1649289600000000000
------------------------------------------------------------
🟢 SHIBxM.ETORO | Datei: 2023-08-29T00-00-00-000000000Z_2026-05-21T06-00-00-000000000Z.parquet
   - Anzahl Ticks in dieser Datei: 2000
                                           bid_price                                          ask_price                                           bid_size                                           ask_size             ts_event              ts_init
0  b'\x00`\xe0q\x0f\x14\x1a\x01\x00\x00\x00\x00\x...  b'\x00\xe0/\xcb\xa8%(\x01\x00\x00\x00\x00\x00\...  b'\x00\x00\xc1o\xf2\x86#\x00\x00\x00\x00\x00\x...  b'\x00\x00\xc1o\xf2\x86#\x00\x00\x00\x00\x00\x...  1693267200000000000  1693267200000000000
1  b'\x00\xf0_%."\x1b\x01\x00\x00\x00\x00\x00\x00...  b"\x00\x80\x85S\x94q'\x01\x00\x00\x00\x00\x00\...  b'\x00\x00\xc1o\xf2\x86#\x00\x00\x00\x00\x00\x...  b'\x00\x00\xc1o\xf2\x86#\x00\x00\x00\x00\x00\x...  1693353600000000000  1693353600000000000
2  b'\x00Pd"\xfb\x94\x10\x01\x00\x00\x00\x00\x00\...  b'\x00\xf0\xb2\xe2\xd1\xc2 \x01\x00\x00\x00\x0...  b'\x00\x00\xc1o\xf2\x86#\x00\x00\x00\x00\x00\x...  b'\x00\x00\xc1o\xf2\x86#\x00\x00\x00\x00\x00\x...  1693440000000000000  1693440000000000000
------------------------------------------------------------
🟢 NOW.ETORO | Datei: 2022-04-19T00-00-00-000000000Z_2026-05-21T06-00-00-000000000Z.parquet
   - Anzahl Ticks in dieser Datei: 2000
                                           bid_price                                          ask_price                                           bid_size                                           ask_size             ts_event              ts_init
0  b'\x00\xa0\xb6g\xf9\xb8\xa4\r\x00\x00\x00\x00\...  b'\x00\xf00\xa2N\x9do\x0e\x00\x00\x00\x00\x00\...  b'\x00\x00\xc1o\xf2\x86#\x00\x00\x00\x00\x00\x...  b'\x00\x00\xc1o\xf2\x86#\x00\x00\x00\x00\x00\x...  1650326400000000000  1650326400000000000
1  b'\x00\xb0@~?Q\xf2\r\x00\x00\x00\x00\x00\x00\x...  b"\x00`\xd0's\xdet\x0e\x00\x00\x00\x00\x00\x00...  b'\x00\x00\xc1o\xf2\x86#\x00\x00\x00\x00\x00\x...  b'\x00\x00\xc1o\xf2\x86#\x00\x00\x00\x00\x00\x...  1650412800000000000  1650412800000000000
2  b'\x00\x00\x05E\xaa\x01\x8e\r\x00\x00\x00\x00\...  b'\x00@\xa1\xd1\xb7\x07p\x0e\x00\x00\x00\x00\x...  b'\x00\x00\xc1o\xf2\x86#\x00\x00\x00\x00\x00\x...  b'\x00\x00\xc1o\xf2\x86#\x00\x00\x00\x00\x00\x...  1650499200000000000  1650499200000000000
------------------------------------------------------------
🟢 NVS.ETORO | Datei: 2022-04-05T00-00-00-000000000Z_2026-05-20T19-00-00-000000000Z.parquet
   - Anzahl Ticks in dieser Datei: 2000
                                           bid_price                                          ask_price                                           bid_size                                           ask_size             ts_event              ts_init
0  b'\x00 \x8e\x88&X*\x0c\x00\x00\x00\x00\x00\x00...  b'\x00\xc0\xe0.*\xaaE\x0c\x00\x00\x00\x00\x00\...  b'\x00\x00\xc1o\xf2\x86#\x00\x00\x00\x00\x00\x...  b'\x00\x00\xc1o\xf2\x86#\x00\x00\x00\x00\x00\x...  1649116800000000000  1649116800000000000
1  b'\x00`\xda\xbeF\xa5J\x0c\x00\x00\x00\x00\x00\...  b'\x00\xc0\xb5\xcb\xb2X\x92\x0c\x00\x00\x00\x0...  b'\x00\x00\xc1o\xf2\x86#\x00\x00\x00\x00\x00\x...  b'\x00\x00\xc1o\xf2\x86#\x00\x00\x00\x00\x00\x...  1649203200000000000  1649203200000000000
2  b'\x00\xc0\x9e\r\x7f\xc4\x93\x0c\x00\x00\x00\x...  b'\x00\x90\xe01=\x19\xaf\x0c\x00\x00\x00\x00\x...  b'\x00\x00\xc1o\xf2\x86#\x00\x00\x00\x00\x00\x...  b'\x00\x00\xc1o\xf2\x86#\x00\x00\x00\x00\x00\x...  1649289600000000000  1649289600000000000
------------------------------------------------------------
🟢 USDZAR.ETORO | Datei: 2022-07-14T00-00-00-000000000Z_2026-05-21T06-00-00-000000000Z.parquet
   - Anzahl Ticks in dieser Datei: 2000
                                           bid_price                                          ask_price                                           bid_size                                           ask_size             ts_event              ts_init
0  b'\x00\xc0\xf9\x00\xa7:W\x02\x00\x00\x00\x00\x...  b'\x00`|E\xde\xb9f\x02\x00\x00\x00\x00\x00\x00...  b'\x00\x00\xc1o\xf2\x86#\x00\x00\x00\x00\x00\x...  b'\x00\x00\xc1o\xf2\x86#\x00\x00\x00\x00\x00\x...  1657756800000000000  1657756800000000000
1  b'\x00\xe0\x11\x99.}]\x02\x00\x00\x00\x00\x00\...  b'\x00\x0009\xaf\xe8e\x02\x00\x00\x00\x00\x00\...  b'\x00\x00\xc1o\xf2\x86#\x00\x00\x00\x00\x00\x...  b'\x00\x00\xc1o\xf2\x86#\x00\x00\x00\x00\x00\x...  1657843200000000000  1657843200000000000
2  b'\x00`h\xba\xdc\xacZ\x02\x00\x00\x00\x00\x00\...  b'\x00\x90_\xb3\xa6jb\x02\x00\x00\x00\x00\x00\...  b'\x00\x00\xc1o\xf2\x86#\x00\x00\x00\x00\x00\x...  b'\x00\x00\xc1o\xf2\x86#\x00\x00\x00\x00\x00\x...  1658102400000000000  1658102400000000000
------------------------------------------------------------
🟢 RIOT.ETORO | Datei: 2022-04-19T00-00-00-000000000Z_2026-05-21T06-00-00-000000000Z.parquet
   - Anzahl Ticks in dieser Datei: 2000
                                           bid_price                                          ask_price                                           bid_size                                           ask_size             ts_event              ts_init
0  b'\x00\x00|U\xa1s\xf9\x01\x00\x00\x00\x00\x00\...  b'\x00p\x86\t\x98\x86\x1b\x02\x00\x00\x00\x00\...  b'\x00\x00\xc1o\xf2\x86#\x00\x00\x00\x00\x00\x...  b'\x00\x00\xc1o\xf2\x86#\x00\x00\x00\x00\x00\x...  1650326400000000000  1650326400000000000
1  b'\x000Q@a@\xeb\x01\x00\x00\x00\x00\x00\x00\x0...  b'\x00\x00e9\x02\xfa\x17\x02\x00\x00\x00\x00\x...  b'\x00\x00\xc1o\xf2\x86#\x00\x00\x00\x00\x00\x...  b'\x00\x00\xc1o\xf2\x86#\x00\x00\x00\x00\x00\x...  1650412800000000000  1650412800000000000
2  b'\x00\xd00\x9b\xee\xea\xc4\x01\x00\x00\x00\x0...  b'\x00\x00e\xe8\xb7l\t\x02\x00\x00\x00\x00\x00...  b'\x00\x00\xc1o\xf2\x86#\x00\x00\x00\x00\x00\x...  b'\x00\x00\xc1o\xf2\x86#\x00\x00\x00\x00\x00\x...  1650499200000000000  1650499200000000000
------------------------------------------------------------
🟢 TSLA.ETORO | Datei: 2022-04-20T00-00-00-000000000Z_2026-05-21T06-00-00-000000000Z.parquet
   - Anzahl Ticks in dieser Datei: 2000
                                           bid_price                                          ask_price                                           bid_size                                           ask_size             ts_event              ts_init
0  b'\x00\x00\xe0\x9e\x8b\xd9\x11-\x00\x00\x00\x0...  b'\x00\x80\xb9K\x00U\xc3/\x00\x00\x00\x00\x00\...  b'\x00\x00\xc1o\xf2\x86#\x00\x00\x00\x00\x00\x...  b'\x00\x00\xc1o\xf2\x86#\x00\x00\x00\x00\x00\x...  1650412800000000000  1650412800000000000
1  b'\x00@p\xbd;\xa8\x0c.\x00\x00\x00\x00\x00\x00...  b'\x00\x90\x89\xa6.\xcd\\2\x00\x00\x00\x00\x00...  b'\x00\x00\xc1o\xf2\x86#\x00\x00\x00\x00\x00\x...  b'\x00\x00\xc1o\xf2\x86#\x00\x00\x00\x00\x00\x...  1650499200000000000  1650499200000000000
2  b'\x00\xb0\x1d\xd3\x89%\xf0-\x00\x00\x00\x00\x...  b'\x00\xf0\t\xfa\xad\x19\xce/\x00\x00\x00\x00\...  b'\x00\x00\xc1o\xf2\x86#\x00\x00\x00\x00\x00\x...  b'\x00\x00\xc1o\xf2\x86#\x00\x00\x00\x00\x00\x...  1650585600000000000  1650585600000000000
------------------------------------------------------------
🟢 PEPExM.ETORO | Datei: 2022-07-03T00-00-00-000000000Z_2026-05-21T06-00-00-000000000Z.parquet
   - Anzahl Ticks in dieser Datei: 1601
                                           bid_price                                          ask_price                                           bid_size                                           ask_size             ts_event              ts_init
0  b'\x00\x00\xc1o\xf2\x86#\x00\x00\x00\x00\x00\x...  b'\x00\x00\xc1o\xf2\x86#\x00\x00\x00\x00\x00\x...  b'\x00\x00\xc1o\xf2\x86#\x00\x00\x00\x00\x00\x...  b'\x00\x00\xc1o\xf2\x86#\x00\x00\x00\x00\x00\x...  1656806400000000000  1656806400000000000
1  b'\x00 \xfeK:\xbeF\x01\x00\x00\x00\x00\x00\x00...  b'\x00\x00yI\xd2\xf4\x83\x01\x00\x00\x00\x00\x...  b'\x00\x00\xc1o\xf2\x86#\x00\x00\x00\x00\x00\x...  b'\x00\x00\xc1o\xf2\x86#\x00\x00\x00\x00\x00\x...  1727740800000000000  1727740800000000000
2  b'\x00\xa0\x974m\x18:\x01\x00\x00\x00\x00\x00\...  b'\x00 \xbf\xbb,Ej\x01\x00\x00\x00\x00\x00\x00...  b'\x00\x00\xc1o\xf2\x86#\x00\x00\x00\x00\x00\x...  b'\x00\x00\xc1o\xf2\x86#\x00\x00\x00\x00\x00\x...  1727827200000000000  1727827200000000000
------------------------------------------------------------
🟢 POWL.ETORO | Datei: 2023-11-30T00-00-00-000000000Z_2026-05-20T19-00-00-000000000Z.parquet
   - Anzahl Ticks in dieser Datei: 1591
                                           bid_price                                          ask_price                                           bid_size                                           ask_size             ts_event              ts_init
0  b'\x00\xa0\xf3\xc7\xb7$\xa6\x03\x00\x00\x00\x0...  b'\x00\xa0\xee\x14N\xb3\xd9\x03\x00\x00\x00\x0...  b'\x00\x00\xc1o\xf2\x86#\x00\x00\x00\x00\x00\x...  b'\x00\x00\xc1o\xf2\x86#\x00\x00\x00\x00\x00\x...  1701302400000000000  1701302400000000000
1  b'\x00p\xb6\xba\xf4\x04\r\x04\x00\x00\x00\x00\...  b'\x00 K\xc6GvM\x04\x00\x00\x00\x00\x00\x00\x0...  b'\x00\x00\xc1o\xf2\x86#\x00\x00\x00\x00\x00\x...  b'\x00\x00\xc1o\xf2\x86#\x00\x00\x00\x00\x00\x...  1701734400000000000  1701734400000000000
2  b'\x00p\x0bp}%x\x03\x00\x00\x00\x00\x00\x00\x0...  b'\x00`lo\t\xed(\x04\x00\x00\x00\x00\x00\x00\x...  b'\x00\x00\xc1o\xf2\x86#\x00\x00\x00\x00\x00\x...  b'\x00\x00\xc1o\xf2\x86#\x00\x00\x00\x00\x00\x...  1701820800000000000  1701820800000000000
------------------------------------------------------------
🟢 USDTRY.ETORO | Datei: 2022-07-14T00-00-00-000000000Z_2026-05-21T06-00-00-000000000Z.parquet
   - Anzahl Ticks in dieser Datei: 2000
                                           bid_price                                          ask_price                                           bid_size                                           ask_size             ts_event              ts_init
0  b'\x00(\xc1m\xdb\xa0f\x02\x00\x00\x00\x00\x00\...  b'\x00\xc0/&w\x94m\x02\x00\x00\x00\x00\x00\x00...  b'\x00\x00\xc1o\xf2\x86#\x00\x00\x00\x00\x00\x...  b'\x00\x00\xc1o\xf2\x86#\x00\x00\x00\x00\x00\x...  1657756800000000000  1657756800000000000
1  b'\x00\xe8\xb3\xc5\x0f\xd4b\x02\x00\x00\x00\x0...  b'\x00\x00\x9a\x91\x95\x06m\x02\x00\x00\x00\x0...  b'\x00\x00\xc1o\xf2\x86#\x00\x00\x00\x00\x00\x...  b'\x00\x00\xc1o\xf2\x86#\x00\x00\x00\x00\x00\x...  1657843200000000000  1657843200000000000
2  b'\x00h\x99/\x96\x0ca\x02\x00\x00\x00\x00\x00\...  b'\x000\x1a\x11!\xd2m\x02\x00\x00\x00\x00\x00\...  b'\x00\x00\xc1o\xf2\x86#\x00\x00\x00\x00\x00\x...  b'\x00\x00\xc1o\xf2\x86#\x00\x00\x00\x00\x00\x...  1658102400000000000  1658102400000000000
------------------------------------------------------------
🟢 WDC.ETORO | Datei: 2022-04-20T00-00-00-000000000Z_2026-05-21T06-00-00-000000000Z.parquet
   - Anzahl Ticks in dieser Datei: 2000
                                           bid_price                                          ask_price                                           bid_size                                           ask_size             ts_event              ts_init
0  b'\x00\x80\x82s\x1f\x8e\xd5\x06\x00\x00\x00\x0...  b'\x00@\xc3\x1bp\x1e\x05\x07\x00\x00\x00\x00\x...  b'\x00\x00\xc1o\xf2\x86#\x00\x00\x00\x00\x00\x...  b'\x00\x00\xc1o\xf2\x86#\x00\x00\x00\x00\x00\x...  1650412800000000000  1650412800000000000
1  b'\x00\xc0\xceX\xf5M\xe7\x06\x00\x00\x00\x00\x...  b'\x00\xd0s \xbd\xf6\x12\x07\x00\x00\x00\x00\x...  b'\x00\x00\xc1o\xf2\x86#\x00\x00\x00\x00\x00\x...  b'\x00\x00\xc1o\xf2\x86#\x00\x00\x00\x00\x00\x...  1650499200000000000  1650499200000000000
2  b'\x00@\xf1\xa4\xf8\x9e\xd6\x06\x00\x00\x00\x0...  b'\x000\xf0y\xd5g\xf9\x06\x00\x00\x00\x00\x00\...  b'\x00\x00\xc1o\xf2\x86#\x00\x00\x00\x00\x00\x...  b'\x00\x00\xc1o\xf2\x86#\x00\x00\x00\x00\x00\x...  1650585600000000000  1650585600000000000
------------------------------------------------------------
🟢 INSM.ETORO | Datei: 2022-04-30T00-00-00-000000000Z_2026-05-20T19-00-00-000000000Z.parquet
   - Anzahl Ticks in dieser Datei: 1986
                                           bid_price                                          ask_price                                           bid_size                                           ask_size             ts_event              ts_init
0  b"\x00@'i\xfc\x87\x0c\x03\x00\x00\x00\x00\x00\...  b"\x00@'i\xfc\x87\x0c\x03\x00\x00\x00\x00\x00\...  b'\x00\x00\xc1o\xf2\x86#\x00\x00\x00\x00\x00\x...  b'\x00\x00\xc1o\xf2\x86#\x00\x00\x00\x00\x00\x...  1651276800000000000  1651276800000000000
1  b'\x00 \xf7\x01\xdb.\x0c\x03\x00\x00\x00\x00\x...  b"\x00@'i\xfc\x87\x0c\x03\x00\x00\x00\x00\x00\...  b'\x00\x00\xc1o\xf2\x86#\x00\x00\x00\x00\x00\x...  b'\x00\x00\xc1o\xf2\x86#\x00\x00\x00\x00\x00\x...  1651363200000000000  1651363200000000000
2  b'\x00 \x0eo\xc45\xfc\x02\x00\x00\x00\x00\x00\...  b'\x00`C\xe7\xb0\xee\x1d\x03\x00\x00\x00\x00\x...  b'\x00\x00\xc1o\xf2\x86#\x00\x00\x00\x00\x00\x...  b'\x00\x00\xc1o\xf2\x86#\x00\x00\x00\x00\x00\x...  1651449600000000000  1651449600000000000
------------------------------------------------------------
🟢 FSLY.ETORO | Datei: 2022-04-05T00-00-00-000000000Z_2026-05-20T19-00-00-000000000Z.parquet
   - Anzahl Ticks in dieser Datei: 2000
                                           bid_price                                          ask_price                                           bid_size                                           ask_size             ts_event              ts_init
0  b'\x00\x00\xf2\xb9\x07\xf2\x84\x02\x00\x00\x00...  b'\x00`\xcd$\xdf\x8a\xaf\x02\x00\x00\x00\x00\x...  b'\x00\x00\xc1o\xf2\x86#\x00\x00\x00\x00\x00\x...  b'\x00\x00\xc1o\xf2\x86#\x00\x00\x00\x00\x00\x...  1649116800000000000  1649116800000000000
1  b'\x00\xe0K%\x88\xf7^\x02\x00\x00\x00\x00\x00\...  b'\x00PV\xd9~\n\x81\x02\x00\x00\x00\x00\x00\x0...  b'\x00\x00\xc1o\xf2\x86#\x00\x00\x00\x00\x00\x...  b'\x00\x00\xc1o\xf2\x86#\x00\x00\x00\x00\x00\x...  1649203200000000000  1649203200000000000
2  b'\x00\xf054\x0c\xb5Z\x02\x00\x00\x00\x00\x00\...  b'\x00\x10\xaeL$\x87\x83\x02\x00\x00\x00\x00\x...  b'\x00\x00\xc1o\xf2\x86#\x00\x00\x00\x00\x00\x...  b'\x00\x00\xc1o\xf2\x86#\x00\x00\x00\x00\x00\x...  1649289600000000000  1649289600000000000
------------------------------------------------------------
🟢 CAT.ETORO | Datei: 2022-04-20T00-00-00-000000000Z_2026-05-21T06-00-00-000000000Z.parquet
   - Anzahl Ticks in dieser Datei: 2000
                                           bid_price                                          ask_price                                           bid_size                                           ask_size             ts_event              ts_init
0  b'\x00@#%\x06\x139 \x00\x00\x00\x00\x00\x00\x0...  b'\x00\x10\xc4Mb7\xc4 \x00\x00\x00\x00\x00\x00...  b'\x00\x00\xc1o\xf2\x86#\x00\x00\x00\x00\x00\x...  b'\x00\x00\xc1o\xf2\x86#\x00\x00\x00\x00\x00\x...  1650412800000000000  1650412800000000000
1  b'\x00\xb0[\x11;\x19\x1e \x00\x00\x00\x00\x00\...  b'\x00p\xcd\x85\xeb\x85\xfa \x00\x00\x00\x00\x...  b'\x00\x00\xc1o\xf2\x86#\x00\x00\x00\x00\x00\x...  b'\x00\x00\xc1o\xf2\x86#\x00\x00\x00\x00\x00\x...  1650499200000000000  1650499200000000000
2  b'\x00\xa0Q\x10qv\xda\x1d\x00\x00\x00\x00\x00\...  b'\x00\xd0t%\xb5\x1b\xd7\x1f\x00\x00\x00\x00\x...  b'\x00\x00\xc1o\xf2\x86#\x00\x00\x00\x00\x00\x...  b'\x00\x00\xc1o\xf2\x86#\x00\x00\x00\x00\x00\x...  1650585600000000000  1650585600000000000
------------------------------------------------------------
🟢 COHR.ETORO | Datei: 2022-04-05T00-00-00-000000000Z_2026-05-20T19-00-00-000000000Z.parquet
   - Anzahl Ticks in dieser Datei: 2000
                                           bid_price                                          ask_price                                           bid_size                                           ask_size             ts_event              ts_init
0  b'\x00\xd0\x93\xb4\x97\xf6w\t\x00\x00\x00\x00\...  b'\x00P\xfeF\x05\x83\xd8\t\x00\x00\x00\x00\x00...  b'\x00\x00\xc1o\xf2\x86#\x00\x00\x00\x00\x00\x...  b'\x00\x00\xc1o\xf2\x86#\x00\x00\x00\x00\x00\x...  1649116800000000000  1649116800000000000
1  b'\x00\xb0\x1b\xfa\xea\t2\t\x00\x00\x00\x00\x0...  b'\x00\xe08\xda\xca\x84\x86\t\x00\x00\x00\x00\...  b'\x00\x00\xc1o\xf2\x86#\x00\x00\x00\x00\x00\x...  b'\x00\x00\xc1o\xf2\x86#\x00\x00\x00\x00\x00\x...  1649203200000000000  1649203200000000000
2  b'\x00\x10j(\xe6\xdf)\t\x00\x00\x00\x00\x00\x0...  b'\x00\x80\x01\x19\xb9\xb5~\t\x00\x00\x00\x00\...  b'\x00\x00\xc1o\xf2\x86#\x00\x00\x00\x00\x00\x...  b'\x00\x00\xc1o\xf2\x86#\x00\x00\x00\x00\x00\x...  1649289600000000000  1649289600000000000
------------------------------------------------------------
🟢 BTC.ETORO | Datei: 2023-08-29T00-00-00-000000000Z_2026-05-21T06-00-00-000000000Z.parquet
   - Anzahl Ticks in dieser Datei: 2000
                                           bid_price                                          ask_price                                           bid_size                                           ask_size             ts_event              ts_init
0  b'\x00\x00\x0eu\n\xfb]\xe3\r\x00\x00\x00\x00\x...  b'\x00\x80[\t\x86U\xdf\n\x0f\x00\x00\x00\x00\x...  b'\x00\x00\xc1o\xf2\x86#\x00\x00\x00\x00\x00\x...  b'\x00\x00\xc1o\xf2\x86#\x00\x00\x00\x00\x00\x...  1693267200000000000  1693267200000000000
1  b'\x00@\xa8S\x8e\x96\xc2x\x0e\x00\x00\x00\x00\...  b'\x00\xc0\x97\x0e\xf7\x8dK\xe2\x0e\x00\x00\x0...  b'\x00\x00\xc1o\xf2\x86#\x00\x00\x00\x00\x00\x...  b'\x00\x00\xc1o\xf2\x86#\x00\x00\x00\x00\x00\x...  1693353600000000000  1693353600000000000
2  b'\x00\xc0I\x98m\x81\xe9\xe0\r\x00\x00\x00\x00...  b'\x00\xc0\x0e\xf1\xcf\x03t\xbc\x0e\x00\x00\x0...  b'\x00\x00\xc1o\xf2\x86#\x00\x00\x00\x00\x00\x...  b'\x00\x00\xc1o\xf2\x86#\x00\x00\x00\x00\x00\x...  1693440000000000000  1693440000000000000
------------------------------------------------------------
🟢 CMG.ETORO | Datei: 2022-04-19T00-00-00-000000000Z_2026-05-21T06-00-00-000000000Z.parquet
   - Anzahl Ticks in dieser Datei: 2000
                                           bid_price                                          ask_price                                           bid_size                                           ask_size             ts_event              ts_init
0  b'\x00\xf0\xc8G\xe1\xbcR\x04\x00\x00\x00\x00\x...  b'\x00\xd0DV\xdfu\x8b\x04\x00\x00\x00\x00\x00\...  b'\x00\x00\xc1o\xf2\x86#\x00\x00\x00\x00\x00\x...  b'\x00\x00\xc1o\xf2\x86#\x00\x00\x00\x00\x00\x...  1650326400000000000  1650326400000000000
1  b'\x00\x00?1\x91-w\x04\x00\x00\x00\x00\x00\x00...  b'\x00\x10 V4\xc8\x8c\x04\x00\x00\x00\x00\x00\...  b'\x00\x00\xc1o\xf2\x86#\x00\x00\x00\x00\x00\x...  b'\x00\x00\xc1o\xf2\x86#\x00\x00\x00\x00\x00\x...  1650412800000000000  1650412800000000000
2  b'\x00\xf0\xc8\xa5L\xa25\x04\x00\x00\x00\x00\x...  b'\x00\xe0\x8fT\xc5*\x88\x04\x00\x00\x00\x00\x...  b'\x00\x00\xc1o\xf2\x86#\x00\x00\x00\x00\x00\x...  b'\x00\x00\xc1o\xf2\x86#\x00\x00\x00\x00\x00\x...  1650499200000000000  1650499200000000000
------------------------------------------------------------
🟢 EEFT.ETORO | Datei: 2022-04-05T00-00-00-000000000Z_2026-05-20T19-00-00-000000000Z.parquet
   - Anzahl Ticks in dieser Datei: 2000
                                           bid_price                                          ask_price                                           bid_size                                           ask_size             ts_event              ts_init
0  b'\x00\x80P\x08P\x16\x1d\x12\x00\x00\x00\x00\x...  b'\x00\xa0\x83{@\xee\x92\x12\x00\x00\x00\x00\x...  b'\x00\x00\xc1o\xf2\x86#\x00\x00\x00\x00\x00\x...  b'\x00\x00\xc1o\xf2\x86#\x00\x00\x00\x00\x00\x...  1649116800000000000  1649116800000000000
1  b'\x00\xe0\x11e\xfbf\x99\x11\x00\x00\x00\x00\x...  b'\x00\xc0\xcav\xaeV\x00\x12\x00\x00\x00\x00\x...  b'\x00\x00\xc1o\xf2\x86#\x00\x00\x00\x00\x00\x...  b'\x00\x00\xc1o\xf2\x86#\x00\x00\x00\x00\x00\x...  1649203200000000000  1649203200000000000
2  b'\x00\xc0\xc7\xd5k\x15B\x11\x00\x00\x00\x00\x...  b'\x00\xa0>\xd3\x94w\xcb\x11\x00\x00\x00\x00\x...  b'\x00\x00\xc1o\xf2\x86#\x00\x00\x00\x00\x00\x...  b'\x00\x00\xc1o\xf2\x86#\x00\x00\x00\x00\x00\x...  1649289600000000000  1649289600000000000
------------------------------------------------------------
🟢 WBD.ETORO | Datei: 2022-04-18T00-00-00-000000000Z_2026-05-21T06-00-00-000000000Z.parquet
   - Anzahl Ticks in dieser Datei: 3000
                                           bid_price                                          ask_price                                           bid_size                                           ask_size             ts_event              ts_init
0  b'\x00\x80\x00:d}B\x03\x00\x00\x00\x00\x00\x00...  b'\x00\x10\x9a"\x12\xdcn\x03\x00\x00\x00\x00\x...  b'\x00\x00\xc1o\xf2\x86#\x00\x00\x00\x00\x00\x...  b'\x00\x00\xc1o\xf2\x86#\x00\x00\x00\x00\x00\x...  1650240000000000000  1650240000000000000
1  b'\x00\x80\x00:d}B\x03\x00\x00\x00\x00\x00\x00...  b'\x00\xe0\xf2bo\xaak\x03\x00\x00\x00\x00\x00\...  b'\x00\x00\xc1o\xf2\x86#\x00\x00\x00\x00\x00\x...  b'\x00\x00\xc1o\xf2\x86#\x00\x00\x00\x00\x00\x...  1650326400000000000  1650326400000000000
2  b'\x00\x00\xf5\xb8\xb5\x18&\x03\x00\x00\x00\x0...  b'\x00\x80\xe9{0\xe9C\x03\x00\x00\x00\x00\x00\...  b'\x00\x00\xc1o\xf2\x86#\x00\x00\x00\x00\x00\x...  b'\x00\x00\xc1o\xf2\x86#\x00\x00\x00\x00\x00\x...  1650412800000000000  1650412800000000000
------------------------------------------------------------
🟢 XPEV.ETORO | Datei: 2022-04-05T00-00-00-000000000Z_2026-05-20T19-00-00-000000000Z.parquet
   - Anzahl Ticks in dieser Datei: 2000
                                           bid_price                                          ask_price                                           bid_size                                           ask_size             ts_event              ts_init
0  b'\x00\x00\xf8L\xd7\x01\x10\x04\x00\x00\x00\x0...  b'\x00\xa0Mj6\x10X\x04\x00\x00\x00\x00\x00\x00...  b'\x00\x00\xc1o\xf2\x86#\x00\x00\x00\x00\x00\x...  b'\x00\x00\xc1o\xf2\x86#\x00\x00\x00\x00\x00\x...  1649116800000000000  1649116800000000000
1  b'\x00\xc0\xc22V.\xd1\x03\x00\x00\x00\x00\x00\...  b'\x00\x90\xbf\xbe\r\xe1\r\x04\x00\x00\x00\x00...  b'\x00\x00\xc1o\xf2\x86#\x00\x00\x00\x00\x00\x...  b'\x00\x00\xc1o\xf2\x86#\x00\x00\x00\x00\x00\x...  1649203200000000000  1649203200000000000
2  b'\x00\xc0\xc2\xe1\x0b\xa1\xc2\x03\x00\x00\x00...  b'\x000\x9f\xbb/\xa6\x04\x04\x00\x00\x00\x00\x...  b'\x00\x00\xc1o\xf2\x86#\x00\x00\x00\x00\x00\x...  b'\x00\x00\xc1o\xf2\x86#\x00\x00\x00\x00\x00\x...  1649289600000000000  1649289600000000000
------------------------------------------------------------
🟢 MU.ETORO | Datei: 2022-04-20T00-00-00-000000000Z_2026-05-21T06-00-00-000000000Z.parquet
   - Anzahl Ticks in dieser Datei: 2000
                                           bid_price                                          ask_price                                           bid_size                                           ask_size             ts_event              ts_init
0  b'\x00\x80IR\x02\x99\x1b\n\x00\x00\x00\x00\x00...  b'\x00 \x88\xa4\x0c\xbb\x90\n\x00\x00\x00\x00\...  b'\x00\x00\xc1o\xf2\x86#\x00\x00\x00\x00\x00\x...  b'\x00\x00\xc1o\xf2\x86#\x00\x00\x00\x00\x00\x...  1650412800000000000  1650412800000000000
1  b'\x00\x80\xbcs\x91\xbb\xcb\t\x00\x00\x00\x00\...  b'\x00\xa0\xc1\xbbd\xf8R\n\x00\x00\x00\x00\x00...  b'\x00\x00\xc1o\xf2\x86#\x00\x00\x00\x00\x00\x...  b'\x00\x00\xc1o\xf2\x86#\x00\x00\x00\x00\x00\x...  1650499200000000000  1650499200000000000
2  b'\x00\xc0{\xcb@+\x9c\t\x00\x00\x00\x00\x00\x0...  b'\x00P\x15\x059\x17\xd7\t\x00\x00\x00\x00\x00...  b'\x00\x00\xc1o\xf2\x86#\x00\x00\x00\x00\x00\x...  b'\x00\x00\xc1o\xf2\x86#\x00\x00\x00\x00\x00\x...  1650585600000000000  1650585600000000000
------------------------------------------------------------
🟢 HUBS.ETORO | Datei: 2022-04-05T00-00-00-000000000Z_2026-05-20T19-00-00-000000000Z.parquet
   - Anzahl Ticks in dieser Datei: 2000
                                           bid_price                                          ask_price                                           bid_size                                           ask_size             ts_event              ts_init
0  b'\x00\xb0Ll\xb8\x0c\xc8@\x00\x00\x00\x00\x00\...  b'\x00P\x10Hv\xf3\x7fE\x00\x00\x00\x00\x00\x00...  b'\x00\x00\xc1o\xf2\x86#\x00\x00\x00\x00\x00\x...  b'\x00\x00\xc1o\xf2\x86#\x00\x00\x00\x00\x00\x...  1649116800000000000  1649116800000000000
1  b'\x00 \x03}\x9d\xe7\xfc<\x00\x00\x00\x00\x00\...  b'\x00\x80\xb9\xc9\x06.\x05@\x00\x00\x00\x00\x...  b'\x00\x00\xc1o\xf2\x86#\x00\x00\x00\x00\x00\x...  b'\x00\x00\xc1o\xf2\x86#\x00\x00\x00\x00\x00\x...  1649203200000000000  1649203200000000000
2  b'\x00\x00\x8e\x05\xc8V\x92=\x00\x00\x00\x00\x...  b'\x00@Y2\xccXj@\x00\x00\x00\x00\x00\x00\x00\x00'  b'\x00\x00\xc1o\xf2\x86#\x00\x00\x00\x00\x00\x...  b'\x00\x00\xc1o\xf2\x86#\x00\x00\x00\x00\x00\x...  1649289600000000000  1649289600000000000
------------------------------------------------------------
🟢 HAL.ETORO | Datei: 2022-04-19T00-00-00-000000000Z_2026-05-21T06-00-00-000000000Z.parquet
   - Anzahl Ticks in dieser Datei: 2000
                                           bid_price                                          ask_price                                           bid_size                                           ask_size             ts_event              ts_init
0  b'\x00 \x8d\x14^]\xa5\x05\x00\x00\x00\x00\x00\...  b'\x00\xd0\xe3\xfet\xbd\xe7\x05\x00\x00\x00\x0...  b'\x00\x00\xc1o\xf2\x86#\x00\x00\x00\x00\x00\x...  b'\x00\x00\xc1o\xf2\x86#\x00\x00\x00\x00\x00\x...  1650326400000000000  1650326400000000000
1  b'\x00pM9\xc5\x1ep\x05\x00\x00\x00\x00\x00\x00...  b'\x00\xf0\xfcc9M\xaf\x05\x00\x00\x00\x00\x00\...  b'\x00\x00\xc1o\xf2\x86#\x00\x00\x00\x00\x00\x...  b'\x00\x00\xc1o\xf2\x86#\x00\x00\x00\x00\x00\x...  1650412800000000000  1650412800000000000
2  b"\x00\x10\x16'i\xc2Y\x05\x00\x00\x00\x00\x00\...  b'\x00\x00\x15\x9e\xda\xa5\x99\x05\x00\x00\x00...  b'\x00\x00\xc1o\xf2\x86#\x00\x00\x00\x00\x00\x...  b'\x00\x00\xc1o\xf2\x86#\x00\x00\x00\x00\x00\x...  1650499200000000000  1650499200000000000
------------------------------------------------------------
🟢 ADBE.ETORO | Datei: 2022-04-20T00-00-00-000000000Z_2026-05-21T06-00-00-000000000Z.parquet
   - Anzahl Ticks in dieser Datei: 6000
                                           bid_price                                          ask_price                                           bid_size                                           ask_size             ts_event              ts_init
0  b'\x00\x90zn\t\x805;\x00\x00\x00\x00\x00\x00\x...  b'\x00\x90\xf6\x14\xf5\x80==\x00\x00\x00\x00\x...  b'\x00\x00\xc1o\xf2\x86#\x00\x00\x00\x00\x00\x...  b'\x00\x00\xc1o\xf2\x86#\x00\x00\x00\x00\x00\x...  1650412800000000000  1650412800000000000
1  b'\x00\xd0\x05\xfb\xaa\xec\xb79\x00\x00\x00\x0...  b'\x000I\xe2[\xdb\xd5<\x00\x00\x00\x00\x00\x00...  b'\x00\x00\xc1o\xf2\x86#\x00\x00\x00\x00\x00\x...  b'\x00\x00\xc1o\xf2\x86#\x00\x00\x00\x00\x00\x...  1650499200000000000  1650499200000000000
2  b'\x00@i-\x91\x17\x938\x00\x00\x00\x00\x00\x00...  b'\x00\xb0\xd8\x1a\x8a$\xcd:\x00\x00\x00\x00\x...  b'\x00\x00\xc1o\xf2\x86#\x00\x00\x00\x00\x00\x...  b'\x00\x00\xc1o\xf2\x86#\x00\x00\x00\x00\x00\x...  1650585600000000000  1650585600000000000
------------------------------------------------------------
🟢 ETH.ETORO | Datei: 2023-08-29T00-00-00-000000000Z_2026-05-21T06-00-00-000000000Z.parquet
   - Anzahl Ticks in dieser Datei: 2000
                                           bid_price                                          ask_price                                           bid_size                                           ask_size             ts_event              ts_init
0  b"\x00\xe0'\xf4_\xf6\x16\xe1\x00\x00\x00\x00\x...  b'\x00\xa0\x0f\x93;\xd2\x91\xef\x00\x00\x00\x0...  b'\x00\x00\xc1o\xf2\x86#\x00\x00\x00\x00\x00\x...  b'\x00\x00\xc1o\xf2\x86#\x00\x00\x00\x00\x00\x...  1693267200000000000  1693267200000000000
1  b'\x00\x00\x8f\xbc#R\xe1\xe8\x00\x00\x00\x00\x...  b'\x00\x10\x83\xc8a\xcbP\xee\x00\x00\x00\x00\x...  b'\x00\x00\xc1o\xf2\x86#\x00\x00\x00\x00\x00\x...  b'\x00\x00\xc1o\xf2\x86#\x00\x00\x00\x00\x00\x...  1693353600000000000  1693353600000000000
2  b'\x000>&c\x0c\x97\xe1\x00\x00\x00\x00\x00\x00...  b'\x00\xf0\xc1\xa6?L\xb5\xec\x00\x00\x00\x00\x...  b'\x00\x00\xc1o\xf2\x86#\x00\x00\x00\x00\x00\x...  b'\x00\x00\xc1o\xf2\x86#\x00\x00\x00\x00\x00\x...  1693440000000000000  1693440000000000000
------------------------------------------------------------
🟢 MNDY.ETORO | Datei: 2022-04-04T00-00-00-000000000Z_2026-05-20T19-00-00-000000000Z.parquet
   - Anzahl Ticks in dieser Datei: 2000
                                           bid_price                                          ask_price                                           bid_size                                           ask_size             ts_event              ts_init
0  b"\x00\x10\xceq.\xb1'\x17\x00\x00\x00\x00\x00\...  b'\x00\x100\n\xeei\x81\x18\x00\x00\x00\x00\x00...  b'\x00\x00\xc1o\xf2\x86#\x00\x00\x00\x00\x00\x...  b'\x00\x00\xc1o\xf2\x86#\x00\x00\x00\x00\x00\x...  1649030400000000000  1649030400000000000
1  b'\x00\x90wg>\xb5\xbe\x15\x00\x00\x00\x00\x00\...  b'\x00\xa0jLi\xde \x18\x00\x00\x00\x00\x00\x00...  b'\x00\x00\xc1o\xf2\x86#\x00\x00\x00\x00\x00\x...  b'\x00\x00\xc1o\xf2\x86#\x00\x00\x00\x00\x00\x...  1649116800000000000  1649116800000000000
2  b'\x00\xb0\xb8\x13\x06C\xdb\x13\x00\x00\x00\x0...  b'\x00\xe0\xaa\xad4\x999\x15\x00\x00\x00\x00\x...  b'\x00\x00\xc1o\xf2\x86#\x00\x00\x00\x00\x00\x...  b'\x00\x00\xc1o\xf2\x86#\x00\x00\x00\x00\x00\x...  1649203200000000000  1649203200000000000
------------------------------------------------------------
🟢 ACN.ETORO | Datei: 2022-04-19T00-00-00-000000000Z_2026-05-21T06-00-00-000000000Z.parquet
   - Anzahl Ticks in dieser Datei: 2000
                                           bid_price                                          ask_price                                           bid_size                                           ask_size             ts_event              ts_init
0  b'\x00\x00\xd3\x0c\x9f\xce1+\x00\x00\x00\x00\x...  b'\x00\xa0\xcf\x16\x9b\x02x,\x00\x00\x00\x00\x...  b'\x00\x00\xc1o\xf2\x86#\x00\x00\x00\x00\x00\x...  b'\x00\x00\xc1o\xf2\x86#\x00\x00\x00\x00\x00\x...  1650326400000000000  1650326400000000000
1  b'\x00P=\xbf\xe5\xf6\xb8,\x00\x00\x00\x00\x00\...  b'\x00\xe0\xd9\xa6A|\x86-\x00\x00\x00\x00\x00\...  b'\x00\x00\xc1o\xf2\x86#\x00\x00\x00\x00\x00\x...  b'\x00\x00\xc1o\xf2\x86#\x00\x00\x00\x00\x00\x...  1650412800000000000  1650412800000000000
2  b'\x00\x90\xfc\x16\x95f\x89,\x00\x00\x00\x00\x...  b'\x00p\xfd\xa5\xban\xc7-\x00\x00\x00\x00\x00\...  b'\x00\x00\xc1o\xf2\x86#\x00\x00\x00\x00\x00\x...  b'\x00\x00\xc1o\xf2\x86#\x00\x00\x00\x00\x00\x...  1650499200000000000  1650499200000000000
------------------------------------------------------------
🟢 PINS.ETORO | Datei: 2022-04-05T00-00-00-000000000Z_2026-05-20T19-00-00-000000000Z.parquet
   - Anzahl Ticks in dieser Datei: 2000
                                           bid_price                                          ask_price                                           bid_size                                           ask_size             ts_event              ts_init
0  b'\x00\xd0\xda\xcabl\x9e\x03\x00\x00\x00\x00\x...  b'\x00\x10\xf9\xd5e\x1e\xd0\x03\x00\x00\x00\x0...  b'\x00\x00\xc1o\xf2\x86#\x00\x00\x00\x00\x00\x...  b'\x00\x00\xc1o\xf2\x86#\x00\x00\x00\x00\x00\x...  1649116800000000000  1649116800000000000
1  b'\x00PB\r\xd8DO\x03\x00\x00\x00\x00\x00\x00\x...  b'\x00p\xd14n8\x85\x03\x00\x00\x00\x00\x00\x00...  b'\x00\x00\xc1o\xf2\x86#\x00\x00\x00\x00\x00\x...  b'\x00\x00\xc1o\xf2\x86#\x00\x00\x00\x00\x00\x...  1649203200000000000  1649203200000000000
2  b'\x00\xb0\xa7Wr\x94(\x03\x00\x00\x00\x00\x00\...  b'\x000@\x15\xfd\xbbw\x03\x00\x00\x00\x00\x00\...  b'\x00\x00\xc1o\xf2\x86#\x00\x00\x00\x00\x00\x...  b'\x00\x00\xc1o\xf2\x86#\x00\x00\x00\x00\x00\x...  1649289600000000000  1649289600000000000
------------------------------------------------------------
🟢 HYPE.ETORO | Datei: 2025-04-09T00-00-00-000000000Z_2026-05-21T06-00-00-000000000Z.parquet
   - Anzahl Ticks in dieser Datei: 1252
                                           bid_price                                          ask_price                                           bid_size                                           ask_size             ts_event              ts_init
0  b'\x00\x00\x0c=]S\xaa\x01\x00\x00\x00\x00\x00\...  b'\x00\x00\x0c=]S\xaa\x01\x00\x00\x00\x00\x00\...  b'\x00\x00\xc1o\xf2\x86#\x00\x00\x00\x00\x00\x...  b'\x00\x00\xc1o\xf2\x86#\x00\x00\x00\x00\x00\x...  1744156800000000000  1744156800000000000
1  b'\x00\x00\x0c=]S\xaa\x01\x00\x00\x00\x00\x00\...  b'\x00\x00\x0c=]S\xaa\x01\x00\x00\x00\x00\x00\...  b'\x00\x00\xc1o\xf2\x86#\x00\x00\x00\x00\x00\x...  b'\x00\x00\xc1o\xf2\x86#\x00\x00\x00\x00\x00\x...  1744243200000000000  1744243200000000000
2  b'\x00\xc0\xb9\xa2K\x0e7\x07\x00\x00\x00\x00\x...  b'\x00@\xba\x17MKv\x07\x00\x00\x00\x00\x00\x00...  b'\x00\x00\xc1o\xf2\x86#\x00\x00\x00\x00\x00\x...  b'\x00\x00\xc1o\xf2\x86#\x00\x00\x00\x00\x00\x...  1757894400000000000  1757894400000000000
------------------------------------------------------------
🟢 AVAX.ETORO | Datei: 2023-08-29T00-00-00-000000000Z_2026-05-21T06-00-00-000000000Z.parquet
   - Anzahl Ticks in dieser Datei: 2000
                                           bid_price                                          ask_price                                           bid_size                                           ask_size             ts_event              ts_init
0  b'\x00\x00E#\xdd\x88g\x01\x00\x00\x00\x00\x00\...  b'\x00\xc0\xa2@\x10I\x89\x01\x00\x00\x00\x00\x...  b'\x00\x00\xc1o\xf2\x86#\x00\x00\x00\x00\x00\x...  b'\x00\x00\xc1o\xf2\x86#\x00\x00\x00\x00\x00\x...  1693267200000000000  1693267200000000000
1  b'\x00@\x91\xb7h\xbbj\x01\x00\x00\x00\x00\x00\...  b'\x00\x00\xd5A\xa1E~\x01\x00\x00\x00\x00\x00\...  b'\x00\x00\xc1o\xf2\x86#\x00\x00\x00\x00\x00\x...  b'\x00\x00\xc1o\xf2\x86#\x00\x00\x00\x00\x00\x...  1693353600000000000  1693353600000000000
2  b'\x00@\xbc^\tBX\x01\x00\x00\x00\x00\x00\x00\x...  b'\x00@\x1e\x01f\xd6q\x01\x00\x00\x00\x00\x00\...  b'\x00\x00\xc1o\xf2\x86#\x00\x00\x00\x00\x00\x...  b'\x00\x00\xc1o\xf2\x86#\x00\x00\x00\x00\x00\x...  1693440000000000000  1693440000000000000
------------------------------------------------------------
🟢 LRCX.ETORO | Datei: 2022-04-19T00-00-00-000000000Z_2026-05-21T06-00-00-000000000Z.parquet
   - Anzahl Ticks in dieser Datei: 2000
                                           bid_price                                          ask_price                                           bid_size                                           ask_size             ts_event              ts_init
0  b'\x00P\xf6 \xd57v\x06\x00\x00\x00\x00\x00\x00...  b'\x00\x80\xd8\xc1`\x9b\xb0\x06\x00\x00\x00\x0...  b'\x00\x00\xc1o\xf2\x86#\x00\x00\x00\x00\x00\x...  b'\x00\x00\xc1o\xf2\x86#\x00\x00\x00\x00\x00\x...  1650326400000000000  1650326400000000000
1  b'\x00\x10\xa2Uc\x7f\xa5\x06\x00\x00\x00\x00\x...  b'\x00\xe0\xf6\xe6\x9b\x06\xfd\x06\x00\x00\x00...  b'\x00\x00\xc1o\xf2\x86#\x00\x00\x00\x00\x00\x...  b'\x00\x00\xc1o\xf2\x86#\x00\x00\x00\x00\x00\x...  1650412800000000000  1650412800000000000
2  b'\x00\xd0\xd5\xf6\x9d\xeb}\x06\x00\x00\x00\x0...  b'\x00P/\xd3\xd0\x0c\xe2\x06\x00\x00\x00\x00\x...  b'\x00\x00\xc1o\xf2\x86#\x00\x00\x00\x00\x00\x...  b'\x00\x00\xc1o\xf2\x86#\x00\x00\x00\x00\x00\x...  1650499200000000000  1650499200000000000
------------------------------------------------------------
🟢 PLTR.ETORO | Datei: 2022-04-19T00-00-00-000000000Z_2026-05-21T06-00-00-000000000Z.parquet
   - Anzahl Ticks in dieser Datei: 2000
                                           bid_price                                          ask_price                                           bid_size                                           ask_size             ts_event              ts_init
0  b'\x00\xf0\x1b&\xe0l\xac\x01\x00\x00\x00\x00\x...  b'\x00\xf0\xd6\x8d\xd9\xca\xcd\x01\x00\x00\x00...  b'\x00\x00\xc1o\xf2\x86#\x00\x00\x00\x00\x00\x...  b'\x00\x00\xc1o\xf2\x86#\x00\x00\x00\x00\x00\x...  1650326400000000000  1650326400000000000
1  b'\x00P<z\x085\xc4\x01\x00\x00\x00\x00\x00\x00...  b'\x00\xa0[\xb0.\x1e\xd3\x01\x00\x00\x00\x00\x...  b'\x00\x00\xc1o\xf2\x86#\x00\x00\x00\x00\x00\x...  b'\x00\x00\xc1o\xf2\x86#\x00\x00\x00\x00\x00\x...  1650412800000000000  1650412800000000000
2  b'\x00\xa0\xa0H5\xc0\xb1\x01\x00\x00\x00\x00\x...  b'\x00\x80\xb5\x0e\x8e\xcb\xd8\x01\x00\x00\x00...  b'\x00\x00\xc1o\xf2\x86#\x00\x00\x00\x00\x00\x...  b'\x00\x00\xc1o\xf2\x86#\x00\x00\x00\x00\x00\x...  1650499200000000000  1650499200000000000
------------------------------------------------------------
🟢 TSEM.ETORO | Datei: 2022-04-05T00-00-00-000000000Z_2026-05-20T19-00-00-000000000Z.parquet
   - Anzahl Ticks in dieser Datei: 2000
                                           bid_price                                          ask_price                                           bid_size                                           ask_size             ts_event              ts_init
0  b'\x00\x80\xb0M\xf2\x9b\xb5\x06\x00\x00\x00\x0...  b'\x00\xd0\xfd\xff\x7f\xad\xc1\x06\x00\x00\x00...  b'\x00\x00\xc1o\xf2\x86#\x00\x00\x00\x00\x00\x...  b'\x00\x00\xc1o\xf2\x86#\x00\x00\x00\x00\x00\x...  1649116800000000000  1649116800000000000
1  b'\x00p\xaf/\xf0\xbc\xac\x06\x00\x00\x00\x00\x...  b'\x00p\x98\xc2\x06\xb6\xbc\x06\x00\x00\x00\x0...  b'\x00\x00\xc1o\xf2\x86#\x00\x00\x00\x00\x00\x...  b'\x00\x00\xc1o\xf2\x86#\x00\x00\x00\x00\x00\x...  1649203200000000000  1649203200000000000
2  b'\x00\x90l\xe0\x0e1\xb4\x06\x00\x00\x00\x00\x...  b'\x00\xa0?\x82\xa9\xe7\xbf\x06\x00\x00\x00\x0...  b'\x00\x00\xc1o\xf2\x86#\x00\x00\x00\x00\x00\x...  b'\x00\x00\xc1o\xf2\x86#\x00\x00\x00\x00\x00\x...  1649289600000000000  1649289600000000000
------------------------------------------------------------
🟢 LULU.ETORO | Datei: 2022-04-19T00-00-00-000000000Z_2026-05-21T06-00-00-000000000Z.parquet
   - Anzahl Ticks in dieser Datei: 3000
                                           bid_price                                          ask_price                                           bid_size                                           ask_size             ts_event              ts_init
0  b'\x00\xd0\xcb\xa9\xee1\xb36\x00\x00\x00\x00\x...  b'\x00\xe01\xbd\xc9\xd5\x998\x00\x00\x00\x00\x...  b'\x00\x00\xc1o\xf2\x86#\x00\x00\x00\x00\x00\x...  b'\x00\x00\xc1o\xf2\x86#\x00\x00\x00\x00\x00\x...  1650326400000000000  1650326400000000000
1  b'\x00P0\xb6\xad\x06]5\x00\x00\x00\x00\x00\x00...  b'\x00`\xe1\xe7=\x04\xd98\x00\x00\x00\x00\x00\...  b'\x00\x00\xc1o\xf2\x86#\x00\x00\x00\x00\x00\x...  b'\x00\x00\xc1o\xf2\x86#\x00\x00\x00\x00\x00\x...  1650412800000000000  1650412800000000000
2  b'\x00\x90_\xec\x14=\x024\x00\x00\x00\x00\x00\...  b'\x00P\x1c\x8c\x9b[H6\x00\x00\x00\x00\x00\x00...  b'\x00\x00\xc1o\xf2\x86#\x00\x00\x00\x00\x00\x...  b'\x00\x00\xc1o\xf2\x86#\x00\x00\x00\x00\x00\x...  1650499200000000000  1650499200000000000
------------------------------------------------------------
🟢 XRP.ETORO | Datei: 2023-08-29T00-00-00-000000000Z_2026-05-21T06-00-00-000000000Z.parquet
   - Anzahl Ticks in dieser Datei: 2000
                                           bid_price                                          ask_price                                           bid_size                                           ask_size             ts_event              ts_init
0  b'\x00\xa0K\x19i\x02\x12\x00\x00\x00\x00\x00\x...  b'\x00\xf0z\xa3\x19G\x13\x00\x00\x00\x00\x00\x...  b'\x00\x00\xc1o\xf2\x86#\x00\x00\x00\x00\x00\x...  b'\x00\x00\xc1o\xf2\x86#\x00\x00\x00\x00\x00\x...  1693267200000000000  1693267200000000000
1  b'\x00\x08\x80z\x89R\x12\x00\x00\x00\x00\x00\x...  b'\x00\xe0K\xc3\xcd\x11\x13\x00\x00\x00\x00\x0...  b'\x00\x00\xc1o\xf2\x86#\x00\x00\x00\x00\x00\x...  b'\x00\x00\xc1o\xf2\x86#\x00\x00\x00\x00\x00\x...  1693353600000000000  1693353600000000000
2  b'\x00\x88$?We\x11\x00\x00\x00\x00\x00\x00\x00...  b'\x000Cz\x1d\x9c\x12\x00\x00\x00\x00\x00\x00\...  b'\x00\x00\xc1o\xf2\x86#\x00\x00\x00\x00\x00\x...  b'\x00\x00\xc1o\xf2\x86#\x00\x00\x00\x00\x00\x...  1693440000000000000  1693440000000000000
------------------------------------------------------------
🟢 ROP.ZU.ETORO | Datei: 2022-04-08T00-00-00-000000000Z_2026-05-20T15-00-00-000000000Z.parquet
   - Anzahl Ticks in dieser Datei: 2000
                                           bid_price                                          ask_price                                           bid_size                                           ask_size             ts_event              ts_init
0  b'\x00@9+\xea\x0b\x936\x00\x00\x00\x00\x00\x00...  b'\x00\x80\x98\xa7!\x83r7\x00\x00\x00\x00\x00\...  b'\x00\x00\xc1o\xf2\x86#\x00\x00\x00\x00\x00\x...  b'\x00\x00\xc1o\xf2\x86#\x00\x00\x00\x00\x00\x...  1649376000000000000  1649376000000000000
1  b'\x00\xc0E\xf4\x06\xd0\x107\x00\x00\x00\x00\x...  b'\x00\xc0\x8c\x02\xa8\x80\t8\x00\x00\x00\x00\...  b'\x00\x00\xc1o\xf2\x86#\x00\x00\x00\x00\x00\x...  b'\x00\x00\xc1o\xf2\x86#\x00\x00\x00\x00\x00\x...  1649635200000000000  1649635200000000000
2  b'\x00\x00\x02\x81\x8cy\x915\x00\x00\x00\x00\x...  b'\x00\x00\xa9F\xc6\x96\x127\x00\x00\x00\x00\x...  b'\x00\x00\xc1o\xf2\x86#\x00\x00\x00\x00\x00\x...  b'\x00\x00\xc1o\xf2\x86#\x00\x00\x00\x00\x00\x...  1649721600000000000  1649721600000000000
------------------------------------------------------------
🟢 WDAY.ETORO | Datei: 2022-04-19T00-00-00-000000000Z_2026-05-21T06-00-00-000000000Z.parquet
   - Anzahl Ticks in dieser Datei: 3000
                                           bid_price                                          ask_price                                           bid_size                                           ask_size             ts_event              ts_init
0  b'\x00`\xa9%\xab\r\xfa\x1d\x00\x00\x00\x00\x00...  b'\x00`\xf4\xae\xec\xa4F\x1f\x00\x00\x00\x00\x...  b'\x00\x00\xc1o\xf2\x86#\x00\x00\x00\x00\x00\x...  b'\x00\x00\xc1o\xf2\x86#\x00\x00\x00\x00\x00\x...  1650326400000000000  1650326400000000000
1  b'\x00\x90\xc6\xa7\x1f\xa3k\x1e\x00\x00\x00\x0...  b'\x00`\xf4\xff62U\x1f\x00\x00\x00\x00\x00\x00...  b'\x00\x00\xc1o\xf2\x86#\x00\x00\x00\x00\x00\x...  b'\x00\x00\xc1o\xf2\x86#\x00\x00\x00\x00\x00\x...  1650412800000000000  1650412800000000000
2  b'\x00p\x90B\xa2\xfc(\x1d\x00\x00\x00\x00\x00\...  b'\x00PfT\x0e\x03\x0b\x1f\x00\x00\x00\x00\x00\...  b'\x00\x00\xc1o\xf2\x86#\x00\x00\x00\x00\x00\x...  b'\x00\x00\xc1o\xf2\x86#\x00\x00\x00\x00\x00\x...  1650499200000000000  1650499200000000000
------------------------------------------------------------
🟢 PBR.ETORO | Datei: 2022-04-07T00-00-00-000000000Z_2026-05-20T19-00-00-000000000Z.parquet
   - Anzahl Ticks in dieser Datei: 2000
                                           bid_price                                          ask_price                                           bid_size                                           ask_size             ts_event              ts_init
0  b'\x00 \x0b\xdb\xa2L\x12\x02\x00\x00\x00\x00\x...  b'\x00\x90\x15>O\xd2%\x02\x00\x00\x00\x00\x00\...  b'\x00\x00\xc1o\xf2\x86#\x00\x00\x00\x00\x00\x...  b'\x00\x00\xc1o\xf2\x86#\x00\x00\x00\x00\x00\x...  1649289600000000000  1649289600000000000
1  b'\x00\xa0-\xc9:\xb8\x1e\x02\x00\x00\x00\x00\x...  b'\x00`\x9cK^V.\x02\x00\x00\x00\x00\x00\x00\x0...  b'\x00\x00\xc1o\xf2\x86#\x00\x00\x00\x00\x00\x...  b'\x00\x00\xc1o\xf2\x86#\x00\x00\x00\x00\x00\x...  1649376000000000000  1649376000000000000
2  b'\x00\xd0\xbd\xca\xa9U#\x02\x00\x00\x00\x00\x...  b'\x000\xde\xcd\x87\x90,\x02\x00\x00\x00\x00\x...  b'\x00\x00\xc1o\xf2\x86#\x00\x00\x00\x00\x00\x...  b'\x00\x00\xc1o\xf2\x86#\x00\x00\x00\x00\x00\x...  1649635200000000000  1649635200000000000
------------------------------------------------------------
🟢 PALL.ETORO | Datei: 2022-04-05T00-00-00-000000000Z_2026-05-20T19-00-00-000000000Z.parquet
   - Anzahl Ticks in dieser Datei: 2000
                                           bid_price                                          ask_price                                           bid_size                                           ask_size             ts_event              ts_init
0  b"\x00\x90\xc5\xa2'~\xa7\x05\x00\x00\x00\x00\x...  b'\x00\xd0e\x9a0\x96\xf4\x05\x00\x00\x00\x00\x...  b'\x00\x00\xc1o\xf2\x86#\x00\x00\x00\x00\x00\x...  b'\x00\x00\xc1o\xf2\x86#\x00\x00\x00\x00\x00\x...  1649116800000000000  1649116800000000000
1  b'\x00\x80\tnv\xce\x8b\x05\x00\x00\x00\x00\x00...  b'\x00\xe0i\xf8\x85T\xc4\x05\x00\x00\x00\x00\x...  b'\x00\x00\xc1o\xf2\x86#\x00\x00\x00\x00\x00\x...  b'\x00\x00\xc1o\xf2\x86#\x00\x00\x00\x00\x00\x...  1649203200000000000  1649203200000000000
2  b'\x000\xe2\x00j_\xaf\x05\x00\x00\x00\x00\x00\...  b'\x00\x80+\xc0\xa9\xf4\xdb\x05\x00\x00\x00\x0...  b'\x00\x00\xc1o\xf2\x86#\x00\x00\x00\x00\x00\x...  b'\x00\x00\xc1o\xf2\x86#\x00\x00\x00\x00\x00\x...  1649289600000000000  1649289600000000000
------------------------------------------------------------
🟢 CHTR.ETORO | Datei: 2022-04-19T00-00-00-000000000Z_2026-05-21T06-00-00-000000000Z.parquet
   - Anzahl Ticks in dieser Datei: 2000
                                           bid_price                                          ask_price                                           bid_size                                           ask_size             ts_event              ts_init
0  b'\x00\xa0\xcb\t\xadj\nJ\x00\x00\x00\x00\x00\x...  b'\x00`\xa5X\xa2\x12\xbdM\x00\x00\x00\x00\x00\...  b'\x00\x00\xc1o\xf2\x86#\x00\x00\x00\x00\x00\x...  b'\x00\x00\xc1o\xf2\x86#\x00\x00\x00\x00\x00\x...  1650326400000000000  1650326400000000000
1  b'\x00\x80\xc9\x11\xd2\xe12J\x00\x00\x00\x00\x...  b'\x00\xa03\x86\x86\xc0\xfdL\x00\x00\x00\x00\x...  b'\x00\x00\xc1o\xf2\x86#\x00\x00\x00\x00\x00\x...  b'\x00\x00\xc1o\xf2\x86#\x00\x00\x00\x00\x00\x...  1650412800000000000  1650412800000000000
2  b'\x00 \x89z\x19\xa7\xc4G\x00\x00\x00\x00\x00\...  b'\x00\x00\xef\xa0\xac\x8e\xfdJ\x00\x00\x00\x0...  b'\x00\x00\xc1o\xf2\x86#\x00\x00\x00\x00\x00\x...  b'\x00\x00\xc1o\xf2\x86#\x00\x00\x00\x00\x00\x...  1650499200000000000  1650499200000000000
------------------------------------------------------------
🟢 GSAT.ETORO | Datei: 2022-04-05T00-00-00-000000000Z_2026-05-20T19-00-00-000000000Z.parquet
   - Anzahl Ticks in dieser Datei: 2000
                                           bid_price                                          ask_price                                           bid_size                                           ask_size             ts_event              ts_init
0  b'\x00\x90C(\xc7\xb4\xee\x02\x00\x00\x00\x00\x...  b'\x00\xd0g\xeax\x02\x14\x03\x00\x00\x00\x00\x...  b'\x00\x00\xc1o\xf2\x86#\x00\x00\x00\x00\x00\x...  b'\x00\x00\xc1o\xf2\x86#\x00\x00\x00\x00\x00\x...  1649116800000000000  1649116800000000000
1  b'\x00\xc0w\xed=\xcc\xbe\x02\x00\x00\x00\x00\x...  b'\x00 SX\x15e\xe9\x02\x00\x00\x00\x00\x00\x00...  b'\x00\x00\xc1o\xf2\x86#\x00\x00\x00\x00\x00\x...  b'\x00\x00\xc1o\xf2\x86#\x00\x00\x00\x00\x00\x...  1649203200000000000  1649203200000000000
2  b'\x00\xc0\xd0\x10F{\xa9\x02\x00\x00\x00\x00\x...  b'\x00 SX\x15e\xe9\x02\x00\x00\x00\x00\x00\x00...  b'\x00\x00\xc1o\xf2\x86#\x00\x00\x00\x00\x00\x...  b'\x00\x00\xc1o\xf2\x86#\x00\x00\x00\x00\x00\x...  1649289600000000000  1649289600000000000
------------------------------------------------------------
🟢 AG.ETORO | Datei: 2022-04-05T00-00-00-000000000Z_2026-05-20T19-00-00-000000000Z.parquet
   - Anzahl Ticks in dieser Datei: 2000
                                           bid_price                                          ask_price                                           bid_size                                           ask_size             ts_event              ts_init
0  b'\x00\x80\xb5\xbdC>\xca\x01\x00\x00\x00\x00\x...  b'\x00\xa0[R\xc38\xf0\x01\x00\x00\x00\x00\x00\...  b'\x00\x00\xc1o\xf2\x86#\x00\x00\x00\x00\x00\x...  b'\x00\x00\xc1o\xf2\x86#\x00\x00\x00\x00\x00\x...  1649116800000000000  1649116800000000000
1  b'\x00P%\xbc\xd4\xa0\xc5\x01\x00\x00\x00\x00\x...  b'\x00\x90\x88_\xde\xf4\xd5\x01\x00\x00\x00\x0...  b'\x00\x00\xc1o\xf2\x86#\x00\x00\x00\x00\x00\x...  b'\x00\x00\xc1o\xf2\x86#\x00\x00\x00\x00\x00\x...  1649203200000000000  1649203200000000000
2  b'\x00\xc0/\xce6\x99\xca\x01\x00\x00\x00\x00\x...  b'\x00\x00\xc1\xed\xa7\x15\xd8\x01\x00\x00\x00...  b'\x00\x00\xc1o\xf2\x86#\x00\x00\x00\x00\x00\x...  b'\x00\x00\xc1o\xf2\x86#\x00\x00\x00\x00\x00\x...  1649289600000000000  1649289600000000000
------------------------------------------------------------
🟢 GTLB.ETORO | Datei: 2022-04-04T00-00-00-000000000Z_2026-05-20T19-00-00-000000000Z.parquet
   - Anzahl Ticks in dieser Datei: 2000
                                           bid_price                                          ask_price                                           bid_size                                           ask_size             ts_event              ts_init
0  b'\x00\xd0\x00\xa1\xc2\xee\x7f\x07\x00\x00\x00...  b'\x000$\xe7w\x85d\x08\x00\x00\x00\x00\x00\x00...  b'\x00\x00\xc1o\xf2\x86#\x00\x00\x00\x00\x00\x...  b'\x00\x00\xc1o\xf2\x86#\x00\x00\x00\x00\x00\x...  1649030400000000000  1649030400000000000
1  b'\x00\x10M\xd7\xe2;\xa0\x07\x00\x00\x00\x00\x...  b'\x00\x80\xcdM\xab\xb20\x08\x00\x00\x00\x00\x...  b'\x00\x00\xc1o\xf2\x86#\x00\x00\x00\x00\x00\x...  b'\x00\x00\xc1o\xf2\x86#\x00\x00\x00\x00\x00\x...  1649116800000000000  1649116800000000000
2  b'\x00\xe0\xb9\xe3\xe6\xcf\xce\x06\x00\x00\x00...  b'\x00P\xc7\xe7\xd5\x96\xa0\x07\x00\x00\x00\x0...  b'\x00\x00\xc1o\xf2\x86#\x00\x00\x00\x00\x00\x...  b'\x00\x00\xc1o\xf2\x86#\x00\x00\x00\x00\x00\x...  1649203200000000000  1649203200000000000
------------------------------------------------------------
🟢 SE.ETORO | Datei: 2022-04-05T00-00-00-000000000Z_2026-05-20T19-00-00-000000000Z.parquet
   - Anzahl Ticks in dieser Datei: 2000
                                           bid_price                                          ask_price                                           bid_size                                           ask_size             ts_event              ts_init
0  b'\x00\x00YSHw2\x11\x00\x00\x00\x00\x00\x00\x0...  b'\x00\xd0Xs!\x13Y\x12\x00\x00\x00\x00\x00\x00...  b'\x00\x00\xc1o\xf2\x86#\x00\x00\x00\x00\x00\x...  b'\x00\x00\xc1o\xf2\x86#\x00\x00\x00\x00\x00\x...  1649116800000000000  1649116800000000000
1  b'\x00\xb0\x92\x8e\xf0M\x08\x10\x00\x00\x00\x0...  b'\x00\xa0}F\xdc\xc3\xea\x10\x00\x00\x00\x00\x...  b'\x00\x00\xc1o\xf2\x86#\x00\x00\x00\x00\x00\x...  b'\x00\x00\xc1o\xf2\x86#\x00\x00\x00\x00\x00\x...  1649203200000000000  1649203200000000000
2  b'\x00\xe0~\xa2p\xec\xaf\x0f\x00\x00\x00\x00\x...  b"\x00\x10\x9f\xc5'\xc3\xdf\x10\x00\x00\x00\x0...  b'\x00\x00\xc1o\xf2\x86#\x00\x00\x00\x00\x00\x...  b'\x00\x00\xc1o\xf2\x86#\x00\x00\x00\x00\x00\x...  1649289600000000000  1649289600000000000
------------------------------------------------------------
🟢 DOGE.ETORO | Datei: 2023-08-29T00-00-00-000000000Z_2026-05-21T06-00-00-000000000Z.parquet
   - Anzahl Ticks in dieser Datei: 2000
                                           bid_price                                          ask_price                                           bid_size                                           ask_size             ts_event              ts_init
0  b'\x00\xa8\x7f*(.\x02\x00\x00\x00\x00\x00\x00\...  b'\x00\xe8\xc0yEc\x02\x00\x00\x00\x00\x00\x00\...  b'\x00\x00\xc1o\xf2\x86#\x00\x00\x00\x00\x00\x...  b'\x00\x00\xc1o\xf2\x86#\x00\x00\x00\x00\x00\x...  1693267200000000000  1693267200000000000
1  b'\x00\xd8\xbf\xf2o?\x02\x00\x00\x00\x00\x00\x...  b'\x000\xe8d[W\x02\x00\x00\x00\x00\x00\x00\x00...  b'\x00\x00\xc1o\xf2\x86#\x00\x00\x00\x00\x00\x...  b'\x00\x00\xc1o\xf2\x86#\x00\x00\x00\x00\x00\x...  1693353600000000000  1693353600000000000
2  b'\x00\x90\xd3\x81(1\x02\x00\x00\x00\x00\x00\x...  b'\x000\xe8d[W\x02\x00\x00\x00\x00\x00\x00\x00...  b'\x00\x00\xc1o\xf2\x86#\x00\x00\x00\x00\x00\x...  b'\x00\x00\xc1o\xf2\x86#\x00\x00\x00\x00\x00\x...  1693440000000000000  1693440000000000000
------------------------------------------------------------
🟢 SQM.ETORO | Datei: 2022-04-05T00-00-00-000000000Z_2026-05-20T19-00-00-000000000Z.parquet
   - Anzahl Ticks in dieser Datei: 2000
                                           bid_price                                          ask_price                                           bid_size                                           ask_size             ts_event              ts_init
0  b'\x00\xc0\xc9\x97Y\x1e\xc4\x0b\x00\x00\x00\x0...  b'\x00\x10_\x830\x13m\x0c\x00\x00\x00\x00\x00\...  b'\x00\x00\xc1o\xf2\x86#\x00\x00\x00\x00\x00\x...  b'\x00\x00\xc1o\xf2\x86#\x00\x00\x00\x00\x00\x...  1649116800000000000  1649116800000000000
1  b'\x00P\xd6\xff\x01\x85\x83\x0b\x00\x00\x00\x0...  b'\x00pN\x0b\xf9\xfe\xd7\x0b\x00\x00\x00\x00\x...  b'\x00\x00\xc1o\xf2\x86#\x00\x00\x00\x00\x00\x...  b'\x00\x00\xc1o\xf2\x86#\x00\x00\x00\x00\x00\x...  1649203200000000000  1649203200000000000
2  b'\x00\xf0\xb5Mn\xd7\x88\x0b\x00\x00\x00\x00\x...  b'\x00 \xbc\xc0dK\xed\x0b\x00\x00\x00\x00\x00\...  b'\x00\x00\xc1o\xf2\x86#\x00\x00\x00\x00\x00\x...  b'\x00\x00\xc1o\xf2\x86#\x00\x00\x00\x00\x00\x...  1649289600000000000  1649289600000000000
------------------------------------------------------------

💾 Analyse abgeschlossen. Ausgabe zusätzlich gespeichert in:
   /home/user/etoro_nautilus/logs/parquet_analysis_2026-05-21_09-21-41.log
