2026-05-12T18:12:52.622579000Z [INFO] TRADER-001.TradingNode: =================================================================
2026-05-12T18:12:52.622594000Z [INFO] TRADER-001.TradingNode:  NAUTILUS TRADER - Automated Algorithmic Trading Platform
2026-05-12T18:12:52.622595000Z [INFO] TRADER-001.TradingNode:  by Nautech Systems Pty Ltd.
2026-05-12T18:12:52.622595001Z [INFO] TRADER-001.TradingNode:  Copyright (C) 2015-2026. All rights reserved.
2026-05-12T18:12:52.622596000Z [INFO] TRADER-001.TradingNode: =================================================================
2026-05-12T18:12:52.622596001Z [INFO] TRADER-001.TradingNode: 
2026-05-12T18:12:52.622597000Z [INFO] TRADER-001.TradingNode: ⠀⠀⠀⠀⠀⠀⠀⠀⠀⠀⠀⠀⠀⣠⣴⣶⡟⠀⠀⠀⠀⠀⠀⠀⠀⠀⠀⠀⠀⠀⠀
2026-05-12T18:12:52.622598000Z [INFO] TRADER-001.TradingNode: ⠀⠀⠀⠀⠀⠀⠀⠀⠀⠀⠀⣰⣾⣿⣿⣿⠀⢸⣿⣿⣿⣿⣶⣶⣤⣀⠀⠀⠀⠀⠀
2026-05-12T18:12:52.622599000Z [INFO] TRADER-001.TradingNode: ⠀⠀⠀⠀⠀⠀⢀⣴⡇⢀⣾⣿⣿⣿⣿⣿⠀⣾⣿⣿⣿⣿⣿⣿⣿⠿⠓⠀⠀⠀⠀
2026-05-12T18:12:52.622599001Z [INFO] TRADER-001.TradingNode: ⠀⠀⠀⠀⠀⣰⣿⣿⡀⢸⣿⣿⣿⣿⣿⣿⠀⣿⣿⣿⣿⣿⣿⠟⠁⣠⣄⠀⠀⠀⠀
2026-05-12T18:12:52.622600000Z [INFO] TRADER-001.TradingNode: ⠀⠀⠀⠀⢠⣿⣿⣿⣇⠀⢿⣿⣿⣿⣿⣿⠀⢻⣿⣿⣿⡿⢃⣠⣾⣿⣿⣧⡀⠀⠀
2026-05-12T18:12:52.622600001Z [INFO] TRADER-001.TradingNode: ⠀⠀⠀⠠⣾⣿⣿⣿⣿⣿⣧⠈⠋⢀⣴⣧⠀⣿⡏⢠⡀⢸⣿⣿⣿⣿⣿⣿⣿⡇⠀
2026-05-12T18:12:52.622600002Z [INFO] TRADER-001.TradingNode: ⠀⠀⠀⣀⠙⢿⣿⣿⣿⣿⣿⠇⢠⣿⣿⣿⡄⠹⠃⠼⠃⠈⠉⠛⠛⠛⠛⠛⠻⠇⠀
2026-05-12T18:12:52.622601000Z [INFO] TRADER-001.TradingNode: ⠀⠀⢸⡟⢠⣤⠉⠛⠿⢿⣿⠀⢸⣿⡿⠋⣠⣤⣄⠀⣾⣿⣿⣶⣶⣶⣦⡄⠀⠀⠀
2026-05-12T18:12:52.622601001Z [INFO] TRADER-001.TradingNode: ⠀⠀⠸⠀⣾⠏⣸⣷⠂⣠⣤⠀⠘⢁⣴⣾⣿⣿⣿⡆⠘⣿⣿⣿⣿⣿⣿⠀⠀⠀⠀
2026-05-12T18:12:52.622602000Z [INFO] TRADER-001.TradingNode: ⠀⠀⠀⠀⠛⠀⣿⡟⠀⢻⣿⡄⠸⣿⣿⣿⣿⣿⣿⣿⡀⠘⣿⣿⣿⣿⠟⠀⠀⠀⠀
2026-05-12T18:12:52.622602001Z [INFO] TRADER-001.TradingNode: ⠀⠀⠀⠀⠀⠀⣿⠇⠀⠀⢻⡿⠀⠈⠻⣿⣿⣿⣿⣿⡇⠀⢹⣿⠿⠋⠀⠀⠀⠀⠀
2026-05-12T18:12:52.622603000Z [INFO] TRADER-001.TradingNode: ⠀⠀⠀⠀⠀⠀⠋⠀⠀⠀⡘⠁⠀⠀⠀⠀⠀⠀⠀⠀⠀⠀⠈⠁⠀⠀⠀⠀⠀⠀⠀
2026-05-12T18:12:52.622603001Z [INFO] TRADER-001.TradingNode: 
2026-05-12T18:12:52.622603002Z [INFO] TRADER-001.TradingNode: =================================================================
2026-05-12T18:12:52.622604000Z [INFO] TRADER-001.TradingNode:  SYSTEM SPECIFICATION
2026-05-12T18:12:52.622605000Z [INFO] TRADER-001.TradingNode: =================================================================
2026-05-12T18:12:52.622606000Z [INFO] TRADER-001.TradingNode: CPU architecture: Apple M1
2026-05-12T18:12:52.622607000Z [INFO] TRADER-001.TradingNode: CPU(s): 8 @ 3204 MHz
2026-05-12T18:12:52.622609000Z [INFO] TRADER-001.TradingNode: OS: kernel-25.4.0 macOS 26.4.1
2026-05-12T18:12:52.622645000Z [INFO] TRADER-001.TradingNode: =================================================================
2026-05-12T18:12:52.622646000Z [INFO] TRADER-001.TradingNode:  MEMORY USAGE
2026-05-12T18:12:52.622647000Z [INFO] TRADER-001.TradingNode: =================================================================
2026-05-12T18:12:52.622656000Z [INFO] TRADER-001.TradingNode: RAM-Total: 16.00 GiB
2026-05-12T18:12:52.622658000Z [INFO] TRADER-001.TradingNode: RAM-Used: 10.64 GiB (66.52%)
2026-05-12T18:12:52.622659000Z [INFO] TRADER-001.TradingNode: RAM-Avail: 5.36 GiB (33.48%)
2026-05-12T18:12:52.622661000Z [INFO] TRADER-001.TradingNode: Swap: disabled
2026-05-12T18:12:52.622676000Z [INFO] TRADER-001.TradingNode: =================================================================
2026-05-12T18:12:52.622677000Z [INFO] TRADER-001.TradingNode:  IDENTIFIERS
2026-05-12T18:12:52.622677001Z [INFO] TRADER-001.TradingNode: =================================================================
2026-05-12T18:12:52.622678000Z [INFO] TRADER-001.TradingNode: trader_id: TRADER-001
2026-05-12T18:12:52.622680000Z [INFO] TRADER-001.TradingNode: machine_id: MacBook-Air-von-John.local
2026-05-12T18:12:52.622682000Z [INFO] TRADER-001.TradingNode: instance_id: cac5ebab-424d-4879-b2af-ce0d7feb1f4a
2026-05-12T18:12:52.622683000Z [INFO] TRADER-001.TradingNode: PID: 7590
2026-05-12T18:12:52.622684000Z [INFO] TRADER-001.TradingNode: =================================================================
2026-05-12T18:12:52.622684001Z [INFO] TRADER-001.TradingNode:  VERSIONING
2026-05-12T18:12:52.622685000Z [INFO] TRADER-001.TradingNode: =================================================================
2026-05-12T18:12:52.622735000Z [INFO] TRADER-001.TradingNode: nautilus_trader: 1.226.0
2026-05-12T18:12:52.622750000Z [INFO] TRADER-001.TradingNode: python: 3.14.4
2026-05-12T18:12:52.622756000Z [INFO] TRADER-001.TradingNode: numpy: 2.4.4
2026-05-12T18:12:52.622762000Z [INFO] TRADER-001.TradingNode: pandas: 2.3.3
2026-05-12T18:12:52.622767000Z [INFO] TRADER-001.TradingNode: msgspec: 0.21.1
2026-05-12T18:12:52.622772000Z [INFO] TRADER-001.TradingNode: pyarrow: 24.0.0
2026-05-12T18:12:52.622775000Z [INFO] TRADER-001.TradingNode: pytz: 2026.2
2026-05-12T18:12:52.622779000Z [INFO] TRADER-001.TradingNode: uvloop: 0.22.1
2026-05-12T18:12:52.622780000Z [INFO] TRADER-001.TradingNode: =================================================================
2026-05-12T18:12:52.622824000Z [INFO] TRADER-001.TradingNode: Building system kernel
2026-05-12T18:12:52.623520000Z [DEBUG] TRADER-001.TradingNode: Event loop signal handling setup for (<Signals.SIGTERM: 15>, <Signals.SIGINT: 2>, <Signals.SIGABRT: 6>)
2026-05-12T18:12:52.623587000Z [INFO] TRADER-001.MessageBus: config.database=None
2026-05-12T18:12:52.623590000Z [INFO] TRADER-001.MessageBus: config.encoding='msgpack'
2026-05-12T18:12:52.623592000Z [INFO] TRADER-001.MessageBus: config.timestamps_as_iso8601=False
2026-05-12T18:12:52.623595000Z [INFO] TRADER-001.MessageBus: config.buffer_interval_ms=None
2026-05-12T18:12:52.623596000Z [INFO] TRADER-001.MessageBus: config.autotrim_mins=None
2026-05-12T18:12:52.623598000Z [INFO] TRADER-001.MessageBus: config.use_trader_prefix=True
2026-05-12T18:12:52.623599000Z [INFO] TRADER-001.MessageBus: config.use_trader_id=True
2026-05-12T18:12:52.623601000Z [INFO] TRADER-001.MessageBus: config.use_instance_id=False
2026-05-12T18:12:52.623602000Z [INFO] TRADER-001.MessageBus: config.streams_prefix='stream'
2026-05-12T18:12:52.623604000Z [INFO] TRADER-001.MessageBus: config.types_filter=None
2026-05-12T18:12:52.623724000Z [DEBUG] TRADER-001.MessageBus: Added Subscription(topic=commands.system.shutdown, handler=<bound method NautilusKernel._on_shutdown_system of <nautilus_trader.system.kernel.NautilusKernel object at 0x12ae0fb60>>, priority=0)
2026-05-12T18:12:52.624176000Z [INFO] TRADER-001.Cache: READY
2026-05-12T18:12:52.626373000Z [DEBUG] TRADER-001.MessageBus: Added endpoint 'Portfolio.update_account' <bound method Portfolio.update_account of <nautilus_trader.portfolio.portfolio.Portfolio object at 0x12af87440>>
2026-05-12T18:12:52.626389000Z [DEBUG] TRADER-001.MessageBus: Added endpoint 'Portfolio.update_order' <bound method Portfolio.update_order of <nautilus_trader.portfolio.portfolio.Portfolio object at 0x12af87440>>
2026-05-12T18:12:52.626393000Z [DEBUG] TRADER-001.MessageBus: Added endpoint 'Portfolio.update_position' <bound method Portfolio.update_position of <nautilus_trader.portfolio.portfolio.Portfolio object at 0x12af87440>>
2026-05-12T18:12:52.626408000Z [DEBUG] TRADER-001.MessageBus: Added Subscription(topic=events.order.*, handler=<bound method Portfolio.on_order_event of <nautilus_trader.portfolio.portfolio.Portfolio object at 0x12af87440>>, priority=10)
2026-05-12T18:12:52.626416000Z [DEBUG] TRADER-001.MessageBus: Added Subscription(topic=events.position.*, handler=<bound method Portfolio.on_position_event of <nautilus_trader.portfolio.portfolio.Portfolio object at 0x12af87440>>, priority=10)
2026-05-12T18:12:52.626424000Z [DEBUG] TRADER-001.MessageBus: Added Subscription(topic=data.quotes.*, handler=<bound method Portfolio.update_quote_tick of <nautilus_trader.portfolio.portfolio.Portfolio object at 0x12af87440>>, priority=10)
2026-05-12T18:12:52.626431000Z [DEBUG] TRADER-001.MessageBus: Added Subscription(topic=data.bars.*EXTERNAL, handler=<bound method Portfolio.update_bar of <nautilus_trader.portfolio.portfolio.Portfolio object at 0x12af87440>>, priority=10)
2026-05-12T18:12:52.626682000Z [INFO] TRADER-001.DataEngine: READY
2026-05-12T18:12:52.626875000Z [DEBUG] TRADER-001.MessageBus: Added endpoint 'DataEngine.execute' <bound method LiveDataEngine.execute of LiveDataEngine(DataEngine)>
2026-05-12T18:12:52.626882000Z [DEBUG] TRADER-001.MessageBus: Added endpoint 'DataEngine.process' <bound method LiveDataEngine.process of LiveDataEngine(DataEngine)>
2026-05-12T18:12:52.626885000Z [DEBUG] TRADER-001.MessageBus: Added endpoint 'DataEngine.request' <bound method LiveDataEngine.request of LiveDataEngine(DataEngine)>
2026-05-12T18:12:52.626887000Z [DEBUG] TRADER-001.MessageBus: Added endpoint 'DataEngine.response' <bound method LiveDataEngine.response of LiveDataEngine(DataEngine)>
2026-05-12T18:12:52.626892000Z [DEBUG] TRADER-001.MessageBus: Added endpoint 'DataEngine.process_historical' <bound method DataEngine.process_historical of LiveDataEngine(DataEngine)>
2026-05-12T18:12:52.626964000Z [INFO] TRADER-001.DataEngine: config.graceful_shutdown_on_exception=False
2026-05-12T18:12:52.627030000Z [INFO] TRADER-001.RiskEngine: READY
2026-05-12T18:12:52.627085000Z [INFO] TRADER-001.RiskEngine: TradingState is ACTIVE
2026-05-12T18:12:52.627178000Z [INFO] TRADER-001.Throttler-ORDER_SUBMIT_THROTTLER: READY
2026-05-12T18:12:52.627216000Z [INFO] TRADER-001.RiskEngine: Set MAX_ORDER_SUBMIT_RATE: 100/00:00:01
2026-05-12T18:12:52.627256000Z [INFO] TRADER-001.Throttler-ORDER_MODIFY_THROTTLER: READY
2026-05-12T18:12:52.627274000Z [INFO] TRADER-001.RiskEngine: Set MAX_ORDER_MODIFY_RATE: 100/00:00:01
2026-05-12T18:12:52.627282000Z [DEBUG] TRADER-001.MessageBus: Added endpoint 'RiskEngine.execute' <bound method LiveRiskEngine.execute of LiveRiskEngine(RiskEngine)>
2026-05-12T18:12:52.627285000Z [DEBUG] TRADER-001.MessageBus: Added endpoint 'RiskEngine.process' <bound method LiveRiskEngine.process of LiveRiskEngine(RiskEngine)>
2026-05-12T18:12:52.627294000Z [DEBUG] TRADER-001.MessageBus: Added Subscription(topic=events.order.*, handler=<bound method RiskEngine._handle_event of LiveRiskEngine(RiskEngine)>, priority=10)
2026-05-12T18:12:52.627305000Z [DEBUG] TRADER-001.MessageBus: Added Subscription(topic=events.position.*, handler=<bound method RiskEngine._handle_event of LiveRiskEngine(RiskEngine)>, priority=10)
2026-05-12T18:12:52.627329000Z [INFO] TRADER-001.RiskEngine: config.graceful_shutdown_on_exception=False
2026-05-12T18:12:52.627437000Z [INFO] TRADER-001.ExecEngine: READY
2026-05-12T18:12:52.627509000Z [INFO] TRADER-001.ExecEngine: config.snapshot_orders=False
2026-05-12T18:12:52.627513000Z [INFO] TRADER-001.ExecEngine: config.snapshot_positions=False
2026-05-12T18:12:52.627515000Z [INFO] TRADER-001.ExecEngine: config.snapshot_positions_interval_secs=None
2026-05-12T18:12:52.627516000Z [INFO] TRADER-001.ExecEngine: config.allow_overfills=False
2026-05-12T18:12:52.627521000Z [DEBUG] TRADER-001.MessageBus: Added endpoint 'ExecEngine.execute' <bound method LiveExecutionEngine.execute of LiveExecutionEngine(ExecEngine)>
2026-05-12T18:12:52.627523000Z [DEBUG] TRADER-001.MessageBus: Added endpoint 'ExecEngine.process' <bound method LiveExecutionEngine.process of LiveExecutionEngine(ExecEngine)>
2026-05-12T18:12:52.627577000Z [INFO] TRADER-001.ExecEngine: config.reconciliation=True
2026-05-12T18:12:52.627582000Z [INFO] TRADER-001.ExecEngine: config.reconciliation_lookback_mins=None
2026-05-12T18:12:52.627583000Z [INFO] TRADER-001.ExecEngine: config.reconciliation_instrument_ids=None
2026-05-12T18:12:52.627585000Z [INFO] TRADER-001.ExecEngine: config.filter_unclaimed_external_orders=False
2026-05-12T18:12:52.627586000Z [INFO] TRADER-001.ExecEngine: config.filter_position_reports=False
2026-05-12T18:12:52.627587000Z [INFO] TRADER-001.ExecEngine: config.filtered_client_order_ids=None
2026-05-12T18:12:52.627588000Z [INFO] TRADER-001.ExecEngine: config.inflight_check_interval_ms=2000
2026-05-12T18:12:52.627590000Z [INFO] TRADER-001.ExecEngine: config.inflight_check_threshold_ms=5000
2026-05-12T18:12:52.627591000Z [INFO] TRADER-001.ExecEngine: config.inflight_check_retries=5
2026-05-12T18:12:52.627592000Z [INFO] TRADER-001.ExecEngine: config.own_books_audit_interval_secs=None
2026-05-12T18:12:52.627593000Z [INFO] TRADER-001.ExecEngine: config.open_check_interval_secs=None
2026-05-12T18:12:52.627594000Z [INFO] TRADER-001.ExecEngine: config.open_check_open_only=True
2026-05-12T18:12:52.627596000Z [INFO] TRADER-001.ExecEngine: config.open_check_lookback_mins=60
2026-05-12T18:12:52.627597000Z [INFO] TRADER-001.ExecEngine: config.open_check_threshold_ms=5000
2026-05-12T18:12:52.627598000Z [INFO] TRADER-001.ExecEngine: config.open_check_missing_retries=5
2026-05-12T18:12:52.627600000Z [INFO] TRADER-001.ExecEngine: config.max_single_order_queries_per_cycle=10
2026-05-12T18:12:52.627601000Z [INFO] TRADER-001.ExecEngine: config.single_order_query_delay_ms=100
2026-05-12T18:12:52.627603000Z [INFO] TRADER-001.ExecEngine: config.position_check_interval_secs=None
2026-05-12T18:12:52.627604000Z [INFO] TRADER-001.ExecEngine: config.position_check_lookback_mins=60
2026-05-12T18:12:52.627605000Z [INFO] TRADER-001.ExecEngine: config.position_check_threshold_ms=5000
2026-05-12T18:12:52.627606000Z [INFO] TRADER-001.ExecEngine: config.position_check_retries=3
2026-05-12T18:12:52.627609000Z [INFO] TRADER-001.ExecEngine: config.reconciliation_startup_delay_secs=10.0
2026-05-12T18:12:52.627611000Z [INFO] TRADER-001.ExecEngine: config.purge_closed_orders_interval_mins=None
2026-05-12T18:12:52.627612000Z [INFO] TRADER-001.ExecEngine: config.purge_closed_orders_buffer_mins=None
2026-05-12T18:12:52.627613000Z [INFO] TRADER-001.ExecEngine: config.purge_closed_positions_interval_mins=None
2026-05-12T18:12:52.627614000Z [INFO] TRADER-001.ExecEngine: config.purge_closed_positions_buffer_mins=None
2026-05-12T18:12:52.627615000Z [INFO] TRADER-001.ExecEngine: config.purge_account_events_interval_mins=None
2026-05-12T18:12:52.627617000Z [INFO] TRADER-001.ExecEngine: config.purge_account_events_lookback_mins=None
2026-05-12T18:12:52.627618000Z [INFO] TRADER-001.ExecEngine: config.purge_from_database=False
2026-05-12T18:12:52.627619000Z [INFO] TRADER-001.ExecEngine: config.graceful_shutdown_on_exception=False
2026-05-12T18:12:52.627632000Z [DEBUG] TRADER-001.MessageBus: Added endpoint 'ExecEngine.reconcile_execution_report' <bound method LiveExecutionEngine.reconcile_execution_report of LiveExecutionEngine(ExecEngine)>
2026-05-12T18:12:52.627636000Z [DEBUG] TRADER-001.MessageBus: Added endpoint 'ExecEngine.reconcile_execution_mass_status' <bound method LiveExecutionEngine.reconcile_execution_mass_status of LiveExecutionEngine(ExecEngine)>
2026-05-12T18:12:52.628126000Z [DEBUG] TRADER-001.Cache: Clearing index
2026-05-12T18:12:52.628130000Z [DEBUG] TRADER-001.Cache: Cleared index
2026-05-12T18:12:52.628135000Z [DEBUG] TRADER-001.ExecEngine: clear_index took 1ms
2026-05-12T18:12:52.628302000Z [DEBUG] TRADER-001.Cache: Loading general cache from database
2026-05-12T18:12:52.628546000Z [INFO] TRADER-001.Cache: Cached 0 general objects from database
2026-05-12T18:12:52.628554000Z [DEBUG] TRADER-001.ExecEngine: cache_general took 0ms
2026-05-12T18:12:52.628559000Z [DEBUG] TRADER-001.Cache: Loading currencies from database
2026-05-12T18:12:52.628592000Z [INFO] TRADER-001.Cache: Cached 0 currencies from database
2026-05-12T18:12:52.628597000Z [DEBUG] TRADER-001.ExecEngine: cache_currencies took 0ms
2026-05-12T18:12:52.628599000Z [DEBUG] TRADER-001.Cache: Loading instruments from database
2026-05-12T18:12:52.628600000Z [INFO] TRADER-001.Cache: Cached 0 instruments from database
2026-05-12T18:12:52.628602000Z [DEBUG] TRADER-001.ExecEngine: cache_instruments took 0ms
2026-05-12T18:12:52.628603000Z [DEBUG] TRADER-001.Cache: Loading accounts from database
2026-05-12T18:12:52.628605000Z [INFO] TRADER-001.Cache: Cached 0 accounts from database
2026-05-12T18:12:52.628607000Z [DEBUG] TRADER-001.ExecEngine: cache_accounts took 0ms
2026-05-12T18:12:52.628608000Z [DEBUG] TRADER-001.Cache: Loading orders from database
2026-05-12T18:12:52.628610000Z [INFO] TRADER-001.Cache: Cached 0 orders from database
2026-05-12T18:12:52.628612000Z [DEBUG] TRADER-001.ExecEngine: cache_orders took 0ms
2026-05-12T18:12:52.628613000Z [DEBUG] TRADER-001.Cache: Loading order lists
2026-05-12T18:12:52.628615000Z [INFO] TRADER-001.Cache: Cached 0 order lists from database
2026-05-12T18:12:52.628617000Z [DEBUG] TRADER-001.ExecEngine: cache_order_lists took 0ms
2026-05-12T18:12:52.628618000Z [DEBUG] TRADER-001.Cache: Loading positions from database
2026-05-12T18:12:52.628619000Z [INFO] TRADER-001.Cache: Cached 0 positions from database
2026-05-12T18:12:52.628620000Z [DEBUG] TRADER-001.ExecEngine: cache_positions took 0ms
2026-05-12T18:12:52.628622000Z [DEBUG] TRADER-001.Cache: Building index
2026-05-12T18:12:52.628660000Z [DEBUG] TRADER-001.Cache: Index built in 0.000s
2026-05-12T18:12:52.628662000Z [DEBUG] TRADER-001.ExecEngine: build_index took 0ms
2026-05-12T18:12:52.628693000Z [INFO] TRADER-001.Cache: Checking data integrity
2026-05-12T18:12:52.628864000Z [INFO] TRADER-001.Cache: Integrity check passed in 113μs
2026-05-12T18:12:52.628870000Z [DEBUG] TRADER-001.ExecEngine: check_integrity took 0ms
2026-05-12T18:12:52.629319000Z [DEBUG] TRADER-001.ExecEngine: _set_position_id_counts took 1ms
2026-05-12T18:12:52.629328000Z [INFO] TRADER-001.ExecEngine: Loaded cache in 2ms
2026-05-12T18:12:52.629479000Z [INFO] TRADER-001.OrderEmulator: READY
2026-05-12T18:12:52.629639000Z [DEBUG] TRADER-001.MessageBus: Added endpoint 'OrderEmulator.execute' <bound method OrderEmulator.execute of OrderEmulator(OrderEmulator)>
2026-05-12T18:12:52.629711000Z [INFO] TRADER-001.TRADER-001: READY
2026-05-12T18:12:52.629803000Z [INFO] TRADER-001.TradingNode: Initialized in 8ms
2026-05-12T18:12:52.629837000Z [INFO] TRADER-001.TradingNode: has_cache_backing=False
2026-05-12T18:12:52.629840000Z [INFO] TRADER-001.TradingNode: has_msgbus_backing=False
2026-05-12T18:12:52.630109000Z [INFO] TRADER-001.ApiOrderTestStrategy: READY
2026-05-12T18:12:52.630206000Z [DEBUG] TRADER-001.MessageBus: Added Subscription(topic=events.order.ApiOrderTestStrategy-000, handler=<bound method Strategy.handle_event of ApiOrderTestStrategy(ApiOrderTestStrategy-000)>, priority=0)
2026-05-12T18:12:52.630219000Z [DEBUG] TRADER-001.MessageBus: Added Subscription(topic=events.position.ApiOrderTestStrategy-000, handler=<bound method Strategy.handle_event of ApiOrderTestStrategy(ApiOrderTestStrategy-000)>, priority=0)
2026-05-12T18:12:52.630241000Z [INFO] TRADER-001.ExecEngine: Registered OMS.UNSPECIFIED for Strategy ApiOrderTestStrategy-000
2026-05-12T18:12:52.630250000Z [INFO] TRADER-001.TRADER-001: Registered Strategy ApiOrderTestStrategy-000
2026-05-12T18:12:52.630261000Z [INFO] TRADER-001.TradingNode: Building data client for ETORO_WS_CLIENT
2026-05-12T18:12:52.630295000Z [INFO] TRADER-001.InstrumentProvider: READY
2026-05-12T18:12:52.630359000Z [INFO] TRADER-001.DataClient-ETORO_WS_CLIENT: READY
2026-05-12T18:12:52.630426000Z [INFO] TRADER-001.DataEngine: Registered ETORO_WS_CLIENT
2026-05-12T18:12:52.630441000Z [INFO] TRADER-001.TradingNode: Building execution client for ETORO
2026-05-12T18:12:52.630466000Z [INFO] TRADER-001.InstrumentProvider: READY
2026-05-12T18:12:52.630522000Z [INFO] TRADER-001.ExecClient-ETORO: READY
2026-05-12T18:12:52.630626000Z [INFO] TRADER-001.ExecEngine: Registered ExecutionClient-ETORO
2026-05-12T18:12:52.631542000Z [INFO] TRADER-001.TradingNode: STARTING
2026-05-12T18:12:52.631589000Z [DEBUG] TRADER-001.ApiOrderTestStrategy: Registered <concurrent.futures.thread.ThreadPoolExecutor object at 0x12ae0fcb0>
2026-05-12T18:12:52.631604000Z [DEBUG] TRADER-001.DataEngine: STARTING
2026-05-12T18:12:52.631612000Z [DEBUG] TRADER-001.DataClient-ETORO_WS_CLIENT: STARTING
2026-05-12T18:12:52.631631000Z [INFO] TRADER-001.DataClient-ETORO_WS_CLIENT: RUNNING
2026-05-12T18:12:52.631664000Z [DEBUG] TRADER-001.DataEngine: Scheduled task 'cmd_queue'
2026-05-12T18:12:52.631671000Z [DEBUG] TRADER-001.DataEngine: Scheduled task 'req_queue'
2026-05-12T18:12:52.631675000Z [DEBUG] TRADER-001.DataEngine: Scheduled task 'res_queue'
2026-05-12T18:12:52.631676000Z [DEBUG] TRADER-001.DataEngine: Scheduled task 'data_queue'
2026-05-12T18:12:52.631685000Z [INFO] TRADER-001.DataEngine: RUNNING
2026-05-12T18:12:52.631693000Z [DEBUG] TRADER-001.RiskEngine: STARTING
2026-05-12T18:12:52.631710000Z [DEBUG] TRADER-001.RiskEngine: Scheduled task 'cmd_queue'
2026-05-12T18:12:52.631715000Z [DEBUG] TRADER-001.RiskEngine: Scheduled task 'evt_queue'
2026-05-12T18:12:52.631722000Z [INFO] TRADER-001.RiskEngine: RUNNING
2026-05-12T18:12:52.631728000Z [DEBUG] TRADER-001.ExecEngine: STARTING
2026-05-12T18:12:52.631732000Z [DEBUG] TRADER-001.ExecClient-ETORO: STARTING
2026-05-12T18:12:52.631738000Z [INFO] TRADER-001.ExecClient-ETORO: RUNNING
2026-05-12T18:12:52.631760000Z [DEBUG] TRADER-001.ExecEngine: Scheduled task 'cmd_queue'
2026-05-12T18:12:52.631765000Z [DEBUG] TRADER-001.ExecEngine: Scheduled task 'evt_queue'
2026-05-12T18:12:52.631771000Z [DEBUG] TRADER-001.ExecEngine: Scheduled task 'continuous_reconciliation'
2026-05-12T18:12:52.631775000Z [INFO] TRADER-001.ExecEngine: Started reconciliation task
2026-05-12T18:12:52.631783000Z [INFO] TRADER-001.ExecEngine: RUNNING
2026-05-12T18:12:52.631794000Z [INFO] TRADER-001.DataEngine: Connecting all clients...
2026-05-12T18:12:52.631805000Z [INFO] TRADER-001.DataClient-ETORO_WS_CLIENT: Connecting...
2026-05-12T18:12:52.631812000Z [DEBUG] TRADER-001.DataClient-ETORO_WS_CLIENT: Creating async task '_connect'
2026-05-12T18:12:52.631827000Z [INFO] TRADER-001.ExecEngine: Connecting all clients...
2026-05-12T18:12:52.631830000Z [INFO] TRADER-001.ExecClient-ETORO: Connecting...
2026-05-12T18:12:52.631834000Z [DEBUG] TRADER-001.ExecClient-ETORO: Creating task '_connect'
2026-05-12T18:12:52.631846000Z [INFO] TRADER-001.TradingNode: Awaiting engine connections and initializations (120.0s timeout)...
2026-05-12T18:12:52.632299000Z [DEBUG] TRADER-001.DataEngine: DataCommand message queue processing starting (qsize=0)
2026-05-12T18:12:52.632318000Z [DEBUG] TRADER-001.DataEngine: RequestData message queue processing starting (qsize=0)
2026-05-12T18:12:52.632326000Z [DEBUG] TRADER-001.DataEngine: DataResponse message queue processing starting (qsize=0)
2026-05-12T18:12:52.632333000Z [DEBUG] TRADER-001.DataEngine: Data queue processing starting (qsize=0)
2026-05-12T18:12:52.632338000Z [DEBUG] TRADER-001.RiskEngine: Command message queue processing (qsize=0)
2026-05-12T18:12:52.632346000Z [DEBUG] TRADER-001.RiskEngine: Event message queue processing starting (qsize=0)
2026-05-12T18:12:52.632351000Z [DEBUG] TRADER-001.ExecEngine: Command message queue processing starting (qsize=0)
2026-05-12T18:12:52.632357000Z [DEBUG] TRADER-001.ExecEngine: Event message queue processing starting (qsize=0)
2026-05-12T18:12:52.632376000Z [INFO] TRADER-001.ExecEngine: Starting continuous reconciliation with intervals: inflight=2000ms, consistency=Nones, position=Nones
2026-05-12T18:12:52.632382000Z [INFO] TRADER-001.ExecEngine: Awaiting startup reconciliation completion before starting continuous checks
2026-05-12T18:12:52.664448000Z [INFO] TRADER-001.DataClient-ETORO_WS_CLIENT: WebSocket Verbindungsversuch 1/5 zu wss://ws.etoro.com/ws ...
2026-05-12T18:12:52.941081000Z [INFO] TRADER-001.DataClient-ETORO_WS_CLIENT: WebSocket verbunden. Authentifiziere...
2026-05-12T18:12:52.943157000Z [DEBUG] TRADER-001.Cache: Added currency USD
2026-05-12T18:12:52.943164000Z [DEBUG] TRADER-001.Cache: Added instrument ADA.ETORO
2026-05-12T18:12:52.943204000Z [INFO] TRADER-001.DataClient-ETORO_WS_CLIENT: Instrument registriert: ADA.ETORO [Crypto] price_prec=5, size_prec=0
2026-05-12T18:12:52.968846000Z [DEBUG] TRADER-001.ExecClient-ETORO: Creating task 'exec_ws_loop'
2026-05-12T18:12:52.968860000Z [INFO] TRADER-001.ExecClient-ETORO: Execution WS connected and authenticated.
2026-05-12T18:12:53.002374000Z [INFO] TRADER-001.DataClient-ETORO_WS_CLIENT: Auth-Antwort: {'id': '4ddba43a-e6e8-4ae1-b80a-7c6fd639fa72', 'success': True, 'operation': 'Authenticate'}
2026-05-12T18:12:53.002446000Z [INFO] TRADER-001.DataClient-ETORO_WS_CLIENT: Abonniert: ['instrument:100017']
2026-05-12T18:12:53.002453000Z [DEBUG] TRADER-001.DataClient-ETORO_WS_CLIENT: Creating async task 'message_loop'
2026-05-12T18:12:53.002508000Z [DEBUG] TRADER-001.DataClient-ETORO_WS_CLIENT: Coroutine '_connect' completed
2026-05-12T18:12:53.002513000Z [INFO] TRADER-001.DataClient-ETORO_WS_CLIENT: Connected
2026-05-12T18:12:53.050127000Z [INFO] TRADER-001.DataClient-ETORO_WS_CLIENT: Snapshot ADA.ETORO: MarketOpen=True, AllowBuy=True
2026-05-12T18:12:53.619122000Z [DEBUG] TRADER-001.Cache: Added Account(id=ETORO-REAL-001)
2026-05-12T18:12:53.619136000Z [DEBUG] TRADER-001.Cache: Indexed AccountId('ETORO-REAL-001')
2026-05-12T18:12:53.619156000Z [INFO] TRADER-001.Portfolio: Updated AccountState(account_id=ETORO-REAL-001, account_type=MARGIN, base_currency=USD, is_reported=False, balances=[AccountBalance(total=0.00 USD, locked=0.00 USD, free=0.00 USD)], margins=[], event_id=54338fea-1a33-474e-86a3-3b8029ac69f8)
2026-05-12T18:12:53.619229000Z [INFO] TRADER-001.ExecClient-ETORO: Connected
2026-05-12T18:12:53.619266000Z [INFO] TRADER-001.TradingNode: Awaiting execution state reconciliation (30.0s timeout)...
2026-05-12T18:12:53.619322000Z [INFO] TRADER-001.ExecClient-ETORO: Generating ExecutionMassStatus...
2026-05-12T18:12:53.619800000Z [DEBUG] TRADER-001.ExecEngine: <--[RPT] ExecutionMassStatus(client_id=ETORO, account_id=ETORO-REAL-001, venue=ETORO, order_reports={}, fill_reports={}, position_reports={}, report_id=f941a307-e694-4c00-a64d-baecd5fd8648, ts_init=1778609573619327000)
2026-05-12T18:12:53.619804000Z [INFO] TRADER-001.ExecEngine: Reconciling ExecutionMassStatus for ETORO
2026-05-12T18:12:53.619812000Z [INFO] TRADER-001.ExecEngine: Attempting to adjust fills for 0 instruments
2026-05-12T18:12:53.620367000Z [INFO] TRADER-001.ExecEngine: Updating adjusted fills for 0 instruments
2026-05-12T18:12:53.620370000Z [INFO] TRADER-001.ExecEngine: Final order_reports contains 0 orders, fill_reports contains 0 fills across all instruments
2026-05-12T18:12:53.620397000Z [DEBUG] TRADER-001.ExecEngine: Reconciliation state validation passed for 0 order(s)
2026-05-12T18:12:53.620425000Z [INFO] TRADER-001.ExecEngine: Reconciliation for ETORO succeeded
2026-05-12T18:12:53.620434000Z [INFO] TRADER-001.TradingNode: Execution state reconciled
2026-05-12T18:12:53.620449000Z [DEBUG] TRADER-001.OrderEmulator: STARTING
2026-05-12T18:12:53.620455000Z [INFO] TRADER-001.OrderEmulator: No emulated orders to reactivate
2026-05-12T18:12:53.620470000Z [INFO] TRADER-001.OrderEmulator: RUNNING
2026-05-12T18:12:53.620553000Z [INFO] TRADER-001.Portfolio: Initialized 0 open orders
2026-05-12T18:12:53.620557000Z [INFO] TRADER-001.Portfolio: Initialized 0 open positions
2026-05-12T18:12:53.620562000Z [INFO] TRADER-001.TradingNode: Awaiting portfolio initialization (10.0s timeout)...
2026-05-12T18:12:53.620612000Z [INFO] TRADER-001.ExecEngine: Startup reconciliation completed
2026-05-12T18:12:53.620615000Z [INFO] TRADER-001.ExecEngine: Applying post-reconciliation startup delay (10.0s)
2026-05-12T18:12:53.620629000Z [INFO] TRADER-001.TradingNode: Portfolio initialized
2026-05-12T18:12:53.620636000Z [DEBUG] TRADER-001.TRADER-001: STARTING
2026-05-12T18:12:53.620645000Z [DEBUG] TRADER-001.ApiOrderTestStrategy: STARTING
2026-05-12T18:12:53.620652000Z [INFO] TRADER-001.ApiOrderTestStrategy: self.config.oms_type=None
2026-05-12T18:12:53.620654000Z [INFO] TRADER-001.ApiOrderTestStrategy: self.config.external_order_claims=None
2026-05-12T18:12:53.620655000Z [INFO] TRADER-001.ApiOrderTestStrategy: self.config.manage_gtd_expiry=False
2026-05-12T18:12:53.620685000Z [INFO] TRADER-001.ApiOrderTestStrategy: Set ClientOrderIdGenerator client_order_id count to 0
2026-05-12T18:12:53.620687000Z [INFO] TRADER-001.ApiOrderTestStrategy: Set ClientOrderIdGenerator order_list_id count to 0
2026-05-12T18:12:53.620695000Z [INFO] TRADER-001.ApiOrderTestStrategy: Test gestartet. Warte auf ersten Tick für ADA.ETORO ...
2026-05-12T18:12:53.620737000Z [DEBUG] TRADER-001.MessageBus: Added Subscription(topic=data.quotes.ETORO.ADA, handler=<bound method Actor.handle_quote_tick of ApiOrderTestStrategy(ApiOrderTestStrategy-000)>, priority=0)
2026-05-12T18:12:53.620791000Z [INFO] TRADER-001.ApiOrderTestStrategy: [CMD]--> SubscribeQuoteTicks(instrument_id=ADA.ETORO, client_id=None, venue=ETORO)
2026-05-12T18:12:53.620815000Z [INFO] TRADER-001.ApiOrderTestStrategy: RUNNING
2026-05-12T18:12:53.620823000Z [INFO] TRADER-001.TRADER-001: RUNNING
2026-05-12T18:12:53.620827000Z [INFO] TRADER-001.TradingNode: RUNNING
2026-05-12T18:12:53.620918000Z [DEBUG] TRADER-001.DataClient-ETORO_WS_CLIENT: Creating async task 'subscribe: quote_ticks ADA.ETORO'
2026-05-12T18:12:53.620957000Z [DEBUG] TRADER-001.DataClient-ETORO_WS_CLIENT: Coroutine 'subscribe: quote_ticks ADA.ETORO' completed
2026-05-12T18:12:53.620959000Z [INFO] TRADER-001.DataClient-ETORO_WS_CLIENT: Subscribed ADA.ETORO quotes
2026-05-12T18:13:05.191918000Z [INFO] TRADER-001.ApiOrderTestStrategy: Sende BUY: 41 Units @ Ask 0.27020 (~11.0 USD)
2026-05-12T18:13:05.192844000Z [INFO] TRADER-001.ApiOrderTestStrategy: <--[EVT] OrderInitialized(instrument_id=ADA.ETORO, client_order_id=O-20260512-181305-001-000-1, side=BUY, type=MARKET, quantity=41, time_in_force=GTC, post_only=False, reduce_only=False, quote_quantity=False, options={}, emulation_trigger=NO_TRIGGER, trigger_instrument_id=None, contingency_type=NO_CONTINGENCY, order_list_id=None, linked_order_ids=None, parent_order_id=None, exec_algorithm_id=None, exec_algorithm_params=None, exec_spawn_id=None, tags=None)
2026-05-12T18:13:05.192977000Z [DEBUG] TRADER-001.Cache: Added MarketOrder(BUY 41 ADA.ETORO MARKET GTC, status=INITIALIZED, client_order_id=O-20260512-181305-001-000-1, venue_order_id=None, position_id=None, tags=None)
2026-05-12T18:13:05.194354000Z [INFO] TRADER-001.ApiOrderTestStrategy: [CMD]--> [Risk] SubmitOrder(order=MarketOrder(BUY 41 ADA.ETORO MARKET GTC, status=INITIALIZED, client_order_id=O-20260512-181305-001-000-1, venue_order_id=None, position_id=None, tags=None), position_id=None)
2026-05-12T18:13:05.194744000Z [DEBUG] TRADER-001.ExecEngine: Routed by instrument venue: ETORO
2026-05-12T18:13:05.194800000Z [INFO] TRADER-001.ExecClient-ETORO: Submit MarketOrder(BUY 41 ADA.ETORO MARKET GTC, status=INITIALIZED, client_order_id=O-20260512-181305-001-000-1, venue_order_id=None, position_id=None, tags=None)
2026-05-12T18:13:05.194834000Z [DEBUG] TRADER-001.ExecClient-ETORO: Creating task 'submit_order: SubmitOrder(order=MarketOrder(BUY 41 ADA.ETORO MARKET GTC, status=INITIALIZED, client_order_id=O-20260512-181305-001-000-1, venue_order_id=None, position_id=None, tags=None), position_id=None)'
2026-05-12T18:13:05.197034000Z [INFO] TRADER-001.ExecClient-ETORO: REST POST https://public-api.etoro.com/api/v1/trading/execution/market-open-orders/by-amount | payload={'InstrumentID': 100017, 'IsBuy': True, 'Leverage': 1, 'Amount': 11.08}
2026-05-12T18:13:05.198514000Z [INFO] TRADER-001.ApiOrderTestStrategy: <--[EVT] OrderSubmitted(instrument_id=ADA.ETORO, client_order_id=O-20260512-181305-001-000-1, account_id=ETORO-REAL-001, ts_event=1778609585194901000)
2026-05-12T18:13:05.284217000Z [DEBUG] TRADER-001.ExecClient-ETORO: Creating task 'poll_fill'
2026-05-12T18:13:05.284451000Z [DEBUG] TRADER-001.Cache: Indexed ClientOrderId('O-20260512-181305-001-000-1') with VenueOrderId('1461203144')
