2026-05-12T18:50:51.251506000Z [INFO] TRADER-001.TradingNode: =================================================================
2026-05-12T18:50:51.251924000Z [INFO] TRADER-001.TradingNode:  NAUTILUS TRADER - Automated Algorithmic Trading Platform
2026-05-12T18:50:51.251925000Z [INFO] TRADER-001.TradingNode:  by Nautech Systems Pty Ltd.
2026-05-12T18:50:51.251926000Z [INFO] TRADER-001.TradingNode:  Copyright (C) 2015-2026. All rights reserved.
2026-05-12T18:50:51.251926001Z [INFO] TRADER-001.TradingNode: =================================================================
2026-05-12T18:50:51.251927000Z [INFO] TRADER-001.TradingNode: 
2026-05-12T18:50:51.251927001Z [INFO] TRADER-001.TradingNode: ⠀⠀⠀⠀⠀⠀⠀⠀⠀⠀⠀⠀⠀⣠⣴⣶⡟⠀⠀⠀⠀⠀⠀⠀⠀⠀⠀⠀⠀⠀⠀
2026-05-12T18:50:51.251928000Z [INFO] TRADER-001.TradingNode: ⠀⠀⠀⠀⠀⠀⠀⠀⠀⠀⠀⣰⣾⣿⣿⣿⠀⢸⣿⣿⣿⣿⣶⣶⣤⣀⠀⠀⠀⠀⠀
2026-05-12T18:50:51.251928001Z [INFO] TRADER-001.TradingNode: ⠀⠀⠀⠀⠀⠀⢀⣴⡇⢀⣾⣿⣿⣿⣿⣿⠀⣾⣿⣿⣿⣿⣿⣿⣿⠿⠓⠀⠀⠀⠀
2026-05-12T18:50:51.251929000Z [INFO] TRADER-001.TradingNode: ⠀⠀⠀⠀⠀⣰⣿⣿⡀⢸⣿⣿⣿⣿⣿⣿⠀⣿⣿⣿⣿⣿⣿⠟⠁⣠⣄⠀⠀⠀⠀
2026-05-12T18:50:51.251929001Z [INFO] TRADER-001.TradingNode: ⠀⠀⠀⠀⢠⣿⣿⣿⣇⠀⢿⣿⣿⣿⣿⣿⠀⢻⣿⣿⣿⡿⢃⣠⣾⣿⣿⣧⡀⠀⠀
2026-05-12T18:50:51.251929002Z [INFO] TRADER-001.TradingNode: ⠀⠀⠀⠠⣾⣿⣿⣿⣿⣿⣧⠈⠋⢀⣴⣧⠀⣿⡏⢠⡀⢸⣿⣿⣿⣿⣿⣿⣿⡇⠀
2026-05-12T18:50:51.251930000Z [INFO] TRADER-001.TradingNode: ⠀⠀⠀⣀⠙⢿⣿⣿⣿⣿⣿⠇⢠⣿⣿⣿⡄⠹⠃⠼⠃⠈⠉⠛⠛⠛⠛⠛⠻⠇⠀
2026-05-12T18:50:51.251930001Z [INFO] TRADER-001.TradingNode: ⠀⠀⢸⡟⢠⣤⠉⠛⠿⢿⣿⠀⢸⣿⡿⠋⣠⣤⣄⠀⣾⣿⣿⣶⣶⣶⣦⡄⠀⠀⠀
2026-05-12T18:50:51.251930002Z [INFO] TRADER-001.TradingNode: ⠀⠀⠸⠀⣾⠏⣸⣷⠂⣠⣤⠀⠘⢁⣴⣾⣿⣿⣿⡆⠘⣿⣿⣿⣿⣿⣿⠀⠀⠀⠀
2026-05-12T18:50:51.251931000Z [INFO] TRADER-001.TradingNode: ⠀⠀⠀⠀⠛⠀⣿⡟⠀⢻⣿⡄⠸⣿⣿⣿⣿⣿⣿⣿⡀⠘⣿⣿⣿⣿⠟⠀⠀⠀⠀
2026-05-12T18:50:51.251931001Z [INFO] TRADER-001.TradingNode: ⠀⠀⠀⠀⠀⠀⣿⠇⠀⠀⢻⡿⠀⠈⠻⣿⣿⣿⣿⣿⡇⠀⢹⣿⠿⠋⠀⠀⠀⠀⠀
2026-05-12T18:50:51.251931002Z [INFO] TRADER-001.TradingNode: ⠀⠀⠀⠀⠀⠀⠋⠀⠀⠀⡘⠁⠀⠀⠀⠀⠀⠀⠀⠀⠀⠀⠈⠁⠀⠀⠀⠀⠀⠀⠀
2026-05-12T18:50:51.251932000Z [INFO] TRADER-001.TradingNode: 
2026-05-12T18:50:51.251932001Z [INFO] TRADER-001.TradingNode: =================================================================
2026-05-12T18:50:51.251932002Z [INFO] TRADER-001.TradingNode:  SYSTEM SPECIFICATION
2026-05-12T18:50:51.251933000Z [INFO] TRADER-001.TradingNode: =================================================================
2026-05-12T18:50:51.251934000Z [INFO] TRADER-001.TradingNode: CPU architecture: Apple M1
2026-05-12T18:50:51.251935000Z [INFO] TRADER-001.TradingNode: CPU(s): 8 @ 3204 MHz
2026-05-12T18:50:51.251937000Z [INFO] TRADER-001.TradingNode: OS: kernel-25.4.0 macOS 26.4.1
2026-05-12T18:50:51.252002000Z [INFO] TRADER-001.TradingNode: =================================================================
2026-05-12T18:50:51.252003000Z [INFO] TRADER-001.TradingNode:  MEMORY USAGE
2026-05-12T18:50:51.252003001Z [INFO] TRADER-001.TradingNode: =================================================================
2026-05-12T18:50:51.252038000Z [INFO] TRADER-001.TradingNode: RAM-Total: 16.00 GiB
2026-05-12T18:50:51.252040000Z [INFO] TRADER-001.TradingNode: RAM-Used: 10.35 GiB (64.71%)
2026-05-12T18:50:51.252041000Z [INFO] TRADER-001.TradingNode: RAM-Avail: 5.65 GiB (35.29%)
2026-05-12T18:50:51.252042000Z [INFO] TRADER-001.TradingNode: Swap: disabled
2026-05-12T18:50:51.252081000Z [INFO] TRADER-001.TradingNode: =================================================================
2026-05-12T18:50:51.252081001Z [INFO] TRADER-001.TradingNode:  IDENTIFIERS
2026-05-12T18:50:51.252082000Z [INFO] TRADER-001.TradingNode: =================================================================
2026-05-12T18:50:51.252082001Z [INFO] TRADER-001.TradingNode: trader_id: TRADER-001
2026-05-12T18:50:51.252084000Z [INFO] TRADER-001.TradingNode: machine_id: MacBook-Air-von-John.local
2026-05-12T18:50:51.252085000Z [INFO] TRADER-001.TradingNode: instance_id: 31d8bb88-522b-4b32-b192-ae3bc3ac9457
2026-05-12T18:50:51.252086000Z [INFO] TRADER-001.TradingNode: PID: 9658
2026-05-12T18:50:51.252087000Z [INFO] TRADER-001.TradingNode: =================================================================
2026-05-12T18:50:51.252087001Z [INFO] TRADER-001.TradingNode:  VERSIONING
2026-05-12T18:50:51.252088000Z [INFO] TRADER-001.TradingNode: =================================================================
2026-05-12T18:50:51.252900000Z [INFO] TRADER-001.TradingNode: nautilus_trader: 1.226.0
2026-05-12T18:50:51.253093000Z [INFO] TRADER-001.TradingNode: python: 3.14.4
2026-05-12T18:50:51.253101000Z [INFO] TRADER-001.TradingNode: numpy: 2.4.4
2026-05-12T18:50:51.253105000Z [INFO] TRADER-001.TradingNode: pandas: 2.3.3
2026-05-12T18:50:51.253108000Z [INFO] TRADER-001.TradingNode: msgspec: 0.21.1
2026-05-12T18:50:51.253111000Z [INFO] TRADER-001.TradingNode: pyarrow: 24.0.0
2026-05-12T18:50:51.253114000Z [INFO] TRADER-001.TradingNode: pytz: 2026.2
2026-05-12T18:50:51.253119000Z [INFO] TRADER-001.TradingNode: uvloop: 0.22.1
2026-05-12T18:50:51.253119001Z [INFO] TRADER-001.TradingNode: =================================================================
2026-05-12T18:50:51.253208000Z [INFO] TRADER-001.TradingNode: Building system kernel
2026-05-12T18:50:51.253715000Z [DEBUG] TRADER-001.TradingNode: Event loop signal handling setup for (<Signals.SIGTERM: 15>, <Signals.SIGINT: 2>, <Signals.SIGABRT: 6>)
2026-05-12T18:50:51.254182000Z [INFO] TRADER-001.MessageBus: config.database=None
2026-05-12T18:50:51.254185000Z [INFO] TRADER-001.MessageBus: config.encoding='msgpack'
2026-05-12T18:50:51.254187000Z [INFO] TRADER-001.MessageBus: config.timestamps_as_iso8601=False
2026-05-12T18:50:51.254188000Z [INFO] TRADER-001.MessageBus: config.buffer_interval_ms=None
2026-05-12T18:50:51.254189000Z [INFO] TRADER-001.MessageBus: config.autotrim_mins=None
2026-05-12T18:50:51.254190000Z [INFO] TRADER-001.MessageBus: config.use_trader_prefix=True
2026-05-12T18:50:51.254191000Z [INFO] TRADER-001.MessageBus: config.use_trader_id=True
2026-05-12T18:50:51.254192000Z [INFO] TRADER-001.MessageBus: config.use_instance_id=False
2026-05-12T18:50:51.254194000Z [INFO] TRADER-001.MessageBus: config.streams_prefix='stream'
2026-05-12T18:50:51.254196000Z [INFO] TRADER-001.MessageBus: config.types_filter=None
2026-05-12T18:50:51.254519000Z [DEBUG] TRADER-001.MessageBus: Added Subscription(topic=commands.system.shutdown, handler=<bound method NautilusKernel._on_shutdown_system of <nautilus_trader.system.kernel.NautilusKernel object at 0x1277dfa10>>, priority=0)
2026-05-12T18:50:51.254849000Z [INFO] TRADER-001.Cache: READY
2026-05-12T18:50:51.257161000Z [DEBUG] TRADER-001.MessageBus: Added endpoint 'Portfolio.update_account' <bound method Portfolio.update_account of <nautilus_trader.portfolio.portfolio.Portfolio object at 0x12a062a40>>
2026-05-12T18:50:51.257172000Z [DEBUG] TRADER-001.MessageBus: Added endpoint 'Portfolio.update_order' <bound method Portfolio.update_order of <nautilus_trader.portfolio.portfolio.Portfolio object at 0x12a062a40>>
2026-05-12T18:50:51.257175000Z [DEBUG] TRADER-001.MessageBus: Added endpoint 'Portfolio.update_position' <bound method Portfolio.update_position of <nautilus_trader.portfolio.portfolio.Portfolio object at 0x12a062a40>>
2026-05-12T18:50:51.257192000Z [DEBUG] TRADER-001.MessageBus: Added Subscription(topic=events.order.*, handler=<bound method Portfolio.on_order_event of <nautilus_trader.portfolio.portfolio.Portfolio object at 0x12a062a40>>, priority=10)
2026-05-12T18:50:51.257226000Z [DEBUG] TRADER-001.MessageBus: Added Subscription(topic=events.position.*, handler=<bound method Portfolio.on_position_event of <nautilus_trader.portfolio.portfolio.Portfolio object at 0x12a062a40>>, priority=10)
2026-05-12T18:50:51.257240000Z [DEBUG] TRADER-001.MessageBus: Added Subscription(topic=data.quotes.*, handler=<bound method Portfolio.update_quote_tick of <nautilus_trader.portfolio.portfolio.Portfolio object at 0x12a062a40>>, priority=10)
2026-05-12T18:50:51.257249000Z [DEBUG] TRADER-001.MessageBus: Added Subscription(topic=data.bars.*EXTERNAL, handler=<bound method Portfolio.update_bar of <nautilus_trader.portfolio.portfolio.Portfolio object at 0x12a062a40>>, priority=10)
2026-05-12T18:50:51.257880000Z [INFO] TRADER-001.DataEngine: READY
2026-05-12T18:50:51.258248000Z [DEBUG] TRADER-001.MessageBus: Added endpoint 'DataEngine.execute' <bound method LiveDataEngine.execute of LiveDataEngine(DataEngine)>
2026-05-12T18:50:51.258255000Z [DEBUG] TRADER-001.MessageBus: Added endpoint 'DataEngine.process' <bound method LiveDataEngine.process of LiveDataEngine(DataEngine)>
2026-05-12T18:50:51.258258000Z [DEBUG] TRADER-001.MessageBus: Added endpoint 'DataEngine.request' <bound method LiveDataEngine.request of LiveDataEngine(DataEngine)>
2026-05-12T18:50:51.258261000Z [DEBUG] TRADER-001.MessageBus: Added endpoint 'DataEngine.response' <bound method LiveDataEngine.response of LiveDataEngine(DataEngine)>
2026-05-12T18:50:51.258266000Z [DEBUG] TRADER-001.MessageBus: Added endpoint 'DataEngine.process_historical' <bound method DataEngine.process_historical of LiveDataEngine(DataEngine)>
2026-05-12T18:50:51.258339000Z [INFO] TRADER-001.DataEngine: config.graceful_shutdown_on_exception=False
2026-05-12T18:50:51.258823000Z [INFO] TRADER-001.RiskEngine: READY
2026-05-12T18:50:51.260052000Z [INFO] TRADER-001.RiskEngine: TradingState is ACTIVE
2026-05-12T18:50:51.260180000Z [INFO] TRADER-001.Throttler-ORDER_SUBMIT_THROTTLER: READY
2026-05-12T18:50:51.260290000Z [INFO] TRADER-001.RiskEngine: Set MAX_ORDER_SUBMIT_RATE: 100/00:00:01
2026-05-12T18:50:51.260346000Z [INFO] TRADER-001.Throttler-ORDER_MODIFY_THROTTLER: READY
2026-05-12T18:50:51.260363000Z [INFO] TRADER-001.RiskEngine: Set MAX_ORDER_MODIFY_RATE: 100/00:00:01
2026-05-12T18:50:51.260373000Z [DEBUG] TRADER-001.MessageBus: Added endpoint 'RiskEngine.execute' <bound method LiveRiskEngine.execute of LiveRiskEngine(RiskEngine)>
2026-05-12T18:50:51.260375000Z [DEBUG] TRADER-001.MessageBus: Added endpoint 'RiskEngine.process' <bound method LiveRiskEngine.process of LiveRiskEngine(RiskEngine)>
2026-05-12T18:50:51.260387000Z [DEBUG] TRADER-001.MessageBus: Added Subscription(topic=events.order.*, handler=<bound method RiskEngine._handle_event of LiveRiskEngine(RiskEngine)>, priority=10)
2026-05-12T18:50:51.260395000Z [DEBUG] TRADER-001.MessageBus: Added Subscription(topic=events.position.*, handler=<bound method RiskEngine._handle_event of LiveRiskEngine(RiskEngine)>, priority=10)
2026-05-12T18:50:51.260427000Z [INFO] TRADER-001.RiskEngine: config.graceful_shutdown_on_exception=False
2026-05-12T18:50:51.260751000Z [INFO] TRADER-001.ExecEngine: READY
2026-05-12T18:50:51.260830000Z [INFO] TRADER-001.ExecEngine: config.snapshot_orders=False
2026-05-12T18:50:51.260834000Z [INFO] TRADER-001.ExecEngine: config.snapshot_positions=False
2026-05-12T18:50:51.260836000Z [INFO] TRADER-001.ExecEngine: config.snapshot_positions_interval_secs=None
2026-05-12T18:50:51.260837000Z [INFO] TRADER-001.ExecEngine: config.allow_overfills=False
2026-05-12T18:50:51.260844000Z [DEBUG] TRADER-001.MessageBus: Added endpoint 'ExecEngine.execute' <bound method LiveExecutionEngine.execute of LiveExecutionEngine(ExecEngine)>
2026-05-12T18:50:51.260846000Z [DEBUG] TRADER-001.MessageBus: Added endpoint 'ExecEngine.process' <bound method LiveExecutionEngine.process of LiveExecutionEngine(ExecEngine)>
2026-05-12T18:50:51.260905000Z [INFO] TRADER-001.ExecEngine: config.reconciliation=True
2026-05-12T18:50:51.260909000Z [INFO] TRADER-001.ExecEngine: config.reconciliation_lookback_mins=None
2026-05-12T18:50:51.260910000Z [INFO] TRADER-001.ExecEngine: config.reconciliation_instrument_ids=None
2026-05-12T18:50:51.260911000Z [INFO] TRADER-001.ExecEngine: config.filter_unclaimed_external_orders=False
2026-05-12T18:50:51.260912000Z [INFO] TRADER-001.ExecEngine: config.filter_position_reports=False
2026-05-12T18:50:51.260913000Z [INFO] TRADER-001.ExecEngine: config.filtered_client_order_ids=None
2026-05-12T18:50:51.260915000Z [INFO] TRADER-001.ExecEngine: config.inflight_check_interval_ms=2000
2026-05-12T18:50:51.260916000Z [INFO] TRADER-001.ExecEngine: config.inflight_check_threshold_ms=5000
2026-05-12T18:50:51.260917000Z [INFO] TRADER-001.ExecEngine: config.inflight_check_retries=5
2026-05-12T18:50:51.260918000Z [INFO] TRADER-001.ExecEngine: config.own_books_audit_interval_secs=None
2026-05-12T18:50:51.260919000Z [INFO] TRADER-001.ExecEngine: config.open_check_interval_secs=None
2026-05-12T18:50:51.260919001Z [INFO] TRADER-001.ExecEngine: config.open_check_open_only=True
2026-05-12T18:50:51.260921000Z [INFO] TRADER-001.ExecEngine: config.open_check_lookback_mins=60
2026-05-12T18:50:51.260922000Z [INFO] TRADER-001.ExecEngine: config.open_check_threshold_ms=5000
2026-05-12T18:50:51.260922001Z [INFO] TRADER-001.ExecEngine: config.open_check_missing_retries=5
2026-05-12T18:50:51.260923000Z [INFO] TRADER-001.ExecEngine: config.max_single_order_queries_per_cycle=10
2026-05-12T18:50:51.260924000Z [INFO] TRADER-001.ExecEngine: config.single_order_query_delay_ms=100
2026-05-12T18:50:51.260926000Z [INFO] TRADER-001.ExecEngine: config.position_check_interval_secs=None
2026-05-12T18:50:51.260927000Z [INFO] TRADER-001.ExecEngine: config.position_check_lookback_mins=60
2026-05-12T18:50:51.260928000Z [INFO] TRADER-001.ExecEngine: config.position_check_threshold_ms=5000
2026-05-12T18:50:51.260928001Z [INFO] TRADER-001.ExecEngine: config.position_check_retries=3
2026-05-12T18:50:51.260931000Z [INFO] TRADER-001.ExecEngine: config.reconciliation_startup_delay_secs=10.0
2026-05-12T18:50:51.260932000Z [INFO] TRADER-001.ExecEngine: config.purge_closed_orders_interval_mins=None
2026-05-12T18:50:51.260934000Z [INFO] TRADER-001.ExecEngine: config.purge_closed_orders_buffer_mins=None
2026-05-12T18:50:51.260934001Z [INFO] TRADER-001.ExecEngine: config.purge_closed_positions_interval_mins=None
2026-05-12T18:50:51.260935000Z [INFO] TRADER-001.ExecEngine: config.purge_closed_positions_buffer_mins=None
2026-05-12T18:50:51.260936000Z [INFO] TRADER-001.ExecEngine: config.purge_account_events_interval_mins=None
2026-05-12T18:50:51.260938000Z [INFO] TRADER-001.ExecEngine: config.purge_account_events_lookback_mins=None
2026-05-12T18:50:51.260939000Z [INFO] TRADER-001.ExecEngine: config.purge_from_database=False
2026-05-12T18:50:51.260940000Z [INFO] TRADER-001.ExecEngine: config.graceful_shutdown_on_exception=False
2026-05-12T18:50:51.260951000Z [DEBUG] TRADER-001.MessageBus: Added endpoint 'ExecEngine.reconcile_execution_report' <bound method LiveExecutionEngine.reconcile_execution_report of LiveExecutionEngine(ExecEngine)>
2026-05-12T18:50:51.260954000Z [DEBUG] TRADER-001.MessageBus: Added endpoint 'ExecEngine.reconcile_execution_mass_status' <bound method LiveExecutionEngine.reconcile_execution_mass_status of LiveExecutionEngine(ExecEngine)>
2026-05-12T18:50:51.261595000Z [DEBUG] TRADER-001.Cache: Clearing index
2026-05-12T18:50:51.261601000Z [DEBUG] TRADER-001.Cache: Cleared index
2026-05-12T18:50:51.261604000Z [DEBUG] TRADER-001.ExecEngine: clear_index took 0ms
2026-05-12T18:50:51.261686000Z [DEBUG] TRADER-001.Cache: Loading general cache from database
2026-05-12T18:50:51.261764000Z [INFO] TRADER-001.Cache: Cached 0 general objects from database
2026-05-12T18:50:51.261769000Z [DEBUG] TRADER-001.ExecEngine: cache_general took 0ms
2026-05-12T18:50:51.261794000Z [DEBUG] TRADER-001.Cache: Loading currencies from database
2026-05-12T18:50:51.261822000Z [INFO] TRADER-001.Cache: Cached 0 currencies from database
2026-05-12T18:50:51.261826000Z [DEBUG] TRADER-001.ExecEngine: cache_currencies took 0ms
2026-05-12T18:50:51.261827000Z [DEBUG] TRADER-001.Cache: Loading instruments from database
2026-05-12T18:50:51.261828000Z [INFO] TRADER-001.Cache: Cached 0 instruments from database
2026-05-12T18:50:51.261829000Z [DEBUG] TRADER-001.ExecEngine: cache_instruments took 0ms
2026-05-12T18:50:51.261831000Z [DEBUG] TRADER-001.Cache: Loading accounts from database
2026-05-12T18:50:51.261832000Z [INFO] TRADER-001.Cache: Cached 0 accounts from database
2026-05-12T18:50:51.261833000Z [DEBUG] TRADER-001.ExecEngine: cache_accounts took 0ms
2026-05-12T18:50:51.261834000Z [DEBUG] TRADER-001.Cache: Loading orders from database
2026-05-12T18:50:51.261836000Z [INFO] TRADER-001.Cache: Cached 0 orders from database
2026-05-12T18:50:51.261837000Z [DEBUG] TRADER-001.ExecEngine: cache_orders took 0ms
2026-05-12T18:50:51.261838000Z [DEBUG] TRADER-001.Cache: Loading order lists
2026-05-12T18:50:51.261839000Z [INFO] TRADER-001.Cache: Cached 0 order lists from database
2026-05-12T18:50:51.261841000Z [DEBUG] TRADER-001.ExecEngine: cache_order_lists took 0ms
2026-05-12T18:50:51.261842000Z [DEBUG] TRADER-001.Cache: Loading positions from database
2026-05-12T18:50:51.261843000Z [INFO] TRADER-001.Cache: Cached 0 positions from database
2026-05-12T18:50:51.261844000Z [DEBUG] TRADER-001.ExecEngine: cache_positions took 0ms
2026-05-12T18:50:51.261845000Z [DEBUG] TRADER-001.Cache: Building index
2026-05-12T18:50:51.261877000Z [DEBUG] TRADER-001.Cache: Index built in 0.000s
2026-05-12T18:50:51.261879000Z [DEBUG] TRADER-001.ExecEngine: build_index took 0ms
2026-05-12T18:50:51.261906000Z [INFO] TRADER-001.Cache: Checking data integrity
2026-05-12T18:50:51.262081000Z [INFO] TRADER-001.Cache: Integrity check passed in 102μs
2026-05-12T18:50:51.262087000Z [DEBUG] TRADER-001.ExecEngine: check_integrity took 1ms
2026-05-12T18:50:51.262397000Z [DEBUG] TRADER-001.ExecEngine: _set_position_id_counts took 0ms
2026-05-12T18:50:51.262402000Z [INFO] TRADER-001.ExecEngine: Loaded cache in 1ms
2026-05-12T18:50:51.262861000Z [INFO] TRADER-001.OrderEmulator: READY
2026-05-12T18:50:51.262971000Z [DEBUG] TRADER-001.MessageBus: Added endpoint 'OrderEmulator.execute' <bound method OrderEmulator.execute of OrderEmulator(OrderEmulator)>
2026-05-12T18:50:51.263002000Z [INFO] TRADER-001.TRADER-001: READY
2026-05-12T18:50:51.263036000Z [INFO] TRADER-001.TradingNode: Initialized in 15ms
2026-05-12T18:50:51.263055000Z [INFO] TRADER-001.TradingNode: has_cache_backing=False
2026-05-12T18:50:51.263059000Z [INFO] TRADER-001.TradingNode: has_msgbus_backing=False
2026-05-12T18:50:51.263547000Z [INFO] TRADER-001.ApiFullExecutionTestStrategy: READY
2026-05-12T18:50:51.263602000Z [DEBUG] TRADER-001.MessageBus: Added Subscription(topic=events.order.ApiFullExecutionTestStrategy-000, handler=<bound method Strategy.handle_event of ApiFullExecutionTestStrategy(ApiFullExecutionTestStrategy-000)>, priority=0)
2026-05-12T18:50:51.263609000Z [DEBUG] TRADER-001.MessageBus: Added Subscription(topic=events.position.ApiFullExecutionTestStrategy-000, handler=<bound method Strategy.handle_event of ApiFullExecutionTestStrategy(ApiFullExecutionTestStrategy-000)>, priority=0)
2026-05-12T18:50:51.263714000Z [INFO] TRADER-001.ExecEngine: Registered OMS.UNSPECIFIED for Strategy ApiFullExecutionTestStrategy-000
2026-05-12T18:50:51.263742000Z [INFO] TRADER-001.TRADER-001: Registered Strategy ApiFullExecutionTestStrategy-000
2026-05-12T18:50:51.263767000Z [INFO] TRADER-001.TradingNode: Building data client for ETORO_WS_CLIENT
2026-05-12T18:50:51.263878000Z [INFO] TRADER-001.InstrumentProvider: READY
2026-05-12T18:50:51.264527000Z [INFO] TRADER-001.DataClient-ETORO_WS_CLIENT: READY
2026-05-12T18:50:51.264910000Z [INFO] TRADER-001.DataEngine: Registered ETORO_WS_CLIENT
2026-05-12T18:50:51.264937000Z [INFO] TRADER-001.TradingNode: Building execution client for ETORO
2026-05-12T18:50:51.264994000Z [INFO] TRADER-001.InstrumentProvider: READY
2026-05-12T18:50:51.265273000Z [INFO] TRADER-001.ExecClient-ETORO: READY
2026-05-12T18:50:51.265554000Z [INFO] TRADER-001.ExecEngine: Registered ExecutionClient-ETORO
2026-05-12T18:50:51.267215000Z [INFO] TRADER-001.TradingNode: STARTING
2026-05-12T18:50:51.267264000Z [DEBUG] TRADER-001.ApiFullExecutionTestStrategy: Registered <concurrent.futures.thread.ThreadPoolExecutor object at 0x1277dfb60>
2026-05-12T18:50:51.267281000Z [DEBUG] TRADER-001.DataEngine: STARTING
2026-05-12T18:50:51.267317000Z [DEBUG] TRADER-001.DataClient-ETORO_WS_CLIENT: STARTING
2026-05-12T18:50:51.267340000Z [INFO] TRADER-001.DataClient-ETORO_WS_CLIENT: RUNNING
2026-05-12T18:50:51.267501000Z [DEBUG] TRADER-001.DataEngine: Scheduled task 'cmd_queue'
2026-05-12T18:50:51.267507000Z [DEBUG] TRADER-001.DataEngine: Scheduled task 'req_queue'
2026-05-12T18:50:51.267507001Z [DEBUG] TRADER-001.DataEngine: Scheduled task 'res_queue'
2026-05-12T18:50:51.267508000Z [DEBUG] TRADER-001.DataEngine: Scheduled task 'data_queue'
2026-05-12T18:50:51.267521000Z [INFO] TRADER-001.DataEngine: RUNNING
2026-05-12T18:50:51.267528000Z [DEBUG] TRADER-001.RiskEngine: STARTING
2026-05-12T18:50:51.267590000Z [DEBUG] TRADER-001.RiskEngine: Scheduled task 'cmd_queue'
2026-05-12T18:50:51.267593000Z [DEBUG] TRADER-001.RiskEngine: Scheduled task 'evt_queue'
2026-05-12T18:50:51.267600000Z [INFO] TRADER-001.RiskEngine: RUNNING
2026-05-12T18:50:51.267606000Z [DEBUG] TRADER-001.ExecEngine: STARTING
2026-05-12T18:50:51.267613000Z [DEBUG] TRADER-001.ExecClient-ETORO: STARTING
2026-05-12T18:50:51.267617000Z [INFO] TRADER-001.ExecClient-ETORO: RUNNING
2026-05-12T18:50:51.267815000Z [DEBUG] TRADER-001.ExecEngine: Scheduled task 'cmd_queue'
2026-05-12T18:50:51.267820000Z [DEBUG] TRADER-001.ExecEngine: Scheduled task 'evt_queue'
2026-05-12T18:50:51.267826000Z [DEBUG] TRADER-001.ExecEngine: Scheduled task 'continuous_reconciliation'
2026-05-12T18:50:51.267828000Z [INFO] TRADER-001.ExecEngine: Started reconciliation task
2026-05-12T18:50:51.267845000Z [INFO] TRADER-001.ExecEngine: RUNNING
2026-05-12T18:50:51.267880000Z [INFO] TRADER-001.DataEngine: Connecting all clients...
2026-05-12T18:50:51.267888000Z [INFO] TRADER-001.DataClient-ETORO_WS_CLIENT: Connecting...
2026-05-12T18:50:51.267895000Z [DEBUG] TRADER-001.DataClient-ETORO_WS_CLIENT: Creating async task '_connect'
2026-05-12T18:50:51.267908000Z [INFO] TRADER-001.ExecEngine: Connecting all clients...
2026-05-12T18:50:51.267910000Z [INFO] TRADER-001.ExecClient-ETORO: Connecting...
2026-05-12T18:50:51.267915000Z [DEBUG] TRADER-001.ExecClient-ETORO: Creating task '_connect'
2026-05-12T18:50:51.267966000Z [INFO] TRADER-001.TradingNode: Awaiting engine connections and initializations (120.0s timeout)...
2026-05-12T18:50:51.268523000Z [DEBUG] TRADER-001.DataEngine: DataCommand message queue processing starting (qsize=0)
2026-05-12T18:50:51.268538000Z [DEBUG] TRADER-001.DataEngine: RequestData message queue processing starting (qsize=0)
2026-05-12T18:50:51.268546000Z [DEBUG] TRADER-001.DataEngine: DataResponse message queue processing starting (qsize=0)
2026-05-12T18:50:51.268550000Z [DEBUG] TRADER-001.DataEngine: Data queue processing starting (qsize=0)
2026-05-12T18:50:51.268557000Z [DEBUG] TRADER-001.RiskEngine: Command message queue processing (qsize=0)
2026-05-12T18:50:51.268561000Z [DEBUG] TRADER-001.RiskEngine: Event message queue processing starting (qsize=0)
2026-05-12T18:50:51.268568000Z [DEBUG] TRADER-001.ExecEngine: Command message queue processing starting (qsize=0)
2026-05-12T18:50:51.268572000Z [DEBUG] TRADER-001.ExecEngine: Event message queue processing starting (qsize=0)
2026-05-12T18:50:51.268593000Z [INFO] TRADER-001.ExecEngine: Starting continuous reconciliation with intervals: inflight=2000ms, consistency=Nones, position=Nones
2026-05-12T18:50:51.268599000Z [INFO] TRADER-001.ExecEngine: Awaiting startup reconciliation completion before starting continuous checks
2026-05-12T18:50:51.298508000Z [INFO] TRADER-001.DataClient-ETORO_WS_CLIENT: WebSocket Verbindungsversuch 1/5 zu wss://ws.etoro.com/ws ...
2026-05-12T18:50:51.582144000Z [INFO] TRADER-001.DataClient-ETORO_WS_CLIENT: WebSocket verbunden. Authentifiziere...
2026-05-12T18:50:51.584282000Z [DEBUG] TRADER-001.Cache: Added currency USD
2026-05-12T18:50:51.584288000Z [DEBUG] TRADER-001.Cache: Added instrument ADA.ETORO
2026-05-12T18:50:51.584334000Z [INFO] TRADER-001.DataClient-ETORO_WS_CLIENT: Instrument registriert: ADA.ETORO [Crypto] price_prec=5, size_prec=0
2026-05-12T18:50:51.648818000Z [INFO] TRADER-001.DataClient-ETORO_WS_CLIENT: Auth-Antwort: {'id': '80df5c95-dd43-4d57-bf7a-d3504ae87dde', 'success': True, 'operation': 'Authenticate'}
2026-05-12T18:50:51.648901000Z [INFO] TRADER-001.DataClient-ETORO_WS_CLIENT: Abonniert: ['instrument:100017']
2026-05-12T18:50:51.648907000Z [DEBUG] TRADER-001.DataClient-ETORO_WS_CLIENT: Creating async task 'message_loop'
2026-05-12T18:50:51.648981000Z [DEBUG] TRADER-001.DataClient-ETORO_WS_CLIENT: Coroutine '_connect' completed
2026-05-12T18:50:51.648986000Z [INFO] TRADER-001.DataClient-ETORO_WS_CLIENT: Connected
2026-05-12T18:50:51.696597000Z [INFO] TRADER-001.DataClient-ETORO_WS_CLIENT: Snapshot ADA.ETORO: MarketOpen=True, AllowBuy=True
2026-05-12T18:50:52.267957000Z [DEBUG] TRADER-001.ExecClient-ETORO: Creating task 'exec_ws_loop'
2026-05-12T18:50:52.267973000Z [INFO] TRADER-001.ExecClient-ETORO: Execution WS connected and authenticated.
2026-05-12T18:50:52.522909000Z [DEBUG] TRADER-001.Cache: Added Account(id=ETORO-REAL-001)
2026-05-12T18:50:52.522919000Z [DEBUG] TRADER-001.Cache: Indexed AccountId('ETORO-REAL-001')
2026-05-12T18:50:52.523184000Z [INFO] TRADER-001.Portfolio: Updated AccountState(account_id=ETORO-REAL-001, account_type=MARGIN, base_currency=USD, is_reported=False, balances=[AccountBalance(total=0.00 USD, locked=0.00 USD, free=0.00 USD)], margins=[], event_id=bc991afe-5b4a-451d-9ded-af8b5e667e8c)
2026-05-12T18:50:52.523252000Z [INFO] TRADER-001.ExecClient-ETORO: Connected
2026-05-12T18:50:52.523284000Z [INFO] TRADER-001.TradingNode: Awaiting execution state reconciliation (30.0s timeout)...
2026-05-12T18:50:52.523364000Z [INFO] TRADER-001.ExecClient-ETORO: Generating ExecutionMassStatus...
2026-05-12T18:50:52.523535000Z [DEBUG] TRADER-001.ExecEngine: <--[RPT] ExecutionMassStatus(client_id=ETORO, account_id=ETORO-REAL-001, venue=ETORO, order_reports={}, fill_reports={}, position_reports={}, report_id=3b801907-9e77-4c8a-bf71-3c1bf8e69534, ts_init=1778611852523370000)
2026-05-12T18:50:52.523539000Z [INFO] TRADER-001.ExecEngine: Reconciling ExecutionMassStatus for ETORO
2026-05-12T18:50:52.523543000Z [INFO] TRADER-001.ExecEngine: Attempting to adjust fills for 0 instruments
2026-05-12T18:50:52.524595000Z [INFO] TRADER-001.ExecEngine: Updating adjusted fills for 0 instruments
2026-05-12T18:50:52.524598000Z [INFO] TRADER-001.ExecEngine: Final order_reports contains 0 orders, fill_reports contains 0 fills across all instruments
2026-05-12T18:50:52.524616000Z [DEBUG] TRADER-001.ExecEngine: Reconciliation state validation passed for 0 order(s)
2026-05-12T18:50:52.524642000Z [INFO] TRADER-001.ExecEngine: Reconciliation for ETORO succeeded
2026-05-12T18:50:52.524650000Z [INFO] TRADER-001.TradingNode: Execution state reconciled
2026-05-12T18:50:52.524660000Z [DEBUG] TRADER-001.OrderEmulator: STARTING
2026-05-12T18:50:52.524840000Z [INFO] TRADER-001.OrderEmulator: No emulated orders to reactivate
2026-05-12T18:50:52.524853000Z [INFO] TRADER-001.OrderEmulator: RUNNING
2026-05-12T18:50:52.525064000Z [INFO] TRADER-001.Portfolio: Initialized 0 open orders
2026-05-12T18:50:52.525068000Z [INFO] TRADER-001.Portfolio: Initialized 0 open positions
2026-05-12T18:50:52.525072000Z [INFO] TRADER-001.TradingNode: Awaiting portfolio initialization (10.0s timeout)...
2026-05-12T18:50:52.525126000Z [INFO] TRADER-001.ExecEngine: Startup reconciliation completed
2026-05-12T18:50:52.525130000Z [INFO] TRADER-001.ExecEngine: Applying post-reconciliation startup delay (10.0s)
2026-05-12T18:50:52.525141000Z [INFO] TRADER-001.TradingNode: Portfolio initialized
2026-05-12T18:50:52.525145000Z [DEBUG] TRADER-001.TRADER-001: STARTING
2026-05-12T18:50:52.525153000Z [DEBUG] TRADER-001.ApiFullExecutionTestStrategy: STARTING
2026-05-12T18:50:52.525185000Z [INFO] TRADER-001.ApiFullExecutionTestStrategy: self.config.oms_type=None
2026-05-12T18:50:52.525187000Z [INFO] TRADER-001.ApiFullExecutionTestStrategy: self.config.external_order_claims=None
2026-05-12T18:50:52.525188000Z [INFO] TRADER-001.ApiFullExecutionTestStrategy: self.config.manage_gtd_expiry=False
2026-05-12T18:50:52.525221000Z [INFO] TRADER-001.ApiFullExecutionTestStrategy: Set ClientOrderIdGenerator client_order_id count to 0
2026-05-12T18:50:52.525222000Z [INFO] TRADER-001.ApiFullExecutionTestStrategy: Set ClientOrderIdGenerator order_list_id count to 0
2026-05-12T18:50:52.525229000Z [INFO] TRADER-001.ApiFullExecutionTestStrategy: Full API Test gestartet. Warte auf Daten für ADA.ETORO ...
2026-05-12T18:50:52.525948000Z [DEBUG] TRADER-001.MessageBus: Added Subscription(topic=data.quotes.ETORO.ADA, handler=<bound method Actor.handle_quote_tick of ApiFullExecutionTestStrategy(ApiFullExecutionTestStrategy-000)>, priority=0)
2026-05-12T18:50:52.526328000Z [INFO] TRADER-001.ApiFullExecutionTestStrategy: [CMD]--> SubscribeQuoteTicks(instrument_id=ADA.ETORO, client_id=None, venue=ETORO)
2026-05-12T18:50:52.526383000Z [INFO] TRADER-001.ApiFullExecutionTestStrategy: [TEST 1] Sende LIMIT BUY: 81 Units @ 0.13530
2026-05-12T18:50:52.526904000Z [INFO] TRADER-001.ApiFullExecutionTestStrategy: <--[EVT] OrderInitialized(instrument_id=ADA.ETORO, client_order_id=O-20260512-185052-001-000-1, side=BUY, type=LIMIT, quantity=81, time_in_force=GTC, post_only=False, reduce_only=False, quote_quantity=False, options={'price': '0.13530', 'display_qty': None, 'expire_time_ns': 0}, emulation_trigger=NO_TRIGGER, trigger_instrument_id=None, contingency_type=NO_CONTINGENCY, order_list_id=None, linked_order_ids=None, parent_order_id=None, exec_algorithm_id=None, exec_algorithm_params=None, exec_spawn_id=None, tags=None)
2026-05-12T18:50:52.527054000Z [DEBUG] TRADER-001.Cache: Added LimitOrder(BUY 81 ADA.ETORO LIMIT @ 0.13530 GTC, status=INITIALIZED, client_order_id=O-20260512-185052-001-000-1, venue_order_id=None, position_id=None, tags=None)
2026-05-12T18:50:52.527231000Z [INFO] TRADER-001.ApiFullExecutionTestStrategy: [CMD]--> [Risk] SubmitOrder(order=LimitOrder(BUY 81 ADA.ETORO LIMIT @ 0.13530 GTC, status=INITIALIZED, client_order_id=O-20260512-185052-001-000-1, venue_order_id=None, position_id=None, tags=None), position_id=None)
2026-05-12T18:50:52.527242000Z [INFO] TRADER-001.ApiFullExecutionTestStrategy: [TEST 2] Sende MARKET BUY: 41 Units (~11.0 USD)
2026-05-12T18:50:52.527323000Z [INFO] TRADER-001.ApiFullExecutionTestStrategy: <--[EVT] OrderInitialized(instrument_id=ADA.ETORO, client_order_id=O-20260512-185052-001-000-2, side=BUY, type=MARKET, quantity=41, time_in_force=GTC, post_only=False, reduce_only=False, quote_quantity=False, options={}, emulation_trigger=NO_TRIGGER, trigger_instrument_id=None, contingency_type=NO_CONTINGENCY, order_list_id=None, linked_order_ids=None, parent_order_id=None, exec_algorithm_id=None, exec_algorithm_params=None, exec_spawn_id=None, tags=None)
2026-05-12T18:50:52.527331000Z [DEBUG] TRADER-001.Cache: Added MarketOrder(BUY 41 ADA.ETORO MARKET GTC, status=INITIALIZED, client_order_id=O-20260512-185052-001-000-2, venue_order_id=None, position_id=None, tags=None)
2026-05-12T18:50:52.527337000Z [INFO] TRADER-001.ApiFullExecutionTestStrategy: [CMD]--> [Risk] SubmitOrder(order=MarketOrder(BUY 41 ADA.ETORO MARKET GTC, status=INITIALIZED, client_order_id=O-20260512-185052-001-000-2, venue_order_id=None, position_id=None, tags=None), position_id=None)
2026-05-12T18:50:52.527347000Z [INFO] TRADER-001.ApiFullExecutionTestStrategy: RUNNING
2026-05-12T18:50:52.527354000Z [INFO] TRADER-001.TRADER-001: RUNNING
2026-05-12T18:50:52.527359000Z [INFO] TRADER-001.TradingNode: RUNNING
2026-05-12T18:50:52.527904000Z [DEBUG] TRADER-001.DataClient-ETORO_WS_CLIENT: Creating async task 'subscribe: quote_ticks ADA.ETORO'
2026-05-12T18:50:52.528023000Z [DEBUG] TRADER-001.DataClient-ETORO_WS_CLIENT: Coroutine 'subscribe: quote_ticks ADA.ETORO' completed
2026-05-12T18:50:52.528025000Z [INFO] TRADER-001.DataClient-ETORO_WS_CLIENT: Subscribed ADA.ETORO quotes
