2026-05-12T11:44:27.428578779Z [INFO] TRADER-001.TradingNode: =================================================================
2026-05-12T11:44:27.428584417Z [INFO] TRADER-001.TradingNode:  NAUTILUS TRADER - Automated Algorithmic Trading Platform
2026-05-12T11:44:27.428584861Z [INFO] TRADER-001.TradingNode:  by Nautech Systems Pty Ltd.
2026-05-12T11:44:27.428585067Z [INFO] TRADER-001.TradingNode:  Copyright (C) 2015-2026. All rights reserved.
2026-05-12T11:44:27.428585477Z [INFO] TRADER-001.TradingNode: =================================================================
2026-05-12T11:44:27.428585755Z [INFO] TRADER-001.TradingNode: 
2026-05-12T11:44:27.428585957Z [INFO] TRADER-001.TradingNode: ⠀⠀⠀⠀⠀⠀⠀⠀⠀⠀⠀⠀⠀⣠⣴⣶⡟⠀⠀⠀⠀⠀⠀⠀⠀⠀⠀⠀⠀⠀⠀
2026-05-12T11:44:27.428586208Z [INFO] TRADER-001.TradingNode: ⠀⠀⠀⠀⠀⠀⠀⠀⠀⠀⠀⣰⣾⣿⣿⣿⠀⢸⣿⣿⣿⣿⣶⣶⣤⣀⠀⠀⠀⠀⠀
2026-05-12T11:44:27.428586454Z [INFO] TRADER-001.TradingNode: ⠀⠀⠀⠀⠀⠀⢀⣴⡇⢀⣾⣿⣿⣿⣿⣿⠀⣾⣿⣿⣿⣿⣿⣿⣿⠿⠓⠀⠀⠀⠀
2026-05-12T11:44:27.428586714Z [INFO] TRADER-001.TradingNode: ⠀⠀⠀⠀⠀⣰⣿⣿⡀⢸⣿⣿⣿⣿⣿⣿⠀⣿⣿⣿⣿⣿⣿⠟⠁⣠⣄⠀⠀⠀⠀
2026-05-12T11:44:27.428586990Z [INFO] TRADER-001.TradingNode: ⠀⠀⠀⠀⢠⣿⣿⣿⣇⠀⢿⣿⣿⣿⣿⣿⠀⢻⣿⣿⣿⡿⢃⣠⣾⣿⣿⣧⡀⠀⠀
2026-05-12T11:44:27.428587248Z [INFO] TRADER-001.TradingNode: ⠀⠀⠀⠠⣾⣿⣿⣿⣿⣿⣧⠈⠋⢀⣴⣧⠀⣿⡏⢠⡀⢸⣿⣿⣿⣿⣿⣿⣿⡇⠀
2026-05-12T11:44:27.428587495Z [INFO] TRADER-001.TradingNode: ⠀⠀⠀⣀⠙⢿⣿⣿⣿⣿⣿⠇⢠⣿⣿⣿⡄⠹⠃⠼⠃⠈⠉⠛⠛⠛⠛⠛⠻⠇⠀
2026-05-12T11:44:27.428597869Z [INFO] TRADER-001.TradingNode: ⠀⠀⢸⡟⢠⣤⠉⠛⠿⢿⣿⠀⢸⣿⡿⠋⣠⣤⣄⠀⣾⣿⣿⣶⣶⣶⣦⡄⠀⠀⠀
2026-05-12T11:44:27.428598091Z [INFO] TRADER-001.TradingNode: ⠀⠀⠸⠀⣾⠏⣸⣷⠂⣠⣤⠀⠘⢁⣴⣾⣿⣿⣿⡆⠘⣿⣿⣿⣿⣿⣿⠀⠀⠀⠀
2026-05-12T11:44:27.428598268Z [INFO] TRADER-001.TradingNode: ⠀⠀⠀⠀⠛⠀⣿⡟⠀⢻⣿⡄⠸⣿⣿⣿⣿⣿⣿⣿⡀⠘⣿⣿⣿⣿⠟⠀⠀⠀⠀
2026-05-12T11:44:27.428598443Z [INFO] TRADER-001.TradingNode: ⠀⠀⠀⠀⠀⠀⣿⠇⠀⠀⢻⡿⠀⠈⠻⣿⣿⣿⣿⣿⡇⠀⢹⣿⠿⠋⠀⠀⠀⠀⠀
2026-05-12T11:44:27.428598752Z [INFO] TRADER-001.TradingNode: ⠀⠀⠀⠀⠀⠀⠋⠀⠀⠀⡘⠁⠀⠀⠀⠀⠀⠀⠀⠀⠀⠀⠈⠁⠀⠀⠀⠀⠀⠀⠀
2026-05-12T11:44:27.428599146Z [INFO] TRADER-001.TradingNode: 
2026-05-12T11:44:27.428599311Z [INFO] TRADER-001.TradingNode: =================================================================
2026-05-12T11:44:27.428599645Z [INFO] TRADER-001.TradingNode:  SYSTEM SPECIFICATION
2026-05-12T11:44:27.428599820Z [INFO] TRADER-001.TradingNode: =================================================================
2026-05-12T11:44:27.428601194Z [INFO] TRADER-001.TradingNode: CPU architecture: Intel(R) Core(TM) i7-4810MQ CPU @ 2.80GHz
2026-05-12T11:44:27.428601757Z [INFO] TRADER-001.TradingNode: CPU(s): 8 @ 798 MHz
2026-05-12T11:44:27.428602325Z [INFO] TRADER-001.TradingNode: OS: kernel-6.17.0-23-generic Linux (Ubuntu 24.04)
2026-05-12T11:44:27.428668150Z [INFO] TRADER-001.TradingNode: =================================================================
2026-05-12T11:44:27.428669016Z [INFO] TRADER-001.TradingNode:  MEMORY USAGE
2026-05-12T11:44:27.428669283Z [INFO] TRADER-001.TradingNode: =================================================================
2026-05-12T11:44:27.428671142Z [INFO] TRADER-001.TradingNode: RAM-Total: 31.22 GiB
2026-05-12T11:44:27.428682014Z [INFO] TRADER-001.TradingNode: RAM-Used: 6.95 GiB (22.28%)
2026-05-12T11:44:27.428682666Z [INFO] TRADER-001.TradingNode: RAM-Avail: 24.27 GiB (77.72%)
2026-05-12T11:44:27.428683568Z [INFO] TRADER-001.TradingNode: Swap-Total: 8.00 GiB
2026-05-12T11:44:27.428684071Z [INFO] TRADER-001.TradingNode: Swap-Used: 0.00 GiB (0.00%)
2026-05-12T11:44:27.428686173Z [INFO] TRADER-001.TradingNode: Swap-Avail: 8.00 GiB (100.00%)
2026-05-12T11:44:27.428686860Z [INFO] TRADER-001.TradingNode: =================================================================
2026-05-12T11:44:27.428687124Z [INFO] TRADER-001.TradingNode:  IDENTIFIERS
2026-05-12T11:44:27.428687438Z [INFO] TRADER-001.TradingNode: =================================================================
2026-05-12T11:44:27.428688294Z [INFO] TRADER-001.TradingNode: trader_id: TRADER-001
2026-05-12T11:44:27.428688872Z [INFO] TRADER-001.TradingNode: machine_id: user-ThinkPad-W541
2026-05-12T11:44:27.428690100Z [INFO] TRADER-001.TradingNode: instance_id: 1d21fc34-0671-4869-a1da-9ccd9376fff7
2026-05-12T11:44:27.428690965Z [INFO] TRADER-001.TradingNode: PID: 24576
2026-05-12T11:44:27.428691405Z [INFO] TRADER-001.TradingNode: =================================================================
2026-05-12T11:44:27.428691623Z [INFO] TRADER-001.TradingNode:  VERSIONING
2026-05-12T11:44:27.428691837Z [INFO] TRADER-001.TradingNode: =================================================================
2026-05-12T11:44:27.428712034Z [INFO] TRADER-001.TradingNode: nautilus_trader: 1.226.0
2026-05-12T11:44:27.428718582Z [INFO] TRADER-001.TradingNode: python: 3.12.3
2026-05-12T11:44:27.428723263Z [INFO] TRADER-001.TradingNode: numpy: 2.4.4
2026-05-12T11:44:27.428727107Z [INFO] TRADER-001.TradingNode: pandas: 2.3.3
2026-05-12T11:44:27.428739874Z [INFO] TRADER-001.TradingNode: msgspec: 0.21.1
2026-05-12T11:44:27.428743138Z [INFO] TRADER-001.TradingNode: pyarrow: 24.0.0
2026-05-12T11:44:27.428745959Z [INFO] TRADER-001.TradingNode: pytz: 2026.2
2026-05-12T11:44:27.428748728Z [INFO] TRADER-001.TradingNode: uvloop: 0.22.1
2026-05-12T11:44:27.428749193Z [INFO] TRADER-001.TradingNode: =================================================================
2026-05-12T11:44:27.428767240Z [INFO] TRADER-001.TradingNode: Building system kernel
2026-05-12T11:44:27.429020924Z [DEBUG] TRADER-001.TradingNode: Event loop signal handling setup for (<Signals.SIGTERM: 15>, <Signals.SIGINT: 2>, <Signals.SIGABRT: 6>)
2026-05-12T11:44:27.429042782Z [INFO] TRADER-001.MessageBus: config.database=None
2026-05-12T11:44:27.429044100Z [INFO] TRADER-001.MessageBus: config.encoding='msgpack'
2026-05-12T11:44:27.429045381Z [INFO] TRADER-001.MessageBus: config.timestamps_as_iso8601=False
2026-05-12T11:44:27.429046151Z [INFO] TRADER-001.MessageBus: config.buffer_interval_ms=None
2026-05-12T11:44:27.429047371Z [INFO] TRADER-001.MessageBus: config.autotrim_mins=None
2026-05-12T11:44:27.429048703Z [INFO] TRADER-001.MessageBus: config.use_trader_prefix=True
2026-05-12T11:44:27.429049737Z [INFO] TRADER-001.MessageBus: config.use_trader_id=True
2026-05-12T11:44:27.429051485Z [INFO] TRADER-001.MessageBus: config.use_instance_id=False
2026-05-12T11:44:27.429052284Z [INFO] TRADER-001.MessageBus: config.streams_prefix='stream'
2026-05-12T11:44:27.429053020Z [INFO] TRADER-001.MessageBus: config.types_filter=None
2026-05-12T11:44:27.429085397Z [DEBUG] TRADER-001.MessageBus: Added Subscription(topic=commands.system.shutdown, handler=<bound method NautilusKernel._on_shutdown_system of <nautilus_trader.system.kernel.NautilusKernel object at 0x712243a9f3e0>>, priority=0)
2026-05-12T11:44:27.429112532Z [INFO] TRADER-001.Cache: READY
2026-05-12T11:44:27.429994922Z [DEBUG] TRADER-001.MessageBus: Added endpoint 'Portfolio.update_account' <bound method Portfolio.update_account of <nautilus_trader.portfolio.portfolio.Portfolio object at 0x712243a8cf40>>
2026-05-12T11:44:27.430001971Z [DEBUG] TRADER-001.MessageBus: Added endpoint 'Portfolio.update_order' <bound method Portfolio.update_order of <nautilus_trader.portfolio.portfolio.Portfolio object at 0x712243a8cf40>>
2026-05-12T11:44:27.430004112Z [DEBUG] TRADER-001.MessageBus: Added endpoint 'Portfolio.update_position' <bound method Portfolio.update_position of <nautilus_trader.portfolio.portfolio.Portfolio object at 0x712243a8cf40>>
2026-05-12T11:44:27.430011892Z [DEBUG] TRADER-001.MessageBus: Added Subscription(topic=events.order.*, handler=<bound method Portfolio.on_order_event of <nautilus_trader.portfolio.portfolio.Portfolio object at 0x712243a8cf40>>, priority=10)
2026-05-12T11:44:27.430018732Z [DEBUG] TRADER-001.MessageBus: Added Subscription(topic=events.position.*, handler=<bound method Portfolio.on_position_event of <nautilus_trader.portfolio.portfolio.Portfolio object at 0x712243a8cf40>>, priority=10)
2026-05-12T11:44:27.430023547Z [DEBUG] TRADER-001.MessageBus: Added Subscription(topic=data.quotes.*, handler=<bound method Portfolio.update_quote_tick of <nautilus_trader.portfolio.portfolio.Portfolio object at 0x712243a8cf40>>, priority=10)
2026-05-12T11:44:27.430028346Z [DEBUG] TRADER-001.MessageBus: Added Subscription(topic=data.bars.*EXTERNAL, handler=<bound method Portfolio.update_bar of <nautilus_trader.portfolio.portfolio.Portfolio object at 0x712243a8cf40>>, priority=10)
2026-05-12T11:44:27.430139147Z [INFO] TRADER-001.DataEngine: READY
2026-05-12T11:44:27.430222702Z [DEBUG] TRADER-001.MessageBus: Added endpoint 'DataEngine.execute' <bound method LiveDataEngine.execute of LiveDataEngine(DataEngine)>
2026-05-12T11:44:27.430229715Z [DEBUG] TRADER-001.MessageBus: Added endpoint 'DataEngine.process' <bound method LiveDataEngine.process of LiveDataEngine(DataEngine)>
2026-05-12T11:44:27.430233167Z [DEBUG] TRADER-001.MessageBus: Added endpoint 'DataEngine.request' <bound method LiveDataEngine.request of LiveDataEngine(DataEngine)>
2026-05-12T11:44:27.430237090Z [DEBUG] TRADER-001.MessageBus: Added endpoint 'DataEngine.response' <bound method LiveDataEngine.response of LiveDataEngine(DataEngine)>
2026-05-12T11:44:27.430242549Z [DEBUG] TRADER-001.MessageBus: Added endpoint 'DataEngine.process_historical' <bound method DataEngine.process_historical of LiveDataEngine(DataEngine)>
2026-05-12T11:44:27.430303686Z [INFO] TRADER-001.DataEngine: config.graceful_shutdown_on_exception=False
2026-05-12T11:44:27.430376550Z [INFO] TRADER-001.RiskEngine: READY
2026-05-12T11:44:27.430461755Z [INFO] TRADER-001.RiskEngine: TradingState is ACTIVE
2026-05-12T11:44:27.430564609Z [INFO] TRADER-001.Throttler-ORDER_SUBMIT_THROTTLER: READY
2026-05-12T11:44:27.430621284Z [INFO] TRADER-001.RiskEngine: Set MAX_ORDER_SUBMIT_RATE: 100/00:00:01
2026-05-12T11:44:27.430682211Z [INFO] TRADER-001.Throttler-ORDER_MODIFY_THROTTLER: READY
2026-05-12T11:44:27.430699306Z [INFO] TRADER-001.RiskEngine: Set MAX_ORDER_MODIFY_RATE: 100/00:00:01
2026-05-12T11:44:27.430709153Z [DEBUG] TRADER-001.MessageBus: Added endpoint 'RiskEngine.execute' <bound method LiveRiskEngine.execute of LiveRiskEngine(RiskEngine)>
2026-05-12T11:44:27.430713441Z [DEBUG] TRADER-001.MessageBus: Added endpoint 'RiskEngine.process' <bound method LiveRiskEngine.process of LiveRiskEngine(RiskEngine)>
2026-05-12T11:44:27.430732484Z [DEBUG] TRADER-001.MessageBus: Added Subscription(topic=events.order.*, handler=<bound method RiskEngine._handle_event of LiveRiskEngine(RiskEngine)>, priority=10)
2026-05-12T11:44:27.430741559Z [DEBUG] TRADER-001.MessageBus: Added Subscription(topic=events.position.*, handler=<bound method RiskEngine._handle_event of LiveRiskEngine(RiskEngine)>, priority=10)
2026-05-12T11:44:27.430771376Z [INFO] TRADER-001.RiskEngine: config.graceful_shutdown_on_exception=False
2026-05-12T11:44:27.430849168Z [INFO] TRADER-001.ExecEngine: READY
2026-05-12T11:44:27.430900992Z [INFO] TRADER-001.ExecEngine: config.snapshot_orders=False
2026-05-12T11:44:27.430905651Z [INFO] TRADER-001.ExecEngine: config.snapshot_positions=False
2026-05-12T11:44:27.430907286Z [INFO] TRADER-001.ExecEngine: config.snapshot_positions_interval_secs=None
2026-05-12T11:44:27.430908507Z [INFO] TRADER-001.ExecEngine: config.allow_overfills=False
2026-05-12T11:44:27.430915211Z [DEBUG] TRADER-001.MessageBus: Added endpoint 'ExecEngine.execute' <bound method LiveExecutionEngine.execute of LiveExecutionEngine(ExecEngine)>
2026-05-12T11:44:27.430918520Z [DEBUG] TRADER-001.MessageBus: Added endpoint 'ExecEngine.process' <bound method LiveExecutionEngine.process of LiveExecutionEngine(ExecEngine)>
2026-05-12T11:44:27.430991520Z [INFO] TRADER-001.ExecEngine: config.reconciliation=True
2026-05-12T11:44:27.430997205Z [INFO] TRADER-001.ExecEngine: config.reconciliation_lookback_mins=None
2026-05-12T11:44:27.430998569Z [INFO] TRADER-001.ExecEngine: config.reconciliation_instrument_ids=None
2026-05-12T11:44:27.431000118Z [INFO] TRADER-001.ExecEngine: config.filter_unclaimed_external_orders=False
2026-05-12T11:44:27.431001637Z [INFO] TRADER-001.ExecEngine: config.filter_position_reports=False
2026-05-12T11:44:27.431002886Z [INFO] TRADER-001.ExecEngine: config.filtered_client_order_ids=None
2026-05-12T11:44:27.431004842Z [INFO] TRADER-001.ExecEngine: config.inflight_check_interval_ms=2000
2026-05-12T11:44:27.431006100Z [INFO] TRADER-001.ExecEngine: config.inflight_check_threshold_ms=5000
2026-05-12T11:44:27.431007384Z [INFO] TRADER-001.ExecEngine: config.inflight_check_retries=5
2026-05-12T11:44:27.431008450Z [INFO] TRADER-001.ExecEngine: config.own_books_audit_interval_secs=None
2026-05-12T11:44:27.431009670Z [INFO] TRADER-001.ExecEngine: config.open_check_interval_secs=None
2026-05-12T11:44:27.431010674Z [INFO] TRADER-001.ExecEngine: config.open_check_open_only=True
2026-05-12T11:44:27.431012025Z [INFO] TRADER-001.ExecEngine: config.open_check_lookback_mins=60
2026-05-12T11:44:27.431013187Z [INFO] TRADER-001.ExecEngine: config.open_check_threshold_ms=5000
2026-05-12T11:44:27.431014509Z [INFO] TRADER-001.ExecEngine: config.open_check_missing_retries=5
2026-05-12T11:44:27.431015735Z [INFO] TRADER-001.ExecEngine: config.max_single_order_queries_per_cycle=10
2026-05-12T11:44:27.431016534Z [INFO] TRADER-001.ExecEngine: config.single_order_query_delay_ms=100
2026-05-12T11:44:27.431017076Z [INFO] TRADER-001.ExecEngine: config.position_check_interval_secs=None
2026-05-12T11:44:27.431017751Z [INFO] TRADER-001.ExecEngine: config.position_check_lookback_mins=60
2026-05-12T11:44:27.431018427Z [INFO] TRADER-001.ExecEngine: config.position_check_threshold_ms=5000
2026-05-12T11:44:27.431019077Z [INFO] TRADER-001.ExecEngine: config.position_check_retries=3
2026-05-12T11:44:27.431022383Z [INFO] TRADER-001.ExecEngine: config.reconciliation_startup_delay_secs=10.0
2026-05-12T11:44:27.431023308Z [INFO] TRADER-001.ExecEngine: config.purge_closed_orders_interval_mins=None
2026-05-12T11:44:27.431023986Z [INFO] TRADER-001.ExecEngine: config.purge_closed_orders_buffer_mins=None
2026-05-12T11:44:27.431025099Z [INFO] TRADER-001.ExecEngine: config.purge_closed_positions_interval_mins=None
2026-05-12T11:44:27.431026598Z [INFO] TRADER-001.ExecEngine: config.purge_closed_positions_buffer_mins=None
2026-05-12T11:44:27.431027680Z [INFO] TRADER-001.ExecEngine: config.purge_account_events_interval_mins=None
2026-05-12T11:44:27.431028441Z [INFO] TRADER-001.ExecEngine: config.purge_account_events_lookback_mins=None
2026-05-12T11:44:27.431029253Z [INFO] TRADER-001.ExecEngine: config.purge_from_database=False
2026-05-12T11:44:27.431029933Z [INFO] TRADER-001.ExecEngine: config.graceful_shutdown_on_exception=False
2026-05-12T11:44:27.431043951Z [DEBUG] TRADER-001.MessageBus: Added endpoint 'ExecEngine.reconcile_execution_report' <bound method LiveExecutionEngine.reconcile_execution_report of LiveExecutionEngine(ExecEngine)>
2026-05-12T11:44:27.431047996Z [DEBUG] TRADER-001.MessageBus: Added endpoint 'ExecEngine.reconcile_execution_mass_status' <bound method LiveExecutionEngine.reconcile_execution_mass_status of LiveExecutionEngine(ExecEngine)>
2026-05-12T11:44:27.431072271Z [DEBUG] TRADER-001.Cache: Clearing index
2026-05-12T11:44:27.431075034Z [DEBUG] TRADER-001.Cache: Cleared index
2026-05-12T11:44:27.431078455Z [DEBUG] TRADER-001.ExecEngine: clear_index took 0ms
2026-05-12T11:44:27.431097188Z [DEBUG] TRADER-001.Cache: Loading general cache from database
2026-05-12T11:44:27.431105237Z [INFO] TRADER-001.Cache: Cached 0 general objects from database
2026-05-12T11:44:27.431112576Z [DEBUG] TRADER-001.ExecEngine: cache_general took 0ms
2026-05-12T11:44:27.431114098Z [DEBUG] TRADER-001.Cache: Loading currencies from database
2026-05-12T11:44:27.431121573Z [INFO] TRADER-001.Cache: Cached 0 currencies from database
2026-05-12T11:44:27.431124423Z [DEBUG] TRADER-001.ExecEngine: cache_currencies took 0ms
2026-05-12T11:44:27.431125742Z [DEBUG] TRADER-001.Cache: Loading instruments from database
2026-05-12T11:44:27.431127083Z [INFO] TRADER-001.Cache: Cached 0 instruments from database
2026-05-12T11:44:27.431128596Z [DEBUG] TRADER-001.ExecEngine: cache_instruments took 0ms
2026-05-12T11:44:27.431130165Z [DEBUG] TRADER-001.Cache: Loading accounts from database
2026-05-12T11:44:27.431132060Z [INFO] TRADER-001.Cache: Cached 0 accounts from database
2026-05-12T11:44:27.431133476Z [DEBUG] TRADER-001.ExecEngine: cache_accounts took 0ms
2026-05-12T11:44:27.431134723Z [DEBUG] TRADER-001.Cache: Loading orders from database
2026-05-12T11:44:27.431136872Z [INFO] TRADER-001.Cache: Cached 0 orders from database
2026-05-12T11:44:27.431139701Z [DEBUG] TRADER-001.ExecEngine: cache_orders took 0ms
2026-05-12T11:44:27.431141062Z [DEBUG] TRADER-001.Cache: Loading order lists
2026-05-12T11:44:27.431143233Z [INFO] TRADER-001.Cache: Cached 0 order lists from database
2026-05-12T11:44:27.431144778Z [DEBUG] TRADER-001.ExecEngine: cache_order_lists took 0ms
2026-05-12T11:44:27.431146033Z [DEBUG] TRADER-001.Cache: Loading positions from database
2026-05-12T11:44:27.431149897Z [INFO] TRADER-001.Cache: Cached 0 positions from database
2026-05-12T11:44:27.431151406Z [DEBUG] TRADER-001.ExecEngine: cache_positions took 0ms
2026-05-12T11:44:27.431156134Z [DEBUG] TRADER-001.Cache: Building index
2026-05-12T11:44:27.431164750Z [DEBUG] TRADER-001.Cache: Index built in 0.000s
2026-05-12T11:44:27.431166689Z [DEBUG] TRADER-001.ExecEngine: build_index took 0ms
2026-05-12T11:44:27.431170972Z [INFO] TRADER-001.Cache: Checking data integrity
2026-05-12T11:44:27.431182008Z [INFO] TRADER-001.Cache: Integrity check passed in 8μs
2026-05-12T11:44:27.431183924Z [DEBUG] TRADER-001.ExecEngine: check_integrity took 0ms
2026-05-12T11:44:27.431200936Z [DEBUG] TRADER-001.ExecEngine: _set_position_id_counts took 0ms
2026-05-12T11:44:27.431203030Z [INFO] TRADER-001.ExecEngine: Loaded cache in 0ms
2026-05-12T11:44:27.431271329Z [INFO] TRADER-001.OrderEmulator: READY
2026-05-12T11:44:27.431324473Z [DEBUG] TRADER-001.MessageBus: Added endpoint 'OrderEmulator.execute' <bound method OrderEmulator.execute of OrderEmulator(OrderEmulator)>
2026-05-12T11:44:27.431357539Z [INFO] TRADER-001.TRADER-001: READY
2026-05-12T11:44:27.431406274Z [INFO] TRADER-001.TradingNode: Initialized in 5ms
2026-05-12T11:44:27.431429836Z [INFO] TRADER-001.TradingNode: has_cache_backing=False
2026-05-12T11:44:27.431431889Z [INFO] TRADER-001.TradingNode: has_msgbus_backing=False
2026-05-12T11:44:27.431582822Z [INFO] TRADER-001.ApiOrderTestStrategy: READY
2026-05-12T11:44:27.431650776Z [DEBUG] TRADER-001.MessageBus: Added Subscription(topic=events.order.ApiOrderTestStrategy-000, handler=<bound method Strategy.handle_event of ApiOrderTestStrategy(ApiOrderTestStrategy-000)>, priority=0)
2026-05-12T11:44:27.431662973Z [DEBUG] TRADER-001.MessageBus: Added Subscription(topic=events.position.ApiOrderTestStrategy-000, handler=<bound method Strategy.handle_event of ApiOrderTestStrategy(ApiOrderTestStrategy-000)>, priority=0)
2026-05-12T11:44:27.431675266Z [INFO] TRADER-001.ExecEngine: Registered OMS.UNSPECIFIED for Strategy ApiOrderTestStrategy-000
2026-05-12T11:44:27.431680187Z [INFO] TRADER-001.TRADER-001: Registered Strategy ApiOrderTestStrategy-000
2026-05-12T11:44:27.431688878Z [INFO] TRADER-001.TradingNode: Building data client for ETORO_WS_CLIENT
2026-05-12T11:44:27.431713059Z [INFO] TRADER-001.InstrumentProvider: READY
2026-05-12T11:44:27.431786189Z [INFO] TRADER-001.DataClient-ETORO_WS_CLIENT: READY
2026-05-12T11:44:27.431857136Z [INFO] TRADER-001.DataEngine: Registered ETORO_WS_CLIENT
2026-05-12T11:44:27.431871880Z [INFO] TRADER-001.TradingNode: Building execution client for ETORO
2026-05-12T11:44:27.431898872Z [INFO] TRADER-001.InstrumentProvider: READY
2026-05-12T11:44:27.431945574Z [INFO] TRADER-001.ExecClient-ETORO: READY
2026-05-12T11:44:27.432057858Z [INFO] TRADER-001.ExecEngine: Registered ExecutionClient-ETORO
2026-05-12T11:44:27.432501631Z [INFO] TRADER-001.TradingNode: STARTING
2026-05-12T11:44:27.432540169Z [DEBUG] TRADER-001.ApiOrderTestStrategy: Registered <concurrent.futures.thread.ThreadPoolExecutor object at 0x712243a9f500>
2026-05-12T11:44:27.432562812Z [DEBUG] TRADER-001.DataEngine: STARTING
2026-05-12T11:44:27.432578608Z [DEBUG] TRADER-001.DataClient-ETORO_WS_CLIENT: STARTING
2026-05-12T11:44:27.432601021Z [INFO] TRADER-001.DataClient-ETORO_WS_CLIENT: RUNNING
2026-05-12T11:44:27.432756210Z [DEBUG] TRADER-001.DataEngine: Scheduled task 'cmd_queue'
2026-05-12T11:44:27.432760361Z [DEBUG] TRADER-001.DataEngine: Scheduled task 'req_queue'
2026-05-12T11:44:27.432760989Z [DEBUG] TRADER-001.DataEngine: Scheduled task 'res_queue'
2026-05-12T11:44:27.432761758Z [DEBUG] TRADER-001.DataEngine: Scheduled task 'data_queue'
2026-05-12T11:44:27.432783730Z [INFO] TRADER-001.DataEngine: RUNNING
2026-05-12T11:44:27.432791397Z [DEBUG] TRADER-001.RiskEngine: STARTING
2026-05-12T11:44:27.432803430Z [DEBUG] TRADER-001.RiskEngine: Scheduled task 'cmd_queue'
2026-05-12T11:44:27.432805937Z [DEBUG] TRADER-001.RiskEngine: Scheduled task 'evt_queue'
2026-05-12T11:44:27.432812794Z [INFO] TRADER-001.RiskEngine: RUNNING
2026-05-12T11:44:27.432819582Z [DEBUG] TRADER-001.ExecEngine: STARTING
2026-05-12T11:44:27.432822280Z [DEBUG] TRADER-001.ExecClient-ETORO: STARTING
2026-05-12T11:44:27.432828032Z [INFO] TRADER-001.ExecClient-ETORO: RUNNING
2026-05-12T11:44:27.432847210Z [DEBUG] TRADER-001.ExecEngine: Scheduled task 'cmd_queue'
2026-05-12T11:44:27.432850300Z [DEBUG] TRADER-001.ExecEngine: Scheduled task 'evt_queue'
2026-05-12T11:44:27.432866612Z [DEBUG] TRADER-001.ExecEngine: Scheduled task 'continuous_reconciliation'
2026-05-12T11:44:27.432868256Z [INFO] TRADER-001.ExecEngine: Started reconciliation task
2026-05-12T11:44:27.432891216Z [INFO] TRADER-001.ExecEngine: RUNNING
2026-05-12T11:44:27.432902414Z [INFO] TRADER-001.DataEngine: Connecting all clients...
2026-05-12T11:44:27.432909586Z [INFO] TRADER-001.DataClient-ETORO_WS_CLIENT: Connecting...
2026-05-12T11:44:27.432918975Z [DEBUG] TRADER-001.DataClient-ETORO_WS_CLIENT: Creating async task '_connect'
2026-05-12T11:44:27.432932563Z [INFO] TRADER-001.ExecEngine: Connecting all clients...
2026-05-12T11:44:27.432938189Z [INFO] TRADER-001.ExecClient-ETORO: Connecting...
2026-05-12T11:44:27.432954110Z [DEBUG] TRADER-001.ExecClient-ETORO: Creating task '_connect'
2026-05-12T11:44:27.432979913Z [INFO] TRADER-001.TradingNode: Awaiting engine connections and initializations (120.0s timeout)...
2026-05-12T11:44:27.433142495Z [DEBUG] TRADER-001.DataEngine: DataCommand message queue processing starting (qsize=0)
2026-05-12T11:44:27.433162284Z [DEBUG] TRADER-001.DataEngine: RequestData message queue processing starting (qsize=0)
2026-05-12T11:44:27.433167584Z [DEBUG] TRADER-001.DataEngine: DataResponse message queue processing starting (qsize=0)
2026-05-12T11:44:27.433171475Z [DEBUG] TRADER-001.DataEngine: Data queue processing starting (qsize=0)
2026-05-12T11:44:27.433176731Z [DEBUG] TRADER-001.RiskEngine: Command message queue processing (qsize=0)
2026-05-12T11:44:27.433180583Z [DEBUG] TRADER-001.RiskEngine: Event message queue processing starting (qsize=0)
2026-05-12T11:44:27.433190054Z [DEBUG] TRADER-001.ExecEngine: Command message queue processing starting (qsize=0)
2026-05-12T11:44:27.433195453Z [DEBUG] TRADER-001.ExecEngine: Event message queue processing starting (qsize=0)
2026-05-12T11:44:27.433208405Z [INFO] TRADER-001.ExecEngine: Starting continuous reconciliation with intervals: inflight=2000ms, consistency=Nones, position=Nones
2026-05-12T11:44:27.433211426Z [INFO] TRADER-001.ExecEngine: Awaiting startup reconciliation completion before starting continuous checks
2026-05-12T11:44:27.477988456Z [INFO] TRADER-001.DataClient-ETORO_WS_CLIENT: WebSocket Verbindungsversuch 1/5 zu wss://ws.etoro.com/ws ...
2026-05-12T11:44:27.534351250Z [INFO] TRADER-001.ExecClient-ETORO: Execution WS connect attempt 1/5 ...
2026-05-12T11:44:27.772102924Z [INFO] TRADER-001.DataClient-ETORO_WS_CLIENT: WebSocket verbunden. Authentifiziere...
2026-05-12T11:44:27.772286830Z [DEBUG] TRADER-001.Cache: Added currency USD
2026-05-12T11:44:27.772293002Z [DEBUG] TRADER-001.Cache: Added instrument ADA.ETORO
2026-05-12T11:44:27.772337783Z [INFO] TRADER-001.DataClient-ETORO_WS_CLIENT: Instrument registriert: ADA.ETORO [Crypto] price_prec=5, size_prec=0
2026-05-12T11:44:27.811569479Z [WARN] TRADER-001.ExecClient-ETORO: Auth response not JSON: b'\x00'
2026-05-12T11:44:27.811715294Z [INFO] TRADER-001.ExecClient-ETORO: Subscribed to trading notification topics.
2026-05-12T11:44:27.811725984Z [DEBUG] TRADER-001.ExecClient-ETORO: Creating task 'exec_ws_loop'
2026-05-12T11:44:27.811739796Z [INFO] TRADER-001.ExecClient-ETORO: Execution WS connected and authenticated.
2026-05-12T11:44:27.811849455Z [DEBUG] TRADER-001.Cache: Added Account(id=ETORO-REAL-001)
2026-05-12T11:44:27.811854812Z [DEBUG] TRADER-001.Cache: Indexed AccountId('ETORO-REAL-001')
2026-05-12T11:44:27.811871958Z [INFO] TRADER-001.Portfolio: Updated AccountState(account_id=ETORO-REAL-001, account_type=MARGIN, base_currency=USD, is_reported=False, balances=[AccountBalance(total=0.00 USD, locked=0.00 USD, free=0.00 USD)], margins=[], event_id=7a8e09e5-54ed-499d-895e-876fae77e7aa)
2026-05-12T11:44:27.811993566Z [INFO] TRADER-001.ExecClient-ETORO: Connected
2026-05-12T11:44:27.829989208Z [INFO] TRADER-001.DataClient-ETORO_WS_CLIENT: Auth-Antwort: {'id': '86d7a85b-39db-4e51-84c8-26261715d8fb', 'success': True, 'operation': 'Authenticate'}
2026-05-12T11:44:27.830174941Z [INFO] TRADER-001.DataClient-ETORO_WS_CLIENT: Abonniert: ['instrument:100017']
2026-05-12T11:44:27.830188793Z [DEBUG] TRADER-001.DataClient-ETORO_WS_CLIENT: Creating async task 'message_loop'
2026-05-12T11:44:27.830285715Z [DEBUG] TRADER-001.DataClient-ETORO_WS_CLIENT: Coroutine '_connect' completed
2026-05-12T11:44:27.830292860Z [INFO] TRADER-001.DataClient-ETORO_WS_CLIENT: Connected
2026-05-12T11:44:27.830336875Z [INFO] TRADER-001.TradingNode: Awaiting execution state reconciliation (30.0s timeout)...
2026-05-12T11:44:27.830394870Z [INFO] TRADER-001.ExecClient-ETORO: Generating ExecutionMassStatus...
2026-05-12T11:44:27.830465451Z [WARN] TRADER-001.ExecClient-ETORO: generate_order_status_reports: Kein Query-Endpoint verfügbar. Gebe leere Liste zurück.
2026-05-12T11:44:27.830523782Z [DEBUG] TRADER-001.ExecEngine: <--[RPT] ExecutionMassStatus(client_id=ETORO, account_id=ETORO-REAL-001, venue=ETORO, order_reports={}, fill_reports={}, position_reports={}, report_id=b8a8141d-bffc-41ce-8982-cebd0d25d3d0, ts_init=1778586267830406147)
2026-05-12T11:44:27.830531207Z [INFO] TRADER-001.ExecEngine: Reconciling ExecutionMassStatus for ETORO
2026-05-12T11:44:27.830537900Z [INFO] TRADER-001.ExecEngine: Attempting to adjust fills for 0 instruments
2026-05-12T11:44:27.833220027Z [INFO] TRADER-001.ExecEngine: Updating adjusted fills for 0 instruments
2026-05-12T11:44:27.833241233Z [INFO] TRADER-001.ExecEngine: Final order_reports contains 0 orders, fill_reports contains 0 fills across all instruments
2026-05-12T11:44:27.833312855Z [DEBUG] TRADER-001.ExecEngine: Reconciliation state validation passed for 0 order(s)
2026-05-12T11:44:27.833332353Z [INFO] TRADER-001.ExecEngine: Reconciliation for ETORO succeeded
2026-05-12T11:44:27.833355582Z [INFO] TRADER-001.TradingNode: Execution state reconciled
2026-05-12T11:44:27.833369424Z [DEBUG] TRADER-001.OrderEmulator: STARTING
2026-05-12T11:44:27.833373008Z [INFO] TRADER-001.OrderEmulator: No emulated orders to reactivate
2026-05-12T11:44:27.833404237Z [INFO] TRADER-001.OrderEmulator: RUNNING
2026-05-12T11:44:27.833418695Z [INFO] TRADER-001.Portfolio: Initialized 0 open orders
2026-05-12T11:44:27.833424069Z [INFO] TRADER-001.Portfolio: Initialized 0 open positions
2026-05-12T11:44:27.833436161Z [INFO] TRADER-001.TradingNode: Awaiting portfolio initialization (10.0s timeout)...
2026-05-12T11:44:27.833555346Z [INFO] TRADER-001.ExecEngine: Startup reconciliation completed
2026-05-12T11:44:27.833560195Z [INFO] TRADER-001.ExecEngine: Applying post-reconciliation startup delay (10.0s)
2026-05-12T11:44:27.833597521Z [INFO] TRADER-001.TradingNode: Portfolio initialized
2026-05-12T11:44:27.833604806Z [DEBUG] TRADER-001.TRADER-001: STARTING
2026-05-12T11:44:27.833617860Z [DEBUG] TRADER-001.ApiOrderTestStrategy: STARTING
2026-05-12T11:44:27.833621046Z [INFO] TRADER-001.ApiOrderTestStrategy: self.config.oms_type=None
2026-05-12T11:44:27.833622900Z [INFO] TRADER-001.ApiOrderTestStrategy: self.config.external_order_claims=None
2026-05-12T11:44:27.833624789Z [INFO] TRADER-001.ApiOrderTestStrategy: self.config.manage_gtd_expiry=False
2026-05-12T11:44:27.833632341Z [INFO] TRADER-001.ApiOrderTestStrategy: Set ClientOrderIdGenerator client_order_id count to 0
2026-05-12T11:44:27.833634037Z [INFO] TRADER-001.ApiOrderTestStrategy: Set ClientOrderIdGenerator order_list_id count to 0
2026-05-12T11:44:27.833653532Z [INFO] TRADER-001.ApiOrderTestStrategy: Test gestartet. Warte auf ersten Tick für ADA.ETORO ...
2026-05-12T11:44:27.833691980Z [DEBUG] TRADER-001.MessageBus: Added Subscription(topic=data.quotes.ETORO.ADA, handler=<bound method Actor.handle_quote_tick of ApiOrderTestStrategy(ApiOrderTestStrategy-000)>, priority=0)
2026-05-12T11:44:27.833746886Z [INFO] TRADER-001.ApiOrderTestStrategy: [CMD]--> SubscribeQuoteTicks(instrument_id=ADA.ETORO, client_id=None, venue=ETORO)
2026-05-12T11:44:27.833798467Z [INFO] TRADER-001.ApiOrderTestStrategy: RUNNING
2026-05-12T11:44:27.833818131Z [INFO] TRADER-001.TRADER-001: RUNNING
2026-05-12T11:44:27.833830015Z [INFO] TRADER-001.TradingNode: RUNNING
2026-05-12T11:44:27.833963374Z [DEBUG] TRADER-001.DataClient-ETORO_WS_CLIENT: Creating async task 'subscribe: quote_ticks ADA.ETORO'
2026-05-12T11:44:27.833999005Z [DEBUG] TRADER-001.DataClient-ETORO_WS_CLIENT: Coroutine 'subscribe: quote_ticks ADA.ETORO' completed
2026-05-12T11:44:27.834000891Z [INFO] TRADER-001.DataClient-ETORO_WS_CLIENT: Subscribed ADA.ETORO quotes
2026-05-12T11:44:27.854914193Z [INFO] TRADER-001.DataClient-ETORO_WS_CLIENT: Snapshot ADA.ETORO: MarketOpen=True, AllowBuy=True
2026-05-12T11:44:27.855233783Z [INFO] TRADER-001.ApiOrderTestStrategy: Sende BUY: 40 Units @ Ask 0.27430 (~11.0 USD)
2026-05-12T11:44:27.855506311Z [INFO] TRADER-001.ApiOrderTestStrategy: <--[EVT] OrderInitialized(instrument_id=ADA.ETORO, client_order_id=O-20260512-114427-001-000-1, side=BUY, type=MARKET, quantity=40, time_in_force=GTC, post_only=False, reduce_only=False, quote_quantity=False, options={}, emulation_trigger=NO_TRIGGER, trigger_instrument_id=None, contingency_type=NO_CONTINGENCY, order_list_id=None, linked_order_ids=None, parent_order_id=None, exec_algorithm_id=None, exec_algorithm_params=None, exec_spawn_id=None, tags=None)
2026-05-12T11:44:27.855610014Z [DEBUG] TRADER-001.Cache: Added MarketOrder(BUY 40 ADA.ETORO MARKET GTC, status=INITIALIZED, client_order_id=O-20260512-114427-001-000-1, venue_order_id=None, position_id=None, tags=None)
2026-05-12T11:44:27.855686852Z [INFO] TRADER-001.ApiOrderTestStrategy: [CMD]--> [Risk] SubmitOrder(order=MarketOrder(BUY 40 ADA.ETORO MARKET GTC, status=INITIALIZED, client_order_id=O-20260512-114427-001-000-1, venue_order_id=None, position_id=None, tags=None), position_id=None)
2026-05-12T11:44:27.855871312Z [DEBUG] TRADER-001.ExecEngine: Routed by instrument venue: ETORO
2026-05-12T11:44:27.855935672Z [INFO] TRADER-001.ExecClient-ETORO: Submit MarketOrder(BUY 40 ADA.ETORO MARKET GTC, status=INITIALIZED, client_order_id=O-20260512-114427-001-000-1, venue_order_id=None, position_id=None, tags=None)
2026-05-12T11:44:27.856014260Z [DEBUG] TRADER-001.ExecClient-ETORO: Creating task 'submit_order: SubmitOrder(order=MarketOrder(BUY 40 ADA.ETORO MARKET GTC, status=INITIALIZED, client_order_id=O-20260512-114427-001-000-1, venue_order_id=None, position_id=None, tags=None), position_id=None)'
