2026-05-12T14:18:04.129785194Z [INFO] TRADER-001.TradingNode: =================================================================
2026-05-12T14:18:04.129790620Z [INFO] TRADER-001.TradingNode:  NAUTILUS TRADER - Automated Algorithmic Trading Platform
2026-05-12T14:18:04.129791028Z [INFO] TRADER-001.TradingNode:  by Nautech Systems Pty Ltd.
2026-05-12T14:18:04.129791235Z [INFO] TRADER-001.TradingNode:  Copyright (C) 2015-2026. All rights reserved.
2026-05-12T14:18:04.129791582Z [INFO] TRADER-001.TradingNode: =================================================================
2026-05-12T14:18:04.129791910Z [INFO] TRADER-001.TradingNode: 
2026-05-12T14:18:04.129792147Z [INFO] TRADER-001.TradingNode: ⠀⠀⠀⠀⠀⠀⠀⠀⠀⠀⠀⠀⠀⣠⣴⣶⡟⠀⠀⠀⠀⠀⠀⠀⠀⠀⠀⠀⠀⠀⠀
2026-05-12T14:18:04.129792405Z [INFO] TRADER-001.TradingNode: ⠀⠀⠀⠀⠀⠀⠀⠀⠀⠀⠀⣰⣾⣿⣿⣿⠀⢸⣿⣿⣿⣿⣶⣶⣤⣀⠀⠀⠀⠀⠀
2026-05-12T14:18:04.129792685Z [INFO] TRADER-001.TradingNode: ⠀⠀⠀⠀⠀⠀⢀⣴⡇⢀⣾⣿⣿⣿⣿⣿⠀⣾⣿⣿⣿⣿⣿⣿⣿⠿⠓⠀⠀⠀⠀
2026-05-12T14:18:04.129792950Z [INFO] TRADER-001.TradingNode: ⠀⠀⠀⠀⠀⣰⣿⣿⡀⢸⣿⣿⣿⣿⣿⣿⠀⣿⣿⣿⣿⣿⣿⠟⠁⣠⣄⠀⠀⠀⠀
2026-05-12T14:18:04.129793200Z [INFO] TRADER-001.TradingNode: ⠀⠀⠀⠀⢠⣿⣿⣿⣇⠀⢿⣿⣿⣿⣿⣿⠀⢻⣿⣿⣿⡿⢃⣠⣾⣿⣿⣧⡀⠀⠀
2026-05-12T14:18:04.129803670Z [INFO] TRADER-001.TradingNode: ⠀⠀⠀⠠⣾⣿⣿⣿⣿⣿⣧⠈⠋⢀⣴⣧⠀⣿⡏⢠⡀⢸⣿⣿⣿⣿⣿⣿⣿⡇⠀
2026-05-12T14:18:04.129803973Z [INFO] TRADER-001.TradingNode: ⠀⠀⠀⣀⠙⢿⣿⣿⣿⣿⣿⠇⢠⣿⣿⣿⡄⠹⠃⠼⠃⠈⠉⠛⠛⠛⠛⠛⠻⠇⠀
2026-05-12T14:18:04.129804217Z [INFO] TRADER-001.TradingNode: ⠀⠀⢸⡟⢠⣤⠉⠛⠿⢿⣿⠀⢸⣿⡿⠋⣠⣤⣄⠀⣾⣿⣿⣶⣶⣶⣦⡄⠀⠀⠀
2026-05-12T14:18:04.129804645Z [INFO] TRADER-001.TradingNode: ⠀⠀⠸⠀⣾⠏⣸⣷⠂⣠⣤⠀⠘⢁⣴⣾⣿⣿⣿⡆⠘⣿⣿⣿⣿⣿⣿⠀⠀⠀⠀
2026-05-12T14:18:04.129805176Z [INFO] TRADER-001.TradingNode: ⠀⠀⠀⠀⠛⠀⣿⡟⠀⢻⣿⡄⠸⣿⣿⣿⣿⣿⣿⣿⡀⠘⣿⣿⣿⣿⠟⠀⠀⠀⠀
2026-05-12T14:18:04.129805457Z [INFO] TRADER-001.TradingNode: ⠀⠀⠀⠀⠀⠀⣿⠇⠀⠀⢻⡿⠀⠈⠻⣿⣿⣿⣿⣿⡇⠀⢹⣿⠿⠋⠀⠀⠀⠀⠀
2026-05-12T14:18:04.129805916Z [INFO] TRADER-001.TradingNode: ⠀⠀⠀⠀⠀⠀⠋⠀⠀⠀⡘⠁⠀⠀⠀⠀⠀⠀⠀⠀⠀⠀⠈⠁⠀⠀⠀⠀⠀⠀⠀
2026-05-12T14:18:04.129806211Z [INFO] TRADER-001.TradingNode: 
2026-05-12T14:18:04.129806381Z [INFO] TRADER-001.TradingNode: =================================================================
2026-05-12T14:18:04.129806737Z [INFO] TRADER-001.TradingNode:  SYSTEM SPECIFICATION
2026-05-12T14:18:04.129806929Z [INFO] TRADER-001.TradingNode: =================================================================
2026-05-12T14:18:04.129807951Z [INFO] TRADER-001.TradingNode: CPU architecture: Intel(R) Core(TM) i7-4810MQ CPU @ 2.80GHz
2026-05-12T14:18:04.129808532Z [INFO] TRADER-001.TradingNode: CPU(s): 8 @ 3185 MHz
2026-05-12T14:18:04.129809092Z [INFO] TRADER-001.TradingNode: OS: kernel-6.17.0-23-generic Linux (Ubuntu 24.04)
2026-05-12T14:18:04.129867802Z [INFO] TRADER-001.TradingNode: =================================================================
2026-05-12T14:18:04.129868394Z [INFO] TRADER-001.TradingNode:  MEMORY USAGE
2026-05-12T14:18:04.129868615Z [INFO] TRADER-001.TradingNode: =================================================================
2026-05-12T14:18:04.129870368Z [INFO] TRADER-001.TradingNode: RAM-Total: 31.22 GiB
2026-05-12T14:18:04.129871164Z [INFO] TRADER-001.TradingNode: RAM-Used: 6.16 GiB (19.72%)
2026-05-12T14:18:04.129871742Z [INFO] TRADER-001.TradingNode: RAM-Avail: 25.06 GiB (80.28%)
2026-05-12T14:18:04.129872715Z [INFO] TRADER-001.TradingNode: Swap-Total: 8.00 GiB
2026-05-12T14:18:04.129873201Z [INFO] TRADER-001.TradingNode: Swap-Used: 0.00 GiB (0.00%)
2026-05-12T14:18:04.129875622Z [INFO] TRADER-001.TradingNode: Swap-Avail: 8.00 GiB (100.00%)
2026-05-12T14:18:04.129876319Z [INFO] TRADER-001.TradingNode: =================================================================
2026-05-12T14:18:04.129876664Z [INFO] TRADER-001.TradingNode:  IDENTIFIERS
2026-05-12T14:18:04.129877260Z [INFO] TRADER-001.TradingNode: =================================================================
2026-05-12T14:18:04.129877947Z [INFO] TRADER-001.TradingNode: trader_id: TRADER-001
2026-05-12T14:18:04.129878650Z [INFO] TRADER-001.TradingNode: machine_id: user-ThinkPad-W541
2026-05-12T14:18:04.129879930Z [INFO] TRADER-001.TradingNode: instance_id: 356e2c7c-4b79-43e5-b22f-286ddf715e79
2026-05-12T14:18:04.129880333Z [INFO] TRADER-001.TradingNode: PID: 35969
2026-05-12T14:18:04.129880688Z [INFO] TRADER-001.TradingNode: =================================================================
2026-05-12T14:18:04.129880909Z [INFO] TRADER-001.TradingNode:  VERSIONING
2026-05-12T14:18:04.129881115Z [INFO] TRADER-001.TradingNode: =================================================================
2026-05-12T14:18:04.129906636Z [INFO] TRADER-001.TradingNode: nautilus_trader: 1.226.0
2026-05-12T14:18:04.129911882Z [INFO] TRADER-001.TradingNode: python: 3.12.3
2026-05-12T14:18:04.129914809Z [INFO] TRADER-001.TradingNode: numpy: 2.4.4
2026-05-12T14:18:04.129917729Z [INFO] TRADER-001.TradingNode: pandas: 2.3.3
2026-05-12T14:18:04.129920367Z [INFO] TRADER-001.TradingNode: msgspec: 0.21.1
2026-05-12T14:18:04.129923237Z [INFO] TRADER-001.TradingNode: pyarrow: 24.0.0
2026-05-12T14:18:04.129925809Z [INFO] TRADER-001.TradingNode: pytz: 2026.2
2026-05-12T14:18:04.129928478Z [INFO] TRADER-001.TradingNode: uvloop: 0.22.1
2026-05-12T14:18:04.129928701Z [INFO] TRADER-001.TradingNode: =================================================================
2026-05-12T14:18:04.129945907Z [INFO] TRADER-001.TradingNode: Building system kernel
2026-05-12T14:18:04.130166413Z [DEBUG] TRADER-001.TradingNode: Event loop signal handling setup for (<Signals.SIGTERM: 15>, <Signals.SIGINT: 2>, <Signals.SIGABRT: 6>)
2026-05-12T14:18:04.130188043Z [INFO] TRADER-001.MessageBus: config.database=None
2026-05-12T14:18:04.130189382Z [INFO] TRADER-001.MessageBus: config.encoding='msgpack'
2026-05-12T14:18:04.130190642Z [INFO] TRADER-001.MessageBus: config.timestamps_as_iso8601=False
2026-05-12T14:18:04.130191481Z [INFO] TRADER-001.MessageBus: config.buffer_interval_ms=None
2026-05-12T14:18:04.130192920Z [INFO] TRADER-001.MessageBus: config.autotrim_mins=None
2026-05-12T14:18:04.130193825Z [INFO] TRADER-001.MessageBus: config.use_trader_prefix=True
2026-05-12T14:18:04.130194882Z [INFO] TRADER-001.MessageBus: config.use_trader_id=True
2026-05-12T14:18:04.130196774Z [INFO] TRADER-001.MessageBus: config.use_instance_id=False
2026-05-12T14:18:04.130197603Z [INFO] TRADER-001.MessageBus: config.streams_prefix='stream'
2026-05-12T14:18:04.130198266Z [INFO] TRADER-001.MessageBus: config.types_filter=None
2026-05-12T14:18:04.130236402Z [DEBUG] TRADER-001.MessageBus: Added Subscription(topic=commands.system.shutdown, handler=<bound method NautilusKernel._on_shutdown_system of <nautilus_trader.system.kernel.NautilusKernel object at 0x785f77b92de0>>, priority=0)
2026-05-12T14:18:04.130253248Z [INFO] TRADER-001.Cache: READY
2026-05-12T14:18:04.130985689Z [DEBUG] TRADER-001.MessageBus: Added endpoint 'Portfolio.update_account' <bound method Portfolio.update_account of <nautilus_trader.portfolio.portfolio.Portfolio object at 0x785f777ccf40>>
2026-05-12T14:18:04.130994326Z [DEBUG] TRADER-001.MessageBus: Added endpoint 'Portfolio.update_order' <bound method Portfolio.update_order of <nautilus_trader.portfolio.portfolio.Portfolio object at 0x785f777ccf40>>
2026-05-12T14:18:04.130996981Z [DEBUG] TRADER-001.MessageBus: Added endpoint 'Portfolio.update_position' <bound method Portfolio.update_position of <nautilus_trader.portfolio.portfolio.Portfolio object at 0x785f777ccf40>>
2026-05-12T14:18:04.131007158Z [DEBUG] TRADER-001.MessageBus: Added Subscription(topic=events.order.*, handler=<bound method Portfolio.on_order_event of <nautilus_trader.portfolio.portfolio.Portfolio object at 0x785f777ccf40>>, priority=10)
2026-05-12T14:18:04.131012870Z [DEBUG] TRADER-001.MessageBus: Added Subscription(topic=events.position.*, handler=<bound method Portfolio.on_position_event of <nautilus_trader.portfolio.portfolio.Portfolio object at 0x785f777ccf40>>, priority=10)
2026-05-12T14:18:04.131018476Z [DEBUG] TRADER-001.MessageBus: Added Subscription(topic=data.quotes.*, handler=<bound method Portfolio.update_quote_tick of <nautilus_trader.portfolio.portfolio.Portfolio object at 0x785f777ccf40>>, priority=10)
2026-05-12T14:18:04.131024263Z [DEBUG] TRADER-001.MessageBus: Added Subscription(topic=data.bars.*EXTERNAL, handler=<bound method Portfolio.update_bar of <nautilus_trader.portfolio.portfolio.Portfolio object at 0x785f777ccf40>>, priority=10)
2026-05-12T14:18:04.131151440Z [INFO] TRADER-001.DataEngine: READY
2026-05-12T14:18:04.131230604Z [DEBUG] TRADER-001.MessageBus: Added endpoint 'DataEngine.execute' <bound method LiveDataEngine.execute of LiveDataEngine(DataEngine)>
2026-05-12T14:18:04.131235771Z [DEBUG] TRADER-001.MessageBus: Added endpoint 'DataEngine.process' <bound method LiveDataEngine.process of LiveDataEngine(DataEngine)>
2026-05-12T14:18:04.131237637Z [DEBUG] TRADER-001.MessageBus: Added endpoint 'DataEngine.request' <bound method LiveDataEngine.request of LiveDataEngine(DataEngine)>
2026-05-12T14:18:04.131239336Z [DEBUG] TRADER-001.MessageBus: Added endpoint 'DataEngine.response' <bound method LiveDataEngine.response of LiveDataEngine(DataEngine)>
2026-05-12T14:18:04.131241490Z [DEBUG] TRADER-001.MessageBus: Added endpoint 'DataEngine.process_historical' <bound method DataEngine.process_historical of LiveDataEngine(DataEngine)>
2026-05-12T14:18:04.131296115Z [INFO] TRADER-001.DataEngine: config.graceful_shutdown_on_exception=False
2026-05-12T14:18:04.131340544Z [INFO] TRADER-001.RiskEngine: READY
2026-05-12T14:18:04.131389375Z [INFO] TRADER-001.RiskEngine: TradingState is ACTIVE
2026-05-12T14:18:04.131454964Z [INFO] TRADER-001.Throttler-ORDER_SUBMIT_THROTTLER: READY
2026-05-12T14:18:04.131480762Z [INFO] TRADER-001.RiskEngine: Set MAX_ORDER_SUBMIT_RATE: 100/00:00:01
2026-05-12T14:18:04.131509994Z [INFO] TRADER-001.Throttler-ORDER_MODIFY_THROTTLER: READY
2026-05-12T14:18:04.131533044Z [INFO] TRADER-001.RiskEngine: Set MAX_ORDER_MODIFY_RATE: 100/00:00:01
2026-05-12T14:18:04.131542403Z [DEBUG] TRADER-001.MessageBus: Added endpoint 'RiskEngine.execute' <bound method LiveRiskEngine.execute of LiveRiskEngine(RiskEngine)>
2026-05-12T14:18:04.131544200Z [DEBUG] TRADER-001.MessageBus: Added endpoint 'RiskEngine.process' <bound method LiveRiskEngine.process of LiveRiskEngine(RiskEngine)>
2026-05-12T14:18:04.131552625Z [DEBUG] TRADER-001.MessageBus: Added Subscription(topic=events.order.*, handler=<bound method RiskEngine._handle_event of LiveRiskEngine(RiskEngine)>, priority=10)
2026-05-12T14:18:04.131559049Z [DEBUG] TRADER-001.MessageBus: Added Subscription(topic=events.position.*, handler=<bound method RiskEngine._handle_event of LiveRiskEngine(RiskEngine)>, priority=10)
2026-05-12T14:18:04.131581545Z [INFO] TRADER-001.RiskEngine: config.graceful_shutdown_on_exception=False
2026-05-12T14:18:04.131630433Z [INFO] TRADER-001.ExecEngine: READY
2026-05-12T14:18:04.131665858Z [INFO] TRADER-001.ExecEngine: config.snapshot_orders=False
2026-05-12T14:18:04.131668825Z [INFO] TRADER-001.ExecEngine: config.snapshot_positions=False
2026-05-12T14:18:04.131669983Z [INFO] TRADER-001.ExecEngine: config.snapshot_positions_interval_secs=None
2026-05-12T14:18:04.131670625Z [INFO] TRADER-001.ExecEngine: config.allow_overfills=False
2026-05-12T14:18:04.131674392Z [DEBUG] TRADER-001.MessageBus: Added endpoint 'ExecEngine.execute' <bound method LiveExecutionEngine.execute of LiveExecutionEngine(ExecEngine)>
2026-05-12T14:18:04.131676554Z [DEBUG] TRADER-001.MessageBus: Added endpoint 'ExecEngine.process' <bound method LiveExecutionEngine.process of LiveExecutionEngine(ExecEngine)>
2026-05-12T14:18:04.131728777Z [INFO] TRADER-001.ExecEngine: config.reconciliation=True
2026-05-12T14:18:04.131731765Z [INFO] TRADER-001.ExecEngine: config.reconciliation_lookback_mins=None
2026-05-12T14:18:04.131732842Z [INFO] TRADER-001.ExecEngine: config.reconciliation_instrument_ids=None
2026-05-12T14:18:04.131733775Z [INFO] TRADER-001.ExecEngine: config.filter_unclaimed_external_orders=False
2026-05-12T14:18:04.131734693Z [INFO] TRADER-001.ExecEngine: config.filter_position_reports=False
2026-05-12T14:18:04.131735321Z [INFO] TRADER-001.ExecEngine: config.filtered_client_order_ids=None
2026-05-12T14:18:04.131736371Z [INFO] TRADER-001.ExecEngine: config.inflight_check_interval_ms=2000
2026-05-12T14:18:04.131737105Z [INFO] TRADER-001.ExecEngine: config.inflight_check_threshold_ms=5000
2026-05-12T14:18:04.131737825Z [INFO] TRADER-001.ExecEngine: config.inflight_check_retries=5
2026-05-12T14:18:04.131739214Z [INFO] TRADER-001.ExecEngine: config.own_books_audit_interval_secs=None
2026-05-12T14:18:04.131740300Z [INFO] TRADER-001.ExecEngine: config.open_check_interval_secs=None
2026-05-12T14:18:04.131741597Z [INFO] TRADER-001.ExecEngine: config.open_check_open_only=True
2026-05-12T14:18:04.131743005Z [INFO] TRADER-001.ExecEngine: config.open_check_lookback_mins=60
2026-05-12T14:18:04.131744110Z [INFO] TRADER-001.ExecEngine: config.open_check_threshold_ms=5000
2026-05-12T14:18:04.131744714Z [INFO] TRADER-001.ExecEngine: config.open_check_missing_retries=5
2026-05-12T14:18:04.131745413Z [INFO] TRADER-001.ExecEngine: config.max_single_order_queries_per_cycle=10
2026-05-12T14:18:04.131746583Z [INFO] TRADER-001.ExecEngine: config.single_order_query_delay_ms=100
2026-05-12T14:18:04.131747753Z [INFO] TRADER-001.ExecEngine: config.position_check_interval_secs=None
2026-05-12T14:18:04.131749056Z [INFO] TRADER-001.ExecEngine: config.position_check_lookback_mins=60
2026-05-12T14:18:04.131750655Z [INFO] TRADER-001.ExecEngine: config.position_check_threshold_ms=5000
2026-05-12T14:18:04.131751988Z [INFO] TRADER-001.ExecEngine: config.position_check_retries=3
2026-05-12T14:18:04.131756393Z [INFO] TRADER-001.ExecEngine: config.reconciliation_startup_delay_secs=10.0
2026-05-12T14:18:04.131757972Z [INFO] TRADER-001.ExecEngine: config.purge_closed_orders_interval_mins=None
2026-05-12T14:18:04.131759071Z [INFO] TRADER-001.ExecEngine: config.purge_closed_orders_buffer_mins=None
2026-05-12T14:18:04.131760403Z [INFO] TRADER-001.ExecEngine: config.purge_closed_positions_interval_mins=None
2026-05-12T14:18:04.131762999Z [INFO] TRADER-001.ExecEngine: config.purge_closed_positions_buffer_mins=None
2026-05-12T14:18:04.131764716Z [INFO] TRADER-001.ExecEngine: config.purge_account_events_interval_mins=None
2026-05-12T14:18:04.131768046Z [INFO] TRADER-001.ExecEngine: config.purge_account_events_lookback_mins=None
2026-05-12T14:18:04.131769092Z [INFO] TRADER-001.ExecEngine: config.purge_from_database=False
2026-05-12T14:18:04.131769820Z [INFO] TRADER-001.ExecEngine: config.graceful_shutdown_on_exception=False
2026-05-12T14:18:04.131779178Z [DEBUG] TRADER-001.MessageBus: Added endpoint 'ExecEngine.reconcile_execution_report' <bound method LiveExecutionEngine.reconcile_execution_report of LiveExecutionEngine(ExecEngine)>
2026-05-12T14:18:04.131781359Z [DEBUG] TRADER-001.MessageBus: Added endpoint 'ExecEngine.reconcile_execution_mass_status' <bound method LiveExecutionEngine.reconcile_execution_mass_status of LiveExecutionEngine(ExecEngine)>
2026-05-12T14:18:04.131800736Z [DEBUG] TRADER-001.Cache: Clearing index
2026-05-12T14:18:04.131803115Z [DEBUG] TRADER-001.Cache: Cleared index
2026-05-12T14:18:04.131804971Z [DEBUG] TRADER-001.ExecEngine: clear_index took 0ms
2026-05-12T14:18:04.131811940Z [DEBUG] TRADER-001.Cache: Loading general cache from database
2026-05-12T14:18:04.131816614Z [INFO] TRADER-001.Cache: Cached 0 general objects from database
2026-05-12T14:18:04.131818128Z [DEBUG] TRADER-001.ExecEngine: cache_general took 0ms
2026-05-12T14:18:04.131819127Z [DEBUG] TRADER-001.Cache: Loading currencies from database
2026-05-12T14:18:04.131821182Z [INFO] TRADER-001.Cache: Cached 0 currencies from database
2026-05-12T14:18:04.131823031Z [DEBUG] TRADER-001.ExecEngine: cache_currencies took 0ms
2026-05-12T14:18:04.131823835Z [DEBUG] TRADER-001.Cache: Loading instruments from database
2026-05-12T14:18:04.131825054Z [INFO] TRADER-001.Cache: Cached 0 instruments from database
2026-05-12T14:18:04.131826116Z [DEBUG] TRADER-001.ExecEngine: cache_instruments took 0ms
2026-05-12T14:18:04.131827588Z [DEBUG] TRADER-001.Cache: Loading accounts from database
2026-05-12T14:18:04.131828560Z [INFO] TRADER-001.Cache: Cached 0 accounts from database
2026-05-12T14:18:04.131829408Z [DEBUG] TRADER-001.ExecEngine: cache_accounts took 0ms
2026-05-12T14:18:04.131830146Z [DEBUG] TRADER-001.Cache: Loading orders from database
2026-05-12T14:18:04.131831376Z [INFO] TRADER-001.Cache: Cached 0 orders from database
2026-05-12T14:18:04.131832337Z [DEBUG] TRADER-001.ExecEngine: cache_orders took 0ms
2026-05-12T14:18:04.131833359Z [DEBUG] TRADER-001.Cache: Loading order lists
2026-05-12T14:18:04.131837275Z [INFO] TRADER-001.Cache: Cached 0 order lists from database
2026-05-12T14:18:04.131838421Z [DEBUG] TRADER-001.ExecEngine: cache_order_lists took 0ms
2026-05-12T14:18:04.131839218Z [DEBUG] TRADER-001.Cache: Loading positions from database
2026-05-12T14:18:04.131840371Z [INFO] TRADER-001.Cache: Cached 0 positions from database
2026-05-12T14:18:04.131841173Z [DEBUG] TRADER-001.ExecEngine: cache_positions took 0ms
2026-05-12T14:18:04.131843179Z [DEBUG] TRADER-001.Cache: Building index
2026-05-12T14:18:04.131849684Z [DEBUG] TRADER-001.Cache: Index built in 0.000s
2026-05-12T14:18:04.131850860Z [DEBUG] TRADER-001.ExecEngine: build_index took 0ms
2026-05-12T14:18:04.131859337Z [INFO] TRADER-001.Cache: Checking data integrity
2026-05-12T14:18:04.131868675Z [INFO] TRADER-001.Cache: Integrity check passed in 10μs
2026-05-12T14:18:04.131870626Z [DEBUG] TRADER-001.ExecEngine: check_integrity took 0ms
2026-05-12T14:18:04.131879425Z [DEBUG] TRADER-001.ExecEngine: _set_position_id_counts took 0ms
2026-05-12T14:18:04.131881440Z [INFO] TRADER-001.ExecEngine: Loaded cache in 0ms
2026-05-12T14:18:04.131923693Z [INFO] TRADER-001.OrderEmulator: READY
2026-05-12T14:18:04.131978802Z [DEBUG] TRADER-001.MessageBus: Added endpoint 'OrderEmulator.execute' <bound method OrderEmulator.execute of OrderEmulator(OrderEmulator)>
2026-05-12T14:18:04.132016370Z [INFO] TRADER-001.TRADER-001: READY
2026-05-12T14:18:04.132068682Z [INFO] TRADER-001.TradingNode: Initialized in 6ms
2026-05-12T14:18:04.132095351Z [INFO] TRADER-001.TradingNode: has_cache_backing=False
2026-05-12T14:18:04.132099678Z [INFO] TRADER-001.TradingNode: has_msgbus_backing=False
2026-05-12T14:18:04.132266719Z [INFO] TRADER-001.ApiOrderTestStrategy: READY
2026-05-12T14:18:04.132329800Z [DEBUG] TRADER-001.MessageBus: Added Subscription(topic=events.order.ApiOrderTestStrategy-000, handler=<bound method Strategy.handle_event of ApiOrderTestStrategy(ApiOrderTestStrategy-000)>, priority=0)
2026-05-12T14:18:04.132344677Z [DEBUG] TRADER-001.MessageBus: Added Subscription(topic=events.position.ApiOrderTestStrategy-000, handler=<bound method Strategy.handle_event of ApiOrderTestStrategy(ApiOrderTestStrategy-000)>, priority=0)
2026-05-12T14:18:04.132359966Z [INFO] TRADER-001.ExecEngine: Registered OMS.UNSPECIFIED for Strategy ApiOrderTestStrategy-000
2026-05-12T14:18:04.132366563Z [INFO] TRADER-001.TRADER-001: Registered Strategy ApiOrderTestStrategy-000
2026-05-12T14:18:04.132374565Z [INFO] TRADER-001.TradingNode: Building data client for ETORO_WS_CLIENT
2026-05-12T14:18:04.132400416Z [INFO] TRADER-001.InstrumentProvider: READY
2026-05-12T14:18:04.132562022Z [INFO] TRADER-001.DataClient-ETORO_WS_CLIENT: READY
2026-05-12T14:18:04.132620461Z [INFO] TRADER-001.DataEngine: Registered ETORO_WS_CLIENT
2026-05-12T14:18:04.132631544Z [INFO] TRADER-001.TradingNode: Building execution client for ETORO
2026-05-12T14:18:04.132653695Z [INFO] TRADER-001.InstrumentProvider: READY
2026-05-12T14:18:04.132690846Z [INFO] TRADER-001.ExecClient-ETORO: READY
2026-05-12T14:18:04.132789049Z [INFO] TRADER-001.ExecEngine: Registered ExecutionClient-ETORO
2026-05-12T14:18:04.133172456Z [INFO] TRADER-001.TradingNode: STARTING
2026-05-12T14:18:04.133211847Z [DEBUG] TRADER-001.ApiOrderTestStrategy: Registered <concurrent.futures.thread.ThreadPoolExecutor object at 0x785f777db770>
2026-05-12T14:18:04.133223718Z [DEBUG] TRADER-001.DataEngine: STARTING
2026-05-12T14:18:04.133228274Z [DEBUG] TRADER-001.DataClient-ETORO_WS_CLIENT: STARTING
2026-05-12T14:18:04.133247149Z [INFO] TRADER-001.DataClient-ETORO_WS_CLIENT: RUNNING
2026-05-12T14:18:04.133278474Z [DEBUG] TRADER-001.DataEngine: Scheduled task 'cmd_queue'
2026-05-12T14:18:04.133281244Z [DEBUG] TRADER-001.DataEngine: Scheduled task 'req_queue'
2026-05-12T14:18:04.133281807Z [DEBUG] TRADER-001.DataEngine: Scheduled task 'res_queue'
2026-05-12T14:18:04.133282426Z [DEBUG] TRADER-001.DataEngine: Scheduled task 'data_queue'
2026-05-12T14:18:04.133293572Z [INFO] TRADER-001.DataEngine: RUNNING
2026-05-12T14:18:04.133302847Z [DEBUG] TRADER-001.RiskEngine: STARTING
2026-05-12T14:18:04.133315608Z [DEBUG] TRADER-001.RiskEngine: Scheduled task 'cmd_queue'
2026-05-12T14:18:04.133317717Z [DEBUG] TRADER-001.RiskEngine: Scheduled task 'evt_queue'
2026-05-12T14:18:04.133325062Z [INFO] TRADER-001.RiskEngine: RUNNING
2026-05-12T14:18:04.133331261Z [DEBUG] TRADER-001.ExecEngine: STARTING
2026-05-12T14:18:04.133335696Z [DEBUG] TRADER-001.ExecClient-ETORO: STARTING
2026-05-12T14:18:04.133343177Z [INFO] TRADER-001.ExecClient-ETORO: RUNNING
2026-05-12T14:18:04.133360996Z [DEBUG] TRADER-001.ExecEngine: Scheduled task 'cmd_queue'
2026-05-12T14:18:04.133363268Z [DEBUG] TRADER-001.ExecEngine: Scheduled task 'evt_queue'
2026-05-12T14:18:04.133366787Z [DEBUG] TRADER-001.ExecEngine: Scheduled task 'continuous_reconciliation'
2026-05-12T14:18:04.133367889Z [INFO] TRADER-001.ExecEngine: Started reconciliation task
2026-05-12T14:18:04.133374994Z [INFO] TRADER-001.ExecEngine: RUNNING
2026-05-12T14:18:04.133380640Z [INFO] TRADER-001.DataEngine: Connecting all clients...
2026-05-12T14:18:04.133384290Z [INFO] TRADER-001.DataClient-ETORO_WS_CLIENT: Connecting...
2026-05-12T14:18:04.133393204Z [DEBUG] TRADER-001.DataClient-ETORO_WS_CLIENT: Creating async task '_connect'
2026-05-12T14:18:04.133401305Z [INFO] TRADER-001.ExecEngine: Connecting all clients...
2026-05-12T14:18:04.133403584Z [INFO] TRADER-001.ExecClient-ETORO: Connecting...
2026-05-12T14:18:04.133406729Z [DEBUG] TRADER-001.ExecClient-ETORO: Creating task '_connect'
2026-05-12T14:18:04.133416815Z [INFO] TRADER-001.TradingNode: Awaiting engine connections and initializations (120.0s timeout)...
2026-05-12T14:18:04.133560967Z [DEBUG] TRADER-001.DataEngine: DataCommand message queue processing starting (qsize=0)
2026-05-12T14:18:04.133573800Z [DEBUG] TRADER-001.DataEngine: RequestData message queue processing starting (qsize=0)
2026-05-12T14:18:04.133581615Z [DEBUG] TRADER-001.DataEngine: DataResponse message queue processing starting (qsize=0)
2026-05-12T14:18:04.133588559Z [DEBUG] TRADER-001.DataEngine: Data queue processing starting (qsize=0)
2026-05-12T14:18:04.133595950Z [DEBUG] TRADER-001.RiskEngine: Command message queue processing (qsize=0)
2026-05-12T14:18:04.133602060Z [DEBUG] TRADER-001.RiskEngine: Event message queue processing starting (qsize=0)
2026-05-12T14:18:04.133608418Z [DEBUG] TRADER-001.ExecEngine: Command message queue processing starting (qsize=0)
2026-05-12T14:18:04.133611708Z [DEBUG] TRADER-001.ExecEngine: Event message queue processing starting (qsize=0)
2026-05-12T14:18:04.133625659Z [INFO] TRADER-001.ExecEngine: Starting continuous reconciliation with intervals: inflight=2000ms, consistency=Nones, position=Nones
2026-05-12T14:18:04.133631584Z [INFO] TRADER-001.ExecEngine: Awaiting startup reconciliation completion before starting continuous checks
2026-05-12T14:18:04.170579704Z [INFO] TRADER-001.DataClient-ETORO_WS_CLIENT: WebSocket Verbindungsversuch 1/5 zu wss://ws.etoro.com/ws ...
2026-05-12T14:18:04.231518583Z [INFO] TRADER-001.ExecClient-ETORO: Execution WS connect attempt 1/5 ...
2026-05-12T14:18:04.533071499Z [INFO] TRADER-001.DataClient-ETORO_WS_CLIENT: WebSocket verbunden. Authentifiziere...
2026-05-12T14:18:04.533256144Z [DEBUG] TRADER-001.Cache: Added currency USD
2026-05-12T14:18:04.533276164Z [DEBUG] TRADER-001.Cache: Added instrument ADA.ETORO
2026-05-12T14:18:04.533344217Z [INFO] TRADER-001.DataClient-ETORO_WS_CLIENT: Instrument registriert: ADA.ETORO [Crypto] price_prec=5, size_prec=0
2026-05-12T14:18:04.611873881Z [WARN] TRADER-001.ExecClient-ETORO: Auth response not JSON: b'\x00'
2026-05-12T14:18:04.611969240Z [INFO] TRADER-001.ExecClient-ETORO: Subscribed to trading notification topics.
2026-05-12T14:18:04.611980427Z [DEBUG] TRADER-001.ExecClient-ETORO: Creating task 'exec_ws_loop'
2026-05-12T14:18:04.611997144Z [INFO] TRADER-001.ExecClient-ETORO: Execution WS connected and authenticated.
2026-05-12T14:18:04.778123732Z [INFO] TRADER-001.ExecClient-ETORO: Account balance: credit=0.00 USD  available=0.00 USD
2026-05-12T14:18:04.778310003Z [DEBUG] TRADER-001.Cache: Added Account(id=ETORO-REAL-001)
2026-05-12T14:18:04.778317217Z [DEBUG] TRADER-001.Cache: Indexed AccountId('ETORO-REAL-001')
2026-05-12T14:18:04.778335220Z [INFO] TRADER-001.Portfolio: Updated AccountState(account_id=ETORO-REAL-001, account_type=MARGIN, base_currency=USD, is_reported=False, balances=[AccountBalance(total=0.00 USD, locked=0.00 USD, free=0.00 USD)], margins=[], event_id=ef2ddcb1-7451-4cba-8477-34c388202236)
2026-05-12T14:18:04.778425901Z [INFO] TRADER-001.ExecClient-ETORO: Connected
2026-05-12T14:18:05.026302165Z [INFO] TRADER-001.DataClient-ETORO_WS_CLIENT: Auth-Antwort: {'id': '5aa3dc2f-2857-4d18-8cae-f21cf479e5ff', 'success': True, 'operation': 'Authenticate'}
2026-05-12T14:18:05.026473999Z [INFO] TRADER-001.DataClient-ETORO_WS_CLIENT: Abonniert: ['instrument:100017']
2026-05-12T14:18:05.026486605Z [DEBUG] TRADER-001.DataClient-ETORO_WS_CLIENT: Creating async task 'message_loop'
2026-05-12T14:18:05.026621194Z [DEBUG] TRADER-001.DataClient-ETORO_WS_CLIENT: Coroutine '_connect' completed
2026-05-12T14:18:05.026640832Z [INFO] TRADER-001.DataClient-ETORO_WS_CLIENT: Connected
2026-05-12T14:18:05.026690690Z [INFO] TRADER-001.TradingNode: Awaiting execution state reconciliation (30.0s timeout)...
2026-05-12T14:18:05.026767801Z [INFO] TRADER-001.ExecClient-ETORO: Generating ExecutionMassStatus...
2026-05-12T14:18:05.026844675Z [WARN] TRADER-001.ExecClient-ETORO: generate_order_status_reports: Kein Query-Endpoint verfügbar. Gebe leere Liste zurück.
2026-05-12T14:18:05.026986379Z [DEBUG] TRADER-001.ExecEngine: <--[RPT] ExecutionMassStatus(client_id=ETORO, account_id=ETORO-REAL-001, venue=ETORO, order_reports={}, fill_reports={}, position_reports={}, report_id=fda76ce7-d48f-46c8-95fb-e10c545b560f, ts_init=1778595485026779547)
2026-05-12T14:18:05.026992457Z [INFO] TRADER-001.ExecEngine: Reconciling ExecutionMassStatus for ETORO
2026-05-12T14:18:05.026998679Z [INFO] TRADER-001.ExecEngine: Attempting to adjust fills for 0 instruments
2026-05-12T14:18:05.029311132Z [INFO] TRADER-001.ExecEngine: Updating adjusted fills for 0 instruments
2026-05-12T14:18:05.029317153Z [INFO] TRADER-001.ExecEngine: Final order_reports contains 0 orders, fill_reports contains 0 fills across all instruments
2026-05-12T14:18:05.029391011Z [DEBUG] TRADER-001.ExecEngine: Reconciliation state validation passed for 0 order(s)
2026-05-12T14:18:05.029424865Z [INFO] TRADER-001.ExecEngine: Reconciliation for ETORO succeeded
2026-05-12T14:18:05.029453240Z [INFO] TRADER-001.TradingNode: Execution state reconciled
2026-05-12T14:18:05.029465832Z [DEBUG] TRADER-001.OrderEmulator: STARTING
2026-05-12T14:18:05.029468843Z [INFO] TRADER-001.OrderEmulator: No emulated orders to reactivate
2026-05-12T14:18:05.029570640Z [INFO] TRADER-001.OrderEmulator: RUNNING
2026-05-12T14:18:05.029585955Z [INFO] TRADER-001.Portfolio: Initialized 0 open orders
2026-05-12T14:18:05.029589348Z [INFO] TRADER-001.Portfolio: Initialized 0 open positions
2026-05-12T14:18:05.029596785Z [INFO] TRADER-001.TradingNode: Awaiting portfolio initialization (10.0s timeout)...
2026-05-12T14:18:05.029687728Z [INFO] TRADER-001.ExecEngine: Startup reconciliation completed
2026-05-12T14:18:05.029692983Z [INFO] TRADER-001.ExecEngine: Applying post-reconciliation startup delay (10.0s)
2026-05-12T14:18:05.029719774Z [INFO] TRADER-001.TradingNode: Portfolio initialized
2026-05-12T14:18:05.029726682Z [DEBUG] TRADER-001.TRADER-001: STARTING
2026-05-12T14:18:05.029737160Z [DEBUG] TRADER-001.ApiOrderTestStrategy: STARTING
2026-05-12T14:18:05.029740108Z [INFO] TRADER-001.ApiOrderTestStrategy: self.config.oms_type=None
2026-05-12T14:18:05.029741797Z [INFO] TRADER-001.ApiOrderTestStrategy: self.config.external_order_claims=None
2026-05-12T14:18:05.029742846Z [INFO] TRADER-001.ApiOrderTestStrategy: self.config.manage_gtd_expiry=False
2026-05-12T14:18:05.029748779Z [INFO] TRADER-001.ApiOrderTestStrategy: Set ClientOrderIdGenerator client_order_id count to 0
2026-05-12T14:18:05.029751559Z [INFO] TRADER-001.ApiOrderTestStrategy: Set ClientOrderIdGenerator order_list_id count to 0
2026-05-12T14:18:05.029762904Z [INFO] TRADER-001.ApiOrderTestStrategy: Test gestartet. Warte auf ersten Tick für ADA.ETORO ...
2026-05-12T14:18:05.029804886Z [DEBUG] TRADER-001.MessageBus: Added Subscription(topic=data.quotes.ETORO.ADA, handler=<bound method Actor.handle_quote_tick of ApiOrderTestStrategy(ApiOrderTestStrategy-000)>, priority=0)
2026-05-12T14:18:05.029855983Z [INFO] TRADER-001.ApiOrderTestStrategy: [CMD]--> SubscribeQuoteTicks(instrument_id=ADA.ETORO, client_id=None, venue=ETORO)
2026-05-12T14:18:05.029903880Z [INFO] TRADER-001.ApiOrderTestStrategy: RUNNING
2026-05-12T14:18:05.029920446Z [INFO] TRADER-001.TRADER-001: RUNNING
2026-05-12T14:18:05.029929589Z [INFO] TRADER-001.TradingNode: RUNNING
2026-05-12T14:18:05.030022099Z [DEBUG] TRADER-001.DataClient-ETORO_WS_CLIENT: Creating async task 'subscribe: quote_ticks ADA.ETORO'
2026-05-12T14:18:05.030046895Z [DEBUG] TRADER-001.DataClient-ETORO_WS_CLIENT: Coroutine 'subscribe: quote_ticks ADA.ETORO' completed
2026-05-12T14:18:05.030049497Z [INFO] TRADER-001.DataClient-ETORO_WS_CLIENT: Subscribed ADA.ETORO quotes
2026-05-12T14:18:05.061181456Z [INFO] TRADER-001.DataClient-ETORO_WS_CLIENT: Snapshot ADA.ETORO: MarketOpen=True, AllowBuy=True
2026-05-12T14:18:05.061476864Z [INFO] TRADER-001.ApiOrderTestStrategy: Sende BUY: 40 Units @ Ask 0.27220 (~11.0 USD)
2026-05-12T14:18:05.061780348Z [INFO] TRADER-001.ApiOrderTestStrategy: <--[EVT] OrderInitialized(instrument_id=ADA.ETORO, client_order_id=O-20260512-141805-001-000-1, side=BUY, type=MARKET, quantity=40, time_in_force=GTC, post_only=False, reduce_only=False, quote_quantity=False, options={}, emulation_trigger=NO_TRIGGER, trigger_instrument_id=None, contingency_type=NO_CONTINGENCY, order_list_id=None, linked_order_ids=None, parent_order_id=None, exec_algorithm_id=None, exec_algorithm_params=None, exec_spawn_id=None, tags=None)
2026-05-12T14:18:05.061856106Z [DEBUG] TRADER-001.Cache: Added MarketOrder(BUY 40 ADA.ETORO MARKET GTC, status=INITIALIZED, client_order_id=O-20260512-141805-001-000-1, venue_order_id=None, position_id=None, tags=None)
2026-05-12T14:18:05.061923346Z [INFO] TRADER-001.ApiOrderTestStrategy: [CMD]--> [Risk] SubmitOrder(order=MarketOrder(BUY 40 ADA.ETORO MARKET GTC, status=INITIALIZED, client_order_id=O-20260512-141805-001-000-1, venue_order_id=None, position_id=None, tags=None), position_id=None)
2026-05-12T14:18:05.062095374Z [DEBUG] TRADER-001.ExecEngine: Routed by instrument venue: ETORO
2026-05-12T14:18:05.062146579Z [INFO] TRADER-001.ExecClient-ETORO: Submit MarketOrder(BUY 40 ADA.ETORO MARKET GTC, status=INITIALIZED, client_order_id=O-20260512-141805-001-000-1, venue_order_id=None, position_id=None, tags=None)
2026-05-12T14:18:05.062174194Z [DEBUG] TRADER-001.ExecClient-ETORO: Creating task 'submit_order: SubmitOrder(order=MarketOrder(BUY 40 ADA.ETORO MARKET GTC, status=INITIALIZED, client_order_id=O-20260512-141805-001-000-1, venue_order_id=None, position_id=None, tags=None), position_id=None)'
