2026-05-12T14:19:13.976795880Z [INFO] TRADER-001.TradingNode: =================================================================
2026-05-12T14:19:13.976810492Z [INFO] TRADER-001.TradingNode:  NAUTILUS TRADER - Automated Algorithmic Trading Platform
2026-05-12T14:19:13.976810933Z [INFO] TRADER-001.TradingNode:  by Nautech Systems Pty Ltd.
2026-05-12T14:19:13.976811218Z [INFO] TRADER-001.TradingNode:  Copyright (C) 2015-2026. All rights reserved.
2026-05-12T14:19:13.976811704Z [INFO] TRADER-001.TradingNode: =================================================================
2026-05-12T14:19:13.976812101Z [INFO] TRADER-001.TradingNode: 
2026-05-12T14:19:13.976812284Z [INFO] TRADER-001.TradingNode: ⠀⠀⠀⠀⠀⠀⠀⠀⠀⠀⠀⠀⠀⣠⣴⣶⡟⠀⠀⠀⠀⠀⠀⠀⠀⠀⠀⠀⠀⠀⠀
2026-05-12T14:19:13.976814242Z [INFO] TRADER-001.TradingNode: ⠀⠀⠀⠀⠀⠀⠀⠀⠀⠀⠀⣰⣾⣿⣿⣿⠀⢸⣿⣿⣿⣿⣶⣶⣤⣀⠀⠀⠀⠀⠀
2026-05-12T14:19:13.976814883Z [INFO] TRADER-001.TradingNode: ⠀⠀⠀⠀⠀⠀⢀⣴⡇⢀⣾⣿⣿⣿⣿⣿⠀⣾⣿⣿⣿⣿⣿⣿⣿⠿⠓⠀⠀⠀⠀
2026-05-12T14:19:13.976815124Z [INFO] TRADER-001.TradingNode: ⠀⠀⠀⠀⠀⣰⣿⣿⡀⢸⣿⣿⣿⣿⣿⣿⠀⣿⣿⣿⣿⣿⣿⠟⠁⣠⣄⠀⠀⠀⠀
2026-05-12T14:19:13.976815363Z [INFO] TRADER-001.TradingNode: ⠀⠀⠀⠀⢠⣿⣿⣿⣇⠀⢿⣿⣿⣿⣿⣿⠀⢻⣿⣿⣿⡿⢃⣠⣾⣿⣿⣧⡀⠀⠀
2026-05-12T14:19:13.976815912Z [INFO] TRADER-001.TradingNode: ⠀⠀⠀⠠⣾⣿⣿⣿⣿⣿⣧⠈⠋⢀⣴⣧⠀⣿⡏⢠⡀⢸⣿⣿⣿⣿⣿⣿⣿⡇⠀
2026-05-12T14:19:13.976816149Z [INFO] TRADER-001.TradingNode: ⠀⠀⠀⣀⠙⢿⣿⣿⣿⣿⣿⠇⢠⣿⣿⣿⡄⠹⠃⠼⠃⠈⠉⠛⠛⠛⠛⠛⠻⠇⠀
2026-05-12T14:19:13.976816376Z [INFO] TRADER-001.TradingNode: ⠀⠀⢸⡟⢠⣤⠉⠛⠿⢿⣿⠀⢸⣿⡿⠋⣠⣤⣄⠀⣾⣿⣿⣶⣶⣶⣦⡄⠀⠀⠀
2026-05-12T14:19:13.976816546Z [INFO] TRADER-001.TradingNode: ⠀⠀⠸⠀⣾⠏⣸⣷⠂⣠⣤⠀⠘⢁⣴⣾⣿⣿⣿⡆⠘⣿⣿⣿⣿⣿⣿⠀⠀⠀⠀
2026-05-12T14:19:13.976816709Z [INFO] TRADER-001.TradingNode: ⠀⠀⠀⠀⠛⠀⣿⡟⠀⢻⣿⡄⠸⣿⣿⣿⣿⣿⣿⣿⡀⠘⣿⣿⣿⣿⠟⠀⠀⠀⠀
2026-05-12T14:19:13.976816946Z [INFO] TRADER-001.TradingNode: ⠀⠀⠀⠀⠀⠀⣿⠇⠀⠀⢻⡿⠀⠈⠻⣿⣿⣿⣿⣿⡇⠀⢹⣿⠿⠋⠀⠀⠀⠀⠀
2026-05-12T14:19:13.976817318Z [INFO] TRADER-001.TradingNode: ⠀⠀⠀⠀⠀⠀⠋⠀⠀⠀⡘⠁⠀⠀⠀⠀⠀⠀⠀⠀⠀⠀⠈⠁⠀⠀⠀⠀⠀⠀⠀
2026-05-12T14:19:13.976817708Z [INFO] TRADER-001.TradingNode: 
2026-05-12T14:19:13.976817860Z [INFO] TRADER-001.TradingNode: =================================================================
2026-05-12T14:19:13.976818311Z [INFO] TRADER-001.TradingNode:  SYSTEM SPECIFICATION
2026-05-12T14:19:13.976828518Z [INFO] TRADER-001.TradingNode: =================================================================
2026-05-12T14:19:13.976829773Z [INFO] TRADER-001.TradingNode: CPU architecture: Intel(R) Core(TM) i7-4810MQ CPU @ 2.80GHz
2026-05-12T14:19:13.976830617Z [INFO] TRADER-001.TradingNode: CPU(s): 8 @ 798 MHz
2026-05-12T14:19:13.976831217Z [INFO] TRADER-001.TradingNode: OS: kernel-6.17.0-23-generic Linux (Ubuntu 24.04)
2026-05-12T14:19:13.976888464Z [INFO] TRADER-001.TradingNode: =================================================================
2026-05-12T14:19:13.976889541Z [INFO] TRADER-001.TradingNode:  MEMORY USAGE
2026-05-12T14:19:13.976889912Z [INFO] TRADER-001.TradingNode: =================================================================
2026-05-12T14:19:13.976891665Z [INFO] TRADER-001.TradingNode: RAM-Total: 31.22 GiB
2026-05-12T14:19:13.976892567Z [INFO] TRADER-001.TradingNode: RAM-Used: 6.28 GiB (20.10%)
2026-05-12T14:19:13.976893174Z [INFO] TRADER-001.TradingNode: RAM-Avail: 24.94 GiB (79.90%)
2026-05-12T14:19:13.976894356Z [INFO] TRADER-001.TradingNode: Swap-Total: 8.00 GiB
2026-05-12T14:19:13.976894916Z [INFO] TRADER-001.TradingNode: Swap-Used: 0.00 GiB (0.00%)
2026-05-12T14:19:13.976896776Z [INFO] TRADER-001.TradingNode: Swap-Avail: 8.00 GiB (100.00%)
2026-05-12T14:19:13.976897446Z [INFO] TRADER-001.TradingNode: =================================================================
2026-05-12T14:19:13.976897719Z [INFO] TRADER-001.TradingNode:  IDENTIFIERS
2026-05-12T14:19:13.976898045Z [INFO] TRADER-001.TradingNode: =================================================================
2026-05-12T14:19:13.976898673Z [INFO] TRADER-001.TradingNode: trader_id: TRADER-001
2026-05-12T14:19:13.976899545Z [INFO] TRADER-001.TradingNode: machine_id: user-ThinkPad-W541
2026-05-12T14:19:13.976900749Z [INFO] TRADER-001.TradingNode: instance_id: 087e1a69-4281-437d-90a0-075770d0a645
2026-05-12T14:19:13.976901287Z [INFO] TRADER-001.TradingNode: PID: 36149
2026-05-12T14:19:13.976901632Z [INFO] TRADER-001.TradingNode: =================================================================
2026-05-12T14:19:13.976901870Z [INFO] TRADER-001.TradingNode:  VERSIONING
2026-05-12T14:19:13.976902088Z [INFO] TRADER-001.TradingNode: =================================================================
2026-05-12T14:19:13.976921959Z [INFO] TRADER-001.TradingNode: nautilus_trader: 1.226.0
2026-05-12T14:19:13.976927889Z [INFO] TRADER-001.TradingNode: python: 3.12.3
2026-05-12T14:19:13.976931848Z [INFO] TRADER-001.TradingNode: numpy: 2.4.4
2026-05-12T14:19:13.976934538Z [INFO] TRADER-001.TradingNode: pandas: 2.3.3
2026-05-12T14:19:13.976936860Z [INFO] TRADER-001.TradingNode: msgspec: 0.21.1
2026-05-12T14:19:13.976939451Z [INFO] TRADER-001.TradingNode: pyarrow: 24.0.0
2026-05-12T14:19:13.976941709Z [INFO] TRADER-001.TradingNode: pytz: 2026.2
2026-05-12T14:19:13.976944008Z [INFO] TRADER-001.TradingNode: uvloop: 0.22.1
2026-05-12T14:19:13.976944211Z [INFO] TRADER-001.TradingNode: =================================================================
2026-05-12T14:19:13.976957523Z [INFO] TRADER-001.TradingNode: Building system kernel
2026-05-12T14:19:13.977143669Z [DEBUG] TRADER-001.TradingNode: Event loop signal handling setup for (<Signals.SIGTERM: 15>, <Signals.SIGINT: 2>, <Signals.SIGABRT: 6>)
2026-05-12T14:19:13.977190736Z [INFO] TRADER-001.MessageBus: config.database=None
2026-05-12T14:19:13.977192577Z [INFO] TRADER-001.MessageBus: config.encoding='msgpack'
2026-05-12T14:19:13.977193723Z [INFO] TRADER-001.MessageBus: config.timestamps_as_iso8601=False
2026-05-12T14:19:13.977194678Z [INFO] TRADER-001.MessageBus: config.buffer_interval_ms=None
2026-05-12T14:19:13.977195796Z [INFO] TRADER-001.MessageBus: config.autotrim_mins=None
2026-05-12T14:19:13.977196904Z [INFO] TRADER-001.MessageBus: config.use_trader_prefix=True
2026-05-12T14:19:13.977197963Z [INFO] TRADER-001.MessageBus: config.use_trader_id=True
2026-05-12T14:19:13.977200007Z [INFO] TRADER-001.MessageBus: config.use_instance_id=False
2026-05-12T14:19:13.977201066Z [INFO] TRADER-001.MessageBus: config.streams_prefix='stream'
2026-05-12T14:19:13.977201872Z [INFO] TRADER-001.MessageBus: config.types_filter=None
2026-05-12T14:19:13.977246121Z [DEBUG] TRADER-001.MessageBus: Added Subscription(topic=commands.system.shutdown, handler=<bound method NautilusKernel._on_shutdown_system of <nautilus_trader.system.kernel.NautilusKernel object at 0x7c6e30758890>>, priority=0)
2026-05-12T14:19:13.977264806Z [INFO] TRADER-001.Cache: READY
2026-05-12T14:19:13.977967569Z [DEBUG] TRADER-001.MessageBus: Added endpoint 'Portfolio.update_account' <bound method Portfolio.update_account of <nautilus_trader.portfolio.portfolio.Portfolio object at 0x7c6e30794f40>>
2026-05-12T14:19:13.977976118Z [DEBUG] TRADER-001.MessageBus: Added endpoint 'Portfolio.update_order' <bound method Portfolio.update_order of <nautilus_trader.portfolio.portfolio.Portfolio object at 0x7c6e30794f40>>
2026-05-12T14:19:13.977978618Z [DEBUG] TRADER-001.MessageBus: Added endpoint 'Portfolio.update_position' <bound method Portfolio.update_position of <nautilus_trader.portfolio.portfolio.Portfolio object at 0x7c6e30794f40>>
2026-05-12T14:19:13.977987603Z [DEBUG] TRADER-001.MessageBus: Added Subscription(topic=events.order.*, handler=<bound method Portfolio.on_order_event of <nautilus_trader.portfolio.portfolio.Portfolio object at 0x7c6e30794f40>>, priority=10)
2026-05-12T14:19:13.977993184Z [DEBUG] TRADER-001.MessageBus: Added Subscription(topic=events.position.*, handler=<bound method Portfolio.on_position_event of <nautilus_trader.portfolio.portfolio.Portfolio object at 0x7c6e30794f40>>, priority=10)
2026-05-12T14:19:13.977998236Z [DEBUG] TRADER-001.MessageBus: Added Subscription(topic=data.quotes.*, handler=<bound method Portfolio.update_quote_tick of <nautilus_trader.portfolio.portfolio.Portfolio object at 0x7c6e30794f40>>, priority=10)
2026-05-12T14:19:13.978003702Z [DEBUG] TRADER-001.MessageBus: Added Subscription(topic=data.bars.*EXTERNAL, handler=<bound method Portfolio.update_bar of <nautilus_trader.portfolio.portfolio.Portfolio object at 0x7c6e30794f40>>, priority=10)
2026-05-12T14:19:13.978083811Z [INFO] TRADER-001.DataEngine: READY
2026-05-12T14:19:13.978156220Z [DEBUG] TRADER-001.MessageBus: Added endpoint 'DataEngine.execute' <bound method LiveDataEngine.execute of LiveDataEngine(DataEngine)>
2026-05-12T14:19:13.978162745Z [DEBUG] TRADER-001.MessageBus: Added endpoint 'DataEngine.process' <bound method LiveDataEngine.process of LiveDataEngine(DataEngine)>
2026-05-12T14:19:13.978164835Z [DEBUG] TRADER-001.MessageBus: Added endpoint 'DataEngine.request' <bound method LiveDataEngine.request of LiveDataEngine(DataEngine)>
2026-05-12T14:19:13.978166750Z [DEBUG] TRADER-001.MessageBus: Added endpoint 'DataEngine.response' <bound method LiveDataEngine.response of LiveDataEngine(DataEngine)>
2026-05-12T14:19:13.978169361Z [DEBUG] TRADER-001.MessageBus: Added endpoint 'DataEngine.process_historical' <bound method DataEngine.process_historical of LiveDataEngine(DataEngine)>
2026-05-12T14:19:13.978237262Z [INFO] TRADER-001.DataEngine: config.graceful_shutdown_on_exception=False
2026-05-12T14:19:13.978283401Z [INFO] TRADER-001.RiskEngine: READY
2026-05-12T14:19:13.978353368Z [INFO] TRADER-001.RiskEngine: TradingState is ACTIVE
2026-05-12T14:19:13.978424035Z [INFO] TRADER-001.Throttler-ORDER_SUBMIT_THROTTLER: READY
2026-05-12T14:19:13.978447894Z [INFO] TRADER-001.RiskEngine: Set MAX_ORDER_SUBMIT_RATE: 100/00:00:01
2026-05-12T14:19:13.978479306Z [INFO] TRADER-001.Throttler-ORDER_MODIFY_THROTTLER: READY
2026-05-12T14:19:13.978490387Z [INFO] TRADER-001.RiskEngine: Set MAX_ORDER_MODIFY_RATE: 100/00:00:01
2026-05-12T14:19:13.978496049Z [DEBUG] TRADER-001.MessageBus: Added endpoint 'RiskEngine.execute' <bound method LiveRiskEngine.execute of LiveRiskEngine(RiskEngine)>
2026-05-12T14:19:13.978498048Z [DEBUG] TRADER-001.MessageBus: Added endpoint 'RiskEngine.process' <bound method LiveRiskEngine.process of LiveRiskEngine(RiskEngine)>
2026-05-12T14:19:13.978505160Z [DEBUG] TRADER-001.MessageBus: Added Subscription(topic=events.order.*, handler=<bound method RiskEngine._handle_event of LiveRiskEngine(RiskEngine)>, priority=10)
2026-05-12T14:19:13.978509281Z [DEBUG] TRADER-001.MessageBus: Added Subscription(topic=events.position.*, handler=<bound method RiskEngine._handle_event of LiveRiskEngine(RiskEngine)>, priority=10)
2026-05-12T14:19:13.978546411Z [INFO] TRADER-001.RiskEngine: config.graceful_shutdown_on_exception=False
2026-05-12T14:19:13.978604725Z [INFO] TRADER-001.ExecEngine: READY
2026-05-12T14:19:13.978640863Z [INFO] TRADER-001.ExecEngine: config.snapshot_orders=False
2026-05-12T14:19:13.978644478Z [INFO] TRADER-001.ExecEngine: config.snapshot_positions=False
2026-05-12T14:19:13.978645511Z [INFO] TRADER-001.ExecEngine: config.snapshot_positions_interval_secs=None
2026-05-12T14:19:13.978646193Z [INFO] TRADER-001.ExecEngine: config.allow_overfills=False
2026-05-12T14:19:13.978650505Z [DEBUG] TRADER-001.MessageBus: Added endpoint 'ExecEngine.execute' <bound method LiveExecutionEngine.execute of LiveExecutionEngine(ExecEngine)>
2026-05-12T14:19:13.978652235Z [DEBUG] TRADER-001.MessageBus: Added endpoint 'ExecEngine.process' <bound method LiveExecutionEngine.process of LiveExecutionEngine(ExecEngine)>
2026-05-12T14:19:13.978711753Z [INFO] TRADER-001.ExecEngine: config.reconciliation=True
2026-05-12T14:19:13.978716351Z [INFO] TRADER-001.ExecEngine: config.reconciliation_lookback_mins=None
2026-05-12T14:19:13.978717658Z [INFO] TRADER-001.ExecEngine: config.reconciliation_instrument_ids=None
2026-05-12T14:19:13.978719195Z [INFO] TRADER-001.ExecEngine: config.filter_unclaimed_external_orders=False
2026-05-12T14:19:13.978720327Z [INFO] TRADER-001.ExecEngine: config.filter_position_reports=False
2026-05-12T14:19:13.978721591Z [INFO] TRADER-001.ExecEngine: config.filtered_client_order_ids=None
2026-05-12T14:19:13.978723242Z [INFO] TRADER-001.ExecEngine: config.inflight_check_interval_ms=2000
2026-05-12T14:19:13.978724455Z [INFO] TRADER-001.ExecEngine: config.inflight_check_threshold_ms=5000
2026-05-12T14:19:13.978725720Z [INFO] TRADER-001.ExecEngine: config.inflight_check_retries=5
2026-05-12T14:19:13.978728542Z [INFO] TRADER-001.ExecEngine: config.own_books_audit_interval_secs=None
2026-05-12T14:19:13.978729766Z [INFO] TRADER-001.ExecEngine: config.open_check_interval_secs=None
2026-05-12T14:19:13.978730882Z [INFO] TRADER-001.ExecEngine: config.open_check_open_only=True
2026-05-12T14:19:13.978732023Z [INFO] TRADER-001.ExecEngine: config.open_check_lookback_mins=60
2026-05-12T14:19:13.978733193Z [INFO] TRADER-001.ExecEngine: config.open_check_threshold_ms=5000
2026-05-12T14:19:13.978734363Z [INFO] TRADER-001.ExecEngine: config.open_check_missing_retries=5
2026-05-12T14:19:13.978735573Z [INFO] TRADER-001.ExecEngine: config.max_single_order_queries_per_cycle=10
2026-05-12T14:19:13.978736842Z [INFO] TRADER-001.ExecEngine: config.single_order_query_delay_ms=100
2026-05-12T14:19:13.978737920Z [INFO] TRADER-001.ExecEngine: config.position_check_interval_secs=None
2026-05-12T14:19:13.978739343Z [INFO] TRADER-001.ExecEngine: config.position_check_lookback_mins=60
2026-05-12T14:19:13.978740890Z [INFO] TRADER-001.ExecEngine: config.position_check_threshold_ms=5000
2026-05-12T14:19:13.978742020Z [INFO] TRADER-001.ExecEngine: config.position_check_retries=3
2026-05-12T14:19:13.978745953Z [INFO] TRADER-001.ExecEngine: config.reconciliation_startup_delay_secs=10.0
2026-05-12T14:19:13.978747363Z [INFO] TRADER-001.ExecEngine: config.purge_closed_orders_interval_mins=None
2026-05-12T14:19:13.978748347Z [INFO] TRADER-001.ExecEngine: config.purge_closed_orders_buffer_mins=None
2026-05-12T14:19:13.978749238Z [INFO] TRADER-001.ExecEngine: config.purge_closed_positions_interval_mins=None
2026-05-12T14:19:13.978757607Z [INFO] TRADER-001.ExecEngine: config.purge_closed_positions_buffer_mins=None
2026-05-12T14:19:13.978758773Z [INFO] TRADER-001.ExecEngine: config.purge_account_events_interval_mins=None
2026-05-12T14:19:13.978760060Z [INFO] TRADER-001.ExecEngine: config.purge_account_events_lookback_mins=None
2026-05-12T14:19:13.978761528Z [INFO] TRADER-001.ExecEngine: config.purge_from_database=False
2026-05-12T14:19:13.978762521Z [INFO] TRADER-001.ExecEngine: config.graceful_shutdown_on_exception=False
2026-05-12T14:19:13.978775072Z [DEBUG] TRADER-001.MessageBus: Added endpoint 'ExecEngine.reconcile_execution_report' <bound method LiveExecutionEngine.reconcile_execution_report of LiveExecutionEngine(ExecEngine)>
2026-05-12T14:19:13.978778598Z [DEBUG] TRADER-001.MessageBus: Added endpoint 'ExecEngine.reconcile_execution_mass_status' <bound method LiveExecutionEngine.reconcile_execution_mass_status of LiveExecutionEngine(ExecEngine)>
2026-05-12T14:19:13.978802319Z [DEBUG] TRADER-001.Cache: Clearing index
2026-05-12T14:19:13.978805743Z [DEBUG] TRADER-001.Cache: Cleared index
2026-05-12T14:19:13.978809295Z [DEBUG] TRADER-001.ExecEngine: clear_index took 0ms
2026-05-12T14:19:13.978819109Z [DEBUG] TRADER-001.Cache: Loading general cache from database
2026-05-12T14:19:13.978825646Z [INFO] TRADER-001.Cache: Cached 0 general objects from database
2026-05-12T14:19:13.978828724Z [DEBUG] TRADER-001.ExecEngine: cache_general took 0ms
2026-05-12T14:19:13.978830087Z [DEBUG] TRADER-001.Cache: Loading currencies from database
2026-05-12T14:19:13.978832210Z [INFO] TRADER-001.Cache: Cached 0 currencies from database
2026-05-12T14:19:13.978834011Z [DEBUG] TRADER-001.ExecEngine: cache_currencies took 0ms
2026-05-12T14:19:13.978834761Z [DEBUG] TRADER-001.Cache: Loading instruments from database
2026-05-12T14:19:13.978835593Z [INFO] TRADER-001.Cache: Cached 0 instruments from database
2026-05-12T14:19:13.978836581Z [DEBUG] TRADER-001.ExecEngine: cache_instruments took 0ms
2026-05-12T14:19:13.978837680Z [DEBUG] TRADER-001.Cache: Loading accounts from database
2026-05-12T14:19:13.978838813Z [INFO] TRADER-001.Cache: Cached 0 accounts from database
2026-05-12T14:19:13.978839658Z [DEBUG] TRADER-001.ExecEngine: cache_accounts took 0ms
2026-05-12T14:19:13.978840400Z [DEBUG] TRADER-001.Cache: Loading orders from database
2026-05-12T14:19:13.978842220Z [INFO] TRADER-001.Cache: Cached 0 orders from database
2026-05-12T14:19:13.978843351Z [DEBUG] TRADER-001.ExecEngine: cache_orders took 0ms
2026-05-12T14:19:13.978844429Z [DEBUG] TRADER-001.Cache: Loading order lists
2026-05-12T14:19:13.978849238Z [INFO] TRADER-001.Cache: Cached 0 order lists from database
2026-05-12T14:19:13.978850488Z [DEBUG] TRADER-001.ExecEngine: cache_order_lists took 0ms
2026-05-12T14:19:13.978851297Z [DEBUG] TRADER-001.Cache: Loading positions from database
2026-05-12T14:19:13.978853722Z [INFO] TRADER-001.Cache: Cached 0 positions from database
2026-05-12T14:19:13.978854611Z [DEBUG] TRADER-001.ExecEngine: cache_positions took 0ms
2026-05-12T14:19:13.978856344Z [DEBUG] TRADER-001.Cache: Building index
2026-05-12T14:19:13.978863694Z [DEBUG] TRADER-001.Cache: Index built in 0.000s
2026-05-12T14:19:13.978864877Z [DEBUG] TRADER-001.ExecEngine: build_index took 0ms
2026-05-12T14:19:13.978871098Z [INFO] TRADER-001.Cache: Checking data integrity
2026-05-12T14:19:13.978879080Z [INFO] TRADER-001.Cache: Integrity check passed in 9μs
2026-05-12T14:19:13.978880902Z [DEBUG] TRADER-001.ExecEngine: check_integrity took 0ms
2026-05-12T14:19:13.978889809Z [DEBUG] TRADER-001.ExecEngine: _set_position_id_counts took 0ms
2026-05-12T14:19:13.978891303Z [INFO] TRADER-001.ExecEngine: Loaded cache in 0ms
2026-05-12T14:19:13.978931494Z [INFO] TRADER-001.OrderEmulator: READY
2026-05-12T14:19:13.978981927Z [DEBUG] TRADER-001.MessageBus: Added endpoint 'OrderEmulator.execute' <bound method OrderEmulator.execute of OrderEmulator(OrderEmulator)>
2026-05-12T14:19:13.979006726Z [INFO] TRADER-001.TRADER-001: READY
2026-05-12T14:19:13.979051125Z [INFO] TRADER-001.TradingNode: Initialized in 4ms
2026-05-12T14:19:13.979070123Z [INFO] TRADER-001.TradingNode: has_cache_backing=False
2026-05-12T14:19:13.979072288Z [INFO] TRADER-001.TradingNode: has_msgbus_backing=False
2026-05-12T14:19:13.979195354Z [INFO] TRADER-001.ApiOrderTestStrategy: READY
2026-05-12T14:19:13.979241900Z [DEBUG] TRADER-001.MessageBus: Added Subscription(topic=events.order.ApiOrderTestStrategy-000, handler=<bound method Strategy.handle_event of ApiOrderTestStrategy(ApiOrderTestStrategy-000)>, priority=0)
2026-05-12T14:19:13.979248967Z [DEBUG] TRADER-001.MessageBus: Added Subscription(topic=events.position.ApiOrderTestStrategy-000, handler=<bound method Strategy.handle_event of ApiOrderTestStrategy(ApiOrderTestStrategy-000)>, priority=0)
2026-05-12T14:19:13.979259471Z [INFO] TRADER-001.ExecEngine: Registered OMS.UNSPECIFIED for Strategy ApiOrderTestStrategy-000
2026-05-12T14:19:13.979265462Z [INFO] TRADER-001.TRADER-001: Registered Strategy ApiOrderTestStrategy-000
2026-05-12T14:19:13.979273590Z [INFO] TRADER-001.TradingNode: Building data client for ETORO_WS_CLIENT
2026-05-12T14:19:13.979303555Z [INFO] TRADER-001.InstrumentProvider: READY
2026-05-12T14:19:13.979463840Z [INFO] TRADER-001.DataClient-ETORO_WS_CLIENT: READY
2026-05-12T14:19:13.979519599Z [INFO] TRADER-001.DataEngine: Registered ETORO_WS_CLIENT
2026-05-12T14:19:13.979540101Z [INFO] TRADER-001.TradingNode: Building execution client for ETORO
2026-05-12T14:19:13.979560956Z [INFO] TRADER-001.InstrumentProvider: READY
2026-05-12T14:19:13.979598106Z [INFO] TRADER-001.ExecClient-ETORO: READY
2026-05-12T14:19:13.979718121Z [INFO] TRADER-001.ExecEngine: Registered ExecutionClient-ETORO
2026-05-12T14:19:13.980137275Z [INFO] TRADER-001.TradingNode: STARTING
2026-05-12T14:19:13.980193897Z [DEBUG] TRADER-001.ApiOrderTestStrategy: Registered <concurrent.futures.thread.ThreadPoolExecutor object at 0x7c6e31338860>
2026-05-12T14:19:13.980228005Z [DEBUG] TRADER-001.DataEngine: STARTING
2026-05-12T14:19:13.980232581Z [DEBUG] TRADER-001.DataClient-ETORO_WS_CLIENT: STARTING
2026-05-12T14:19:13.980248307Z [INFO] TRADER-001.DataClient-ETORO_WS_CLIENT: RUNNING
2026-05-12T14:19:13.980273668Z [DEBUG] TRADER-001.DataEngine: Scheduled task 'cmd_queue'
2026-05-12T14:19:13.980276223Z [DEBUG] TRADER-001.DataEngine: Scheduled task 'req_queue'
2026-05-12T14:19:13.980277083Z [DEBUG] TRADER-001.DataEngine: Scheduled task 'res_queue'
2026-05-12T14:19:13.980278070Z [DEBUG] TRADER-001.DataEngine: Scheduled task 'data_queue'
2026-05-12T14:19:13.980289933Z [INFO] TRADER-001.DataEngine: RUNNING
2026-05-12T14:19:13.980300761Z [DEBUG] TRADER-001.RiskEngine: STARTING
2026-05-12T14:19:13.980312113Z [DEBUG] TRADER-001.RiskEngine: Scheduled task 'cmd_queue'
2026-05-12T14:19:13.980313782Z [DEBUG] TRADER-001.RiskEngine: Scheduled task 'evt_queue'
2026-05-12T14:19:13.980319936Z [INFO] TRADER-001.RiskEngine: RUNNING
2026-05-12T14:19:13.980326459Z [DEBUG] TRADER-001.ExecEngine: STARTING
2026-05-12T14:19:13.980329571Z [DEBUG] TRADER-001.ExecClient-ETORO: STARTING
2026-05-12T14:19:13.980339235Z [INFO] TRADER-001.ExecClient-ETORO: RUNNING
2026-05-12T14:19:13.980356478Z [DEBUG] TRADER-001.ExecEngine: Scheduled task 'cmd_queue'
2026-05-12T14:19:13.980358449Z [DEBUG] TRADER-001.ExecEngine: Scheduled task 'evt_queue'
2026-05-12T14:19:13.980362323Z [DEBUG] TRADER-001.ExecEngine: Scheduled task 'continuous_reconciliation'
2026-05-12T14:19:13.980363537Z [INFO] TRADER-001.ExecEngine: Started reconciliation task
2026-05-12T14:19:13.980369791Z [INFO] TRADER-001.ExecEngine: RUNNING
2026-05-12T14:19:13.980378011Z [INFO] TRADER-001.DataEngine: Connecting all clients...
2026-05-12T14:19:13.980384119Z [INFO] TRADER-001.DataClient-ETORO_WS_CLIENT: Connecting...
2026-05-12T14:19:13.980392226Z [DEBUG] TRADER-001.DataClient-ETORO_WS_CLIENT: Creating async task '_connect'
2026-05-12T14:19:13.980402494Z [INFO] TRADER-001.ExecEngine: Connecting all clients...
2026-05-12T14:19:13.980405582Z [INFO] TRADER-001.ExecClient-ETORO: Connecting...
2026-05-12T14:19:13.980409016Z [DEBUG] TRADER-001.ExecClient-ETORO: Creating task '_connect'
2026-05-12T14:19:13.980419940Z [INFO] TRADER-001.TradingNode: Awaiting engine connections and initializations (120.0s timeout)...
2026-05-12T14:19:13.980564023Z [DEBUG] TRADER-001.DataEngine: DataCommand message queue processing starting (qsize=0)
2026-05-12T14:19:13.980573832Z [DEBUG] TRADER-001.DataEngine: RequestData message queue processing starting (qsize=0)
2026-05-12T14:19:13.980580226Z [DEBUG] TRADER-001.DataEngine: DataResponse message queue processing starting (qsize=0)
2026-05-12T14:19:13.980585328Z [DEBUG] TRADER-001.DataEngine: Data queue processing starting (qsize=0)
2026-05-12T14:19:13.980589726Z [DEBUG] TRADER-001.RiskEngine: Command message queue processing (qsize=0)
2026-05-12T14:19:13.980594636Z [DEBUG] TRADER-001.RiskEngine: Event message queue processing starting (qsize=0)
2026-05-12T14:19:13.980600996Z [DEBUG] TRADER-001.ExecEngine: Command message queue processing starting (qsize=0)
2026-05-12T14:19:13.980604309Z [DEBUG] TRADER-001.ExecEngine: Event message queue processing starting (qsize=0)
2026-05-12T14:19:13.980618983Z [INFO] TRADER-001.ExecEngine: Starting continuous reconciliation with intervals: inflight=2000ms, consistency=Nones, position=Nones
2026-05-12T14:19:13.980622551Z [INFO] TRADER-001.ExecEngine: Awaiting startup reconciliation completion before starting continuous checks
2026-05-12T14:19:14.027050632Z [INFO] TRADER-001.DataClient-ETORO_WS_CLIENT: WebSocket Verbindungsversuch 1/5 zu wss://ws.etoro.com/ws ...
2026-05-12T14:19:14.042862985Z [INFO] TRADER-001.ExecClient-ETORO: ⚠️  DRY-RUN MODE: no real orders will be sent.
2026-05-12T14:19:14.088767302Z [INFO] TRADER-001.ExecClient-ETORO: Execution WS connect attempt 1/5 ...
2026-05-12T14:19:14.312254588Z [INFO] TRADER-001.DataClient-ETORO_WS_CLIENT: WebSocket verbunden. Authentifiziere...
2026-05-12T14:19:14.312445029Z [DEBUG] TRADER-001.Cache: Added currency USD
2026-05-12T14:19:14.312453479Z [DEBUG] TRADER-001.Cache: Added instrument ADA.ETORO
2026-05-12T14:19:14.312501885Z [INFO] TRADER-001.DataClient-ETORO_WS_CLIENT: Instrument registriert: ADA.ETORO [Crypto] price_prec=5, size_prec=0
2026-05-12T14:19:14.380847899Z [INFO] TRADER-001.DataClient-ETORO_WS_CLIENT: Auth-Antwort: {'id': 'f3700037-818c-4974-90e5-54855dc760c3', 'success': True, 'operation': 'Authenticate'}
2026-05-12T14:19:14.381086770Z [INFO] TRADER-001.DataClient-ETORO_WS_CLIENT: Abonniert: ['instrument:100017']
2026-05-12T14:19:14.381101340Z [DEBUG] TRADER-001.DataClient-ETORO_WS_CLIENT: Creating async task 'message_loop'
2026-05-12T14:19:14.381242365Z [DEBUG] TRADER-001.DataClient-ETORO_WS_CLIENT: Coroutine '_connect' completed
2026-05-12T14:19:14.381251027Z [INFO] TRADER-001.DataClient-ETORO_WS_CLIENT: Connected
2026-05-12T14:19:14.424006954Z [INFO] TRADER-001.DataClient-ETORO_WS_CLIENT: Snapshot ADA.ETORO: MarketOpen=True, AllowBuy=True
2026-05-12T14:19:14.479863351Z [WARN] TRADER-001.ExecClient-ETORO: Auth response not JSON: b'\x00'
2026-05-12T14:19:14.479990597Z [INFO] TRADER-001.ExecClient-ETORO: Subscribed to trading notification topics.
2026-05-12T14:19:14.480000431Z [DEBUG] TRADER-001.ExecClient-ETORO: Creating task 'exec_ws_loop'
2026-05-12T14:19:14.480017985Z [INFO] TRADER-001.ExecClient-ETORO: Execution WS connected and authenticated.
2026-05-12T14:19:14.480146059Z [DEBUG] TRADER-001.Cache: Added Account(id=ETORO-DEMO-001)
2026-05-12T14:19:14.480151584Z [DEBUG] TRADER-001.Cache: Indexed AccountId('ETORO-DEMO-001')
2026-05-12T14:19:14.480178047Z [INFO] TRADER-001.Portfolio: Updated AccountState(account_id=ETORO-DEMO-001, account_type=MARGIN, base_currency=USD, is_reported=False, balances=[AccountBalance(total=0.00 USD, locked=0.00 USD, free=0.00 USD)], margins=[], event_id=efe32765-8f78-4236-b6c9-b05d443c87d5)
2026-05-12T14:19:14.480306237Z [INFO] TRADER-001.ExecClient-ETORO: Connected
2026-05-12T14:19:14.480350546Z [INFO] TRADER-001.TradingNode: Awaiting execution state reconciliation (30.0s timeout)...
2026-05-12T14:19:14.480408735Z [INFO] TRADER-001.ExecClient-ETORO: Generating ExecutionMassStatus...
2026-05-12T14:19:14.480501902Z [WARN] TRADER-001.ExecClient-ETORO: generate_order_status_reports: Kein Query-Endpoint verfügbar. Gebe leere Liste zurück.
2026-05-12T14:19:14.482199391Z [DEBUG] TRADER-001.ExecEngine: <--[RPT] ExecutionMassStatus(client_id=ETORO, account_id=ETORO-DEMO-001, venue=ETORO, order_reports={}, fill_reports={}, position_reports={}, report_id=be680e58-7f74-4a92-a5c5-6ecf53a41f22, ts_init=1778595554480417241)
2026-05-12T14:19:14.482238034Z [INFO] TRADER-001.ExecEngine: Reconciling ExecutionMassStatus for ETORO
2026-05-12T14:19:14.482481658Z [INFO] TRADER-001.ExecEngine: Attempting to adjust fills for 0 instruments
2026-05-12T14:19:14.488754569Z [INFO] TRADER-001.ExecEngine: Updating adjusted fills for 0 instruments
2026-05-12T14:19:14.489184591Z [INFO] TRADER-001.ExecEngine: Final order_reports contains 0 orders, fill_reports contains 0 fills across all instruments
2026-05-12T14:19:14.489486196Z [DEBUG] TRADER-001.ExecEngine: Reconciliation state validation passed for 0 order(s)
2026-05-12T14:19:14.489514952Z [INFO] TRADER-001.ExecEngine: Reconciliation for ETORO succeeded
2026-05-12T14:19:14.489550264Z [INFO] TRADER-001.TradingNode: Execution state reconciled
2026-05-12T14:19:14.489566257Z [DEBUG] TRADER-001.OrderEmulator: STARTING
2026-05-12T14:19:14.489569993Z [INFO] TRADER-001.OrderEmulator: No emulated orders to reactivate
2026-05-12T14:19:14.489601724Z [INFO] TRADER-001.OrderEmulator: RUNNING
2026-05-12T14:19:14.489620269Z [INFO] TRADER-001.Portfolio: Initialized 0 open orders
2026-05-12T14:19:14.489627590Z [INFO] TRADER-001.Portfolio: Initialized 0 open positions
2026-05-12T14:19:14.489641783Z [INFO] TRADER-001.TradingNode: Awaiting portfolio initialization (10.0s timeout)...
2026-05-12T14:19:14.489794897Z [INFO] TRADER-001.ExecEngine: Startup reconciliation completed
2026-05-12T14:19:14.489809849Z [INFO] TRADER-001.ExecEngine: Applying post-reconciliation startup delay (10.0s)
2026-05-12T14:19:14.489875262Z [INFO] TRADER-001.TradingNode: Portfolio initialized
2026-05-12T14:19:14.489892132Z [DEBUG] TRADER-001.TRADER-001: STARTING
2026-05-12T14:19:14.489914703Z [DEBUG] TRADER-001.ApiOrderTestStrategy: STARTING
2026-05-12T14:19:14.489921199Z [INFO] TRADER-001.ApiOrderTestStrategy: self.config.oms_type=None
2026-05-12T14:19:14.489924083Z [INFO] TRADER-001.ApiOrderTestStrategy: self.config.external_order_claims=None
2026-05-12T14:19:14.489926195Z [INFO] TRADER-001.ApiOrderTestStrategy: self.config.manage_gtd_expiry=False
2026-05-12T14:19:14.489938982Z [INFO] TRADER-001.ApiOrderTestStrategy: Set ClientOrderIdGenerator client_order_id count to 0
2026-05-12T14:19:14.489944763Z [INFO] TRADER-001.ApiOrderTestStrategy: Set ClientOrderIdGenerator order_list_id count to 0
2026-05-12T14:19:14.489967834Z [INFO] TRADER-001.ApiOrderTestStrategy: Test gestartet. Warte auf ersten Tick für ADA.ETORO ...
2026-05-12T14:19:14.490096662Z [DEBUG] TRADER-001.MessageBus: Added Subscription(topic=data.quotes.ETORO.ADA, handler=<bound method Actor.handle_quote_tick of ApiOrderTestStrategy(ApiOrderTestStrategy-000)>, priority=0)
2026-05-12T14:19:14.490151539Z [INFO] TRADER-001.ApiOrderTestStrategy: [CMD]--> SubscribeQuoteTicks(instrument_id=ADA.ETORO, client_id=None, venue=ETORO)
2026-05-12T14:19:14.490204955Z [INFO] TRADER-001.ApiOrderTestStrategy: RUNNING
2026-05-12T14:19:14.490228264Z [INFO] TRADER-001.TRADER-001: RUNNING
2026-05-12T14:19:14.490241609Z [INFO] TRADER-001.TradingNode: RUNNING
2026-05-12T14:19:14.490373043Z [DEBUG] TRADER-001.DataClient-ETORO_WS_CLIENT: Creating async task 'subscribe: quote_ticks ADA.ETORO'
2026-05-12T14:19:14.490413039Z [DEBUG] TRADER-001.DataClient-ETORO_WS_CLIENT: Coroutine 'subscribe: quote_ticks ADA.ETORO' completed
2026-05-12T14:19:14.490416539Z [INFO] TRADER-001.DataClient-ETORO_WS_CLIENT: Subscribed ADA.ETORO quotes
2026-05-12T14:19:18.082823337Z [INFO] TRADER-001.ApiOrderTestStrategy: Sende BUY: 40 Units @ Ask 0.27240 (~11.0 USD)
2026-05-12T14:19:18.083373854Z [INFO] TRADER-001.ApiOrderTestStrategy: <--[EVT] OrderInitialized(instrument_id=ADA.ETORO, client_order_id=O-20260512-141918-001-000-1, side=BUY, type=MARKET, quantity=40, time_in_force=GTC, post_only=False, reduce_only=False, quote_quantity=False, options={}, emulation_trigger=NO_TRIGGER, trigger_instrument_id=None, contingency_type=NO_CONTINGENCY, order_list_id=None, linked_order_ids=None, parent_order_id=None, exec_algorithm_id=None, exec_algorithm_params=None, exec_spawn_id=None, tags=None)
2026-05-12T14:19:18.083547498Z [DEBUG] TRADER-001.Cache: Added MarketOrder(BUY 40 ADA.ETORO MARKET GTC, status=INITIALIZED, client_order_id=O-20260512-141918-001-000-1, venue_order_id=None, position_id=None, tags=None)
2026-05-12T14:19:18.083654133Z [INFO] TRADER-001.ApiOrderTestStrategy: [CMD]--> [Risk] SubmitOrder(order=MarketOrder(BUY 40 ADA.ETORO MARKET GTC, status=INITIALIZED, client_order_id=O-20260512-141918-001-000-1, venue_order_id=None, position_id=None, tags=None), position_id=None)
2026-05-12T14:19:18.083936791Z [DEBUG] TRADER-001.ExecEngine: Routed by instrument venue: ETORO
2026-05-12T14:19:18.084032476Z [INFO] TRADER-001.ExecClient-ETORO: Submit MarketOrder(BUY 40 ADA.ETORO MARKET GTC, status=INITIALIZED, client_order_id=O-20260512-141918-001-000-1, venue_order_id=None, position_id=None, tags=None)
2026-05-12T14:19:18.084076642Z [DEBUG] TRADER-001.ExecClient-ETORO: Creating task 'submit_order: SubmitOrder(order=MarketOrder(BUY 40 ADA.ETORO MARKET GTC, status=INITIALIZED, client_order_id=O-20260512-141918-001-000-1, venue_order_id=None, position_id=None, tags=None), position_id=None)'
2026-05-12T14:19:18.084575913Z [INFO] TRADER-001.ExecClient-ETORO: DRY-RUN POST https://public-api.etoro.com/api/v1/trading/execution/demo/market-open-orders/by-amount | payload={'InstrumentID': 100017, 'IsBuy': True, 'Leverage': 1, 'Amount': 10.9} | x-request-id=d07bc6cd-6a5a-5d5d-9088-5081ac6a23de
2026-05-12T14:19:18.090559377Z [INFO] TRADER-001.ExecClient-ETORO: DRY-RUN order filled: O-20260512-141918-001-000-1 @ 0.27240
2026-05-12T14:19:18.090680506Z [INFO] TRADER-001.ApiOrderTestStrategy: <--[EVT] OrderSubmitted(instrument_id=ADA.ETORO, client_order_id=O-20260512-141918-001-000-1, account_id=ETORO-DEMO-001, ts_event=1778595558084151895)
2026-05-12T14:19:18.090738870Z [DEBUG] TRADER-001.Cache: Indexed ClientOrderId('O-20260512-141918-001-000-1') with VenueOrderId('d07bc6cd-6a5a-5d5d-9088-5081ac6a23de')
2026-05-12T14:19:18.090762852Z [INFO] TRADER-001.ApiOrderTestStrategy: <--[EVT] OrderAccepted(instrument_id=ADA.ETORO, client_order_id=O-20260512-141918-001-000-1, venue_order_id=d07bc6cd-6a5a-5d5d-9088-5081ac6a23de, account_id=ETORO-DEMO-001, ts_event=1778595558090411420)
2026-05-12T14:19:18.090901270Z [DEBUG] TRADER-001.Cache: Indexed PositionId('ADA.ETORO-ApiOrderTestStrategy-000'), client_order_id=O-20260512-141918-001-000-1, strategy_id=ApiOrderTestStrategy-000)
2026-05-12T14:19:18.090906677Z [DEBUG] TRADER-001.Cache: Added Position(id=ADA.ETORO-ApiOrderTestStrategy-000, strategy_id=ApiOrderTestStrategy-000)
2026-05-12T14:19:18.090971919Z [INFO] TRADER-001.Portfolio: ADA.ETORO account=ETORO-DEMO-001 net_position=40
2026-05-12T14:19:18.091081236Z [INFO] TRADER-001.ApiOrderTestStrategy: <--[EVT] OrderFilled(instrument_id=ADA.ETORO, client_order_id=O-20260512-141918-001-000-1, venue_order_id=d07bc6cd-6a5a-5d5d-9088-5081ac6a23de, account_id=ETORO-DEMO-001, trade_id=e96f0e45-99f5-49ed-9ebd-def1dc94cc99, position_id=ADA.ETORO-ApiOrderTestStrategy-000, order_side=BUY, order_type=MARKET, last_qty=40, last_px=0.27240 USD, commission=0.00 USD, liquidity_side=TAKER, ts_event=1778595558090511709)
2026-05-12T14:19:18.091111856Z [INFO] TRADER-001.ApiOrderTestStrategy: Fill: 40 Units @ 0.27240 (client_order_id=O-20260512-141918-001-000-1)
2026-05-12T14:19:18.091116394Z [INFO] TRADER-001.ApiOrderTestStrategy: BUY gefüllt — sende SELL zum Schliessen ...
2026-05-12T14:19:18.091250092Z [INFO] TRADER-001.ApiOrderTestStrategy: <--[EVT] OrderInitialized(instrument_id=ADA.ETORO, client_order_id=O-20260512-141918-001-000-2, side=SELL, type=MARKET, quantity=40, time_in_force=GTC, post_only=False, reduce_only=False, quote_quantity=False, options={}, emulation_trigger=NO_TRIGGER, trigger_instrument_id=None, contingency_type=NO_CONTINGENCY, order_list_id=None, linked_order_ids=None, parent_order_id=None, exec_algorithm_id=None, exec_algorithm_params=None, exec_spawn_id=None, tags=None)
2026-05-12T14:19:18.091289831Z [DEBUG] TRADER-001.Cache: Added MarketOrder(SELL 40 ADA.ETORO MARKET GTC, status=INITIALIZED, client_order_id=O-20260512-141918-001-000-2, venue_order_id=None, position_id=None, tags=None)
2026-05-12T14:19:18.091328151Z [INFO] TRADER-001.ApiOrderTestStrategy: [CMD]--> [Risk] SubmitOrder(order=MarketOrder(SELL 40 ADA.ETORO MARKET GTC, status=INITIALIZED, client_order_id=O-20260512-141918-001-000-2, venue_order_id=None, position_id=None, tags=None), position_id=None)
2026-05-12T14:19:18.091434297Z [INFO] TRADER-001.ApiOrderTestStrategy: <--[EVT] PositionOpened(instrument_id=ADA.ETORO, position_id=ADA.ETORO-ApiOrderTestStrategy-000, account_id=ETORO-DEMO-001, opening_order_id=O-20260512-141918-001-000-1, closing_order_id=None, entry=BUY, side=LONG, signed_qty=40.0, quantity=40, peak_qty=40, currency=USD, avg_px_open=0.2724, avg_px_close=0.0, realized_return=0.00000, realized_pnl=0.00 USD, unrealized_pnl=0.00 USD, ts_opened=1778595558090511709, ts_last=1778595558090511709, ts_closed=0, duration_ns=0)
2026-05-12T14:19:18.091566064Z [DEBUG] TRADER-001.ExecEngine: Routed by instrument venue: ETORO
2026-05-12T14:19:18.091596966Z [INFO] TRADER-001.ExecClient-ETORO: Submit MarketOrder(SELL 40 ADA.ETORO MARKET GTC, status=INITIALIZED, client_order_id=O-20260512-141918-001-000-2, venue_order_id=None, position_id=None, tags=None)
2026-05-12T14:19:18.091607088Z [DEBUG] TRADER-001.ExecClient-ETORO: Creating task 'submit_order: SubmitOrder(order=MarketOrder(SELL 40 ADA.ETORO MARKET GTC, status=INITIALIZED, client_order_id=O-20260512-141918-001-000-2, venue_order_id=None, position_id=None, tags=None), position_id=None)'
2026-05-12T14:19:18.091755775Z [INFO] TRADER-001.ExecClient-ETORO: DRY-RUN POST https://public-api.etoro.com/api/v1/trading/execution/demo/market-close-orders/positions/d07bc6cd-6a5a-5d5d-9088-5081ac6a23de | payload={'InstrumentID': 100017, 'UnitsToDeduct': None} | x-request-id=d9648e7b-25ff-5e95-a123-0e4c4b459da0
2026-05-12T14:19:18.093582264Z [INFO] TRADER-001.ExecClient-ETORO: DRY-RUN order filled: O-20260512-141918-001-000-2 @ 0.27230
2026-05-12T14:19:18.093651979Z [INFO] TRADER-001.ApiOrderTestStrategy: <--[EVT] OrderSubmitted(instrument_id=ADA.ETORO, client_order_id=O-20260512-141918-001-000-2, account_id=ETORO-DEMO-001, ts_event=1778595558091632035)
2026-05-12T14:19:18.093684366Z [DEBUG] TRADER-001.Cache: Indexed ClientOrderId('O-20260512-141918-001-000-2') with VenueOrderId('d9648e7b-25ff-5e95-a123-0e4c4b459da0')
2026-05-12T14:19:18.093705533Z [INFO] TRADER-001.ApiOrderTestStrategy: <--[EVT] OrderAccepted(instrument_id=ADA.ETORO, client_order_id=O-20260512-141918-001-000-2, venue_order_id=d9648e7b-25ff-5e95-a123-0e4c4b459da0, account_id=ETORO-DEMO-001, ts_event=1778595558093484169)
2026-05-12T14:19:18.093889684Z [INFO] TRADER-001.ApiOrderTestStrategy: <--[EVT] OrderFilled(instrument_id=ADA.ETORO, client_order_id=O-20260512-141918-001-000-2, venue_order_id=d9648e7b-25ff-5e95-a123-0e4c4b459da0, account_id=ETORO-DEMO-001, trade_id=8b6dd3b7-da4d-424e-8052-3ee6f13369e7, position_id=ADA.ETORO-ApiOrderTestStrategy-000, order_side=SELL, order_type=MARKET, last_qty=40, last_px=0.27230 USD, commission=0.00 USD, liquidity_side=TAKER, ts_event=1778595558093562367)
2026-05-12T14:19:18.093903889Z [INFO] TRADER-001.ApiOrderTestStrategy: Fill: 40 Units @ 0.27230 (client_order_id=O-20260512-141918-001-000-2)
2026-05-12T14:19:18.093940000Z [INFO] TRADER-001.ApiOrderTestStrategy: <--[EVT] PositionClosed(instrument_id=ADA.ETORO, position_id=ADA.ETORO-ApiOrderTestStrategy-000, account_id=ETORO-DEMO-001, opening_order_id=O-20260512-141918-001-000-1, closing_order_id=O-20260512-141918-001-000-2, entry=BUY, side=FLAT, signed_qty=0.0, quantity=0, peak_qty=40, currency=USD, avg_px_open=0.2724, avg_px_close=0.2723, realized_return=-0.00037, realized_pnl=0.00 USD, unrealized_pnl=0.00 USD, ts_opened=1778595558090511709, ts_last=1778595558093562367, ts_closed=1778595558093562367, duration_ns=3050658)
2026-05-12T14:19:18.983131022Z [INFO] TRADER-001.TradingNode: STOPPING
2026-05-12T14:19:18.983160028Z [DEBUG] TRADER-001.TRADER-001: STOPPING
2026-05-12T14:19:18.983172501Z [DEBUG] TRADER-001.ApiOrderTestStrategy: STOPPING
2026-05-12T14:19:18.983252567Z [DEBUG] TRADER-001.MessageBus: Removed Subscription(topic=data.quotes.ETORO.ADA, handler=<bound method Actor.handle_quote_tick of ApiOrderTestStrategy(ApiOrderTestStrategy-000)>, priority=0)
2026-05-12T14:19:18.983326894Z [INFO] TRADER-001.ApiOrderTestStrategy: [CMD]--> UnsubscribeQuoteTicks(instrument_id=ADA.ETORO, client_id=None, venue=ETORO)
2026-05-12T14:19:18.983352399Z [INFO] TRADER-001.ApiOrderTestStrategy: Strategie gestoppt.
2026-05-12T14:19:18.983363640Z [INFO] TRADER-001.ApiOrderTestStrategy: Canceling executor tasks
2026-05-12T14:19:18.983451683Z [INFO] TRADER-001.ApiOrderTestStrategy: STOPPED
2026-05-12T14:19:18.983485474Z [INFO] TRADER-001.TRADER-001: STOPPED
2026-05-12T14:19:18.983504402Z [INFO] TRADER-001.TradingNode: Awaiting post stop (10.0s timeout)...
2026-05-12T14:19:18.983584278Z [DEBUG] TRADER-001.ApiOrderTestStrategy: Executor: Canceled inner worker task
2026-05-12T14:19:18.984391530Z [WARN] TRADER-001.DataEngine: DataCommand message queue canceled
2026-05-12T14:19:18.984418151Z [WARN] TRADER-001.DataEngine: DataCommand message queue stopped with 1 message(s) on queue
