2026-05-13T14:49:23.878557790Z [INFO] TRADER-001.TradingNode: =================================================================
2026-05-13T14:49:23.878588009Z [INFO] TRADER-001.TradingNode:  NAUTILUS TRADER - Automated Algorithmic Trading Platform
2026-05-13T14:49:23.878589328Z [INFO] TRADER-001.TradingNode:  by Nautech Systems Pty Ltd.
2026-05-13T14:49:23.878589654Z [INFO] TRADER-001.TradingNode:  Copyright (C) 2015-2026. All rights reserved.
2026-05-13T14:49:23.878590007Z [INFO] TRADER-001.TradingNode: =================================================================
2026-05-13T14:49:23.878590272Z [INFO] TRADER-001.TradingNode:
2026-05-13T14:49:23.878591109Z [INFO] TRADER-001.TradingNode: ⠀⠀⠀⠀⠀⠀⠀⠀⠀⠀⠀⠀⠀⣠⣴⣶⡟⠀⠀⠀⠀⠀⠀⠀⠀⠀⠀⠀⠀⠀⠀
2026-05-13T14:49:23.878591436Z [INFO] TRADER-001.TradingNode: ⠀⠀⠀⠀⠀⠀⠀⠀⠀⠀⠀⣰⣾⣿⣿⣿⠀⢸⣿⣿⣿⣿⣶⣶⣤⣀⠀⠀⠀⠀⠀
2026-05-13T14:49:23.878591932Z [INFO] TRADER-001.TradingNode: ⠀⠀⠀⠀⠀⠀⢀⣴⡇⢀⣾⣿⣿⣿⣿⣿⠀⣾⣿⣿⣿⣿⣿⣿⣿⠿⠓⠀⠀⠀⠀
2026-05-13T14:49:23.878592366Z [INFO] TRADER-001.TradingNode: ⠀⠀⠀⠀⠀⣰⣿⣿⡀⢸⣿⣿⣿⣿⣿⣿⠀⣿⣿⣿⣿⣿⣿⠟⠁⣠⣄⠀⠀⠀⠀
2026-05-13T14:49:23.878592968Z [INFO] TRADER-001.TradingNode: ⠀⠀⠀⠀⢠⣿⣿⣿⣇⠀⢿⣿⣿⣿⣿⣿⠀⢻⣿⣿⣿⡿⢃⣠⣾⣿⣿⣧⡀⠀⠀
2026-05-13T14:49:23.878593593Z [INFO] TRADER-001.TradingNode: ⠀⠀⠀⠠⣾⣿⣿⣿⣿⣿⣧⠈⠋⢀⣴⣧⠀⣿⡏⢠⡀⢸⣿⣿⣿⣿⣿⣿⣿⡇⠀
2026-05-13T14:49:23.878594199Z [INFO] TRADER-001.TradingNode: ⠀⠀⠀⣀⠙⢿⣿⣿⣿⣿⣿⠇⢠⣿⣿⣿⡄⠹⠃⠼⠃⠈⠉⠛⠛⠛⠛⠛⠻⠇⠀
2026-05-13T14:49:23.878594506Z [INFO] TRADER-001.TradingNode: ⠀⠀⢸⡟⢠⣤⠉⠛⠿⢿⣿⠀⢸⣿⡿⠋⣠⣤⣄⠀⣾⣿⣿⣶⣶⣶⣦⡄⠀⠀⠀
2026-05-13T14:49:23.878596592Z [INFO] TRADER-001.TradingNode: ⠀⠀⠸⠀⣾⠏⣸⣷⠂⣠⣤⠀⠘⢁⣴⣾⣿⣿⣿⡆⠘⣿⣿⣿⣿⣿⣿⠀⠀⠀⠀
2026-05-13T14:49:23.878596852Z [INFO] TRADER-001.TradingNode: ⠀⠀⠀⠀⠛⠀⣿⡟⠀⢻⣿⡄⠸⣿⣿⣿⣿⣿⣿⣿⡀⠘⣿⣿⣿⣿⠟⠀⠀⠀⠀
2026-05-13T14:49:23.878597079Z [INFO] TRADER-001.TradingNode: ⠀⠀⠀⠀⠀⠀⣿⠇⠀⠀⢻⡿⠀⠈⠻⣿⣿⣿⣿⣿⡇⠀⢹⣿⠿⠋⠀⠀⠀⠀⠀
2026-05-13T14:49:23.878597309Z [INFO] TRADER-001.TradingNode: ⠀⠀⠀⠀⠀⠀⠋⠀⠀⠀⡘⠁⠀⠀⠀⠀⠀⠀⠀⠀⠀⠀⠈⠁⠀⠀⠀⠀⠀⠀⠀
2026-05-13T14:49:23.878597536Z [INFO] TRADER-001.TradingNode:
2026-05-13T14:49:23.878598074Z [INFO] TRADER-001.TradingNode: =================================================================
2026-05-13T14:49:23.878598559Z [INFO] TRADER-001.TradingNode:  SYSTEM SPECIFICATION
2026-05-13T14:49:23.878598828Z [INFO] TRADER-001.TradingNode: =================================================================
2026-05-13T14:49:23.878599619Z [INFO] TRADER-001.TradingNode: CPU architecture: Intel(R) Xeon(R) Processor @ 2.30GHz
2026-05-13T14:49:23.878600483Z [INFO] TRADER-001.TradingNode: CPU(s): 4 @ 2299 MHz
2026-05-13T14:49:23.878601552Z [INFO] TRADER-001.TradingNode: OS: kernel-6.8.0 Linux (Ubuntu 24.04)
2026-05-13T14:49:23.878650185Z [INFO] TRADER-001.TradingNode: =================================================================
2026-05-13T14:49:23.878650746Z [INFO] TRADER-001.TradingNode:  MEMORY USAGE
2026-05-13T14:49:23.878651007Z [INFO] TRADER-001.TradingNode: =================================================================
2026-05-13T14:49:23.878654568Z [INFO] TRADER-001.TradingNode: RAM-Total: 7.77 GiB
2026-05-13T14:49:23.878656066Z [INFO] TRADER-001.TradingNode: RAM-Used: 0.53 GiB (6.76%)
2026-05-13T14:49:23.878656781Z [INFO] TRADER-001.TradingNode: RAM-Avail: 7.25 GiB (93.24%)
2026-05-13T14:49:23.878657606Z [INFO] TRADER-001.TradingNode: Swap: disabled
2026-05-13T14:49:23.878663145Z [INFO] TRADER-001.TradingNode: =================================================================
2026-05-13T14:49:23.878663654Z [INFO] TRADER-001.TradingNode:  IDENTIFIERS
2026-05-13T14:49:23.878664289Z [INFO] TRADER-001.TradingNode: =================================================================
2026-05-13T14:49:23.878665293Z [INFO] TRADER-001.TradingNode: trader_id: TRADER-001
2026-05-13T14:49:23.878666590Z [INFO] TRADER-001.TradingNode: machine_id: devbox
2026-05-13T14:49:23.878668821Z [INFO] TRADER-001.TradingNode: instance_id: 671a355d-a4e2-4557-8ccf-5bb3c1acc058
2026-05-13T14:49:23.878669421Z [INFO] TRADER-001.TradingNode: PID: 42124
2026-05-13T14:49:23.878669802Z [INFO] TRADER-001.TradingNode: =================================================================
2026-05-13T14:49:23.878670063Z [INFO] TRADER-001.TradingNode:  VERSIONING
2026-05-13T14:49:23.878670342Z [INFO] TRADER-001.TradingNode: =================================================================
2026-05-13T14:49:23.878717834Z [INFO] TRADER-001.TradingNode: nautilus_trader: 1.226.0
2026-05-13T14:49:23.878726468Z [INFO] TRADER-001.TradingNode: python: 3.12.13
2026-05-13T14:49:23.878731780Z [INFO] TRADER-001.TradingNode: numpy: 2.4.4
2026-05-13T14:49:23.878737541Z [INFO] TRADER-001.TradingNode: pandas: 2.3.3
2026-05-13T14:49:23.878741118Z [INFO] TRADER-001.TradingNode: msgspec: 0.21.1
2026-05-13T14:49:23.878745417Z [INFO] TRADER-001.TradingNode: pyarrow: 24.0.0
2026-05-13T14:49:23.878748263Z [INFO] TRADER-001.TradingNode: pytz: 2026.2
2026-05-13T14:49:23.878751749Z [INFO] TRADER-001.TradingNode: uvloop: 0.22.1
2026-05-13T14:49:23.878752018Z [INFO] TRADER-001.TradingNode: =================================================================
2026-05-13T14:49:23.878778507Z [INFO] TRADER-001.TradingNode: Building system kernel
2026-05-13T14:49:23.879094953Z [DEBUG] TRADER-001.TradingNode: Event loop signal handling setup for (<Signals.SIGTERM: 15>, <Signals.SIGINT: 2>, <Signals.SIGABRT: 6>)
2026-05-13T14:49:23.879128382Z [INFO] TRADER-001.MessageBus: config.database=None
2026-05-13T14:49:23.879130186Z [INFO] TRADER-001.MessageBus: config.encoding='msgpack'
2026-05-13T14:49:23.879131486Z [INFO] TRADER-001.MessageBus: config.timestamps_as_iso8601=False
2026-05-13T14:49:23.879132581Z [INFO] TRADER-001.MessageBus: config.buffer_interval_ms=None
2026-05-13T14:49:23.879133614Z [INFO] TRADER-001.MessageBus: config.autotrim_mins=None
2026-05-13T14:49:23.879134742Z [INFO] TRADER-001.MessageBus: config.use_trader_prefix=True
2026-05-13T14:49:23.879136238Z [INFO] TRADER-001.MessageBus: config.use_trader_id=True
2026-05-13T14:49:23.879137446Z [INFO] TRADER-001.MessageBus: config.use_instance_id=False
2026-05-13T14:49:23.879138768Z [INFO] TRADER-001.MessageBus: config.streams_prefix='stream'
2026-05-13T14:49:23.879140882Z [INFO] TRADER-001.MessageBus: config.types_filter=None
2026-05-13T14:49:23.879194429Z [DEBUG] TRADER-001.MessageBus: Added Subscription(topic=commands.system.shutdown, handler=<bound method NautilusKernel._on_shutdown_system of <nautilus_trader.system.kernel.NautilusKernel object at 0x7fbfb34283e0>>, priority=0)
2026-05-13T14:49:23.879233417Z [INFO] TRADER-001.Cache: READY
2026-05-13T14:49:23.880244466Z [DEBUG] TRADER-001.MessageBus: Added endpoint 'Portfolio.update_account' <bound method Portfolio.update_account of <nautilus_trader.portfolio.portfolio.Portfolio object at 0x7fbf62b00a40>>
2026-05-13T14:49:23.880287579Z [DEBUG] TRADER-001.MessageBus: Added endpoint 'Portfolio.update_order' <bound method Portfolio.update_order of <nautilus_trader.portfolio.portfolio.Portfolio object at 0x7fbf62b00a40>>
2026-05-13T14:49:23.880292285Z [DEBUG] TRADER-001.MessageBus: Added endpoint 'Portfolio.update_position' <bound method Portfolio.update_position of <nautilus_trader.portfolio.portfolio.Portfolio object at 0x7fbf62b00a40>>
2026-05-13T14:49:23.880307887Z [DEBUG] TRADER-001.MessageBus: Added Subscription(topic=events.order.*, handler=<bound method Portfolio.on_order_event of <nautilus_trader.portfolio.portfolio.Portfolio object at 0x7fbf62b00a40>>, priority=10)
2026-05-13T14:49:23.880315963Z [DEBUG] TRADER-001.MessageBus: Added Subscription(topic=events.position.*, handler=<bound method Portfolio.on_position_event of <nautilus_trader.portfolio.portfolio.Portfolio object at 0x7fbf62b00a40>>, priority=10)
2026-05-13T14:49:23.880324483Z [DEBUG] TRADER-001.MessageBus: Added Subscription(topic=data.quotes.*, handler=<bound method Portfolio.update_quote_tick of <nautilus_trader.portfolio.portfolio.Portfolio object at 0x7fbf62b00a40>>, priority=10)
2026-05-13T14:49:23.880333886Z [DEBUG] TRADER-001.MessageBus: Added Subscription(topic=data.bars.*EXTERNAL, handler=<bound method Portfolio.update_bar of <nautilus_trader.portfolio.portfolio.Portfolio object at 0x7fbf62b00a40>>, priority=10)
2026-05-13T14:49:23.880534575Z [INFO] TRADER-001.DataEngine: READY
2026-05-13T14:49:23.880683936Z [DEBUG] TRADER-001.MessageBus: Added endpoint 'DataEngine.execute' <bound method LiveDataEngine.execute of LiveDataEngine(DataEngine)>
2026-05-13T14:49:23.880712709Z [DEBUG] TRADER-001.MessageBus: Added endpoint 'DataEngine.process' <bound method LiveDataEngine.process of LiveDataEngine(DataEngine)>
2026-05-13T14:49:23.880717596Z [DEBUG] TRADER-001.MessageBus: Added endpoint 'DataEngine.request' <bound method LiveDataEngine.request of LiveDataEngine(DataEngine)>
2026-05-13T14:49:23.880721606Z [DEBUG] TRADER-001.MessageBus: Added endpoint 'DataEngine.response' <bound method LiveDataEngine.response of LiveDataEngine(DataEngine)>
2026-05-13T14:49:23.880725359Z [DEBUG] TRADER-001.MessageBus: Added endpoint 'DataEngine.process_historical' <bound method DataEngine.process_historical of LiveDataEngine(DataEngine)>
2026-05-13T14:49:23.880801502Z [INFO] TRADER-001.DataEngine: config.graceful_shutdown_on_exception=False
2026-05-13T14:49:23.880896339Z [INFO] TRADER-001.RiskEngine: READY
2026-05-13T14:49:23.881035391Z [INFO] TRADER-001.RiskEngine: TradingState is ACTIVE
2026-05-13T14:49:23.881180675Z [INFO] TRADER-001.Throttler-ORDER_SUBMIT_THROTTLER: READY
2026-05-13T14:49:23.881243398Z [INFO] TRADER-001.RiskEngine: Set MAX_ORDER_SUBMIT_RATE: 100/00:00:01
2026-05-13T14:49:23.881306485Z [INFO] TRADER-001.Throttler-ORDER_MODIFY_THROTTLER: READY
2026-05-13T14:49:23.881340557Z [INFO] TRADER-001.RiskEngine: Set MAX_ORDER_MODIFY_RATE: 100/00:00:01
2026-05-13T14:49:23.881365770Z [DEBUG] TRADER-001.MessageBus: Added endpoint 'RiskEngine.execute' <bound method LiveRiskEngine.execute of LiveRiskEngine(RiskEngine)>
2026-05-13T14:49:23.881368945Z [DEBUG] TRADER-001.MessageBus: Added endpoint 'RiskEngine.process' <bound method LiveRiskEngine.process of LiveRiskEngine(RiskEngine)>
2026-05-13T14:49:23.881380437Z [DEBUG] TRADER-001.MessageBus: Added Subscription(topic=events.order.*, handler=<bound method RiskEngine._handle_event of LiveRiskEngine(RiskEngine)>, priority=10)
2026-05-13T14:49:23.881406377Z [DEBUG] TRADER-001.MessageBus: Added Subscription(topic=events.position.*, handler=<bound method RiskEngine._handle_event of LiveRiskEngine(RiskEngine)>, priority=10)
2026-05-13T14:49:23.881473074Z [INFO] TRADER-001.RiskEngine: config.graceful_shutdown_on_exception=False
2026-05-13T14:49:23.881587522Z [INFO] TRADER-001.ExecEngine: READY
2026-05-13T14:49:23.881661000Z [INFO] TRADER-001.ExecEngine: config.snapshot_orders=False
2026-05-13T14:49:23.881686090Z [INFO] TRADER-001.ExecEngine: config.snapshot_positions=False
2026-05-13T14:49:23.881690055Z [INFO] TRADER-001.ExecEngine: config.snapshot_positions_interval_secs=None
2026-05-13T14:49:23.881690980Z [INFO] TRADER-001.ExecEngine: config.allow_overfills=False
2026-05-13T14:49:23.881698843Z [DEBUG] TRADER-001.MessageBus: Added endpoint 'ExecEngine.execute' <bound method LiveExecutionEngine.execute of LiveExecutionEngine(ExecEngine)>
2026-05-13T14:49:23.881705913Z [DEBUG] TRADER-001.MessageBus: Added endpoint 'ExecEngine.process' <bound method LiveExecutionEngine.process of LiveExecutionEngine(ExecEngine)>
2026-05-13T14:49:23.881802248Z [INFO] TRADER-001.ExecEngine: config.reconciliation=True
2026-05-13T14:49:23.881821329Z [INFO] TRADER-001.ExecEngine: config.reconciliation_lookback_mins=None
2026-05-13T14:49:23.881823204Z [INFO] TRADER-001.ExecEngine: config.reconciliation_instrument_ids=None
2026-05-13T14:49:23.881824826Z [INFO] TRADER-001.ExecEngine: config.filter_unclaimed_external_orders=False
2026-05-13T14:49:23.881825887Z [INFO] TRADER-001.ExecEngine: config.filter_position_reports=False
2026-05-13T14:49:23.881827408Z [INFO] TRADER-001.ExecEngine: config.filtered_client_order_ids=None
2026-05-13T14:49:23.881829235Z [INFO] TRADER-001.ExecEngine: config.inflight_check_interval_ms=2000
2026-05-13T14:49:23.881830304Z [INFO] TRADER-001.ExecEngine: config.inflight_check_threshold_ms=5000
2026-05-13T14:49:23.881831539Z [INFO] TRADER-001.ExecEngine: config.inflight_check_retries=5
2026-05-13T14:49:23.881832561Z [INFO] TRADER-001.ExecEngine: config.own_books_audit_interval_secs=None
2026-05-13T14:49:23.881833397Z [INFO] TRADER-001.ExecEngine: config.open_check_interval_secs=None
2026-05-13T14:49:23.881834261Z [INFO] TRADER-001.ExecEngine: config.open_check_open_only=True
2026-05-13T14:49:23.881835321Z [INFO] TRADER-001.ExecEngine: config.open_check_lookback_mins=60
2026-05-13T14:49:23.881836274Z [INFO] TRADER-001.ExecEngine: config.open_check_threshold_ms=5000
2026-05-13T14:49:23.881837530Z [INFO] TRADER-001.ExecEngine: config.open_check_missing_retries=5
2026-05-13T14:49:23.881838469Z [INFO] TRADER-001.ExecEngine: config.max_single_order_queries_per_cycle=10
2026-05-13T14:49:23.881839407Z [INFO] TRADER-001.ExecEngine: config.single_order_query_delay_ms=100
2026-05-13T14:49:23.881840281Z [INFO] TRADER-001.ExecEngine: config.position_check_interval_secs=None
2026-05-13T14:49:23.881841349Z [INFO] TRADER-001.ExecEngine: config.position_check_lookback_mins=60
2026-05-13T14:49:23.881842433Z [INFO] TRADER-001.ExecEngine: config.position_check_threshold_ms=5000
2026-05-13T14:49:23.881843433Z [INFO] TRADER-001.ExecEngine: config.position_check_retries=3
2026-05-13T14:49:23.881848059Z [INFO] TRADER-001.ExecEngine: config.reconciliation_startup_delay_secs=10.0
2026-05-13T14:49:23.881849453Z [INFO] TRADER-001.ExecEngine: config.purge_closed_orders_interval_mins=None
2026-05-13T14:49:23.881850360Z [INFO] TRADER-001.ExecEngine: config.purge_closed_orders_buffer_mins=None
2026-05-13T14:49:23.881852124Z [INFO] TRADER-001.ExecEngine: config.purge_closed_positions_interval_mins=None
2026-05-13T14:49:23.881853038Z [INFO] TRADER-001.ExecEngine: config.purge_closed_positions_buffer_mins=None
2026-05-13T14:49:23.881853968Z [INFO] TRADER-001.ExecEngine: config.purge_account_events_interval_mins=None
2026-05-13T14:49:23.881856624Z [INFO] TRADER-001.ExecEngine: config.purge_account_events_lookback_mins=None
2026-05-13T14:49:23.881857830Z [INFO] TRADER-001.ExecEngine: config.purge_from_database=False
2026-05-13T14:49:23.881859017Z [INFO] TRADER-001.ExecEngine: config.graceful_shutdown_on_exception=False
2026-05-13T14:49:23.881876554Z [DEBUG] TRADER-001.MessageBus: Added endpoint 'ExecEngine.reconcile_execution_report' <bound method LiveExecutionEngine.reconcile_execution_report of LiveExecutionEngine(ExecEngine)>
2026-05-13T14:49:23.881879830Z [DEBUG] TRADER-001.MessageBus: Added endpoint 'ExecEngine.reconcile_execution_mass_status' <bound method LiveExecutionEngine.reconcile_execution_mass_status of LiveExecutionEngine(ExecEngine)>
2026-05-13T14:49:23.881906355Z [DEBUG] TRADER-001.Cache: Clearing index
2026-05-13T14:49:23.881938998Z [DEBUG] TRADER-001.Cache: Cleared index
2026-05-13T14:49:23.881943453Z [DEBUG] TRADER-001.ExecEngine: clear_index took 0ms
2026-05-13T14:49:23.881952691Z [DEBUG] TRADER-001.Cache: Loading general cache from database
2026-05-13T14:49:23.881956459Z [INFO] TRADER-001.Cache: Cached 0 general objects from database
2026-05-13T14:49:23.881958077Z [DEBUG] TRADER-001.ExecEngine: cache_general took 0ms
2026-05-13T14:49:23.881959171Z [DEBUG] TRADER-001.Cache: Loading currencies from database
2026-05-13T14:49:23.881963938Z [INFO] TRADER-001.Cache: Cached 0 currencies from database
2026-05-13T14:49:23.881965754Z [DEBUG] TRADER-001.ExecEngine: cache_currencies took 0ms
2026-05-13T14:49:23.881966752Z [DEBUG] TRADER-001.Cache: Loading instruments from database
2026-05-13T14:49:23.881967595Z [INFO] TRADER-001.Cache: Cached 0 instruments from database
2026-05-13T14:49:23.881968876Z [DEBUG] TRADER-001.ExecEngine: cache_instruments took 0ms
2026-05-13T14:49:23.881970737Z [DEBUG] TRADER-001.Cache: Loading accounts from database
2026-05-13T14:49:23.881972062Z [INFO] TRADER-001.Cache: Cached 0 accounts from database
2026-05-13T14:49:23.881973057Z [DEBUG] TRADER-001.ExecEngine: cache_accounts took 0ms
2026-05-13T14:49:23.882017224Z [DEBUG] TRADER-001.Cache: Loading orders from database
2026-05-13T14:49:23.882020707Z [INFO] TRADER-001.Cache: Cached 0 orders from database
2026-05-13T14:49:23.882023454Z [DEBUG] TRADER-001.ExecEngine: cache_orders took 1ms
2026-05-13T14:49:23.882024968Z [DEBUG] TRADER-001.Cache: Loading order lists
2026-05-13T14:49:23.882031189Z [INFO] TRADER-001.Cache: Cached 0 order lists from database
2026-05-13T14:49:23.882032999Z [DEBUG] TRADER-001.ExecEngine: cache_order_lists took 0ms
2026-05-13T14:49:23.882034036Z [DEBUG] TRADER-001.Cache: Loading positions from database
2026-05-13T14:49:23.882035381Z [INFO] TRADER-001.Cache: Cached 0 positions from database
2026-05-13T14:49:23.882036935Z [DEBUG] TRADER-001.ExecEngine: cache_positions took 0ms
2026-05-13T14:49:23.882038075Z [DEBUG] TRADER-001.Cache: Building index
2026-05-13T14:49:23.882048970Z [DEBUG] TRADER-001.Cache: Index built in 0.000s
2026-05-13T14:49:23.882053179Z [DEBUG] TRADER-001.ExecEngine: build_index took 0ms
2026-05-13T14:49:23.882057562Z [INFO] TRADER-001.Cache: Checking data integrity
2026-05-13T14:49:23.882069914Z [INFO] TRADER-001.Cache: Integrity check passed in 10μs
2026-05-13T14:49:23.882071829Z [DEBUG] TRADER-001.ExecEngine: check_integrity took 0ms
2026-05-13T14:49:23.882085674Z [DEBUG] TRADER-001.ExecEngine: _set_position_id_counts took 0ms
2026-05-13T14:49:23.882088739Z [INFO] TRADER-001.ExecEngine: Loaded cache in 1ms
2026-05-13T14:49:23.882152916Z [INFO] TRADER-001.OrderEmulator: READY
2026-05-13T14:49:23.882235789Z [DEBUG] TRADER-001.MessageBus: Added endpoint 'OrderEmulator.execute' <bound method OrderEmulator.execute of OrderEmulator(OrderEmulator)>
2026-05-13T14:49:23.882291046Z [INFO] TRADER-001.TRADER-001: READY
2026-05-13T14:49:23.882358169Z [INFO] TRADER-001.TradingNode: Initialized in 8ms
2026-05-13T14:49:23.882395909Z [INFO] TRADER-001.TradingNode: has_cache_backing=False
2026-05-13T14:49:23.882413794Z [INFO] TRADER-001.TradingNode: has_msgbus_backing=False
2026-05-13T14:49:23.882596724Z [INFO] TRADER-001.ApiFullExecutionTestStrategy: READY
2026-05-13T14:49:23.882705906Z [DEBUG] TRADER-001.MessageBus: Added Subscription(topic=events.order.ApiFullExecutionTestStrategy-000, handler=<bound method Strategy.handle_event of ApiFullExecutionTestStrategy(ApiFullExecutionTestStrategy-000)>, priority=0)
2026-05-13T14:49:23.882735510Z [DEBUG] TRADER-001.MessageBus: Added Subscription(topic=events.position.ApiFullExecutionTestStrategy-000, handler=<bound method Strategy.handle_event of ApiFullExecutionTestStrategy(ApiFullExecutionTestStrategy-000)>, priority=0)
2026-05-13T14:49:23.882766047Z [INFO] TRADER-001.ExecEngine: Registered OMS.UNSPECIFIED for Strategy ApiFullExecutionTestStrategy-000
2026-05-13T14:49:23.882788011Z [INFO] TRADER-001.TRADER-001: Registered Strategy ApiFullExecutionTestStrategy-000
2026-05-13T14:49:23.882799617Z [INFO] TRADER-001.TradingNode: Building data client for ETORO_WS_CLIENT
2026-05-13T14:49:23.882852045Z [INFO] TRADER-001.InstrumentProvider: READY
2026-05-13T14:49:23.882947731Z [INFO] TRADER-001.DataClient-ETORO_WS_CLIENT: READY
2026-05-13T14:49:23.883038181Z [INFO] TRADER-001.DataEngine: Registered ETORO_WS_CLIENT
2026-05-13T14:49:23.883067531Z [INFO] TRADER-001.TradingNode: Building execution client for ETORO
2026-05-13T14:49:23.897100530Z [INFO] TRADER-001.InstrumentProvider: READY
2026-05-13T14:49:23.897238777Z [INFO] TRADER-001.ExecClient-ETORO: READY
2026-05-13T14:49:23.897401716Z [INFO] TRADER-001.ExecEngine: Registered ExecutionClient-ETORO
2026-05-13T14:49:23.898259911Z [INFO] TRADER-001.TradingNode: STARTING
2026-05-13T14:49:23.898344739Z [DEBUG] TRADER-001.ApiFullExecutionTestStrategy: Registered <concurrent.futures.thread.ThreadPoolExecutor object at 0x7fbf632c0200>
2026-05-13T14:49:23.898364485Z [DEBUG] TRADER-001.DataEngine: STARTING
2026-05-13T14:49:23.898373184Z [DEBUG] TRADER-001.DataClient-ETORO_WS_CLIENT: STARTING
2026-05-13T14:49:23.898401380Z [INFO] TRADER-001.DataClient-ETORO_WS_CLIENT: RUNNING
2026-05-13T14:49:23.898429628Z [DEBUG] TRADER-001.DataEngine: Scheduled task 'cmd_queue'
2026-05-13T14:49:23.898455792Z [DEBUG] TRADER-001.DataEngine: Scheduled task 'req_queue'
2026-05-13T14:49:23.898457564Z [DEBUG] TRADER-001.DataEngine: Scheduled task 'res_queue'
2026-05-13T14:49:23.898459154Z [DEBUG] TRADER-001.DataEngine: Scheduled task 'data_queue'
2026-05-13T14:49:23.898474417Z [INFO] TRADER-001.DataEngine: RUNNING
2026-05-13T14:49:23.898486644Z [DEBUG] TRADER-001.RiskEngine: STARTING
2026-05-13T14:49:23.898499986Z [DEBUG] TRADER-001.RiskEngine: Scheduled task 'cmd_queue'
2026-05-13T14:49:23.898500903Z [DEBUG] TRADER-001.RiskEngine: Scheduled task 'evt_queue'
2026-05-13T14:49:23.898509391Z [INFO] TRADER-001.RiskEngine: RUNNING
2026-05-13T14:49:23.898518376Z [DEBUG] TRADER-001.ExecEngine: STARTING
2026-05-13T14:49:23.898524424Z [DEBUG] TRADER-001.ExecClient-ETORO: STARTING
2026-05-13T14:49:23.898534778Z [INFO] TRADER-001.ExecClient-ETORO: RUNNING
2026-05-13T14:49:23.898552735Z [DEBUG] TRADER-001.ExecEngine: Scheduled task 'cmd_queue'
2026-05-13T14:49:23.898553687Z [DEBUG] TRADER-001.ExecEngine: Scheduled task 'evt_queue'
2026-05-13T14:49:23.898559888Z [DEBUG] TRADER-001.ExecEngine: Scheduled task 'continuous_reconciliation'
2026-05-13T14:49:23.898562054Z [INFO] TRADER-001.ExecEngine: Started reconciliation task
2026-05-13T14:49:23.898571137Z [INFO] TRADER-001.ExecEngine: RUNNING
2026-05-13T14:49:23.898580508Z [INFO] TRADER-001.DataEngine: Connecting all clients...
2026-05-13T14:49:23.898584423Z [INFO] TRADER-001.DataClient-ETORO_WS_CLIENT: Connecting...
2026-05-13T14:49:23.898592544Z [DEBUG] TRADER-001.DataClient-ETORO_WS_CLIENT: Creating async task '_connect'
2026-05-13T14:49:23.898606539Z [INFO] TRADER-001.ExecEngine: Connecting all clients...
2026-05-13T14:49:23.898610443Z [INFO] TRADER-001.ExecClient-ETORO: Connecting...
2026-05-13T14:49:23.898615177Z [DEBUG] TRADER-001.ExecClient-ETORO: Creating task '_connect'
2026-05-13T14:49:23.898629491Z [INFO] TRADER-001.TradingNode: Awaiting engine connections and initializations (120.0s timeout)...
2026-05-13T14:49:23.898841579Z [DEBUG] TRADER-001.DataEngine: DataCommand message queue processing starting (qsize=0)
2026-05-13T14:49:23.898887695Z [DEBUG] TRADER-001.DataEngine: RequestData message queue processing starting (qsize=0)
2026-05-13T14:49:23.898896048Z [DEBUG] TRADER-001.DataEngine: DataResponse message queue processing starting (qsize=0)
2026-05-13T14:49:23.898901651Z [DEBUG] TRADER-001.DataEngine: Data queue processing starting (qsize=0)
2026-05-13T14:49:23.898950173Z [DEBUG] TRADER-001.RiskEngine: Command message queue processing (qsize=0)
2026-05-13T14:49:23.898960917Z [DEBUG] TRADER-001.RiskEngine: Event message queue processing starting (qsize=0)
2026-05-13T14:49:23.898967980Z [DEBUG] TRADER-001.ExecEngine: Command message queue processing starting (qsize=0)
2026-05-13T14:49:23.898974993Z [DEBUG] TRADER-001.ExecEngine: Event message queue processing starting (qsize=0)
2026-05-13T14:49:23.899002721Z [INFO] TRADER-001.ExecEngine: Starting continuous reconciliation with intervals: inflight=2000ms, consistency=Nones, position=Nones
2026-05-13T14:49:23.899005900Z [INFO] TRADER-001.ExecEngine: Awaiting startup reconciliation completion before starting continuous checks
2026-05-13T14:49:23.937480914Z [INFO] TRADER-001.DataClient-ETORO_WS_CLIENT: WebSocket Verbindungsversuch 1/5 zu wss://ws.etoro.com/ws ...
2026-05-13T14:49:24.448526497Z [DEBUG] TRADER-001.ExecClient-ETORO: Creating task 'exec_ws_loop'
2026-05-13T14:49:24.448597297Z [INFO] TRADER-001.ExecClient-ETORO: Execution WS connected and authenticated.
2026-05-13T14:49:24.455844089Z [INFO] TRADER-001.DataClient-ETORO_WS_CLIENT: WebSocket verbunden. Authentifiziere...
2026-05-13T14:49:24.456115720Z [DEBUG] TRADER-001.Cache: Added currency USD
2026-05-13T14:49:24.456147933Z [DEBUG] TRADER-001.Cache: Added instrument ADA.ETORO
2026-05-13T14:49:24.456212199Z [INFO] TRADER-001.DataClient-ETORO_WS_CLIENT: Instrument registriert: ADA.ETORO [Crypto] price_prec=5, size_prec=0
2026-05-13T14:49:24.510591507Z [DEBUG] TRADER-001.ExecClient-ETORO: PnL raw keys: ['positions', 'unrealizedPnL', 'mirrors', 'accountCurrencyId', 'credit', 'orders', 'stockOrders', 'entryOrders', 'exitOrders', 'ordersForOpen', 'ordersForClose', 'ordersForCloseMultiple', 'bonusCredit']
2026-05-13T14:49:24.510668224Z [INFO] TRADER-001.ExecClient-ETORO: Balance: credit=9877.34, pending=0, invested=121.45, available=9755.89
2026-05-13T14:49:24.510903224Z [DEBUG] TRADER-001.Cache: Added Account(id=ETORO-REAL-001)
2026-05-13T14:49:24.510931205Z [DEBUG] TRADER-001.Cache: Indexed AccountId('ETORO-REAL-001')
2026-05-13T14:49:24.511029033Z [INFO] TRADER-001.Portfolio: Updated AccountState(account_id=ETORO-REAL-001, account_type=MARGIN, base_currency=USD, is_reported=False, balances=[AccountBalance(total=9_755.89 USD, locked=0.00 USD, free=9_755.89 USD)], margins=[], event_id=9f74eb9f-ac2a-4092-bef3-22b070f2a6c3)
2026-05-13T14:49:24.511159397Z [INFO] TRADER-001.ExecClient-ETORO: Connected
2026-05-13T14:49:24.577325293Z [INFO] TRADER-001.DataClient-ETORO_WS_CLIENT: Auth-Antwort: {'id': 'eefb6963-b7af-43cd-be7b-6678cfb3619f', 'success': True, 'operation': 'Authenticate'}
2026-05-13T14:49:24.577521134Z [INFO] TRADER-001.DataClient-ETORO_WS_CLIENT: Abonniert: ['instrument:100017']
2026-05-13T14:49:24.577536335Z [DEBUG] TRADER-001.DataClient-ETORO_WS_CLIENT: Creating async task 'message_loop'
2026-05-13T14:49:24.577693585Z [DEBUG] TRADER-001.DataClient-ETORO_WS_CLIENT: Coroutine '_connect' completed
2026-05-13T14:49:24.577724161Z [INFO] TRADER-001.DataClient-ETORO_WS_CLIENT: Connected
2026-05-13T14:49:24.577780050Z [INFO] TRADER-001.TradingNode: Awaiting execution state reconciliation (30.0s timeout)...
2026-05-13T14:49:24.577872960Z [INFO] TRADER-001.ExecClient-ETORO: Generating ExecutionMassStatus...
2026-05-13T14:49:24.578115601Z [DEBUG] TRADER-001.ExecEngine: <--[RPT] ExecutionMassStatus(client_id=ETORO, account_id=ETORO-REAL-001, venue=ETORO, order_reports={}, fill_reports={}, position_reports={}, report_id=5df7e1b9-26b4-44dc-a773-5d0ca45813ea, ts_init=1778683764577911914)
2026-05-13T14:49:24.578145167Z [INFO] TRADER-001.ExecEngine: Reconciling ExecutionMassStatus for ETORO
2026-05-13T14:49:24.578155911Z [INFO] TRADER-001.ExecEngine: Attempting to adjust fills for 0 instruments
2026-05-13T14:49:24.585564979Z [INFO] TRADER-001.ExecEngine: Updating adjusted fills for 0 instruments
2026-05-13T14:49:24.585603729Z [INFO] TRADER-001.ExecEngine: Final order_reports contains 0 orders, fill_reports contains 0 fills across all instruments
2026-05-13T14:49:24.585682225Z [DEBUG] TRADER-001.ExecEngine: Reconciliation state validation passed for 0 order(s)
2026-05-13T14:49:24.585704309Z [INFO] TRADER-001.ExecEngine: Reconciliation for ETORO succeeded
2026-05-13T14:49:24.585725648Z [INFO] TRADER-001.TradingNode: Execution state reconciled
2026-05-13T14:49:24.585743507Z [DEBUG] TRADER-001.OrderEmulator: STARTING
2026-05-13T14:49:24.585749790Z [INFO] TRADER-001.OrderEmulator: No emulated orders to reactivate
2026-05-13T14:49:24.585786427Z [INFO] TRADER-001.OrderEmulator: RUNNING
2026-05-13T14:49:24.585813303Z [INFO] TRADER-001.Portfolio: Initialized 0 open orders
2026-05-13T14:49:24.585818306Z [INFO] TRADER-001.Portfolio: Initialized 0 open positions
2026-05-13T14:49:24.585829805Z [INFO] TRADER-001.TradingNode: Awaiting portfolio initialization (10.0s timeout)...
2026-05-13T14:49:24.586022853Z [INFO] TRADER-001.ExecEngine: Startup reconciliation completed
2026-05-13T14:49:24.586051933Z [INFO] TRADER-001.ExecEngine: Applying post-reconciliation startup delay (10.0s)
2026-05-13T14:49:24.586100015Z [INFO] TRADER-001.TradingNode: Portfolio initialized
2026-05-13T14:49:24.586110951Z [DEBUG] TRADER-001.TRADER-001: STARTING
2026-05-13T14:49:24.586129518Z [DEBUG] TRADER-001.ApiFullExecutionTestStrategy: STARTING
2026-05-13T14:49:24.586138530Z [INFO] TRADER-001.ApiFullExecutionTestStrategy: self.config.oms_type=None
2026-05-13T14:49:24.586140125Z [INFO] TRADER-001.ApiFullExecutionTestStrategy: self.config.external_order_claims=None
2026-05-13T14:49:24.586141650Z [INFO] TRADER-001.ApiFullExecutionTestStrategy: self.config.manage_gtd_expiry=False
2026-05-13T14:49:24.586153022Z [INFO] TRADER-001.ApiFullExecutionTestStrategy: Set ClientOrderIdGenerator client_order_id count to 0
2026-05-13T14:49:24.586155534Z [INFO] TRADER-001.ApiFullExecutionTestStrategy: Set ClientOrderIdGenerator order_list_id count to 0
2026-05-13T14:49:24.586174079Z [INFO] TRADER-001.ApiFullExecutionTestStrategy: Full API Test gestartet. Warte auf Daten für ADA.ETORO ...
2026-05-13T14:49:24.586219723Z [DEBUG] TRADER-001.MessageBus: Added Subscription(topic=data.quotes.ETORO.ADA, handler=<bound method Actor.handle_quote_tick of ApiFullExecutionTestStrategy(ApiFullExecutionTestStrategy-000)>, priority=0)
2026-05-13T14:49:24.586277002Z [INFO] TRADER-001.ApiFullExecutionTestStrategy: [CMD]--> SubscribeQuoteTicks(instrument_id=ADA.ETORO, client_id=None, venue=ETORO)
2026-05-13T14:49:24.586380918Z [INFO] TRADER-001.ApiFullExecutionTestStrategy: RUNNING
2026-05-13T14:49:24.586426860Z [INFO] TRADER-001.TRADER-001: RUNNING
2026-05-13T14:49:24.586439816Z [INFO] TRADER-001.TradingNode: RUNNING
2026-05-13T14:49:24.586621388Z [DEBUG] TRADER-001.DataClient-ETORO_WS_CLIENT: Creating async task 'subscribe: quote_ticks ADA.ETORO'
2026-05-13T14:49:24.586688583Z [DEBUG] TRADER-001.DataClient-ETORO_WS_CLIENT: Coroutine 'subscribe: quote_ticks ADA.ETORO' completed
2026-05-13T14:49:24.586691459Z [INFO] TRADER-001.DataClient-ETORO_WS_CLIENT: Subscribed ADA.ETORO quotes
2026-05-13T14:49:24.679662990Z [INFO] TRADER-001.DataClient-ETORO_WS_CLIENT: Snapshot ADA.ETORO: MarketOpen=True, AllowBuy=True
2026-05-13T14:49:24.680123163Z [INFO] TRADER-001.ApiFullExecutionTestStrategy: [TEST 1] Sende LIMIT BUY: 83 Units @ 0.13280
2026-05-13T14:49:24.680452753Z [INFO] TRADER-001.ApiFullExecutionTestStrategy: <--[EVT] OrderInitialized(instrument_id=ADA.ETORO, client_order_id=O-20260513-144924-001-000-1, side=BUY, type=LIMIT, quantity=83, time_in_force=GTC, post_only=False, reduce_only=False, quote_quantity=False, options={'price': '0.13280', 'display_qty': None, 'expire_time_ns': 0}, emulation_trigger=NO_TRIGGER, trigger_instrument_id=None, contingency_type=NO_CONTINGENCY, order_list_id=None, linked_order_ids=None, parent_order_id=None, exec_algorithm_id=None, exec_algorithm_params=None, exec_spawn_id=None, tags=None)
2026-05-13T14:49:24.680550704Z [DEBUG] TRADER-001.Cache: Added LimitOrder(BUY 83 ADA.ETORO LIMIT @ 0.13280 GTC, status=INITIALIZED, client_order_id=O-20260513-144924-001-000-1, venue_order_id=None, position_id=None, tags=None)
2026-05-13T14:49:24.680599740Z [INFO] TRADER-001.ApiFullExecutionTestStrategy: [CMD]--> [Risk] SubmitOrder(order=LimitOrder(BUY 83 ADA.ETORO LIMIT @ 0.13280 GTC, status=INITIALIZED, client_order_id=O-20260513-144924-001-000-1, venue_order_id=None, position_id=None, tags=None), position_id=None)
2026-05-13T14:49:24.680655791Z [INFO] TRADER-001.ApiFullExecutionTestStrategy: [TEST 2] Sende MARKET BUY: 41 Units (~11.0 USD)
2026-05-13T14:49:24.680798620Z [INFO] TRADER-001.ApiFullExecutionTestStrategy: <--[EVT] OrderInitialized(instrument_id=ADA.ETORO, client_order_id=O-20260513-144924-001-000-2, side=BUY, type=MARKET, quantity=41, time_in_force=GTC, post_only=False, reduce_only=False, quote_quantity=False, options={}, emulation_trigger=NO_TRIGGER, trigger_instrument_id=None, contingency_type=NO_CONTINGENCY, order_list_id=None, linked_order_ids=None, parent_order_id=None, exec_algorithm_id=None, exec_algorithm_params=None, exec_spawn_id=None, tags=None)
2026-05-13T14:49:24.680906742Z [DEBUG] TRADER-001.Cache: Added MarketOrder(BUY 41 ADA.ETORO MARKET GTC, status=INITIALIZED, client_order_id=O-20260513-144924-001-000-2, venue_order_id=None, position_id=None, tags=None)
2026-05-13T14:49:24.680958068Z [INFO] TRADER-001.ApiFullExecutionTestStrategy: [CMD]--> [Risk] SubmitOrder(order=MarketOrder(BUY 41 ADA.ETORO MARKET GTC, status=INITIALIZED, client_order_id=O-20260513-144924-001-000-2, venue_order_id=None, position_id=None, tags=None), position_id=None)
2026-05-13T14:49:24.681123104Z [DEBUG] TRADER-001.ExecEngine: Routed by instrument venue: ETORO
2026-05-13T14:49:24.681187932Z [INFO] TRADER-001.ExecClient-ETORO: Submit LimitOrder(BUY 83 ADA.ETORO LIMIT @ 0.13280 GTC, status=INITIALIZED, client_order_id=O-20260513-144924-001-000-1, venue_order_id=None, position_id=None, tags=None)
2026-05-13T14:49:24.681207395Z [DEBUG] TRADER-001.ExecClient-ETORO: Creating task 'submit_order: SubmitOrder(order=LimitOrder(BUY 83 ADA.ETORO LIMIT @ 0.13280 GTC, status=INITIALIZED, client_order_id=O-20260513-144924-001-000-1, venue_order_id=None, position_id=None, tags=None), position_id=None)'
2026-05-13T14:49:24.681240864Z [DEBUG] TRADER-001.ExecEngine: Routed by instrument venue: ETORO
2026-05-13T14:49:24.681254031Z [INFO] TRADER-001.ExecClient-ETORO: Submit MarketOrder(BUY 41 ADA.ETORO MARKET GTC, status=INITIALIZED, client_order_id=O-20260513-144924-001-000-2, venue_order_id=None, position_id=None, tags=None)
2026-05-13T14:49:24.681265453Z [DEBUG] TRADER-001.ExecClient-ETORO: Creating task 'submit_order: SubmitOrder(order=MarketOrder(BUY 41 ADA.ETORO MARKET GTC, status=INITIALIZED, client_order_id=O-20260513-144924-001-000-2, venue_order_id=None, position_id=None, tags=None), position_id=None)'
2026-05-13T14:49:24.681971017Z [INFO] TRADER-001.ExecClient-ETORO: REST POST https://public-api.etoro.com/api/v1/trading/execution/limit-orders | payload={'InstrumentID': 100017, 'IsBuy': True, 'Leverage': 1, 'Rate': 0.1328, 'Amount': 11.02, 'StopLossRate': 0.00066, 'IsNoStopLoss': False, 'IsNoTakeProfit': True}
2026-05-13T14:49:24.683024873Z [INFO] TRADER-001.ExecClient-ETORO: REST POST https://public-api.etoro.com/api/v1/trading/execution/market-open-orders/by-amount | payload={'InstrumentID': 100017, 'IsBuy': True, 'Leverage': 1, 'Amount': 10.89}
2026-05-13T14:49:24.683630360Z [INFO] TRADER-001.ApiFullExecutionTestStrategy: <--[EVT] OrderSubmitted(instrument_id=ADA.ETORO, client_order_id=O-20260513-144924-001-000-1, account_id=ETORO-REAL-001, ts_event=1778683764681287055)
2026-05-13T14:49:24.683700023Z [INFO] TRADER-001.ApiFullExecutionTestStrategy: <--[EVT] OrderSubmitted(instrument_id=ADA.ETORO, client_order_id=O-20260513-144924-001-000-2, account_id=ETORO-REAL-001, ts_event=1778683764682526597)
2026-05-13T14:49:24.850690763Z [INFO] TRADER-001.ExecClient-ETORO: Limit order accepted (venue_id=34538834-ce9d-4573-96f6-d6303c11a9f2, token=62353cfa-e969-53e5-9f81-30b94f8a9389). State will be updated when WS delivers real orderId.
2026-05-13T14:49:24.850905280Z [DEBUG] TRADER-001.Cache: Indexed ClientOrderId('O-20260513-144924-001-000-1') with VenueOrderId('34538834-ce9d-4573-96f6-d6303c11a9f2')
2026-05-13T14:49:24.850988320Z [INFO] TRADER-001.ApiFullExecutionTestStrategy: <--[EVT] OrderAccepted(instrument_id=ADA.ETORO, client_order_id=O-20260513-144924-001-000-1, venue_order_id=34538834-ce9d-4573-96f6-d6303c11a9f2, account_id=ETORO-REAL-001, ts_event=1778683764681287055)
2026-05-13T14:49:24.851020015Z [INFO] TRADER-001.ApiFullExecutionTestStrategy: [TEST 3] LIMIT Order wurde akzeptiert. Sende Cancel...
2026-05-13T14:49:24.851073954Z [INFO] TRADER-001.ApiFullExecutionTestStrategy: <--[EVT] OrderPendingCancel(instrument_id=ADA.ETORO, client_order_id=O-20260513-144924-001-000-1, venue_order_id=34538834-ce9d-4573-96f6-d6303c11a9f2, account_id=ETORO-REAL-001, ts_event=1778683764851036867)
2026-05-13T14:49:24.851130442Z [INFO] TRADER-001.ApiFullExecutionTestStrategy: [CMD]--> [Execution] CancelOrder(instrument_id=ADA.ETORO, client_order_id=O-20260513-144924-001-000-1, venue_order_id=34538834-ce9d-4573-96f6-d6303c11a9f2)
2026-05-13T14:49:24.851196696Z [DEBUG] TRADER-001.ExecEngine: Routed by explicit client_id: ETORO
2026-05-13T14:49:24.851241056Z [INFO] TRADER-001.ExecClient-ETORO: Cancel ClientOrderId('O-20260513-144924-001-000-1') VenueOrderId('34538834-ce9d-4573-96f6-d6303c11a9f2')
2026-05-13T14:49:24.851251149Z [DEBUG] TRADER-001.ExecClient-ETORO: Creating task 'cancel_order: CancelOrder(instrument_id=ADA.ETORO, client_order_id=O-20260513-144924-001-000-1, venue_order_id=34538834-ce9d-4573-96f6-d6303c11a9f2)'
2026-05-13T14:49:24.887607100Z [DEBUG] TRADER-001.ExecClient-ETORO: Creating task 'poll_fill'
2026-05-13T14:49:24.887808544Z [DEBUG] TRADER-001.Cache: Indexed ClientOrderId('O-20260513-144924-001-000-2') with VenueOrderId('1462629074')
2026-05-13T14:49:24.887934092Z [INFO] TRADER-001.ApiFullExecutionTestStrategy: <--[EVT] OrderAccepted(instrument_id=ADA.ETORO, client_order_id=O-20260513-144924-001-000-2, venue_order_id=1462629074, account_id=ETORO-REAL-001, ts_event=1778683764682526597)
2026-05-13T14:49:25.019075313Z [ERROR] TRADER-001.ExecClient-ETORO: Cancel failed for O-20260513-144924-001-000-1: HTTP 400 {"orderId":["The value '34538834-ce9d-4573-96f6-d6303c11a9f2' is not valid."]}
2026-05-13T14:49:33.275928279Z [INFO] TRADER-001.ExecClient-ETORO: Reconciled via PnL (Filled): O-20260513-144924-001-000-2 -> PosID 3442183271
2026-05-13T14:49:33.276757808Z [ERROR] TRADER-001.ExecEngine: Error on applying OrderFilled(trader_id=TRADER-001, strategy_id=ApiFullExecutionTestStrategy-000, instrument_id=ADA.ETORO, client_order_id=O-20260513-144924-001-000-2, venue_order_id=3442183271, account_id=ETORO-REAL-001, trade_id=935ec7ef-626e-4aaf-a110-4439ff91f978, position_id=ADA.ETORO-ApiFullExecutionTestStrategy-000, order_side=BUY, order_type=MARKET, last_qty=41, last_px=0.26560 USD, commission=0.00 USD, liquidity_side=TAKER, event_id=84929991-574d-472e-a187-63ed8bb4cc9c, ts_event=1778683773275851007, ts_init=1778683773275873281) to MarketOrder(BUY 41 ADA.ETORO MARKET GTC, status=ACCEPTED, client_order_id=O-20260513-144924-001-000-2, venue_order_id=1462629074, position_id=None, tags=None)
ValueError('self.venue_order_id' <class 'nautilus_trader.model.identifiers.VenueOrderId'> of 1462629074 was not equal to 'event.venue_order_id' <class 'nautilus_trader.model.identifiers.VenueOrderId'> of 3442183271)
Traceback (most recent call last):
  File "nautilus_trader/execution/engine.pyx", line 1536, in nautilus_trader.execution.engine.ExecutionEngine._apply_event_to_order
  File "nautilus_trader/model/orders/base.pyx", line 1032, in nautilus_trader.model.orders.base.Order.apply
  File "nautilus_trader/core/correctness.pyx", line 305, in nautilus_trader.core.correctness.Condition.equal

2026-05-13T14:49:36.588798644Z [DEBUG] TRADER-001.ExecEngine: Checking in-flight orders status
2026-05-13T14:49:36.588873696Z [DEBUG] TRADER-001.ExecEngine: Detected 1 delayed in-flight order
2026-05-13T14:49:36.588962420Z [DEBUG] TRADER-001.ExecEngine: Querying LimitOrder(BUY 83 ADA.ETORO LIMIT @ 0.13280 GTC, status=PENDING_CANCEL, client_order_id=O-20260513-144924-001-000-1, venue_order_id=34538834-ce9d-4573-96f6-d6303c11a9f2, position_id=None, tags=None) with venue...
2026-05-13T14:49:36.589021078Z [DEBUG] TRADER-001.ExecEngine: Routed by explicit client_id: ETORO
2026-05-13T14:49:36.589062924Z [INFO] TRADER-001.ExecClient-ETORO: Query ClientOrderId('O-20260513-144924-001-000-1')
2026-05-13T14:49:36.589076202Z [DEBUG] TRADER-001.ExecClient-ETORO: Creating task 'query_order: QueryOrder(instrument_id=ADA.ETORO, client_order_id=O-20260513-144924-001-000-1, venue_order_id=34538834-ce9d-4573-96f6-d6303c11a9f2)'
2026-05-13T14:49:38.590633546Z [DEBUG] TRADER-001.ExecEngine: Checking in-flight orders status
2026-05-13T14:49:38.590711627Z [DEBUG] TRADER-001.ExecEngine: Detected 1 delayed in-flight order
2026-05-13T14:49:38.590725685Z [DEBUG] TRADER-001.ExecEngine: Skipping re-query for ClientOrderId('O-20260513-144924-001-000-1') - awaiting prior response
2026-05-13T14:49:40.591552545Z [DEBUG] TRADER-001.ExecEngine: Checking in-flight orders status
2026-05-13T14:49:40.591623423Z [DEBUG] TRADER-001.ExecEngine: Detected 1 delayed in-flight order
2026-05-13T14:49:40.591638144Z [DEBUG] TRADER-001.ExecEngine: Skipping re-query for ClientOrderId('O-20260513-144924-001-000-1') - awaiting prior response
2026-05-13T14:49:42.592138674Z [DEBUG] TRADER-001.ExecEngine: Checking in-flight orders status
2026-05-13T14:49:42.592265922Z [DEBUG] TRADER-001.ExecEngine: Detected 1 delayed in-flight order
2026-05-13T14:49:42.592347808Z [DEBUG] TRADER-001.ExecEngine: Querying LimitOrder(BUY 83 ADA.ETORO LIMIT @ 0.13280 GTC, status=PENDING_CANCEL, client_order_id=O-20260513-144924-001-000-1, venue_order_id=34538834-ce9d-4573-96f6-d6303c11a9f2, position_id=None, tags=None) with venue...
2026-05-13T14:49:42.592402321Z [DEBUG] TRADER-001.ExecEngine: Routed by explicit client_id: ETORO
2026-05-13T14:49:42.592441659Z [INFO] TRADER-001.ExecClient-ETORO: Query ClientOrderId('O-20260513-144924-001-000-1')
2026-05-13T14:49:42.592454418Z [DEBUG] TRADER-001.ExecClient-ETORO: Creating task 'query_order: QueryOrder(instrument_id=ADA.ETORO, client_order_id=O-20260513-144924-001-000-1, venue_order_id=34538834-ce9d-4573-96f6-d6303c11a9f2)'
2026-05-13T14:49:44.592848365Z [DEBUG] TRADER-001.ExecEngine: Checking in-flight orders status
2026-05-13T14:49:44.592918096Z [DEBUG] TRADER-001.ExecEngine: Detected 1 delayed in-flight order
2026-05-13T14:49:44.592930806Z [DEBUG] TRADER-001.ExecEngine: Skipping re-query for ClientOrderId('O-20260513-144924-001-000-1') - awaiting prior response
2026-05-13T14:49:46.593950984Z [DEBUG] TRADER-001.ExecEngine: Checking in-flight orders status
2026-05-13T14:49:46.594096994Z [DEBUG] TRADER-001.ExecEngine: Detected 1 delayed in-flight order
2026-05-13T14:49:46.594109079Z [DEBUG] TRADER-001.ExecEngine: Skipping re-query for ClientOrderId('O-20260513-144924-001-000-1') - awaiting prior response
2026-05-13T14:49:48.595439258Z [DEBUG] TRADER-001.ExecEngine: Checking in-flight orders status
2026-05-13T14:49:48.595504956Z [DEBUG] TRADER-001.ExecEngine: Detected 1 delayed in-flight order
2026-05-13T14:49:48.595621283Z [DEBUG] TRADER-001.ExecEngine: Querying LimitOrder(BUY 83 ADA.ETORO LIMIT @ 0.13280 GTC, status=PENDING_CANCEL, client_order_id=O-20260513-144924-001-000-1, venue_order_id=34538834-ce9d-4573-96f6-d6303c11a9f2, position_id=None, tags=None) with venue...
2026-05-13T14:49:48.595683486Z [DEBUG] TRADER-001.ExecEngine: Routed by explicit client_id: ETORO
2026-05-13T14:49:48.595735997Z [INFO] TRADER-001.ExecClient-ETORO: Query ClientOrderId('O-20260513-144924-001-000-1')
2026-05-13T14:49:48.595751850Z [DEBUG] TRADER-001.ExecClient-ETORO: Creating task 'query_order: QueryOrder(instrument_id=ADA.ETORO, client_order_id=O-20260513-144924-001-000-1, venue_order_id=34538834-ce9d-4573-96f6-d6303c11a9f2)'
2026-05-13T14:49:50.595684528Z [DEBUG] TRADER-001.ExecEngine: Checking in-flight orders status
2026-05-13T14:49:50.595753863Z [DEBUG] TRADER-001.ExecEngine: Detected 1 delayed in-flight order
2026-05-13T14:49:50.595766793Z [DEBUG] TRADER-001.ExecEngine: Skipping re-query for ClientOrderId('O-20260513-144924-001-000-1') - awaiting prior response
2026-05-13T14:49:52.596344589Z [DEBUG] TRADER-001.ExecEngine: Checking in-flight orders status
2026-05-13T14:49:52.596415909Z [DEBUG] TRADER-001.ExecEngine: Detected 1 delayed in-flight order
2026-05-13T14:49:52.596431840Z [DEBUG] TRADER-001.ExecEngine: Skipping re-query for ClientOrderId('O-20260513-144924-001-000-1') - awaiting prior response
2026-05-13T14:49:54.596766436Z [DEBUG] TRADER-001.ExecEngine: Checking in-flight orders status
2026-05-13T14:49:54.596835543Z [DEBUG] TRADER-001.ExecEngine: Detected 1 delayed in-flight order
2026-05-13T14:49:54.596938290Z [DEBUG] TRADER-001.ExecEngine: Querying LimitOrder(BUY 83 ADA.ETORO LIMIT @ 0.13280 GTC, status=PENDING_CANCEL, client_order_id=O-20260513-144924-001-000-1, venue_order_id=34538834-ce9d-4573-96f6-d6303c11a9f2, position_id=None, tags=None) with venue...
2026-05-13T14:49:54.597074006Z [DEBUG] TRADER-001.ExecEngine: Routed by explicit client_id: ETORO
2026-05-13T14:49:54.597142252Z [INFO] TRADER-001.ExecClient-ETORO: Query ClientOrderId('O-20260513-144924-001-000-1')
2026-05-13T14:49:54.597161644Z [DEBUG] TRADER-001.ExecClient-ETORO: Creating task 'query_order: QueryOrder(instrument_id=ADA.ETORO, client_order_id=O-20260513-144924-001-000-1, venue_order_id=34538834-ce9d-4573-96f6-d6303c11a9f2)'
2026-05-13T14:49:56.598082828Z [DEBUG] TRADER-001.ExecEngine: Checking in-flight orders status
2026-05-13T14:49:56.598141086Z [DEBUG] TRADER-001.ExecEngine: Detected 1 delayed in-flight order
2026-05-13T14:49:56.598153334Z [DEBUG] TRADER-001.ExecEngine: Skipping re-query for ClientOrderId('O-20260513-144924-001-000-1') - awaiting prior response
2026-05-13T14:49:58.598955025Z [DEBUG] TRADER-001.ExecEngine: Checking in-flight orders status
2026-05-13T14:49:58.599023555Z [DEBUG] TRADER-001.ExecEngine: Detected 1 delayed in-flight order
2026-05-13T14:49:58.599034665Z [DEBUG] TRADER-001.ExecEngine: Skipping re-query for ClientOrderId('O-20260513-144924-001-000-1') - awaiting prior response
2026-05-13T14:50:00.599873222Z [DEBUG] TRADER-001.ExecEngine: Checking in-flight orders status
2026-05-13T14:50:00.599942175Z [DEBUG] TRADER-001.ExecEngine: Detected 1 delayed in-flight order
2026-05-13T14:50:00.600022117Z [DEBUG] TRADER-001.ExecEngine: Querying LimitOrder(BUY 83 ADA.ETORO LIMIT @ 0.13280 GTC, status=PENDING_CANCEL, client_order_id=O-20260513-144924-001-000-1, venue_order_id=34538834-ce9d-4573-96f6-d6303c11a9f2, position_id=None, tags=None) with venue...
2026-05-13T14:50:00.600076391Z [DEBUG] TRADER-001.ExecEngine: Routed by explicit client_id: ETORO
2026-05-13T14:50:00.600112544Z [INFO] TRADER-001.ExecClient-ETORO: Query ClientOrderId('O-20260513-144924-001-000-1')
2026-05-13T14:50:00.600126467Z [DEBUG] TRADER-001.ExecClient-ETORO: Creating task 'query_order: QueryOrder(instrument_id=ADA.ETORO, client_order_id=O-20260513-144924-001-000-1, venue_order_id=34538834-ce9d-4573-96f6-d6303c11a9f2)'
2026-05-13T14:50:02.601112864Z [DEBUG] TRADER-001.ExecEngine: Checking in-flight orders status
2026-05-13T14:50:02.601186090Z [DEBUG] TRADER-001.ExecEngine: Detected 1 delayed in-flight order
2026-05-13T14:50:02.601196959Z [DEBUG] TRADER-001.ExecEngine: Skipping re-query for ClientOrderId('O-20260513-144924-001-000-1') - awaiting prior response
2026-05-13T14:50:04.602190095Z [DEBUG] TRADER-001.ExecEngine: Checking in-flight orders status
2026-05-13T14:50:04.602260560Z [DEBUG] TRADER-001.ExecEngine: Detected 1 delayed in-flight order
2026-05-13T14:50:04.602272282Z [DEBUG] TRADER-001.ExecEngine: Skipping re-query for ClientOrderId('O-20260513-144924-001-000-1') - awaiting prior response
2026-05-13T14:50:06.603106822Z [DEBUG] TRADER-001.ExecEngine: Checking in-flight orders status
2026-05-13T14:50:06.603172262Z [DEBUG] TRADER-001.ExecEngine: Detected 1 delayed in-flight order
2026-05-13T14:50:06.603204789Z [WARN] TRADER-001.ExecEngine: Order ClientOrderId('O-20260513-144924-001-000-1') exceeded max inflight retries (5), resolving as failed
2026-05-13T14:50:06.603265424Z [DEBUG] TRADER-001.ExecEngine: Generated OrderCanceled(instrument_id=ADA.ETORO, client_order_id=O-20260513-144924-001-000-1, venue_order_id=34538834-ce9d-4573-96f6-d6303c11a9f2, account_id=ETORO-REAL-001, ts_event=1778683806603209307)
2026-05-13T14:50:06.603338471Z [INFO] TRADER-001.ApiFullExecutionTestStrategy: <--[EVT] OrderCanceled(instrument_id=ADA.ETORO, client_order_id=O-20260513-144924-001-000-1, venue_order_id=34538834-ce9d-4573-96f6-d6303c11a9f2, account_id=ETORO-REAL-001, ts_event=1778683806603209307)
2026-05-13T14:50:06.603368161Z [INFO] TRADER-001.ApiFullExecutionTestStrategy: ✅ LIMIT Order erfolgreich storniert!
2026-05-13T14:50:08.604267515Z [DEBUG] TRADER-001.ExecEngine: Checking in-flight orders status
2026-05-13T14:50:10.604823730Z [DEBUG] TRADER-001.ExecEngine: Checking in-flight orders status
2026-05-13T14:50:12.605211247Z [DEBUG] TRADER-001.ExecEngine: Checking in-flight orders status
2026-05-13T14:50:14.606212011Z [DEBUG] TRADER-001.ExecEngine: Checking in-flight orders status
