2026-05-12T17:41:54.459597000Z [INFO] TRADER-001.TradingNode: =================================================================
2026-05-12T17:41:54.459688000Z [INFO] TRADER-001.TradingNode:  NAUTILUS TRADER - Automated Algorithmic Trading Platform
2026-05-12T17:41:54.459689000Z [INFO] TRADER-001.TradingNode:  by Nautech Systems Pty Ltd.
2026-05-12T17:41:54.459689001Z [INFO] TRADER-001.TradingNode:  Copyright (C) 2015-2026. All rights reserved.
2026-05-12T17:41:54.459690000Z [INFO] TRADER-001.TradingNode: =================================================================
2026-05-12T17:41:54.459690001Z [INFO] TRADER-001.TradingNode: 
2026-05-12T17:41:54.459690002Z [INFO] TRADER-001.TradingNode: ⠀⠀⠀⠀⠀⠀⠀⠀⠀⠀⠀⠀⠀⣠⣴⣶⡟⠀⠀⠀⠀⠀⠀⠀⠀⠀⠀⠀⠀⠀⠀
2026-05-12T17:41:54.459692000Z [INFO] TRADER-001.TradingNode: ⠀⠀⠀⠀⠀⠀⠀⠀⠀⠀⠀⣰⣾⣿⣿⣿⠀⢸⣿⣿⣿⣿⣶⣶⣤⣀⠀⠀⠀⠀⠀
2026-05-12T17:41:54.459692001Z [INFO] TRADER-001.TradingNode: ⠀⠀⠀⠀⠀⠀⢀⣴⡇⢀⣾⣿⣿⣿⣿⣿⠀⣾⣿⣿⣿⣿⣿⣿⣿⠿⠓⠀⠀⠀⠀
2026-05-12T17:41:54.459692002Z [INFO] TRADER-001.TradingNode: ⠀⠀⠀⠀⠀⣰⣿⣿⡀⢸⣿⣿⣿⣿⣿⣿⠀⣿⣿⣿⣿⣿⣿⠟⠁⣠⣄⠀⠀⠀⠀
2026-05-12T17:41:54.459693000Z [INFO] TRADER-001.TradingNode: ⠀⠀⠀⠀⢠⣿⣿⣿⣇⠀⢿⣿⣿⣿⣿⣿⠀⢻⣿⣿⣿⡿⢃⣠⣾⣿⣿⣧⡀⠀⠀
2026-05-12T17:41:54.459693001Z [INFO] TRADER-001.TradingNode: ⠀⠀⠀⠠⣾⣿⣿⣿⣿⣿⣧⠈⠋⢀⣴⣧⠀⣿⡏⢠⡀⢸⣿⣿⣿⣿⣿⣿⣿⡇⠀
2026-05-12T17:41:54.459693002Z [INFO] TRADER-001.TradingNode: ⠀⠀⠀⣀⠙⢿⣿⣿⣿⣿⣿⠇⢠⣿⣿⣿⡄⠹⠃⠼⠃⠈⠉⠛⠛⠛⠛⠛⠻⠇⠀
2026-05-12T17:41:54.459694000Z [INFO] TRADER-001.TradingNode: ⠀⠀⢸⡟⢠⣤⠉⠛⠿⢿⣿⠀⢸⣿⡿⠋⣠⣤⣄⠀⣾⣿⣿⣶⣶⣶⣦⡄⠀⠀⠀
2026-05-12T17:41:54.459694001Z [INFO] TRADER-001.TradingNode: ⠀⠀⠸⠀⣾⠏⣸⣷⠂⣠⣤⠀⠘⢁⣴⣾⣿⣿⣿⡆⠘⣿⣿⣿⣿⣿⣿⠀⠀⠀⠀
2026-05-12T17:41:54.459694002Z [INFO] TRADER-001.TradingNode: ⠀⠀⠀⠀⠛⠀⣿⡟⠀⢻⣿⡄⠸⣿⣿⣿⣿⣿⣿⣿⡀⠘⣿⣿⣿⣿⠟⠀⠀⠀⠀
2026-05-12T17:41:54.459695000Z [INFO] TRADER-001.TradingNode: ⠀⠀⠀⠀⠀⠀⣿⠇⠀⠀⢻⡿⠀⠈⠻⣿⣿⣿⣿⣿⡇⠀⢹⣿⠿⠋⠀⠀⠀⠀⠀
2026-05-12T17:41:54.459695001Z [INFO] TRADER-001.TradingNode: ⠀⠀⠀⠀⠀⠀⠋⠀⠀⠀⡘⠁⠀⠀⠀⠀⠀⠀⠀⠀⠀⠀⠈⠁⠀⠀⠀⠀⠀⠀⠀
2026-05-12T17:41:54.459696000Z [INFO] TRADER-001.TradingNode: 
2026-05-12T17:41:54.459696001Z [INFO] TRADER-001.TradingNode: =================================================================
2026-05-12T17:41:54.459696002Z [INFO] TRADER-001.TradingNode:  SYSTEM SPECIFICATION
2026-05-12T17:41:54.459697000Z [INFO] TRADER-001.TradingNode: =================================================================
2026-05-12T17:41:54.459698000Z [INFO] TRADER-001.TradingNode: CPU architecture: Apple M1
2026-05-12T17:41:54.459699000Z [INFO] TRADER-001.TradingNode: CPU(s): 8 @ 3204 MHz
2026-05-12T17:41:54.459700000Z [INFO] TRADER-001.TradingNode: OS: kernel-25.4.0 macOS 26.4.1
2026-05-12T17:41:54.459759000Z [INFO] TRADER-001.TradingNode: =================================================================
2026-05-12T17:41:54.459761000Z [INFO] TRADER-001.TradingNode:  MEMORY USAGE
2026-05-12T17:41:54.459761001Z [INFO] TRADER-001.TradingNode: =================================================================
2026-05-12T17:41:54.459804000Z [INFO] TRADER-001.TradingNode: RAM-Total: 16.00 GiB
2026-05-12T17:41:54.459806000Z [INFO] TRADER-001.TradingNode: RAM-Used: 10.16 GiB (63.48%)
2026-05-12T17:41:54.459807000Z [INFO] TRADER-001.TradingNode: RAM-Avail: 5.84 GiB (36.52%)
2026-05-12T17:41:54.459808000Z [INFO] TRADER-001.TradingNode: Swap: disabled
2026-05-12T17:41:54.459844000Z [INFO] TRADER-001.TradingNode: =================================================================
2026-05-12T17:41:54.459844001Z [INFO] TRADER-001.TradingNode:  IDENTIFIERS
2026-05-12T17:41:54.459845000Z [INFO] TRADER-001.TradingNode: =================================================================
2026-05-12T17:41:54.459846000Z [INFO] TRADER-001.TradingNode: trader_id: TRADER-001
2026-05-12T17:41:54.459847000Z [INFO] TRADER-001.TradingNode: machine_id: MacBook-Air-von-John.local
2026-05-12T17:41:54.459848000Z [INFO] TRADER-001.TradingNode: instance_id: 77fc2f58-00e6-4107-b25b-8fad1f3080ae
2026-05-12T17:41:54.459849000Z [INFO] TRADER-001.TradingNode: PID: 5187
2026-05-12T17:41:54.459850000Z [INFO] TRADER-001.TradingNode: =================================================================
2026-05-12T17:41:54.459850001Z [INFO] TRADER-001.TradingNode:  VERSIONING
2026-05-12T17:41:54.459850002Z [INFO] TRADER-001.TradingNode: =================================================================
2026-05-12T17:41:54.460793000Z [INFO] TRADER-001.TradingNode: nautilus_trader: 1.226.0
2026-05-12T17:41:54.460863000Z [INFO] TRADER-001.TradingNode: python: 3.14.4
2026-05-12T17:41:54.460869000Z [INFO] TRADER-001.TradingNode: numpy: 2.4.4
2026-05-12T17:41:54.460874000Z [INFO] TRADER-001.TradingNode: pandas: 2.3.3
2026-05-12T17:41:54.460879000Z [INFO] TRADER-001.TradingNode: msgspec: 0.21.1
2026-05-12T17:41:54.460883000Z [INFO] TRADER-001.TradingNode: pyarrow: 24.0.0
2026-05-12T17:41:54.460885000Z [INFO] TRADER-001.TradingNode: pytz: 2026.2
2026-05-12T17:41:54.460888000Z [INFO] TRADER-001.TradingNode: uvloop: 0.22.1
2026-05-12T17:41:54.460888001Z [INFO] TRADER-001.TradingNode: =================================================================
2026-05-12T17:41:54.460970000Z [INFO] TRADER-001.TradingNode: Building system kernel
2026-05-12T17:41:54.461406000Z [DEBUG] TRADER-001.TradingNode: Event loop signal handling setup for (<Signals.SIGTERM: 15>, <Signals.SIGINT: 2>, <Signals.SIGABRT: 6>)
2026-05-12T17:41:54.461554000Z [INFO] TRADER-001.MessageBus: config.database=None
2026-05-12T17:41:54.461557000Z [INFO] TRADER-001.MessageBus: config.encoding='msgpack'
2026-05-12T17:41:54.461558000Z [INFO] TRADER-001.MessageBus: config.timestamps_as_iso8601=False
2026-05-12T17:41:54.461559000Z [INFO] TRADER-001.MessageBus: config.buffer_interval_ms=None
2026-05-12T17:41:54.461560000Z [INFO] TRADER-001.MessageBus: config.autotrim_mins=None
2026-05-12T17:41:54.461561000Z [INFO] TRADER-001.MessageBus: config.use_trader_prefix=True
2026-05-12T17:41:54.461562000Z [INFO] TRADER-001.MessageBus: config.use_trader_id=True
2026-05-12T17:41:54.461563000Z [INFO] TRADER-001.MessageBus: config.use_instance_id=False
2026-05-12T17:41:54.461565000Z [INFO] TRADER-001.MessageBus: config.streams_prefix='stream'
2026-05-12T17:41:54.461567000Z [INFO] TRADER-001.MessageBus: config.types_filter=None
2026-05-12T17:41:54.461845000Z [DEBUG] TRADER-001.MessageBus: Added Subscription(topic=commands.system.shutdown, handler=<bound method NautilusKernel._on_shutdown_system of <nautilus_trader.system.kernel.NautilusKernel object at 0x126d6be00>>, priority=0)
2026-05-12T17:41:54.461962000Z [INFO] TRADER-001.Cache: READY
2026-05-12T17:41:54.463280000Z [DEBUG] TRADER-001.MessageBus: Added endpoint 'Portfolio.update_account' <bound method Portfolio.update_account of <nautilus_trader.portfolio.portfolio.Portfolio object at 0x126f43240>>
2026-05-12T17:41:54.463290000Z [DEBUG] TRADER-001.MessageBus: Added endpoint 'Portfolio.update_order' <bound method Portfolio.update_order of <nautilus_trader.portfolio.portfolio.Portfolio object at 0x126f43240>>
2026-05-12T17:41:54.463293000Z [DEBUG] TRADER-001.MessageBus: Added endpoint 'Portfolio.update_position' <bound method Portfolio.update_position of <nautilus_trader.portfolio.portfolio.Portfolio object at 0x126f43240>>
2026-05-12T17:41:54.463307000Z [DEBUG] TRADER-001.MessageBus: Added Subscription(topic=events.order.*, handler=<bound method Portfolio.on_order_event of <nautilus_trader.portfolio.portfolio.Portfolio object at 0x126f43240>>, priority=10)
2026-05-12T17:41:54.463316000Z [DEBUG] TRADER-001.MessageBus: Added Subscription(topic=events.position.*, handler=<bound method Portfolio.on_position_event of <nautilus_trader.portfolio.portfolio.Portfolio object at 0x126f43240>>, priority=10)
2026-05-12T17:41:54.463323000Z [DEBUG] TRADER-001.MessageBus: Added Subscription(topic=data.quotes.*, handler=<bound method Portfolio.update_quote_tick of <nautilus_trader.portfolio.portfolio.Portfolio object at 0x126f43240>>, priority=10)
2026-05-12T17:41:54.463331000Z [DEBUG] TRADER-001.MessageBus: Added Subscription(topic=data.bars.*EXTERNAL, handler=<bound method Portfolio.update_bar of <nautilus_trader.portfolio.portfolio.Portfolio object at 0x126f43240>>, priority=10)
2026-05-12T17:41:54.463695000Z [INFO] TRADER-001.DataEngine: READY
2026-05-12T17:41:54.463981000Z [DEBUG] TRADER-001.MessageBus: Added endpoint 'DataEngine.execute' <bound method LiveDataEngine.execute of LiveDataEngine(DataEngine)>
2026-05-12T17:41:54.463987000Z [DEBUG] TRADER-001.MessageBus: Added endpoint 'DataEngine.process' <bound method LiveDataEngine.process of LiveDataEngine(DataEngine)>
2026-05-12T17:41:54.463990000Z [DEBUG] TRADER-001.MessageBus: Added endpoint 'DataEngine.request' <bound method LiveDataEngine.request of LiveDataEngine(DataEngine)>
2026-05-12T17:41:54.463992000Z [DEBUG] TRADER-001.MessageBus: Added endpoint 'DataEngine.response' <bound method LiveDataEngine.response of LiveDataEngine(DataEngine)>
2026-05-12T17:41:54.463997000Z [DEBUG] TRADER-001.MessageBus: Added endpoint 'DataEngine.process_historical' <bound method DataEngine.process_historical of LiveDataEngine(DataEngine)>
2026-05-12T17:41:54.464060000Z [INFO] TRADER-001.DataEngine: config.graceful_shutdown_on_exception=False
2026-05-12T17:41:54.464206000Z [INFO] TRADER-001.RiskEngine: READY
2026-05-12T17:41:54.464444000Z [INFO] TRADER-001.RiskEngine: TradingState is ACTIVE
2026-05-12T17:41:54.464535000Z [INFO] TRADER-001.Throttler-ORDER_SUBMIT_THROTTLER: READY
2026-05-12T17:41:54.464597000Z [INFO] TRADER-001.RiskEngine: Set MAX_ORDER_SUBMIT_RATE: 100/00:00:01
2026-05-12T17:41:54.464649000Z [INFO] TRADER-001.Throttler-ORDER_MODIFY_THROTTLER: READY
2026-05-12T17:41:54.464671000Z [INFO] TRADER-001.RiskEngine: Set MAX_ORDER_MODIFY_RATE: 100/00:00:01
2026-05-12T17:41:54.464678000Z [DEBUG] TRADER-001.MessageBus: Added endpoint 'RiskEngine.execute' <bound method LiveRiskEngine.execute of LiveRiskEngine(RiskEngine)>
2026-05-12T17:41:54.464680000Z [DEBUG] TRADER-001.MessageBus: Added endpoint 'RiskEngine.process' <bound method LiveRiskEngine.process of LiveRiskEngine(RiskEngine)>
2026-05-12T17:41:54.464689000Z [DEBUG] TRADER-001.MessageBus: Added Subscription(topic=events.order.*, handler=<bound method RiskEngine._handle_event of LiveRiskEngine(RiskEngine)>, priority=10)
2026-05-12T17:41:54.464695000Z [DEBUG] TRADER-001.MessageBus: Added Subscription(topic=events.position.*, handler=<bound method RiskEngine._handle_event of LiveRiskEngine(RiskEngine)>, priority=10)
2026-05-12T17:41:54.464721000Z [INFO] TRADER-001.RiskEngine: config.graceful_shutdown_on_exception=False
2026-05-12T17:41:54.464922000Z [INFO] TRADER-001.ExecEngine: READY
2026-05-12T17:41:54.464994000Z [INFO] TRADER-001.ExecEngine: config.snapshot_orders=False
2026-05-12T17:41:54.464998000Z [INFO] TRADER-001.ExecEngine: config.snapshot_positions=False
2026-05-12T17:41:54.465000000Z [INFO] TRADER-001.ExecEngine: config.snapshot_positions_interval_secs=None
2026-05-12T17:41:54.465001000Z [INFO] TRADER-001.ExecEngine: config.allow_overfills=False
2026-05-12T17:41:54.465012000Z [DEBUG] TRADER-001.MessageBus: Added endpoint 'ExecEngine.execute' <bound method LiveExecutionEngine.execute of LiveExecutionEngine(ExecEngine)>
2026-05-12T17:41:54.465014000Z [DEBUG] TRADER-001.MessageBus: Added endpoint 'ExecEngine.process' <bound method LiveExecutionEngine.process of LiveExecutionEngine(ExecEngine)>
2026-05-12T17:41:54.465070000Z [INFO] TRADER-001.ExecEngine: config.reconciliation=True
2026-05-12T17:41:54.465074000Z [INFO] TRADER-001.ExecEngine: config.reconciliation_lookback_mins=None
2026-05-12T17:41:54.465075000Z [INFO] TRADER-001.ExecEngine: config.reconciliation_instrument_ids=None
2026-05-12T17:41:54.465076000Z [INFO] TRADER-001.ExecEngine: config.filter_unclaimed_external_orders=False
2026-05-12T17:41:54.465077000Z [INFO] TRADER-001.ExecEngine: config.filter_position_reports=False
2026-05-12T17:41:54.465078000Z [INFO] TRADER-001.ExecEngine: config.filtered_client_order_ids=None
2026-05-12T17:41:54.465080000Z [INFO] TRADER-001.ExecEngine: config.inflight_check_interval_ms=2000
2026-05-12T17:41:54.465081000Z [INFO] TRADER-001.ExecEngine: config.inflight_check_threshold_ms=5000
2026-05-12T17:41:54.465082000Z [INFO] TRADER-001.ExecEngine: config.inflight_check_retries=5
2026-05-12T17:41:54.465084000Z [INFO] TRADER-001.ExecEngine: config.own_books_audit_interval_secs=None
2026-05-12T17:41:54.465084001Z [INFO] TRADER-001.ExecEngine: config.open_check_interval_secs=None
2026-05-12T17:41:54.465085000Z [INFO] TRADER-001.ExecEngine: config.open_check_open_only=True
2026-05-12T17:41:54.465087000Z [INFO] TRADER-001.ExecEngine: config.open_check_lookback_mins=60
2026-05-12T17:41:54.465088000Z [INFO] TRADER-001.ExecEngine: config.open_check_threshold_ms=5000
2026-05-12T17:41:54.465089000Z [INFO] TRADER-001.ExecEngine: config.open_check_missing_retries=5
2026-05-12T17:41:54.465094000Z [INFO] TRADER-001.ExecEngine: config.max_single_order_queries_per_cycle=10
2026-05-12T17:41:54.465095000Z [INFO] TRADER-001.ExecEngine: config.single_order_query_delay_ms=100
2026-05-12T17:41:54.465096000Z [INFO] TRADER-001.ExecEngine: config.position_check_interval_secs=None
2026-05-12T17:41:54.465097000Z [INFO] TRADER-001.ExecEngine: config.position_check_lookback_mins=60
2026-05-12T17:41:54.465099000Z [INFO] TRADER-001.ExecEngine: config.position_check_threshold_ms=5000
2026-05-12T17:41:54.465100000Z [INFO] TRADER-001.ExecEngine: config.position_check_retries=3
2026-05-12T17:41:54.465103000Z [INFO] TRADER-001.ExecEngine: config.reconciliation_startup_delay_secs=10.0
2026-05-12T17:41:54.465104000Z [INFO] TRADER-001.ExecEngine: config.purge_closed_orders_interval_mins=None
2026-05-12T17:41:54.465105000Z [INFO] TRADER-001.ExecEngine: config.purge_closed_orders_buffer_mins=None
2026-05-12T17:41:54.465106000Z [INFO] TRADER-001.ExecEngine: config.purge_closed_positions_interval_mins=None
2026-05-12T17:41:54.465108000Z [INFO] TRADER-001.ExecEngine: config.purge_closed_positions_buffer_mins=None
2026-05-12T17:41:54.465109000Z [INFO] TRADER-001.ExecEngine: config.purge_account_events_interval_mins=None
2026-05-12T17:41:54.465110000Z [INFO] TRADER-001.ExecEngine: config.purge_account_events_lookback_mins=None
2026-05-12T17:41:54.465111000Z [INFO] TRADER-001.ExecEngine: config.purge_from_database=False
2026-05-12T17:41:54.465113000Z [INFO] TRADER-001.ExecEngine: config.graceful_shutdown_on_exception=False
2026-05-12T17:41:54.465128000Z [DEBUG] TRADER-001.MessageBus: Added endpoint 'ExecEngine.reconcile_execution_report' <bound method LiveExecutionEngine.reconcile_execution_report of LiveExecutionEngine(ExecEngine)>
2026-05-12T17:41:54.465131000Z [DEBUG] TRADER-001.MessageBus: Added endpoint 'ExecEngine.reconcile_execution_mass_status' <bound method LiveExecutionEngine.reconcile_execution_mass_status of LiveExecutionEngine(ExecEngine)>
2026-05-12T17:41:54.465268000Z [DEBUG] TRADER-001.Cache: Clearing index
2026-05-12T17:41:54.465270000Z [DEBUG] TRADER-001.Cache: Cleared index
2026-05-12T17:41:54.465273000Z [DEBUG] TRADER-001.ExecEngine: clear_index took 0ms
2026-05-12T17:41:54.465304000Z [DEBUG] TRADER-001.Cache: Loading general cache from database
2026-05-12T17:41:54.465334000Z [INFO] TRADER-001.Cache: Cached 0 general objects from database
2026-05-12T17:41:54.465336000Z [DEBUG] TRADER-001.ExecEngine: cache_general took 0ms
2026-05-12T17:41:54.465369000Z [DEBUG] TRADER-001.Cache: Loading currencies from database
2026-05-12T17:41:54.465400000Z [INFO] TRADER-001.Cache: Cached 0 currencies from database
2026-05-12T17:41:54.465402000Z [DEBUG] TRADER-001.ExecEngine: cache_currencies took 0ms
2026-05-12T17:41:54.465403000Z [DEBUG] TRADER-001.Cache: Loading instruments from database
2026-05-12T17:41:54.465405000Z [INFO] TRADER-001.Cache: Cached 0 instruments from database
2026-05-12T17:41:54.465406000Z [DEBUG] TRADER-001.ExecEngine: cache_instruments took 0ms
2026-05-12T17:41:54.465408000Z [DEBUG] TRADER-001.Cache: Loading accounts from database
2026-05-12T17:41:54.465410000Z [INFO] TRADER-001.Cache: Cached 0 accounts from database
2026-05-12T17:41:54.465411000Z [DEBUG] TRADER-001.ExecEngine: cache_accounts took 0ms
2026-05-12T17:41:54.465413000Z [DEBUG] TRADER-001.Cache: Loading orders from database
2026-05-12T17:41:54.465414000Z [INFO] TRADER-001.Cache: Cached 0 orders from database
2026-05-12T17:41:54.465415000Z [DEBUG] TRADER-001.ExecEngine: cache_orders took 0ms
2026-05-12T17:41:54.465417000Z [DEBUG] TRADER-001.Cache: Loading order lists
2026-05-12T17:41:54.465419000Z [INFO] TRADER-001.Cache: Cached 0 order lists from database
2026-05-12T17:41:54.465420000Z [DEBUG] TRADER-001.ExecEngine: cache_order_lists took 0ms
2026-05-12T17:41:54.465421000Z [DEBUG] TRADER-001.Cache: Loading positions from database
2026-05-12T17:41:54.465422000Z [INFO] TRADER-001.Cache: Cached 0 positions from database
2026-05-12T17:41:54.465424000Z [DEBUG] TRADER-001.ExecEngine: cache_positions took 0ms
2026-05-12T17:41:54.465425000Z [DEBUG] TRADER-001.Cache: Building index
2026-05-12T17:41:54.465464000Z [DEBUG] TRADER-001.Cache: Index built in 0.000s
2026-05-12T17:41:54.465466000Z [DEBUG] TRADER-001.ExecEngine: build_index took 0ms
2026-05-12T17:41:54.465499000Z [INFO] TRADER-001.Cache: Checking data integrity
2026-05-12T17:41:54.465568000Z [INFO] TRADER-001.Cache: Integrity check passed in 64μs
2026-05-12T17:41:54.465570000Z [DEBUG] TRADER-001.ExecEngine: check_integrity took 0ms
2026-05-12T17:41:54.465825000Z [DEBUG] TRADER-001.ExecEngine: _set_position_id_counts took 0ms
2026-05-12T17:41:54.465836000Z [INFO] TRADER-001.ExecEngine: Loaded cache in 0ms
2026-05-12T17:41:54.466089000Z [INFO] TRADER-001.OrderEmulator: READY
2026-05-12T17:41:54.466242000Z [DEBUG] TRADER-001.MessageBus: Added endpoint 'OrderEmulator.execute' <bound method OrderEmulator.execute of OrderEmulator(OrderEmulator)>
2026-05-12T17:41:54.466290000Z [INFO] TRADER-001.TRADER-001: READY
2026-05-12T17:41:54.466335000Z [INFO] TRADER-001.TradingNode: Initialized in 9ms
2026-05-12T17:41:54.466367000Z [INFO] TRADER-001.TradingNode: has_cache_backing=False
2026-05-12T17:41:54.466369000Z [INFO] TRADER-001.TradingNode: has_msgbus_backing=False
2026-05-12T17:41:54.467023000Z [INFO] TRADER-001.ApiOrderTestStrategy: READY
2026-05-12T17:41:54.467436000Z [DEBUG] TRADER-001.MessageBus: Added Subscription(topic=events.order.ApiOrderTestStrategy-000, handler=<bound method Strategy.handle_event of ApiOrderTestStrategy(ApiOrderTestStrategy-000)>, priority=0)
2026-05-12T17:41:54.467454000Z [DEBUG] TRADER-001.MessageBus: Added Subscription(topic=events.position.ApiOrderTestStrategy-000, handler=<bound method Strategy.handle_event of ApiOrderTestStrategy(ApiOrderTestStrategy-000)>, priority=0)
2026-05-12T17:41:54.467532000Z [INFO] TRADER-001.ExecEngine: Registered OMS.UNSPECIFIED for Strategy ApiOrderTestStrategy-000
2026-05-12T17:41:54.467541000Z [INFO] TRADER-001.TRADER-001: Registered Strategy ApiOrderTestStrategy-000
2026-05-12T17:41:54.467557000Z [INFO] TRADER-001.TradingNode: Building data client for ETORO_WS_CLIENT
2026-05-12T17:41:54.467606000Z [INFO] TRADER-001.InstrumentProvider: READY
2026-05-12T17:41:54.468040000Z [INFO] TRADER-001.DataClient-ETORO_WS_CLIENT: READY
2026-05-12T17:41:54.468163000Z [INFO] TRADER-001.DataEngine: Registered ETORO_WS_CLIENT
2026-05-12T17:41:54.468182000Z [INFO] TRADER-001.TradingNode: Building execution client for ETORO
2026-05-12T17:41:54.468213000Z [INFO] TRADER-001.InstrumentProvider: READY
2026-05-12T17:41:54.468360000Z [INFO] TRADER-001.ExecClient-ETORO: READY
2026-05-12T17:41:54.468453000Z [INFO] TRADER-001.ExecEngine: Registered ExecutionClient-ETORO
2026-05-12T17:41:54.469389000Z [INFO] TRADER-001.TradingNode: STARTING
2026-05-12T17:41:54.469438000Z [DEBUG] TRADER-001.ApiOrderTestStrategy: Registered <concurrent.futures.thread.ThreadPoolExecutor object at 0x126f8c050>
2026-05-12T17:41:54.469453000Z [DEBUG] TRADER-001.DataEngine: STARTING
2026-05-12T17:41:54.469484000Z [DEBUG] TRADER-001.DataClient-ETORO_WS_CLIENT: STARTING
2026-05-12T17:41:54.469501000Z [INFO] TRADER-001.DataClient-ETORO_WS_CLIENT: RUNNING
2026-05-12T17:41:54.469573000Z [DEBUG] TRADER-001.DataEngine: Scheduled task 'cmd_queue'
2026-05-12T17:41:54.469577000Z [DEBUG] TRADER-001.DataEngine: Scheduled task 'req_queue'
2026-05-12T17:41:54.469578000Z [DEBUG] TRADER-001.DataEngine: Scheduled task 'res_queue'
2026-05-12T17:41:54.469579000Z [DEBUG] TRADER-001.DataEngine: Scheduled task 'data_queue'
2026-05-12T17:41:54.469586000Z [INFO] TRADER-001.DataEngine: RUNNING
2026-05-12T17:41:54.469593000Z [DEBUG] TRADER-001.RiskEngine: STARTING
2026-05-12T17:41:54.469652000Z [DEBUG] TRADER-001.RiskEngine: Scheduled task 'cmd_queue'
2026-05-12T17:41:54.469656000Z [DEBUG] TRADER-001.RiskEngine: Scheduled task 'evt_queue'
2026-05-12T17:41:54.469661000Z [INFO] TRADER-001.RiskEngine: RUNNING
2026-05-12T17:41:54.469671000Z [DEBUG] TRADER-001.ExecEngine: STARTING
2026-05-12T17:41:54.469676000Z [DEBUG] TRADER-001.ExecClient-ETORO: STARTING
2026-05-12T17:41:54.469680000Z [INFO] TRADER-001.ExecClient-ETORO: RUNNING
2026-05-12T17:41:54.469725000Z [DEBUG] TRADER-001.ExecEngine: Scheduled task 'cmd_queue'
2026-05-12T17:41:54.469729000Z [DEBUG] TRADER-001.ExecEngine: Scheduled task 'evt_queue'
2026-05-12T17:41:54.469735000Z [DEBUG] TRADER-001.ExecEngine: Scheduled task 'continuous_reconciliation'
2026-05-12T17:41:54.469737000Z [INFO] TRADER-001.ExecEngine: Started reconciliation task
2026-05-12T17:41:54.469744000Z [INFO] TRADER-001.ExecEngine: RUNNING
2026-05-12T17:41:54.469776000Z [INFO] TRADER-001.DataEngine: Connecting all clients...
2026-05-12T17:41:54.469784000Z [INFO] TRADER-001.DataClient-ETORO_WS_CLIENT: Connecting...
2026-05-12T17:41:54.469791000Z [DEBUG] TRADER-001.DataClient-ETORO_WS_CLIENT: Creating async task '_connect'
2026-05-12T17:41:54.469804000Z [INFO] TRADER-001.ExecEngine: Connecting all clients...
2026-05-12T17:41:54.469806000Z [INFO] TRADER-001.ExecClient-ETORO: Connecting...
2026-05-12T17:41:54.469812000Z [DEBUG] TRADER-001.ExecClient-ETORO: Creating task '_connect'
2026-05-12T17:41:54.469828000Z [INFO] TRADER-001.TradingNode: Awaiting engine connections and initializations (120.0s timeout)...
2026-05-12T17:41:54.470030000Z [DEBUG] TRADER-001.DataEngine: DataCommand message queue processing starting (qsize=0)
2026-05-12T17:41:54.470043000Z [DEBUG] TRADER-001.DataEngine: RequestData message queue processing starting (qsize=0)
2026-05-12T17:41:54.470048000Z [DEBUG] TRADER-001.DataEngine: DataResponse message queue processing starting (qsize=0)
2026-05-12T17:41:54.470052000Z [DEBUG] TRADER-001.DataEngine: Data queue processing starting (qsize=0)
2026-05-12T17:41:54.470056000Z [DEBUG] TRADER-001.RiskEngine: Command message queue processing (qsize=0)
2026-05-12T17:41:54.470059000Z [DEBUG] TRADER-001.RiskEngine: Event message queue processing starting (qsize=0)
2026-05-12T17:41:54.470064000Z [DEBUG] TRADER-001.ExecEngine: Command message queue processing starting (qsize=0)
2026-05-12T17:41:54.470069000Z [DEBUG] TRADER-001.ExecEngine: Event message queue processing starting (qsize=0)
2026-05-12T17:41:54.470084000Z [INFO] TRADER-001.ExecEngine: Starting continuous reconciliation with intervals: inflight=2000ms, consistency=Nones, position=Nones
2026-05-12T17:41:54.470088000Z [INFO] TRADER-001.ExecEngine: Awaiting startup reconciliation completion before starting continuous checks
2026-05-12T17:41:54.526224000Z [INFO] TRADER-001.DataClient-ETORO_WS_CLIENT: WebSocket Verbindungsversuch 1/5 zu wss://ws.etoro.com/ws ...
2026-05-12T17:41:54.745164000Z [INFO] TRADER-001.ExecClient-ETORO: Execution WS connect attempt 1/5 ...
2026-05-12T17:41:55.010021000Z [WARN] TRADER-001.ExecClient-ETORO: Auth response not JSON: b'\x00'
2026-05-12T17:41:55.010062000Z [INFO] TRADER-001.ExecClient-ETORO: Subscribed to trading notification topics.
2026-05-12T17:41:55.010065000Z [DEBUG] TRADER-001.ExecClient-ETORO: Creating task 'exec_ws_loop'
2026-05-12T17:41:55.010072000Z [INFO] TRADER-001.ExecClient-ETORO: Execution WS connected and authenticated.
2026-05-12T17:41:55.145994000Z [INFO] TRADER-001.ExecClient-ETORO: Account balance: credit=0.00 USD  available=0.00 USD
2026-05-12T17:41:55.146281000Z [DEBUG] TRADER-001.Cache: Added Account(id=ETORO-REAL-001)
2026-05-12T17:41:55.146284000Z [DEBUG] TRADER-001.Cache: Indexed AccountId('ETORO-REAL-001')
2026-05-12T17:41:55.146309000Z [INFO] TRADER-001.Portfolio: Updated AccountState(account_id=ETORO-REAL-001, account_type=MARGIN, base_currency=USD, is_reported=False, balances=[AccountBalance(total=0.00 USD, locked=0.00 USD, free=0.00 USD)], margins=[], event_id=b66f05e4-0448-4044-b7af-e2f4e5a687c6)
2026-05-12T17:41:55.146369000Z [INFO] TRADER-001.ExecClient-ETORO: Connected
2026-05-12T17:41:55.483141000Z [INFO] TRADER-001.DataClient-ETORO_WS_CLIENT: WebSocket verbunden. Authentifiziere...
2026-05-12T17:41:55.483413000Z [DEBUG] TRADER-001.Cache: Added currency USD
2026-05-12T17:41:55.483417000Z [DEBUG] TRADER-001.Cache: Added instrument ADA.ETORO
2026-05-12T17:41:55.483449000Z [INFO] TRADER-001.DataClient-ETORO_WS_CLIENT: Instrument registriert: ADA.ETORO [Crypto] price_prec=5, size_prec=0
2026-05-12T17:41:55.585225000Z [INFO] TRADER-001.DataClient-ETORO_WS_CLIENT: Auth-Antwort: {'id': '6838232c-853e-4c6d-85d5-cab557715cb7', 'success': True, 'operation': 'Authenticate'}
2026-05-12T17:41:55.585305000Z [INFO] TRADER-001.DataClient-ETORO_WS_CLIENT: Abonniert: ['instrument:100017']
2026-05-12T17:41:55.585313000Z [DEBUG] TRADER-001.DataClient-ETORO_WS_CLIENT: Creating async task 'message_loop'
2026-05-12T17:41:55.585382000Z [DEBUG] TRADER-001.DataClient-ETORO_WS_CLIENT: Coroutine '_connect' completed
2026-05-12T17:41:55.585387000Z [INFO] TRADER-001.DataClient-ETORO_WS_CLIENT: Connected
2026-05-12T17:41:55.585423000Z [INFO] TRADER-001.TradingNode: Awaiting execution state reconciliation (30.0s timeout)...
2026-05-12T17:41:55.585469000Z [INFO] TRADER-001.ExecClient-ETORO: Generating ExecutionMassStatus...
2026-05-12T17:41:55.585566000Z [WARN] TRADER-001.ExecClient-ETORO: generate_order_status_reports: Kein Query-Endpoint verfügbar. Gebe leere Liste zurück.
2026-05-12T17:41:55.585656000Z [DEBUG] TRADER-001.ExecEngine: <--[RPT] ExecutionMassStatus(client_id=ETORO, account_id=ETORO-REAL-001, venue=ETORO, order_reports={}, fill_reports={}, position_reports={}, report_id=728228ef-0661-4e0d-aedb-2496a133025a, ts_init=1778607715585478000)
2026-05-12T17:41:55.585661000Z [INFO] TRADER-001.ExecEngine: Reconciling ExecutionMassStatus for ETORO
2026-05-12T17:41:55.585665000Z [INFO] TRADER-001.ExecEngine: Attempting to adjust fills for 0 instruments
2026-05-12T17:41:55.585889000Z [INFO] TRADER-001.ExecEngine: Updating adjusted fills for 0 instruments
2026-05-12T17:41:55.585892000Z [INFO] TRADER-001.ExecEngine: Final order_reports contains 0 orders, fill_reports contains 0 fills across all instruments
2026-05-12T17:41:55.585926000Z [DEBUG] TRADER-001.ExecEngine: Reconciliation state validation passed for 0 order(s)
2026-05-12T17:41:55.585953000Z [INFO] TRADER-001.ExecEngine: Reconciliation for ETORO succeeded
2026-05-12T17:41:55.585960000Z [INFO] TRADER-001.TradingNode: Execution state reconciled
2026-05-12T17:41:55.585970000Z [DEBUG] TRADER-001.OrderEmulator: STARTING
2026-05-12T17:41:55.585985000Z [INFO] TRADER-001.OrderEmulator: No emulated orders to reactivate
2026-05-12T17:41:55.585999000Z [INFO] TRADER-001.OrderEmulator: RUNNING
2026-05-12T17:41:55.586030000Z [INFO] TRADER-001.Portfolio: Initialized 0 open orders
2026-05-12T17:41:55.586032000Z [INFO] TRADER-001.Portfolio: Initialized 0 open positions
2026-05-12T17:41:55.586035000Z [INFO] TRADER-001.TradingNode: Awaiting portfolio initialization (10.0s timeout)...
2026-05-12T17:41:55.586078000Z [INFO] TRADER-001.ExecEngine: Startup reconciliation completed
2026-05-12T17:41:55.586080000Z [INFO] TRADER-001.ExecEngine: Applying post-reconciliation startup delay (10.0s)
2026-05-12T17:41:55.586093000Z [INFO] TRADER-001.TradingNode: Portfolio initialized
2026-05-12T17:41:55.586097000Z [DEBUG] TRADER-001.TRADER-001: STARTING
2026-05-12T17:41:55.586102000Z [DEBUG] TRADER-001.ApiOrderTestStrategy: STARTING
2026-05-12T17:41:55.586128000Z [INFO] TRADER-001.ApiOrderTestStrategy: self.config.oms_type=None
2026-05-12T17:41:55.586130000Z [INFO] TRADER-001.ApiOrderTestStrategy: self.config.external_order_claims=None
2026-05-12T17:41:55.586131000Z [INFO] TRADER-001.ApiOrderTestStrategy: self.config.manage_gtd_expiry=False
2026-05-12T17:41:55.586157000Z [INFO] TRADER-001.ApiOrderTestStrategy: Set ClientOrderIdGenerator client_order_id count to 0
2026-05-12T17:41:55.586158000Z [INFO] TRADER-001.ApiOrderTestStrategy: Set ClientOrderIdGenerator order_list_id count to 0
2026-05-12T17:41:55.586164000Z [INFO] TRADER-001.ApiOrderTestStrategy: Test gestartet. Warte auf ersten Tick für ADA.ETORO ...
2026-05-12T17:41:55.586217000Z [DEBUG] TRADER-001.MessageBus: Added Subscription(topic=data.quotes.ETORO.ADA, handler=<bound method Actor.handle_quote_tick of ApiOrderTestStrategy(ApiOrderTestStrategy-000)>, priority=0)
2026-05-12T17:41:55.586273000Z [INFO] TRADER-001.ApiOrderTestStrategy: [CMD]--> SubscribeQuoteTicks(instrument_id=ADA.ETORO, client_id=None, venue=ETORO)
2026-05-12T17:41:55.586308000Z [INFO] TRADER-001.ApiOrderTestStrategy: RUNNING
2026-05-12T17:41:55.586315000Z [INFO] TRADER-001.TRADER-001: RUNNING
2026-05-12T17:41:55.586319000Z [INFO] TRADER-001.TradingNode: RUNNING
2026-05-12T17:41:55.586480000Z [DEBUG] TRADER-001.DataClient-ETORO_WS_CLIENT: Creating async task 'subscribe: quote_ticks ADA.ETORO'
2026-05-12T17:41:55.586521000Z [DEBUG] TRADER-001.DataClient-ETORO_WS_CLIENT: Coroutine 'subscribe: quote_ticks ADA.ETORO' completed
2026-05-12T17:41:55.586522000Z [INFO] TRADER-001.DataClient-ETORO_WS_CLIENT: Subscribed ADA.ETORO quotes
2026-05-12T17:41:55.638275000Z [INFO] TRADER-001.DataClient-ETORO_WS_CLIENT: Snapshot ADA.ETORO: MarketOpen=True, AllowBuy=True
2026-05-12T17:41:55.638596000Z [INFO] TRADER-001.ApiOrderTestStrategy: Sende BUY: 41 Units @ Ask 0.27050 (~11.0 USD)
2026-05-12T17:41:55.638892000Z [INFO] TRADER-001.ApiOrderTestStrategy: <--[EVT] OrderInitialized(instrument_id=ADA.ETORO, client_order_id=O-20260512-174155-001-000-1, side=BUY, type=MARKET, quantity=41, time_in_force=GTC, post_only=False, reduce_only=False, quote_quantity=False, options={}, emulation_trigger=NO_TRIGGER, trigger_instrument_id=None, contingency_type=NO_CONTINGENCY, order_list_id=None, linked_order_ids=None, parent_order_id=None, exec_algorithm_id=None, exec_algorithm_params=None, exec_spawn_id=None, tags=None)
2026-05-12T17:41:55.638929000Z [DEBUG] TRADER-001.Cache: Added MarketOrder(BUY 41 ADA.ETORO MARKET GTC, status=INITIALIZED, client_order_id=O-20260512-174155-001-000-1, venue_order_id=None, position_id=None, tags=None)
2026-05-12T17:41:55.638988000Z [INFO] TRADER-001.ApiOrderTestStrategy: [CMD]--> [Risk] SubmitOrder(order=MarketOrder(BUY 41 ADA.ETORO MARKET GTC, status=INITIALIZED, client_order_id=O-20260512-174155-001-000-1, venue_order_id=None, position_id=None, tags=None), position_id=None)
2026-05-12T17:41:55.639158000Z [DEBUG] TRADER-001.ExecEngine: Routed by instrument venue: ETORO
2026-05-12T17:41:55.639191000Z [INFO] TRADER-001.ExecClient-ETORO: Submit MarketOrder(BUY 41 ADA.ETORO MARKET GTC, status=INITIALIZED, client_order_id=O-20260512-174155-001-000-1, venue_order_id=None, position_id=None, tags=None)
2026-05-12T17:41:55.639200000Z [DEBUG] TRADER-001.ExecClient-ETORO: Creating task 'submit_order: SubmitOrder(order=MarketOrder(BUY 41 ADA.ETORO MARKET GTC, status=INITIALIZED, client_order_id=O-20260512-174155-001-000-1, venue_order_id=None, position_id=None, tags=None), position_id=None)'
2026-05-12T17:41:55.639361000Z [INFO] TRADER-001.ExecClient-ETORO: REST POST https://public-api.etoro.com/api/v1/trading/execution/real/market-open-orders/by-amount | payload={'InstrumentID': 100017, 'IsBuy': True, 'Leverage': 1, 'Amount': 11.09} | x-request-id=a0ade36e-fc3f-5c62-bc2a-bec8c5d86ece
2026-05-12T17:41:55.639734000Z [INFO] TRADER-001.ApiOrderTestStrategy: <--[EVT] OrderSubmitted(instrument_id=ADA.ETORO, client_order_id=O-20260512-174155-001-000-1, account_id=ETORO-REAL-001, ts_event=1778607715639236000)
2026-05-12T17:41:55.676396000Z [ERROR] TRADER-001.ExecClient-ETORO: Order rejected (404): O-20260512-174155-001-000-1 | {"errorCode":"RouteNotFound","errorMessage":"Route not found"}
2026-05-12T17:41:55.676518000Z [WARN] TRADER-001.ApiOrderTestStrategy: <--[EVT] OrderRejected(instrument_id=ADA.ETORO, client_order_id=O-20260512-174155-001-000-1, account_id=ETORO-REAL-001, reason='etoro_404: {"errorCode":"RouteNotFound","errorMessage":"Route not found"}', due_post_only=False, ts_event=1778607715676162000)
2026-05-12T17:41:55.676527000Z [ERROR] TRADER-001.ApiOrderTestStrategy: Order REJECTED: O-20260512-174155-001-000-1 — etoro_404: {"errorCode":"RouteNotFound","errorMessage":"Route not found"}
2026-05-12T17:42:07.587925000Z [DEBUG] TRADER-001.ExecEngine: Checking in-flight orders status
2026-05-12T17:42:09.588853000Z [DEBUG] TRADER-001.ExecEngine: Checking in-flight orders status
2026-05-12T17:42:11.589712000Z [DEBUG] TRADER-001.ExecEngine: Checking in-flight orders status
2026-05-12T17:42:13.591044000Z [DEBUG] TRADER-001.ExecEngine: Checking in-flight orders status
2026-05-12T17:42:15.591473000Z [DEBUG] TRADER-001.ExecEngine: Checking in-flight orders status
2026-05-12T17:42:17.593098000Z [DEBUG] TRADER-001.ExecEngine: Checking in-flight orders status
2026-05-12T17:42:19.594106000Z [DEBUG] TRADER-001.ExecEngine: Checking in-flight orders status
2026-05-12T17:42:21.595289000Z [DEBUG] TRADER-001.ExecEngine: Checking in-flight orders status
2026-05-12T17:42:23.596792000Z [DEBUG] TRADER-001.ExecEngine: Checking in-flight orders status
2026-05-12T17:42:25.598220000Z [DEBUG] TRADER-001.ExecEngine: Checking in-flight orders status
2026-05-12T17:42:27.598818000Z [DEBUG] TRADER-001.ExecEngine: Checking in-flight orders status
2026-05-12T17:42:29.599831000Z [DEBUG] TRADER-001.ExecEngine: Checking in-flight orders status
2026-05-12T17:42:31.600675000Z [DEBUG] TRADER-001.ExecEngine: Checking in-flight orders status
2026-05-12T17:42:33.601540000Z [DEBUG] TRADER-001.ExecEngine: Checking in-flight orders status
2026-05-12T17:42:35.602537000Z [DEBUG] TRADER-001.ExecEngine: Checking in-flight orders status
2026-05-12T17:42:37.603029000Z [DEBUG] TRADER-001.ExecEngine: Checking in-flight orders status
2026-05-12T17:42:39.604973000Z [DEBUG] TRADER-001.ExecEngine: Checking in-flight orders status
2026-05-12T17:42:41.606963000Z [DEBUG] TRADER-001.ExecEngine: Checking in-flight orders status
2026-05-12T17:42:43.608218000Z [DEBUG] TRADER-001.ExecEngine: Checking in-flight orders status
2026-05-12T17:42:45.608999000Z [DEBUG] TRADER-001.ExecEngine: Checking in-flight orders status
2026-05-12T17:42:47.609990000Z [DEBUG] TRADER-001.ExecEngine: Checking in-flight orders status
2026-05-12T17:42:49.610782000Z [DEBUG] TRADER-001.ExecEngine: Checking in-flight orders status
2026-05-12T17:42:51.611632000Z [DEBUG] TRADER-001.ExecEngine: Checking in-flight orders status
2026-05-12T17:42:53.612364000Z [DEBUG] TRADER-001.ExecEngine: Checking in-flight orders status
2026-05-12T17:42:55.614328000Z [DEBUG] TRADER-001.ExecEngine: Checking in-flight orders status
2026-05-12T17:42:57.616085000Z [DEBUG] TRADER-001.ExecEngine: Checking in-flight orders status
2026-05-12T17:42:59.617336000Z [DEBUG] TRADER-001.ExecEngine: Checking in-flight orders status
2026-05-12T17:43:01.618924000Z [DEBUG] TRADER-001.ExecEngine: Checking in-flight orders status
2026-05-12T17:43:03.620252000Z [DEBUG] TRADER-001.ExecEngine: Checking in-flight orders status
2026-05-12T17:43:05.621230000Z [DEBUG] TRADER-001.ExecEngine: Checking in-flight orders status
2026-05-12T17:43:07.621734000Z [DEBUG] TRADER-001.ExecEngine: Checking in-flight orders status
2026-05-12T17:43:09.623074000Z [DEBUG] TRADER-001.ExecEngine: Checking in-flight orders status
2026-05-12T17:43:11.623861000Z [DEBUG] TRADER-001.ExecEngine: Checking in-flight orders status
2026-05-12T17:43:13.625290000Z [DEBUG] TRADER-001.ExecEngine: Checking in-flight orders status
2026-05-12T17:43:15.627279000Z [DEBUG] TRADER-001.ExecEngine: Checking in-flight orders status
2026-05-12T17:43:17.629049000Z [DEBUG] TRADER-001.ExecEngine: Checking in-flight orders status
2026-05-12T17:43:19.630188000Z [DEBUG] TRADER-001.ExecEngine: Checking in-flight orders status
2026-05-12T17:43:21.631167000Z [DEBUG] TRADER-001.ExecEngine: Checking in-flight orders status
2026-05-12T17:43:23.632467000Z [DEBUG] TRADER-001.ExecEngine: Checking in-flight orders status
2026-05-12T17:43:24.581071000Z [INFO] TRADER-001.TradingNode: STOPPING
2026-05-12T17:43:24.581113000Z [DEBUG] TRADER-001.TRADER-001: STOPPING
2026-05-12T17:43:24.581141000Z [DEBUG] TRADER-001.ApiOrderTestStrategy: STOPPING
2026-05-12T17:43:24.581351000Z [DEBUG] TRADER-001.MessageBus: Removed Subscription(topic=data.quotes.ETORO.ADA, handler=<bound method Actor.handle_quote_tick of ApiOrderTestStrategy(ApiOrderTestStrategy-000)>, priority=0)
2026-05-12T17:43:24.581473000Z [INFO] TRADER-001.ApiOrderTestStrategy: [CMD]--> UnsubscribeQuoteTicks(instrument_id=ADA.ETORO, client_id=None, venue=ETORO)
2026-05-12T17:43:24.581498000Z [INFO] TRADER-001.ApiOrderTestStrategy: Strategie gestoppt.
2026-05-12T17:43:24.581526000Z [INFO] TRADER-001.ApiOrderTestStrategy: Canceling executor tasks
2026-05-12T17:43:24.581598000Z [INFO] TRADER-001.ApiOrderTestStrategy: STOPPED
2026-05-12T17:43:24.581624000Z [INFO] TRADER-001.TRADER-001: STOPPED
2026-05-12T17:43:24.581662000Z [INFO] TRADER-001.TradingNode: Awaiting post stop (10.0s timeout)...
2026-05-12T17:43:24.581749000Z [DEBUG] TRADER-001.ApiOrderTestStrategy: Executor: Canceled inner worker task
2026-05-12T17:43:24.582155000Z [WARN] TRADER-001.DataEngine: DataCommand message queue canceled
2026-05-12T17:43:24.582165000Z [WARN] TRADER-001.DataEngine: DataCommand message queue stopped with 1 message(s) on queue
2026-05-12T17:43:24.582183000Z [WARN] TRADER-001.ExecEngine: Canceled task 'run_evt_queue'
2026-05-12T17:43:24.582188000Z [DEBUG] TRADER-001.ExecEngine: Event message queue stopped
2026-05-12T17:43:24.582198000Z [DEBUG] TRADER-001.ExecEngine: Canceled task 'continuous_reconciliation'
2026-05-12T17:43:24.582237000Z [INFO] TRADER-001.ExecClient-ETORO: Execution WS loop cancelled.
2026-05-12T17:43:24.582248000Z [WARN] TRADER-001.DataEngine: RequestData message queue canceled
2026-05-12T17:43:24.582250000Z [DEBUG] TRADER-001.DataEngine: RequestData message queue stopped
2026-05-12T17:43:24.582257000Z [WARN] TRADER-001.DataEngine: DataResponse message queue canceled
2026-05-12T17:43:24.582261000Z [DEBUG] TRADER-001.DataEngine: DataResponse message queue stopped
2026-05-12T17:43:24.582267000Z [WARN] TRADER-001.DataEngine: Data message queue canceled
2026-05-12T17:43:24.582269000Z [DEBUG] TRADER-001.DataEngine: Data message queue stopped
2026-05-12T17:43:24.582282000Z [WARN] TRADER-001.RiskEngine: Canceled task 'run_cmd_queue'
2026-05-12T17:43:24.582284000Z [DEBUG] TRADER-001.RiskEngine: Command message queue stopped
2026-05-12T17:43:24.582291000Z [WARN] TRADER-001.RiskEngine: Canceled task 'run_evt_queue'
2026-05-12T17:43:24.582293000Z [DEBUG] TRADER-001.RiskEngine: Event message queue stopped
2026-05-12T17:43:24.582299000Z [WARN] TRADER-001.ExecEngine: Canceled task 'run_cmd_queue'
2026-05-12T17:43:24.582302000Z [DEBUG] TRADER-001.ExecEngine: Command message queue stopped
2026-05-12T17:43:24.582327000Z [INFO] TRADER-001.DataClient-ETORO_WS_CLIENT: Message Loop beendet (Cancelled).
2026-05-12T17:43:24.582351000Z [DEBUG] TRADER-001.ApiOrderTestStrategy: Executor: Canceled inner worker task
2026-05-12T17:43:24.582448000Z [WARN] TRADER-001.ExecClient-ETORO: Task 'exec_ws_loop' was cancelled
