2026-05-12T12:31:00.709661234Z [INFO] TRADER-001.TradingNode: =================================================================
2026-05-12T12:31:00.709667309Z [INFO] TRADER-001.TradingNode:  NAUTILUS TRADER - Automated Algorithmic Trading Platform
2026-05-12T12:31:00.709667811Z [INFO] TRADER-001.TradingNode:  by Nautech Systems Pty Ltd.
2026-05-12T12:31:00.709668108Z [INFO] TRADER-001.TradingNode:  Copyright (C) 2015-2026. All rights reserved.
2026-05-12T12:31:00.709668527Z [INFO] TRADER-001.TradingNode: =================================================================
2026-05-12T12:31:00.709669187Z [INFO] TRADER-001.TradingNode: 
2026-05-12T12:31:00.709669540Z [INFO] TRADER-001.TradingNode: ⠀⠀⠀⠀⠀⠀⠀⠀⠀⠀⠀⠀⠀⣠⣴⣶⡟⠀⠀⠀⠀⠀⠀⠀⠀⠀⠀⠀⠀⠀⠀
2026-05-12T12:31:00.709669998Z [INFO] TRADER-001.TradingNode: ⠀⠀⠀⠀⠀⠀⠀⠀⠀⠀⠀⣰⣾⣿⣿⣿⠀⢸⣿⣿⣿⣿⣶⣶⣤⣀⠀⠀⠀⠀⠀
2026-05-12T12:31:00.709670454Z [INFO] TRADER-001.TradingNode: ⠀⠀⠀⠀⠀⠀⢀⣴⡇⢀⣾⣿⣿⣿⣿⣿⠀⣾⣿⣿⣿⣿⣿⣿⣿⠿⠓⠀⠀⠀⠀
2026-05-12T12:31:00.709670891Z [INFO] TRADER-001.TradingNode: ⠀⠀⠀⠀⠀⣰⣿⣿⡀⢸⣿⣿⣿⣿⣿⣿⠀⣿⣿⣿⣿⣿⣿⠟⠁⣠⣄⠀⠀⠀⠀
2026-05-12T12:31:00.709671297Z [INFO] TRADER-001.TradingNode: ⠀⠀⠀⠀⢠⣿⣿⣿⣇⠀⢿⣿⣿⣿⣿⣿⠀⢻⣿⣿⣿⡿⢃⣠⣾⣿⣿⣧⡀⠀⠀
2026-05-12T12:31:00.709672047Z [INFO] TRADER-001.TradingNode: ⠀⠀⠀⠠⣾⣿⣿⣿⣿⣿⣧⠈⠋⢀⣴⣧⠀⣿⡏⢠⡀⢸⣿⣿⣿⣿⣿⣿⣿⡇⠀
2026-05-12T12:31:00.709672771Z [INFO] TRADER-001.TradingNode: ⠀⠀⠀⣀⠙⢿⣿⣿⣿⣿⣿⠇⢠⣿⣿⣿⡄⠹⠃⠼⠃⠈⠉⠛⠛⠛⠛⠛⠻⠇⠀
2026-05-12T12:31:00.709673475Z [INFO] TRADER-001.TradingNode: ⠀⠀⢸⡟⢠⣤⠉⠛⠿⢿⣿⠀⢸⣿⡿⠋⣠⣤⣄⠀⣾⣿⣿⣶⣶⣶⣦⡄⠀⠀⠀
2026-05-12T12:31:00.709673907Z [INFO] TRADER-001.TradingNode: ⠀⠀⠸⠀⣾⠏⣸⣷⠂⣠⣤⠀⠘⢁⣴⣾⣿⣿⣿⡆⠘⣿⣿⣿⣿⣿⣿⠀⠀⠀⠀
2026-05-12T12:31:00.709674733Z [INFO] TRADER-001.TradingNode: ⠀⠀⠀⠀⠛⠀⣿⡟⠀⢻⣿⡄⠸⣿⣿⣿⣿⣿⣿⣿⡀⠘⣿⣿⣿⣿⠟⠀⠀⠀⠀
2026-05-12T12:31:00.709675375Z [INFO] TRADER-001.TradingNode: ⠀⠀⠀⠀⠀⠀⣿⠇⠀⠀⢻⡿⠀⠈⠻⣿⣿⣿⣿⣿⡇⠀⢹⣿⠿⠋⠀⠀⠀⠀⠀
2026-05-12T12:31:00.709685887Z [INFO] TRADER-001.TradingNode: ⠀⠀⠀⠀⠀⠀⠋⠀⠀⠀⡘⠁⠀⠀⠀⠀⠀⠀⠀⠀⠀⠀⠈⠁⠀⠀⠀⠀⠀⠀⠀
2026-05-12T12:31:00.709686535Z [INFO] TRADER-001.TradingNode: 
2026-05-12T12:31:00.709686899Z [INFO] TRADER-001.TradingNode: =================================================================
2026-05-12T12:31:00.709687342Z [INFO] TRADER-001.TradingNode:  SYSTEM SPECIFICATION
2026-05-12T12:31:00.709687779Z [INFO] TRADER-001.TradingNode: =================================================================
2026-05-12T12:31:00.709690274Z [INFO] TRADER-001.TradingNode: CPU architecture: Intel(R) Core(TM) i7-4810MQ CPU @ 2.80GHz
2026-05-12T12:31:00.709691249Z [INFO] TRADER-001.TradingNode: CPU(s): 8 @ 798 MHz
2026-05-12T12:31:00.709692307Z [INFO] TRADER-001.TradingNode: OS: kernel-6.17.0-23-generic Linux (Ubuntu 24.04)
2026-05-12T12:31:00.709743596Z [INFO] TRADER-001.TradingNode: =================================================================
2026-05-12T12:31:00.709744497Z [INFO] TRADER-001.TradingNode:  MEMORY USAGE
2026-05-12T12:31:00.709744783Z [INFO] TRADER-001.TradingNode: =================================================================
2026-05-12T12:31:00.709746539Z [INFO] TRADER-001.TradingNode: RAM-Total: 31.22 GiB
2026-05-12T12:31:00.709747283Z [INFO] TRADER-001.TradingNode: RAM-Used: 6.98 GiB (22.36%)
2026-05-12T12:31:00.709748066Z [INFO] TRADER-001.TradingNode: RAM-Avail: 24.24 GiB (77.64%)
2026-05-12T12:31:00.709748779Z [INFO] TRADER-001.TradingNode: Swap-Total: 8.00 GiB
2026-05-12T12:31:00.709749375Z [INFO] TRADER-001.TradingNode: Swap-Used: 0.00 GiB (0.00%)
2026-05-12T12:31:00.709751641Z [INFO] TRADER-001.TradingNode: Swap-Avail: 8.00 GiB (100.00%)
2026-05-12T12:31:00.709752329Z [INFO] TRADER-001.TradingNode: =================================================================
2026-05-12T12:31:00.709752549Z [INFO] TRADER-001.TradingNode:  IDENTIFIERS
2026-05-12T12:31:00.709752751Z [INFO] TRADER-001.TradingNode: =================================================================
2026-05-12T12:31:00.709753480Z [INFO] TRADER-001.TradingNode: trader_id: TRADER-001
2026-05-12T12:31:00.709754250Z [INFO] TRADER-001.TradingNode: machine_id: user-ThinkPad-W541
2026-05-12T12:31:00.709755662Z [INFO] TRADER-001.TradingNode: instance_id: ffe8294a-4f41-4a98-9925-46e467182b81
2026-05-12T12:31:00.709756202Z [INFO] TRADER-001.TradingNode: PID: 26830
2026-05-12T12:31:00.709756639Z [INFO] TRADER-001.TradingNode: =================================================================
2026-05-12T12:31:00.709756845Z [INFO] TRADER-001.TradingNode:  VERSIONING
2026-05-12T12:31:00.709757033Z [INFO] TRADER-001.TradingNode: =================================================================
2026-05-12T12:31:00.709781240Z [INFO] TRADER-001.TradingNode: nautilus_trader: 1.226.0
2026-05-12T12:31:00.709786943Z [INFO] TRADER-001.TradingNode: python: 3.12.3
2026-05-12T12:31:00.709790014Z [INFO] TRADER-001.TradingNode: numpy: 2.4.4
2026-05-12T12:31:00.709793087Z [INFO] TRADER-001.TradingNode: pandas: 2.3.3
2026-05-12T12:31:00.709795616Z [INFO] TRADER-001.TradingNode: msgspec: 0.21.1
2026-05-12T12:31:00.709798170Z [INFO] TRADER-001.TradingNode: pyarrow: 24.0.0
2026-05-12T12:31:00.709800405Z [INFO] TRADER-001.TradingNode: pytz: 2026.2
2026-05-12T12:31:00.709803008Z [INFO] TRADER-001.TradingNode: uvloop: 0.22.1
2026-05-12T12:31:00.709803229Z [INFO] TRADER-001.TradingNode: =================================================================
2026-05-12T12:31:00.709819112Z [INFO] TRADER-001.TradingNode: Building system kernel
2026-05-12T12:31:00.710019228Z [DEBUG] TRADER-001.TradingNode: Event loop signal handling setup for (<Signals.SIGTERM: 15>, <Signals.SIGINT: 2>, <Signals.SIGABRT: 6>)
2026-05-12T12:31:00.710041365Z [INFO] TRADER-001.MessageBus: config.database=None
2026-05-12T12:31:00.710042620Z [INFO] TRADER-001.MessageBus: config.encoding='msgpack'
2026-05-12T12:31:00.710043716Z [INFO] TRADER-001.MessageBus: config.timestamps_as_iso8601=False
2026-05-12T12:31:00.710044425Z [INFO] TRADER-001.MessageBus: config.buffer_interval_ms=None
2026-05-12T12:31:00.710045465Z [INFO] TRADER-001.MessageBus: config.autotrim_mins=None
2026-05-12T12:31:00.710046620Z [INFO] TRADER-001.MessageBus: config.use_trader_prefix=True
2026-05-12T12:31:00.710047843Z [INFO] TRADER-001.MessageBus: config.use_trader_id=True
2026-05-12T12:31:00.710049710Z [INFO] TRADER-001.MessageBus: config.use_instance_id=False
2026-05-12T12:31:00.710050585Z [INFO] TRADER-001.MessageBus: config.streams_prefix='stream'
2026-05-12T12:31:00.710051345Z [INFO] TRADER-001.MessageBus: config.types_filter=None
2026-05-12T12:31:00.710084584Z [DEBUG] TRADER-001.MessageBus: Added Subscription(topic=commands.system.shutdown, handler=<bound method NautilusKernel._on_shutdown_system of <nautilus_trader.system.kernel.NautilusKernel object at 0x7d05991438f0>>, priority=0)
2026-05-12T12:31:00.710110532Z [INFO] TRADER-001.Cache: READY
2026-05-12T12:31:00.710794168Z [DEBUG] TRADER-001.MessageBus: Added endpoint 'Portfolio.update_account' <bound method Portfolio.update_account of <nautilus_trader.portfolio.portfolio.Portfolio object at 0x7d0598face40>>
2026-05-12T12:31:00.710801548Z [DEBUG] TRADER-001.MessageBus: Added endpoint 'Portfolio.update_order' <bound method Portfolio.update_order of <nautilus_trader.portfolio.portfolio.Portfolio object at 0x7d0598face40>>
2026-05-12T12:31:00.710803777Z [DEBUG] TRADER-001.MessageBus: Added endpoint 'Portfolio.update_position' <bound method Portfolio.update_position of <nautilus_trader.portfolio.portfolio.Portfolio object at 0x7d0598face40>>
2026-05-12T12:31:00.710813390Z [DEBUG] TRADER-001.MessageBus: Added Subscription(topic=events.order.*, handler=<bound method Portfolio.on_order_event of <nautilus_trader.portfolio.portfolio.Portfolio object at 0x7d0598face40>>, priority=10)
2026-05-12T12:31:00.710819214Z [DEBUG] TRADER-001.MessageBus: Added Subscription(topic=events.position.*, handler=<bound method Portfolio.on_position_event of <nautilus_trader.portfolio.portfolio.Portfolio object at 0x7d0598face40>>, priority=10)
2026-05-12T12:31:00.710824304Z [DEBUG] TRADER-001.MessageBus: Added Subscription(topic=data.quotes.*, handler=<bound method Portfolio.update_quote_tick of <nautilus_trader.portfolio.portfolio.Portfolio object at 0x7d0598face40>>, priority=10)
2026-05-12T12:31:00.710830885Z [DEBUG] TRADER-001.MessageBus: Added Subscription(topic=data.bars.*EXTERNAL, handler=<bound method Portfolio.update_bar of <nautilus_trader.portfolio.portfolio.Portfolio object at 0x7d0598face40>>, priority=10)
2026-05-12T12:31:00.710909659Z [INFO] TRADER-001.DataEngine: READY
2026-05-12T12:31:00.710982050Z [DEBUG] TRADER-001.MessageBus: Added endpoint 'DataEngine.execute' <bound method LiveDataEngine.execute of LiveDataEngine(DataEngine)>
2026-05-12T12:31:00.710986542Z [DEBUG] TRADER-001.MessageBus: Added endpoint 'DataEngine.process' <bound method LiveDataEngine.process of LiveDataEngine(DataEngine)>
2026-05-12T12:31:00.710988564Z [DEBUG] TRADER-001.MessageBus: Added endpoint 'DataEngine.request' <bound method LiveDataEngine.request of LiveDataEngine(DataEngine)>
2026-05-12T12:31:00.710990151Z [DEBUG] TRADER-001.MessageBus: Added endpoint 'DataEngine.response' <bound method LiveDataEngine.response of LiveDataEngine(DataEngine)>
2026-05-12T12:31:00.710992691Z [DEBUG] TRADER-001.MessageBus: Added endpoint 'DataEngine.process_historical' <bound method DataEngine.process_historical of LiveDataEngine(DataEngine)>
2026-05-12T12:31:00.711044275Z [INFO] TRADER-001.DataEngine: config.graceful_shutdown_on_exception=False
2026-05-12T12:31:00.711090379Z [INFO] TRADER-001.RiskEngine: READY
2026-05-12T12:31:00.711135667Z [INFO] TRADER-001.RiskEngine: TradingState is ACTIVE
2026-05-12T12:31:00.711199507Z [INFO] TRADER-001.Throttler-ORDER_SUBMIT_THROTTLER: READY
2026-05-12T12:31:00.711224025Z [INFO] TRADER-001.RiskEngine: Set MAX_ORDER_SUBMIT_RATE: 100/00:00:01
2026-05-12T12:31:00.711250792Z [INFO] TRADER-001.Throttler-ORDER_MODIFY_THROTTLER: READY
2026-05-12T12:31:00.711261848Z [INFO] TRADER-001.RiskEngine: Set MAX_ORDER_MODIFY_RATE: 100/00:00:01
2026-05-12T12:31:00.711268553Z [DEBUG] TRADER-001.MessageBus: Added endpoint 'RiskEngine.execute' <bound method LiveRiskEngine.execute of LiveRiskEngine(RiskEngine)>
2026-05-12T12:31:00.711270460Z [DEBUG] TRADER-001.MessageBus: Added endpoint 'RiskEngine.process' <bound method LiveRiskEngine.process of LiveRiskEngine(RiskEngine)>
2026-05-12T12:31:00.711278906Z [DEBUG] TRADER-001.MessageBus: Added Subscription(topic=events.order.*, handler=<bound method RiskEngine._handle_event of LiveRiskEngine(RiskEngine)>, priority=10)
2026-05-12T12:31:00.711283792Z [DEBUG] TRADER-001.MessageBus: Added Subscription(topic=events.position.*, handler=<bound method RiskEngine._handle_event of LiveRiskEngine(RiskEngine)>, priority=10)
2026-05-12T12:31:00.711303584Z [INFO] TRADER-001.RiskEngine: config.graceful_shutdown_on_exception=False
2026-05-12T12:31:00.711354667Z [INFO] TRADER-001.ExecEngine: READY
2026-05-12T12:31:00.711396594Z [INFO] TRADER-001.ExecEngine: config.snapshot_orders=False
2026-05-12T12:31:00.711399752Z [INFO] TRADER-001.ExecEngine: config.snapshot_positions=False
2026-05-12T12:31:00.711400775Z [INFO] TRADER-001.ExecEngine: config.snapshot_positions_interval_secs=None
2026-05-12T12:31:00.711401545Z [INFO] TRADER-001.ExecEngine: config.allow_overfills=False
2026-05-12T12:31:00.711405957Z [DEBUG] TRADER-001.MessageBus: Added endpoint 'ExecEngine.execute' <bound method LiveExecutionEngine.execute of LiveExecutionEngine(ExecEngine)>
2026-05-12T12:31:00.711407803Z [DEBUG] TRADER-001.MessageBus: Added endpoint 'ExecEngine.process' <bound method LiveExecutionEngine.process of LiveExecutionEngine(ExecEngine)>
2026-05-12T12:31:00.711462868Z [INFO] TRADER-001.ExecEngine: config.reconciliation=True
2026-05-12T12:31:00.711467363Z [INFO] TRADER-001.ExecEngine: config.reconciliation_lookback_mins=None
2026-05-12T12:31:00.711468707Z [INFO] TRADER-001.ExecEngine: config.reconciliation_instrument_ids=None
2026-05-12T12:31:00.711470545Z [INFO] TRADER-001.ExecEngine: config.filter_unclaimed_external_orders=False
2026-05-12T12:31:00.711471803Z [INFO] TRADER-001.ExecEngine: config.filter_position_reports=False
2026-05-12T12:31:00.711472890Z [INFO] TRADER-001.ExecEngine: config.filtered_client_order_ids=None
2026-05-12T12:31:00.711473831Z [INFO] TRADER-001.ExecEngine: config.inflight_check_interval_ms=2000
2026-05-12T12:31:00.711474425Z [INFO] TRADER-001.ExecEngine: config.inflight_check_threshold_ms=5000
2026-05-12T12:31:00.711475254Z [INFO] TRADER-001.ExecEngine: config.inflight_check_retries=5
2026-05-12T12:31:00.711476073Z [INFO] TRADER-001.ExecEngine: config.own_books_audit_interval_secs=None
2026-05-12T12:31:00.711476769Z [INFO] TRADER-001.ExecEngine: config.open_check_interval_secs=None
2026-05-12T12:31:00.711477367Z [INFO] TRADER-001.ExecEngine: config.open_check_open_only=True
2026-05-12T12:31:00.711478174Z [INFO] TRADER-001.ExecEngine: config.open_check_lookback_mins=60
2026-05-12T12:31:00.711478833Z [INFO] TRADER-001.ExecEngine: config.open_check_threshold_ms=5000
2026-05-12T12:31:00.711481236Z [INFO] TRADER-001.ExecEngine: config.open_check_missing_retries=5
2026-05-12T12:31:00.711482649Z [INFO] TRADER-001.ExecEngine: config.max_single_order_queries_per_cycle=10
2026-05-12T12:31:00.711484052Z [INFO] TRADER-001.ExecEngine: config.single_order_query_delay_ms=100
2026-05-12T12:31:00.711485258Z [INFO] TRADER-001.ExecEngine: config.position_check_interval_secs=None
2026-05-12T12:31:00.711486325Z [INFO] TRADER-001.ExecEngine: config.position_check_lookback_mins=60
2026-05-12T12:31:00.711487862Z [INFO] TRADER-001.ExecEngine: config.position_check_threshold_ms=5000
2026-05-12T12:31:00.711489153Z [INFO] TRADER-001.ExecEngine: config.position_check_retries=3
2026-05-12T12:31:00.711492913Z [INFO] TRADER-001.ExecEngine: config.reconciliation_startup_delay_secs=10.0
2026-05-12T12:31:00.711493853Z [INFO] TRADER-001.ExecEngine: config.purge_closed_orders_interval_mins=None
2026-05-12T12:31:00.711494619Z [INFO] TRADER-001.ExecEngine: config.purge_closed_orders_buffer_mins=None
2026-05-12T12:31:00.711495376Z [INFO] TRADER-001.ExecEngine: config.purge_closed_positions_interval_mins=None
2026-05-12T12:31:00.711500240Z [INFO] TRADER-001.ExecEngine: config.purge_closed_positions_buffer_mins=None
2026-05-12T12:31:00.711501285Z [INFO] TRADER-001.ExecEngine: config.purge_account_events_interval_mins=None
2026-05-12T12:31:00.711502028Z [INFO] TRADER-001.ExecEngine: config.purge_account_events_lookback_mins=None
2026-05-12T12:31:00.711503412Z [INFO] TRADER-001.ExecEngine: config.purge_from_database=False
2026-05-12T12:31:00.711504142Z [INFO] TRADER-001.ExecEngine: config.graceful_shutdown_on_exception=False
2026-05-12T12:31:00.711513779Z [DEBUG] TRADER-001.MessageBus: Added endpoint 'ExecEngine.reconcile_execution_report' <bound method LiveExecutionEngine.reconcile_execution_report of LiveExecutionEngine(ExecEngine)>
2026-05-12T12:31:00.711516379Z [DEBUG] TRADER-001.MessageBus: Added endpoint 'ExecEngine.reconcile_execution_mass_status' <bound method LiveExecutionEngine.reconcile_execution_mass_status of LiveExecutionEngine(ExecEngine)>
2026-05-12T12:31:00.711548392Z [DEBUG] TRADER-001.Cache: Clearing index
2026-05-12T12:31:00.711550719Z [DEBUG] TRADER-001.Cache: Cleared index
2026-05-12T12:31:00.711554221Z [DEBUG] TRADER-001.ExecEngine: clear_index took 0ms
2026-05-12T12:31:00.711561098Z [DEBUG] TRADER-001.Cache: Loading general cache from database
2026-05-12T12:31:00.711566252Z [INFO] TRADER-001.Cache: Cached 0 general objects from database
2026-05-12T12:31:00.711567724Z [DEBUG] TRADER-001.ExecEngine: cache_general took 0ms
2026-05-12T12:31:00.711569809Z [DEBUG] TRADER-001.Cache: Loading currencies from database
2026-05-12T12:31:00.711571468Z [INFO] TRADER-001.Cache: Cached 0 currencies from database
2026-05-12T12:31:00.711572496Z [DEBUG] TRADER-001.ExecEngine: cache_currencies took 0ms
2026-05-12T12:31:00.711573592Z [DEBUG] TRADER-001.Cache: Loading instruments from database
2026-05-12T12:31:00.711574966Z [INFO] TRADER-001.Cache: Cached 0 instruments from database
2026-05-12T12:31:00.711577098Z [DEBUG] TRADER-001.ExecEngine: cache_instruments took 0ms
2026-05-12T12:31:00.711579061Z [DEBUG] TRADER-001.Cache: Loading accounts from database
2026-05-12T12:31:00.711580534Z [INFO] TRADER-001.Cache: Cached 0 accounts from database
2026-05-12T12:31:00.711582046Z [DEBUG] TRADER-001.ExecEngine: cache_accounts took 0ms
2026-05-12T12:31:00.711583256Z [DEBUG] TRADER-001.Cache: Loading orders from database
2026-05-12T12:31:00.711585344Z [INFO] TRADER-001.Cache: Cached 0 orders from database
2026-05-12T12:31:00.711587208Z [DEBUG] TRADER-001.ExecEngine: cache_orders took 0ms
2026-05-12T12:31:00.711588594Z [DEBUG] TRADER-001.Cache: Loading order lists
2026-05-12T12:31:00.711593409Z [INFO] TRADER-001.Cache: Cached 0 order lists from database
2026-05-12T12:31:00.711594630Z [DEBUG] TRADER-001.ExecEngine: cache_order_lists took 0ms
2026-05-12T12:31:00.711596231Z [DEBUG] TRADER-001.Cache: Loading positions from database
2026-05-12T12:31:00.711597037Z [INFO] TRADER-001.Cache: Cached 0 positions from database
2026-05-12T12:31:00.711597803Z [DEBUG] TRADER-001.ExecEngine: cache_positions took 0ms
2026-05-12T12:31:00.711602166Z [DEBUG] TRADER-001.Cache: Building index
2026-05-12T12:31:00.711610462Z [DEBUG] TRADER-001.Cache: Index built in 0.000s
2026-05-12T12:31:00.711611783Z [DEBUG] TRADER-001.ExecEngine: build_index took 0ms
2026-05-12T12:31:00.711617907Z [INFO] TRADER-001.Cache: Checking data integrity
2026-05-12T12:31:00.711627667Z [INFO] TRADER-001.Cache: Integrity check passed in 9μs
2026-05-12T12:31:00.711629779Z [DEBUG] TRADER-001.ExecEngine: check_integrity took 0ms
2026-05-12T12:31:00.711640593Z [DEBUG] TRADER-001.ExecEngine: _set_position_id_counts took 0ms
2026-05-12T12:31:00.711642113Z [INFO] TRADER-001.ExecEngine: Loaded cache in 0ms
2026-05-12T12:31:00.711698720Z [INFO] TRADER-001.OrderEmulator: READY
2026-05-12T12:31:00.711751627Z [DEBUG] TRADER-001.MessageBus: Added endpoint 'OrderEmulator.execute' <bound method OrderEmulator.execute of OrderEmulator(OrderEmulator)>
2026-05-12T12:31:00.711778703Z [INFO] TRADER-001.TRADER-001: READY
2026-05-12T12:31:00.711821395Z [INFO] TRADER-001.TradingNode: Initialized in 5ms
2026-05-12T12:31:00.711843842Z [INFO] TRADER-001.TradingNode: has_cache_backing=False
2026-05-12T12:31:00.711846232Z [INFO] TRADER-001.TradingNode: has_msgbus_backing=False
2026-05-12T12:31:00.711975654Z [INFO] TRADER-001.ApiOrderTestStrategy: READY
2026-05-12T12:31:00.712024418Z [DEBUG] TRADER-001.MessageBus: Added Subscription(topic=events.order.ApiOrderTestStrategy-000, handler=<bound method Strategy.handle_event of ApiOrderTestStrategy(ApiOrderTestStrategy-000)>, priority=0)
2026-05-12T12:31:00.712032125Z [DEBUG] TRADER-001.MessageBus: Added Subscription(topic=events.position.ApiOrderTestStrategy-000, handler=<bound method Strategy.handle_event of ApiOrderTestStrategy(ApiOrderTestStrategy-000)>, priority=0)
2026-05-12T12:31:00.712043378Z [INFO] TRADER-001.ExecEngine: Registered OMS.UNSPECIFIED for Strategy ApiOrderTestStrategy-000
2026-05-12T12:31:00.712049606Z [INFO] TRADER-001.TRADER-001: Registered Strategy ApiOrderTestStrategy-000
2026-05-12T12:31:00.712057926Z [INFO] TRADER-001.TradingNode: Building data client for ETORO_WS_CLIENT
2026-05-12T12:31:00.712082270Z [INFO] TRADER-001.InstrumentProvider: READY
2026-05-12T12:31:00.712213486Z [INFO] TRADER-001.DataClient-ETORO_WS_CLIENT: READY
2026-05-12T12:31:00.712264856Z [INFO] TRADER-001.DataEngine: Registered ETORO_WS_CLIENT
2026-05-12T12:31:00.712274775Z [INFO] TRADER-001.TradingNode: Building execution client for ETORO
2026-05-12T12:31:00.712292982Z [INFO] TRADER-001.InstrumentProvider: READY
2026-05-12T12:31:00.712325424Z [INFO] TRADER-001.ExecClient-ETORO: READY
2026-05-12T12:31:00.712400407Z [INFO] TRADER-001.ExecEngine: Registered ExecutionClient-ETORO
2026-05-12T12:31:00.712789947Z [INFO] TRADER-001.TradingNode: STARTING
2026-05-12T12:31:00.712831852Z [DEBUG] TRADER-001.ApiOrderTestStrategy: Registered <concurrent.futures.thread.ThreadPoolExecutor object at 0x7d0598fc31d0>
2026-05-12T12:31:00.712846829Z [DEBUG] TRADER-001.DataEngine: STARTING
2026-05-12T12:31:00.712853045Z [DEBUG] TRADER-001.DataClient-ETORO_WS_CLIENT: STARTING
2026-05-12T12:31:00.712872772Z [INFO] TRADER-001.DataClient-ETORO_WS_CLIENT: RUNNING
2026-05-12T12:31:00.712902315Z [DEBUG] TRADER-001.DataEngine: Scheduled task 'cmd_queue'
2026-05-12T12:31:00.712904855Z [DEBUG] TRADER-001.DataEngine: Scheduled task 'req_queue'
2026-05-12T12:31:00.712905461Z [DEBUG] TRADER-001.DataEngine: Scheduled task 'res_queue'
2026-05-12T12:31:00.712906013Z [DEBUG] TRADER-001.DataEngine: Scheduled task 'data_queue'
2026-05-12T12:31:00.712913498Z [INFO] TRADER-001.DataEngine: RUNNING
2026-05-12T12:31:00.712920515Z [DEBUG] TRADER-001.RiskEngine: STARTING
2026-05-12T12:31:00.712933340Z [DEBUG] TRADER-001.RiskEngine: Scheduled task 'cmd_queue'
2026-05-12T12:31:00.712935419Z [DEBUG] TRADER-001.RiskEngine: Scheduled task 'evt_queue'
2026-05-12T12:31:00.712942372Z [INFO] TRADER-001.RiskEngine: RUNNING
2026-05-12T12:31:00.712947868Z [DEBUG] TRADER-001.ExecEngine: STARTING
2026-05-12T12:31:00.712950613Z [DEBUG] TRADER-001.ExecClient-ETORO: STARTING
2026-05-12T12:31:00.712955262Z [INFO] TRADER-001.ExecClient-ETORO: RUNNING
2026-05-12T12:31:00.712967710Z [DEBUG] TRADER-001.ExecEngine: Scheduled task 'cmd_queue'
2026-05-12T12:31:00.712969995Z [DEBUG] TRADER-001.ExecEngine: Scheduled task 'evt_queue'
2026-05-12T12:31:00.712973437Z [DEBUG] TRADER-001.ExecEngine: Scheduled task 'continuous_reconciliation'
2026-05-12T12:31:00.712974510Z [INFO] TRADER-001.ExecEngine: Started reconciliation task
2026-05-12T12:31:00.712980603Z [INFO] TRADER-001.ExecEngine: RUNNING
2026-05-12T12:31:00.712986534Z [INFO] TRADER-001.DataEngine: Connecting all clients...
2026-05-12T12:31:00.712989648Z [INFO] TRADER-001.DataClient-ETORO_WS_CLIENT: Connecting...
2026-05-12T12:31:00.712994857Z [DEBUG] TRADER-001.DataClient-ETORO_WS_CLIENT: Creating async task '_connect'
2026-05-12T12:31:00.713002818Z [INFO] TRADER-001.ExecEngine: Connecting all clients...
2026-05-12T12:31:00.713007529Z [INFO] TRADER-001.ExecClient-ETORO: Connecting...
2026-05-12T12:31:00.713010525Z [DEBUG] TRADER-001.ExecClient-ETORO: Creating task '_connect'
2026-05-12T12:31:00.713019505Z [INFO] TRADER-001.TradingNode: Awaiting engine connections and initializations (120.0s timeout)...
2026-05-12T12:31:00.713140851Z [DEBUG] TRADER-001.DataEngine: DataCommand message queue processing starting (qsize=0)
2026-05-12T12:31:00.713150817Z [DEBUG] TRADER-001.DataEngine: RequestData message queue processing starting (qsize=0)
2026-05-12T12:31:00.713155479Z [DEBUG] TRADER-001.DataEngine: DataResponse message queue processing starting (qsize=0)
2026-05-12T12:31:00.713159186Z [DEBUG] TRADER-001.DataEngine: Data queue processing starting (qsize=0)
2026-05-12T12:31:00.713163667Z [DEBUG] TRADER-001.RiskEngine: Command message queue processing (qsize=0)
2026-05-12T12:31:00.713167505Z [DEBUG] TRADER-001.RiskEngine: Event message queue processing starting (qsize=0)
2026-05-12T12:31:00.713174833Z [DEBUG] TRADER-001.ExecEngine: Command message queue processing starting (qsize=0)
2026-05-12T12:31:00.713178444Z [DEBUG] TRADER-001.ExecEngine: Event message queue processing starting (qsize=0)
2026-05-12T12:31:00.713191372Z [INFO] TRADER-001.ExecEngine: Starting continuous reconciliation with intervals: inflight=2000ms, consistency=Nones, position=Nones
2026-05-12T12:31:00.713194464Z [INFO] TRADER-001.ExecEngine: Awaiting startup reconciliation completion before starting continuous checks
2026-05-12T12:31:00.757397099Z [INFO] TRADER-001.DataClient-ETORO_WS_CLIENT: WebSocket Verbindungsversuch 1/5 zu wss://ws.etoro.com/ws ...
2026-05-12T12:31:00.774154099Z [INFO] TRADER-001.ExecClient-ETORO: ⚠️  DRY-RUN MODE: no real orders will be sent.
2026-05-12T12:31:00.817136743Z [INFO] TRADER-001.ExecClient-ETORO: Execution WS connect attempt 1/5 ...
2026-05-12T12:31:01.055617098Z [INFO] TRADER-001.DataClient-ETORO_WS_CLIENT: WebSocket verbunden. Authentifiziere...
2026-05-12T12:31:01.055787978Z [DEBUG] TRADER-001.Cache: Added currency USD
2026-05-12T12:31:01.055794671Z [DEBUG] TRADER-001.Cache: Added instrument ADA.ETORO
2026-05-12T12:31:01.055864759Z [INFO] TRADER-001.DataClient-ETORO_WS_CLIENT: Instrument registriert: ADA.ETORO [Crypto] price_prec=5, size_prec=0
2026-05-12T12:31:01.074152079Z [WARN] TRADER-001.ExecClient-ETORO: Auth response not JSON: b'\x00'
2026-05-12T12:31:01.074262962Z [INFO] TRADER-001.ExecClient-ETORO: Subscribed to trading notification topics.
2026-05-12T12:31:01.074279082Z [DEBUG] TRADER-001.ExecClient-ETORO: Creating task 'exec_ws_loop'
2026-05-12T12:31:01.074296815Z [INFO] TRADER-001.ExecClient-ETORO: Execution WS connected and authenticated.
2026-05-12T12:31:01.074427448Z [DEBUG] TRADER-001.Cache: Added Account(id=ETORO-DEMO-001)
2026-05-12T12:31:01.074439603Z [DEBUG] TRADER-001.Cache: Indexed AccountId('ETORO-DEMO-001')
2026-05-12T12:31:01.074464352Z [INFO] TRADER-001.Portfolio: Updated AccountState(account_id=ETORO-DEMO-001, account_type=MARGIN, base_currency=USD, is_reported=False, balances=[AccountBalance(total=0.00 USD, locked=0.00 USD, free=0.00 USD)], margins=[], event_id=c4ab8bb7-3c65-498e-a6ad-1b0e12c04c44)
2026-05-12T12:31:01.074634247Z [INFO] TRADER-001.ExecClient-ETORO: Connected
2026-05-12T12:31:01.112449416Z [INFO] TRADER-001.DataClient-ETORO_WS_CLIENT: Auth-Antwort: {'id': 'b27f7ae6-e42d-4e93-b32e-42a4237c0312', 'success': True, 'operation': 'Authenticate'}
2026-05-12T12:31:01.112643984Z [INFO] TRADER-001.DataClient-ETORO_WS_CLIENT: Abonniert: ['instrument:100017']
2026-05-12T12:31:01.112656714Z [DEBUG] TRADER-001.DataClient-ETORO_WS_CLIENT: Creating async task 'message_loop'
2026-05-12T12:31:01.112781656Z [DEBUG] TRADER-001.DataClient-ETORO_WS_CLIENT: Coroutine '_connect' completed
2026-05-12T12:31:01.112788326Z [INFO] TRADER-001.DataClient-ETORO_WS_CLIENT: Connected
2026-05-12T12:31:01.112837763Z [INFO] TRADER-001.TradingNode: Awaiting execution state reconciliation (30.0s timeout)...
2026-05-12T12:31:01.112904650Z [INFO] TRADER-001.ExecClient-ETORO: Generating ExecutionMassStatus...
2026-05-12T12:31:01.113012476Z [WARN] TRADER-001.ExecClient-ETORO: generate_order_status_reports: Kein Query-Endpoint verfügbar. Gebe leere Liste zurück.
2026-05-12T12:31:01.113090135Z [DEBUG] TRADER-001.ExecEngine: <--[RPT] ExecutionMassStatus(client_id=ETORO, account_id=ETORO-DEMO-001, venue=ETORO, order_reports={}, fill_reports={}, position_reports={}, report_id=936e0316-0ae9-4b45-a9b7-3268a96007d7, ts_init=1778589061112918003)
2026-05-12T12:31:01.113104246Z [INFO] TRADER-001.ExecEngine: Reconciling ExecutionMassStatus for ETORO
2026-05-12T12:31:01.113115380Z [INFO] TRADER-001.ExecEngine: Attempting to adjust fills for 0 instruments
2026-05-12T12:31:01.116371097Z [INFO] TRADER-001.ExecEngine: Updating adjusted fills for 0 instruments
2026-05-12T12:31:01.116390401Z [INFO] TRADER-001.ExecEngine: Final order_reports contains 0 orders, fill_reports contains 0 fills across all instruments
2026-05-12T12:31:01.116462383Z [DEBUG] TRADER-001.ExecEngine: Reconciliation state validation passed for 0 order(s)
2026-05-12T12:31:01.116493001Z [INFO] TRADER-001.ExecEngine: Reconciliation for ETORO succeeded
2026-05-12T12:31:01.116539674Z [INFO] TRADER-001.TradingNode: Execution state reconciled
2026-05-12T12:31:01.116554408Z [DEBUG] TRADER-001.OrderEmulator: STARTING
2026-05-12T12:31:01.116558704Z [INFO] TRADER-001.OrderEmulator: No emulated orders to reactivate
2026-05-12T12:31:01.116590745Z [INFO] TRADER-001.OrderEmulator: RUNNING
2026-05-12T12:31:01.116614653Z [INFO] TRADER-001.Portfolio: Initialized 0 open orders
2026-05-12T12:31:01.116620959Z [INFO] TRADER-001.Portfolio: Initialized 0 open positions
2026-05-12T12:31:01.116633189Z [INFO] TRADER-001.TradingNode: Awaiting portfolio initialization (10.0s timeout)...
2026-05-12T12:31:01.116747599Z [INFO] TRADER-001.ExecEngine: Startup reconciliation completed
2026-05-12T12:31:01.116760659Z [INFO] TRADER-001.ExecEngine: Applying post-reconciliation startup delay (10.0s)
2026-05-12T12:31:01.116806767Z [INFO] TRADER-001.TradingNode: Portfolio initialized
2026-05-12T12:31:01.116815884Z [DEBUG] TRADER-001.TRADER-001: STARTING
2026-05-12T12:31:01.116831163Z [DEBUG] TRADER-001.ApiOrderTestStrategy: STARTING
2026-05-12T12:31:01.116835493Z [INFO] TRADER-001.ApiOrderTestStrategy: self.config.oms_type=None
2026-05-12T12:31:01.116837557Z [INFO] TRADER-001.ApiOrderTestStrategy: self.config.external_order_claims=None
2026-05-12T12:31:01.116839167Z [INFO] TRADER-001.ApiOrderTestStrategy: self.config.manage_gtd_expiry=False
2026-05-12T12:31:01.116847958Z [INFO] TRADER-001.ApiOrderTestStrategy: Set ClientOrderIdGenerator client_order_id count to 0
2026-05-12T12:31:01.116850004Z [INFO] TRADER-001.ApiOrderTestStrategy: Set ClientOrderIdGenerator order_list_id count to 0
2026-05-12T12:31:01.116864447Z [INFO] TRADER-001.ApiOrderTestStrategy: Test gestartet. Warte auf ersten Tick für ADA.ETORO ...
2026-05-12T12:31:01.116908124Z [DEBUG] TRADER-001.MessageBus: Added Subscription(topic=data.quotes.ETORO.ADA, handler=<bound method Actor.handle_quote_tick of ApiOrderTestStrategy(ApiOrderTestStrategy-000)>, priority=0)
2026-05-12T12:31:01.116956742Z [INFO] TRADER-001.ApiOrderTestStrategy: [CMD]--> SubscribeQuoteTicks(instrument_id=ADA.ETORO, client_id=None, venue=ETORO)
2026-05-12T12:31:01.117021953Z [INFO] TRADER-001.ApiOrderTestStrategy: RUNNING
2026-05-12T12:31:01.117044425Z [INFO] TRADER-001.TRADER-001: RUNNING
2026-05-12T12:31:01.117056668Z [INFO] TRADER-001.TradingNode: RUNNING
2026-05-12T12:31:01.117207904Z [DEBUG] TRADER-001.DataClient-ETORO_WS_CLIENT: Creating async task 'subscribe: quote_ticks ADA.ETORO'
2026-05-12T12:31:01.117248330Z [DEBUG] TRADER-001.DataClient-ETORO_WS_CLIENT: Coroutine 'subscribe: quote_ticks ADA.ETORO' completed
2026-05-12T12:31:01.117250651Z [INFO] TRADER-001.DataClient-ETORO_WS_CLIENT: Subscribed ADA.ETORO quotes
2026-05-12T12:31:01.180994508Z [INFO] TRADER-001.DataClient-ETORO_WS_CLIENT: Snapshot ADA.ETORO: MarketOpen=True, AllowBuy=True
2026-05-12T12:31:01.181340399Z [INFO] TRADER-001.ApiOrderTestStrategy: Sende BUY: 40 Units @ Ask 0.27360 (~11.0 USD)
2026-05-12T12:31:01.181659113Z [INFO] TRADER-001.ApiOrderTestStrategy: <--[EVT] OrderInitialized(instrument_id=ADA.ETORO, client_order_id=O-20260512-123101-001-000-1, side=BUY, type=MARKET, quantity=40, time_in_force=GTC, post_only=False, reduce_only=False, quote_quantity=False, options={}, emulation_trigger=NO_TRIGGER, trigger_instrument_id=None, contingency_type=NO_CONTINGENCY, order_list_id=None, linked_order_ids=None, parent_order_id=None, exec_algorithm_id=None, exec_algorithm_params=None, exec_spawn_id=None, tags=None)
2026-05-12T12:31:01.181730789Z [DEBUG] TRADER-001.Cache: Added MarketOrder(BUY 40 ADA.ETORO MARKET GTC, status=INITIALIZED, client_order_id=O-20260512-123101-001-000-1, venue_order_id=None, position_id=None, tags=None)
2026-05-12T12:31:01.181771523Z [INFO] TRADER-001.ApiOrderTestStrategy: [CMD]--> [Risk] SubmitOrder(order=MarketOrder(BUY 40 ADA.ETORO MARKET GTC, status=INITIALIZED, client_order_id=O-20260512-123101-001-000-1, venue_order_id=None, position_id=None, tags=None), position_id=None)
2026-05-12T12:31:01.181904047Z [DEBUG] TRADER-001.ExecEngine: Routed by instrument venue: ETORO
2026-05-12T12:31:01.181937568Z [INFO] TRADER-001.ExecClient-ETORO: Submit MarketOrder(BUY 40 ADA.ETORO MARKET GTC, status=INITIALIZED, client_order_id=O-20260512-123101-001-000-1, venue_order_id=None, position_id=None, tags=None)
2026-05-12T12:31:01.181951603Z [DEBUG] TRADER-001.ExecClient-ETORO: Creating task 'submit_order: SubmitOrder(order=MarketOrder(BUY 40 ADA.ETORO MARKET GTC, status=INITIALIZED, client_order_id=O-20260512-123101-001-000-1, venue_order_id=None, position_id=None, tags=None), position_id=None)'
2026-05-12T12:31:01.182145614Z [INFO] TRADER-001.ExecClient-ETORO: DRY-RUN POST https://public-api.etoro.com/api/v1/trading/execution/demo/market-open-orders/by-amount | payload={'InstrumentId': 100017, 'IsBuy': True, 'Leverage': 1, 'Amount': 10.94} | x-request-id=6dcd3cb32ae82404c9e96b2885a660ee
2026-05-12T12:31:01.188057068Z [INFO] TRADER-001.ExecClient-ETORO: DRY-RUN order filled: O-20260512-123101-001-000-1 @ 0.27360
2026-05-12T12:31:01.188201644Z [INFO] TRADER-001.ApiOrderTestStrategy: <--[EVT] OrderSubmitted(instrument_id=ADA.ETORO, client_order_id=O-20260512-123101-001-000-1, account_id=ETORO-DEMO-001, ts_event=1778589061181982708)
2026-05-12T12:31:01.188244956Z [DEBUG] TRADER-001.Cache: Indexed ClientOrderId('O-20260512-123101-001-000-1') with VenueOrderId('045a9cf0-55bf-59e9-956b-0139be63752b')
2026-05-12T12:31:01.188261121Z [INFO] TRADER-001.ApiOrderTestStrategy: <--[EVT] OrderAccepted(instrument_id=ADA.ETORO, client_order_id=O-20260512-123101-001-000-1, venue_order_id=045a9cf0-55bf-59e9-956b-0139be63752b, account_id=ETORO-DEMO-001, ts_event=1778589061184316490)
2026-05-12T12:31:01.188934567Z [DEBUG] TRADER-001.Cache: Indexed PositionId('ADA.ETORO-ApiOrderTestStrategy-000'), client_order_id=O-20260512-123101-001-000-1, strategy_id=ApiOrderTestStrategy-000)
2026-05-12T12:31:01.188941079Z [DEBUG] TRADER-001.Cache: Added Position(id=ADA.ETORO-ApiOrderTestStrategy-000, strategy_id=ApiOrderTestStrategy-000)
2026-05-12T12:31:01.188987859Z [INFO] TRADER-001.Portfolio: ADA.ETORO account=ETORO-DEMO-001 net_position=40
2026-05-12T12:31:01.189267064Z [INFO] TRADER-001.ApiOrderTestStrategy: <--[EVT] OrderFilled(instrument_id=ADA.ETORO, client_order_id=O-20260512-123101-001-000-1, venue_order_id=045a9cf0-55bf-59e9-956b-0139be63752b, account_id=ETORO-DEMO-001, trade_id=65e7b4ea-5caa-4d8d-b89d-cf0ad06f79bf, position_id=ADA.ETORO-ApiOrderTestStrategy-000, order_side=BUY, order_type=MARKET, last_qty=40, last_px=0.27360 USD, commission=0.00 USD, liquidity_side=TAKER, ts_event=1778589061184439765)
2026-05-12T12:31:01.189286625Z [INFO] TRADER-001.ApiOrderTestStrategy: Fill: 40 Units @ 0.27360 (client_order_id=O-20260512-123101-001-000-1)
2026-05-12T12:31:01.189290446Z [INFO] TRADER-001.ApiOrderTestStrategy: BUY gefüllt — sende SELL zum Schliessen ...
2026-05-12T12:31:01.189442436Z [INFO] TRADER-001.ApiOrderTestStrategy: <--[EVT] OrderInitialized(instrument_id=ADA.ETORO, client_order_id=O-20260512-123101-001-000-2, side=SELL, type=MARKET, quantity=40, time_in_force=GTC, post_only=False, reduce_only=False, quote_quantity=False, options={}, emulation_trigger=NO_TRIGGER, trigger_instrument_id=None, contingency_type=NO_CONTINGENCY, order_list_id=None, linked_order_ids=None, parent_order_id=None, exec_algorithm_id=None, exec_algorithm_params=None, exec_spawn_id=None, tags=None)
2026-05-12T12:31:01.189479801Z [DEBUG] TRADER-001.Cache: Added MarketOrder(SELL 40 ADA.ETORO MARKET GTC, status=INITIALIZED, client_order_id=O-20260512-123101-001-000-2, venue_order_id=None, position_id=None, tags=None)
2026-05-12T12:31:01.189512665Z [INFO] TRADER-001.ApiOrderTestStrategy: [CMD]--> [Risk] SubmitOrder(order=MarketOrder(SELL 40 ADA.ETORO MARKET GTC, status=INITIALIZED, client_order_id=O-20260512-123101-001-000-2, venue_order_id=None, position_id=None, tags=None), position_id=None)
2026-05-12T12:31:01.189645357Z [INFO] TRADER-001.ApiOrderTestStrategy: <--[EVT] PositionOpened(instrument_id=ADA.ETORO, position_id=ADA.ETORO-ApiOrderTestStrategy-000, account_id=ETORO-DEMO-001, opening_order_id=O-20260512-123101-001-000-1, closing_order_id=None, entry=BUY, side=LONG, signed_qty=40.0, quantity=40, peak_qty=40, currency=USD, avg_px_open=0.2736, avg_px_close=0.0, realized_return=0.00000, realized_pnl=0.00 USD, unrealized_pnl=0.00 USD, ts_opened=1778589061184439765, ts_last=1778589061184439765, ts_closed=0, duration_ns=0)
2026-05-12T12:31:01.189768661Z [DEBUG] TRADER-001.ExecEngine: Routed by instrument venue: ETORO
2026-05-12T12:31:01.189796160Z [INFO] TRADER-001.ExecClient-ETORO: Submit MarketOrder(SELL 40 ADA.ETORO MARKET GTC, status=INITIALIZED, client_order_id=O-20260512-123101-001-000-2, venue_order_id=None, position_id=None, tags=None)
2026-05-12T12:31:01.189812224Z [DEBUG] TRADER-001.ExecClient-ETORO: Creating task 'submit_order: SubmitOrder(order=MarketOrder(SELL 40 ADA.ETORO MARKET GTC, status=INITIALIZED, client_order_id=O-20260512-123101-001-000-2, venue_order_id=None, position_id=None, tags=None), position_id=None)'
2026-05-12T12:31:01.189957186Z [INFO] TRADER-001.ExecClient-ETORO: DRY-RUN POST https://public-api.etoro.com/api/v1/trading/execution/demo/market-close-orders/positions/045a9cf0-55bf-59e9-956b-0139be63752b | payload={'UnitsToDeduct': None} | x-request-id=5aab7048798519ec06f3c1bdfd50d355
2026-05-12T12:31:01.190369431Z [INFO] TRADER-001.ExecClient-ETORO: DRY-RUN order filled: O-20260512-123101-001-000-2 @ 0.27350
2026-05-12T12:31:01.190429937Z [INFO] TRADER-001.ApiOrderTestStrategy: <--[EVT] OrderSubmitted(instrument_id=ADA.ETORO, client_order_id=O-20260512-123101-001-000-2, account_id=ETORO-DEMO-001, ts_event=1778589061189840509)
2026-05-12T12:31:01.190451931Z [DEBUG] TRADER-001.Cache: Indexed ClientOrderId('O-20260512-123101-001-000-2') with VenueOrderId('fc2b0a45-f7f3-55c4-a48a-767efb6e28c9')
2026-05-12T12:31:01.190466428Z [INFO] TRADER-001.ApiOrderTestStrategy: <--[EVT] OrderAccepted(instrument_id=ADA.ETORO, client_order_id=O-20260512-123101-001-000-2, venue_order_id=fc2b0a45-f7f3-55c4-a48a-767efb6e28c9, account_id=ETORO-DEMO-001, ts_event=1778589061190277215)
2026-05-12T12:31:01.191259807Z [INFO] TRADER-001.ApiOrderTestStrategy: <--[EVT] OrderFilled(instrument_id=ADA.ETORO, client_order_id=O-20260512-123101-001-000-2, venue_order_id=fc2b0a45-f7f3-55c4-a48a-767efb6e28c9, account_id=ETORO-DEMO-001, trade_id=d133cfaf-1ff4-4f0c-b971-f37cda569531, position_id=ADA.ETORO-ApiOrderTestStrategy-000, order_side=SELL, order_type=MARKET, last_qty=40, last_px=0.27350 USD, commission=0.00 USD, liquidity_side=TAKER, ts_event=1778589061190349184)
2026-05-12T12:31:01.191286250Z [INFO] TRADER-001.ApiOrderTestStrategy: Fill: 40 Units @ 0.27350 (client_order_id=O-20260512-123101-001-000-2)
2026-05-12T12:31:01.191317820Z [INFO] TRADER-001.ApiOrderTestStrategy: <--[EVT] PositionClosed(instrument_id=ADA.ETORO, position_id=ADA.ETORO-ApiOrderTestStrategy-000, account_id=ETORO-DEMO-001, opening_order_id=O-20260512-123101-001-000-1, closing_order_id=O-20260512-123101-001-000-2, entry=BUY, side=FLAT, signed_qty=0.0, quantity=0, peak_qty=40, currency=USD, avg_px_open=0.2736, avg_px_close=0.2735, realized_return=-0.00037, realized_pnl=0.00 USD, unrealized_pnl=0.00 USD, ts_opened=1778589061184439765, ts_last=1778589061190349184, ts_closed=1778589061190349184, duration_ns=5909419)
2026-05-12T12:31:01.714240040Z [INFO] TRADER-001.TradingNode: STOPPING
2026-05-12T12:31:01.714263642Z [DEBUG] TRADER-001.TRADER-001: STOPPING
2026-05-12T12:31:01.714276937Z [DEBUG] TRADER-001.ApiOrderTestStrategy: STOPPING
2026-05-12T12:31:01.714368104Z [DEBUG] TRADER-001.MessageBus: Removed Subscription(topic=data.quotes.ETORO.ADA, handler=<bound method Actor.handle_quote_tick of ApiOrderTestStrategy(ApiOrderTestStrategy-000)>, priority=0)
2026-05-12T12:31:01.714426844Z [INFO] TRADER-001.ApiOrderTestStrategy: [CMD]--> UnsubscribeQuoteTicks(instrument_id=ADA.ETORO, client_id=None, venue=ETORO)
2026-05-12T12:31:01.714444724Z [INFO] TRADER-001.ApiOrderTestStrategy: Strategie gestoppt.
2026-05-12T12:31:01.714454614Z [INFO] TRADER-001.ApiOrderTestStrategy: Canceling executor tasks
2026-05-12T12:31:01.714518870Z [INFO] TRADER-001.ApiOrderTestStrategy: STOPPED
2026-05-12T12:31:01.714552848Z [INFO] TRADER-001.TRADER-001: STOPPED
2026-05-12T12:31:01.714571241Z [INFO] TRADER-001.TradingNode: Awaiting post stop (10.0s timeout)...
2026-05-12T12:31:01.714625192Z [DEBUG] TRADER-001.ApiOrderTestStrategy: Executor: Canceled inner worker task
2026-05-12T12:31:01.714910226Z [WARN] TRADER-001.DataEngine: DataCommand message queue canceled
2026-05-12T12:31:01.714918699Z [WARN] TRADER-001.DataEngine: DataCommand message queue stopped with 1 message(s) on queue
