2026-05-14T07:51:36.436640000Z [INFO] TRADER-001.TradingNode: =================================================================
2026-05-14T07:51:36.436996000Z [INFO] TRADER-001.TradingNode:  NAUTILUS TRADER - Automated Algorithmic Trading Platform
2026-05-14T07:51:36.436997000Z [INFO] TRADER-001.TradingNode:  by Nautech Systems Pty Ltd.
2026-05-14T07:51:36.436999000Z [INFO] TRADER-001.TradingNode:  Copyright (C) 2015-2026. All rights reserved.
2026-05-14T07:51:36.437000000Z [INFO] TRADER-001.TradingNode: =================================================================
2026-05-14T07:51:36.437000001Z [INFO] TRADER-001.TradingNode: 
2026-05-14T07:51:36.437001000Z [INFO] TRADER-001.TradingNode: ⠀⠀⠀⠀⠀⠀⠀⠀⠀⠀⠀⠀⠀⣠⣴⣶⡟⠀⠀⠀⠀⠀⠀⠀⠀⠀⠀⠀⠀⠀⠀
2026-05-14T07:51:36.437002000Z [INFO] TRADER-001.TradingNode: ⠀⠀⠀⠀⠀⠀⠀⠀⠀⠀⠀⣰⣾⣿⣿⣿⠀⢸⣿⣿⣿⣿⣶⣶⣤⣀⠀⠀⠀⠀⠀
2026-05-14T07:51:36.437002001Z [INFO] TRADER-001.TradingNode: ⠀⠀⠀⠀⠀⠀⢀⣴⡇⢀⣾⣿⣿⣿⣿⣿⠀⣾⣿⣿⣿⣿⣿⣿⣿⠿⠓⠀⠀⠀⠀
2026-05-14T07:51:36.437002002Z [INFO] TRADER-001.TradingNode: ⠀⠀⠀⠀⠀⣰⣿⣿⡀⢸⣿⣿⣿⣿⣿⣿⠀⣿⣿⣿⣿⣿⣿⠟⠁⣠⣄⠀⠀⠀⠀
2026-05-14T07:51:36.437003000Z [INFO] TRADER-001.TradingNode: ⠀⠀⠀⠀⢠⣿⣿⣿⣇⠀⢿⣿⣿⣿⣿⣿⠀⢻⣿⣿⣿⡿⢃⣠⣾⣿⣿⣧⡀⠀⠀
2026-05-14T07:51:36.437003001Z [INFO] TRADER-001.TradingNode: ⠀⠀⠀⠠⣾⣿⣿⣿⣿⣿⣧⠈⠋⢀⣴⣧⠀⣿⡏⢠⡀⢸⣿⣿⣿⣿⣿⣿⣿⡇⠀
2026-05-14T07:51:36.437003002Z [INFO] TRADER-001.TradingNode: ⠀⠀⠀⣀⠙⢿⣿⣿⣿⣿⣿⠇⢠⣿⣿⣿⡄⠹⠃⠼⠃⠈⠉⠛⠛⠛⠛⠛⠻⠇⠀
2026-05-14T07:51:36.437004000Z [INFO] TRADER-001.TradingNode: ⠀⠀⢸⡟⢠⣤⠉⠛⠿⢿⣿⠀⢸⣿⡿⠋⣠⣤⣄⠀⣾⣿⣿⣶⣶⣶⣦⡄⠀⠀⠀
2026-05-14T07:51:36.437004001Z [INFO] TRADER-001.TradingNode: ⠀⠀⠸⠀⣾⠏⣸⣷⠂⣠⣤⠀⠘⢁⣴⣾⣿⣿⣿⡆⠘⣿⣿⣿⣿⣿⣿⠀⠀⠀⠀
2026-05-14T07:51:36.437004002Z [INFO] TRADER-001.TradingNode: ⠀⠀⠀⠀⠛⠀⣿⡟⠀⢻⣿⡄⠸⣿⣿⣿⣿⣿⣿⣿⡀⠘⣿⣿⣿⣿⠟⠀⠀⠀⠀
2026-05-14T07:51:36.437005000Z [INFO] TRADER-001.TradingNode: ⠀⠀⠀⠀⠀⠀⣿⠇⠀⠀⢻⡿⠀⠈⠻⣿⣿⣿⣿⣿⡇⠀⢹⣿⠿⠋⠀⠀⠀⠀⠀
2026-05-14T07:51:36.437005001Z [INFO] TRADER-001.TradingNode: ⠀⠀⠀⠀⠀⠀⠋⠀⠀⠀⡘⠁⠀⠀⠀⠀⠀⠀⠀⠀⠀⠀⠈⠁⠀⠀⠀⠀⠀⠀⠀
2026-05-14T07:51:36.437005002Z [INFO] TRADER-001.TradingNode: 
2026-05-14T07:51:36.437006000Z [INFO] TRADER-001.TradingNode: =================================================================
2026-05-14T07:51:36.437006001Z [INFO] TRADER-001.TradingNode:  SYSTEM SPECIFICATION
2026-05-14T07:51:36.437006002Z [INFO] TRADER-001.TradingNode: =================================================================
2026-05-14T07:51:36.437011000Z [INFO] TRADER-001.TradingNode: CPU architecture: Apple M1
2026-05-14T07:51:36.437013000Z [INFO] TRADER-001.TradingNode: CPU(s): 8 @ 3204 MHz
2026-05-14T07:51:36.437016000Z [INFO] TRADER-001.TradingNode: OS: kernel-25.4.0 macOS 26.4.1
2026-05-14T07:51:36.437162000Z [INFO] TRADER-001.TradingNode: =================================================================
2026-05-14T07:51:36.437166000Z [INFO] TRADER-001.TradingNode:  MEMORY USAGE
2026-05-14T07:51:36.437167000Z [INFO] TRADER-001.TradingNode: =================================================================
2026-05-14T07:51:36.437197000Z [INFO] TRADER-001.TradingNode: RAM-Total: 16.00 GiB
2026-05-14T07:51:36.437199000Z [INFO] TRADER-001.TradingNode: RAM-Used: 9.69 GiB (60.58%)
2026-05-14T07:51:36.437201000Z [INFO] TRADER-001.TradingNode: RAM-Avail: 6.31 GiB (39.42%)
2026-05-14T07:51:36.437202000Z [INFO] TRADER-001.TradingNode: Swap: disabled
2026-05-14T07:51:36.437544000Z [INFO] TRADER-001.TradingNode: =================================================================
2026-05-14T07:51:36.437547000Z [INFO] TRADER-001.TradingNode:  IDENTIFIERS
2026-05-14T07:51:36.437547001Z [INFO] TRADER-001.TradingNode: =================================================================
2026-05-14T07:51:36.437549000Z [INFO] TRADER-001.TradingNode: trader_id: TRADER-001
2026-05-14T07:51:36.437550000Z [INFO] TRADER-001.TradingNode: machine_id: MacBook-Air-von-John.local
2026-05-14T07:51:36.437552000Z [INFO] TRADER-001.TradingNode: instance_id: b3afb9e1-ad76-4db6-9bc0-5af04d6ba6bf
2026-05-14T07:51:36.437554000Z [INFO] TRADER-001.TradingNode: PID: 2292
2026-05-14T07:51:36.437554001Z [INFO] TRADER-001.TradingNode: =================================================================
2026-05-14T07:51:36.437555000Z [INFO] TRADER-001.TradingNode:  VERSIONING
2026-05-14T07:51:36.437555001Z [INFO] TRADER-001.TradingNode: =================================================================
2026-05-14T07:51:36.438505000Z [INFO] TRADER-001.TradingNode: nautilus_trader: 1.226.0
2026-05-14T07:51:36.438884000Z [INFO] TRADER-001.TradingNode: python: 3.14.4
2026-05-14T07:51:36.438911000Z [INFO] TRADER-001.TradingNode: numpy: 2.4.4
2026-05-14T07:51:36.438916000Z [INFO] TRADER-001.TradingNode: pandas: 2.3.3
2026-05-14T07:51:36.438921000Z [INFO] TRADER-001.TradingNode: msgspec: 0.21.1
2026-05-14T07:51:36.438926000Z [INFO] TRADER-001.TradingNode: pyarrow: 24.0.0
2026-05-14T07:51:36.438929000Z [INFO] TRADER-001.TradingNode: pytz: 2026.2
2026-05-14T07:51:36.438933000Z [INFO] TRADER-001.TradingNode: uvloop: 0.22.1
2026-05-14T07:51:36.438934000Z [INFO] TRADER-001.TradingNode: =================================================================
2026-05-14T07:51:36.439072000Z [INFO] TRADER-001.TradingNode: Building system kernel
2026-05-14T07:51:36.439628000Z [DEBUG] TRADER-001.TradingNode: Event loop signal handling setup for (<Signals.SIGTERM: 15>, <Signals.SIGINT: 2>, <Signals.SIGABRT: 6>)
2026-05-14T07:51:36.440227000Z [INFO] TRADER-001.MessageBus: config.database=None
2026-05-14T07:51:36.440230000Z [INFO] TRADER-001.MessageBus: config.encoding='msgpack'
2026-05-14T07:51:36.440232000Z [INFO] TRADER-001.MessageBus: config.timestamps_as_iso8601=False
2026-05-14T07:51:36.440234000Z [INFO] TRADER-001.MessageBus: config.buffer_interval_ms=None
2026-05-14T07:51:36.440235000Z [INFO] TRADER-001.MessageBus: config.autotrim_mins=None
2026-05-14T07:51:36.440236000Z [INFO] TRADER-001.MessageBus: config.use_trader_prefix=True
2026-05-14T07:51:36.440237000Z [INFO] TRADER-001.MessageBus: config.use_trader_id=True
2026-05-14T07:51:36.440238000Z [INFO] TRADER-001.MessageBus: config.use_instance_id=False
2026-05-14T07:51:36.440239000Z [INFO] TRADER-001.MessageBus: config.streams_prefix='stream'
2026-05-14T07:51:36.440242000Z [INFO] TRADER-001.MessageBus: config.types_filter=None
2026-05-14T07:51:36.440690000Z [DEBUG] TRADER-001.MessageBus: Added Subscription(topic=commands.system.shutdown, handler=<bound method NautilusKernel._on_shutdown_system of <nautilus_trader.system.kernel.NautilusKernel object at 0x124353e00>>, priority=0)
2026-05-14T07:51:36.441369000Z [INFO] TRADER-001.Cache: READY
2026-05-14T07:51:36.446913000Z [DEBUG] TRADER-001.MessageBus: Added endpoint 'Portfolio.update_account' <bound method Portfolio.update_account of <nautilus_trader.portfolio.portfolio.Portfolio object at 0x126c2a440>>
2026-05-14T07:51:36.446926000Z [DEBUG] TRADER-001.MessageBus: Added endpoint 'Portfolio.update_order' <bound method Portfolio.update_order of <nautilus_trader.portfolio.portfolio.Portfolio object at 0x126c2a440>>
2026-05-14T07:51:36.446930000Z [DEBUG] TRADER-001.MessageBus: Added endpoint 'Portfolio.update_position' <bound method Portfolio.update_position of <nautilus_trader.portfolio.portfolio.Portfolio object at 0x126c2a440>>
2026-05-14T07:51:36.446955000Z [DEBUG] TRADER-001.MessageBus: Added Subscription(topic=events.order.*, handler=<bound method Portfolio.on_order_event of <nautilus_trader.portfolio.portfolio.Portfolio object at 0x126c2a440>>, priority=10)
2026-05-14T07:51:36.446968000Z [DEBUG] TRADER-001.MessageBus: Added Subscription(topic=events.position.*, handler=<bound method Portfolio.on_position_event of <nautilus_trader.portfolio.portfolio.Portfolio object at 0x126c2a440>>, priority=10)
2026-05-14T07:51:36.446978000Z [DEBUG] TRADER-001.MessageBus: Added Subscription(topic=data.quotes.*, handler=<bound method Portfolio.update_quote_tick of <nautilus_trader.portfolio.portfolio.Portfolio object at 0x126c2a440>>, priority=10)
2026-05-14T07:51:36.446985000Z [DEBUG] TRADER-001.MessageBus: Added Subscription(topic=data.bars.*EXTERNAL, handler=<bound method Portfolio.update_bar of <nautilus_trader.portfolio.portfolio.Portfolio object at 0x126c2a440>>, priority=10)
2026-05-14T07:51:36.448685000Z [INFO] TRADER-001.DataEngine: READY
2026-05-14T07:51:36.449581000Z [DEBUG] TRADER-001.MessageBus: Added endpoint 'DataEngine.execute' <bound method LiveDataEngine.execute of LiveDataEngine(DataEngine)>
2026-05-14T07:51:36.449591000Z [DEBUG] TRADER-001.MessageBus: Added endpoint 'DataEngine.process' <bound method LiveDataEngine.process of LiveDataEngine(DataEngine)>
2026-05-14T07:51:36.449594000Z [DEBUG] TRADER-001.MessageBus: Added endpoint 'DataEngine.request' <bound method LiveDataEngine.request of LiveDataEngine(DataEngine)>
2026-05-14T07:51:36.449596000Z [DEBUG] TRADER-001.MessageBus: Added endpoint 'DataEngine.response' <bound method LiveDataEngine.response of LiveDataEngine(DataEngine)>
2026-05-14T07:51:36.449602000Z [DEBUG] TRADER-001.MessageBus: Added endpoint 'DataEngine.process_historical' <bound method DataEngine.process_historical of LiveDataEngine(DataEngine)>
2026-05-14T07:51:36.449678000Z [INFO] TRADER-001.DataEngine: config.graceful_shutdown_on_exception=False
2026-05-14T07:51:36.450376000Z [INFO] TRADER-001.RiskEngine: READY
2026-05-14T07:51:36.451684000Z [INFO] TRADER-001.RiskEngine: TradingState is ACTIVE
2026-05-14T07:51:36.451802000Z [INFO] TRADER-001.Throttler-ORDER_SUBMIT_THROTTLER: READY
2026-05-14T07:51:36.451928000Z [INFO] TRADER-001.RiskEngine: Set MAX_ORDER_SUBMIT_RATE: 100/00:00:01
2026-05-14T07:51:36.452036000Z [INFO] TRADER-001.Throttler-ORDER_MODIFY_THROTTLER: READY
2026-05-14T07:51:36.452060000Z [INFO] TRADER-001.RiskEngine: Set MAX_ORDER_MODIFY_RATE: 100/00:00:01
2026-05-14T07:51:36.452072000Z [DEBUG] TRADER-001.MessageBus: Added endpoint 'RiskEngine.execute' <bound method LiveRiskEngine.execute of LiveRiskEngine(RiskEngine)>
2026-05-14T07:51:36.452076000Z [DEBUG] TRADER-001.MessageBus: Added endpoint 'RiskEngine.process' <bound method LiveRiskEngine.process of LiveRiskEngine(RiskEngine)>
2026-05-14T07:51:36.452089000Z [DEBUG] TRADER-001.MessageBus: Added Subscription(topic=events.order.*, handler=<bound method RiskEngine._handle_event of LiveRiskEngine(RiskEngine)>, priority=10)
2026-05-14T07:51:36.452094000Z [DEBUG] TRADER-001.MessageBus: Added Subscription(topic=events.position.*, handler=<bound method RiskEngine._handle_event of LiveRiskEngine(RiskEngine)>, priority=10)
2026-05-14T07:51:36.452958000Z [INFO] TRADER-001.RiskEngine: config.graceful_shutdown_on_exception=False
2026-05-14T07:51:36.454098000Z [INFO] TRADER-001.ExecEngine: READY
2026-05-14T07:51:36.454476000Z [INFO] TRADER-001.ExecEngine: config.snapshot_orders=False
2026-05-14T07:51:36.454482000Z [INFO] TRADER-001.ExecEngine: config.snapshot_positions=False
2026-05-14T07:51:36.454485000Z [INFO] TRADER-001.ExecEngine: config.snapshot_positions_interval_secs=None
2026-05-14T07:51:36.454486000Z [INFO] TRADER-001.ExecEngine: config.allow_overfills=False
2026-05-14T07:51:36.454503000Z [DEBUG] TRADER-001.MessageBus: Added endpoint 'ExecEngine.execute' <bound method LiveExecutionEngine.execute of LiveExecutionEngine(ExecEngine)>
2026-05-14T07:51:36.454506000Z [DEBUG] TRADER-001.MessageBus: Added endpoint 'ExecEngine.process' <bound method LiveExecutionEngine.process of LiveExecutionEngine(ExecEngine)>
2026-05-14T07:51:36.454620000Z [INFO] TRADER-001.ExecEngine: config.reconciliation=True
2026-05-14T07:51:36.454626000Z [INFO] TRADER-001.ExecEngine: config.reconciliation_lookback_mins=None
2026-05-14T07:51:36.454627000Z [INFO] TRADER-001.ExecEngine: config.reconciliation_instrument_ids=None
2026-05-14T07:51:36.454631000Z [INFO] TRADER-001.ExecEngine: config.filter_unclaimed_external_orders=False
2026-05-14T07:51:36.454632000Z [INFO] TRADER-001.ExecEngine: config.filter_position_reports=False
2026-05-14T07:51:36.454633000Z [INFO] TRADER-001.ExecEngine: config.filtered_client_order_ids=None
2026-05-14T07:51:36.454636000Z [INFO] TRADER-001.ExecEngine: config.inflight_check_interval_ms=2000
2026-05-14T07:51:36.454637000Z [INFO] TRADER-001.ExecEngine: config.inflight_check_threshold_ms=5000
2026-05-14T07:51:36.454638000Z [INFO] TRADER-001.ExecEngine: config.inflight_check_retries=5
2026-05-14T07:51:36.454639000Z [INFO] TRADER-001.ExecEngine: config.own_books_audit_interval_secs=None
2026-05-14T07:51:36.454641000Z [INFO] TRADER-001.ExecEngine: config.open_check_interval_secs=None
2026-05-14T07:51:36.454642000Z [INFO] TRADER-001.ExecEngine: config.open_check_open_only=True
2026-05-14T07:51:36.454643000Z [INFO] TRADER-001.ExecEngine: config.open_check_lookback_mins=60
2026-05-14T07:51:36.454644000Z [INFO] TRADER-001.ExecEngine: config.open_check_threshold_ms=5000
2026-05-14T07:51:36.454645000Z [INFO] TRADER-001.ExecEngine: config.open_check_missing_retries=5
2026-05-14T07:51:36.454646000Z [INFO] TRADER-001.ExecEngine: config.max_single_order_queries_per_cycle=10
2026-05-14T07:51:36.454647000Z [INFO] TRADER-001.ExecEngine: config.single_order_query_delay_ms=100
2026-05-14T07:51:36.454648000Z [INFO] TRADER-001.ExecEngine: config.position_check_interval_secs=None
2026-05-14T07:51:36.454649000Z [INFO] TRADER-001.ExecEngine: config.position_check_lookback_mins=60
2026-05-14T07:51:36.454652000Z [INFO] TRADER-001.ExecEngine: config.position_check_threshold_ms=5000
2026-05-14T07:51:36.454653000Z [INFO] TRADER-001.ExecEngine: config.position_check_retries=3
2026-05-14T07:51:36.454656000Z [INFO] TRADER-001.ExecEngine: config.reconciliation_startup_delay_secs=10.0
2026-05-14T07:51:36.454658000Z [INFO] TRADER-001.ExecEngine: config.purge_closed_orders_interval_mins=None
2026-05-14T07:51:36.454659000Z [INFO] TRADER-001.ExecEngine: config.purge_closed_orders_buffer_mins=None
2026-05-14T07:51:36.454660000Z [INFO] TRADER-001.ExecEngine: config.purge_closed_positions_interval_mins=None
2026-05-14T07:51:36.454661000Z [INFO] TRADER-001.ExecEngine: config.purge_closed_positions_buffer_mins=None
2026-05-14T07:51:36.454662000Z [INFO] TRADER-001.ExecEngine: config.purge_account_events_interval_mins=None
2026-05-14T07:51:36.454663000Z [INFO] TRADER-001.ExecEngine: config.purge_account_events_lookback_mins=None
2026-05-14T07:51:36.454665000Z [INFO] TRADER-001.ExecEngine: config.purge_from_database=False
2026-05-14T07:51:36.454666000Z [INFO] TRADER-001.ExecEngine: config.graceful_shutdown_on_exception=False
2026-05-14T07:51:36.454680000Z [DEBUG] TRADER-001.MessageBus: Added endpoint 'ExecEngine.reconcile_execution_report' <bound method LiveExecutionEngine.reconcile_execution_report of LiveExecutionEngine(ExecEngine)>
2026-05-14T07:51:36.454684000Z [DEBUG] TRADER-001.MessageBus: Added endpoint 'ExecEngine.reconcile_execution_mass_status' <bound method LiveExecutionEngine.reconcile_execution_mass_status of LiveExecutionEngine(ExecEngine)>
2026-05-14T07:51:36.455360000Z [DEBUG] TRADER-001.Cache: Clearing index
2026-05-14T07:51:36.455370000Z [DEBUG] TRADER-001.Cache: Cleared index
2026-05-14T07:51:36.455395000Z [DEBUG] TRADER-001.ExecEngine: clear_index took 1ms
2026-05-14T07:51:36.455561000Z [DEBUG] TRADER-001.Cache: Loading general cache from database
2026-05-14T07:51:36.455787000Z [INFO] TRADER-001.Cache: Cached 0 general objects from database
2026-05-14T07:51:36.455792000Z [DEBUG] TRADER-001.ExecEngine: cache_general took 0ms
2026-05-14T07:51:36.455818000Z [DEBUG] TRADER-001.Cache: Loading currencies from database
2026-05-14T07:51:36.455845000Z [INFO] TRADER-001.Cache: Cached 0 currencies from database
2026-05-14T07:51:36.455847000Z [DEBUG] TRADER-001.ExecEngine: cache_currencies took 0ms
2026-05-14T07:51:36.455848000Z [DEBUG] TRADER-001.Cache: Loading instruments from database
2026-05-14T07:51:36.455849000Z [INFO] TRADER-001.Cache: Cached 0 instruments from database
2026-05-14T07:51:36.455850000Z [DEBUG] TRADER-001.ExecEngine: cache_instruments took 0ms
2026-05-14T07:51:36.455851000Z [DEBUG] TRADER-001.Cache: Loading accounts from database
2026-05-14T07:51:36.455853000Z [INFO] TRADER-001.Cache: Cached 0 accounts from database
2026-05-14T07:51:36.455854000Z [DEBUG] TRADER-001.ExecEngine: cache_accounts took 0ms
2026-05-14T07:51:36.455854001Z [DEBUG] TRADER-001.Cache: Loading orders from database
2026-05-14T07:51:36.455856000Z [INFO] TRADER-001.Cache: Cached 0 orders from database
2026-05-14T07:51:36.455857000Z [DEBUG] TRADER-001.ExecEngine: cache_orders took 0ms
2026-05-14T07:51:36.455858000Z [DEBUG] TRADER-001.Cache: Loading order lists
2026-05-14T07:51:36.455859000Z [INFO] TRADER-001.Cache: Cached 0 order lists from database
2026-05-14T07:51:36.455860000Z [DEBUG] TRADER-001.ExecEngine: cache_order_lists took 0ms
2026-05-14T07:51:36.455861000Z [DEBUG] TRADER-001.Cache: Loading positions from database
2026-05-14T07:51:36.455862000Z [INFO] TRADER-001.Cache: Cached 0 positions from database
2026-05-14T07:51:36.455863000Z [DEBUG] TRADER-001.ExecEngine: cache_positions took 0ms
2026-05-14T07:51:36.455864000Z [DEBUG] TRADER-001.Cache: Building index
2026-05-14T07:51:36.456007000Z [DEBUG] TRADER-001.Cache: Index built in 0.000s
2026-05-14T07:51:36.456012000Z [DEBUG] TRADER-001.ExecEngine: build_index took 1ms
2026-05-14T07:51:36.456038000Z [INFO] TRADER-001.Cache: Checking data integrity
2026-05-14T07:51:36.456093000Z [INFO] TRADER-001.Cache: Integrity check passed in 50μs
2026-05-14T07:51:36.456099000Z [DEBUG] TRADER-001.ExecEngine: check_integrity took 0ms
2026-05-14T07:51:36.456490000Z [DEBUG] TRADER-001.ExecEngine: _set_position_id_counts took 0ms
2026-05-14T07:51:36.456496000Z [INFO] TRADER-001.ExecEngine: Loaded cache in 2ms
2026-05-14T07:51:36.457506000Z [INFO] TRADER-001.OrderEmulator: READY
2026-05-14T07:51:36.457874000Z [DEBUG] TRADER-001.MessageBus: Added endpoint 'OrderEmulator.execute' <bound method OrderEmulator.execute of OrderEmulator(OrderEmulator)>
2026-05-14T07:51:36.457918000Z [INFO] TRADER-001.TRADER-001: READY
2026-05-14T07:51:36.458025000Z [INFO] TRADER-001.TradingNode: Initialized in 26ms
2026-05-14T07:51:36.458047000Z [INFO] TRADER-001.TradingNode: has_cache_backing=False
2026-05-14T07:51:36.458048000Z [INFO] TRADER-001.TradingNode: has_msgbus_backing=False
2026-05-14T07:51:36.459092000Z [INFO] TRADER-001.ApiFullExecutionTestStrategy: READY
2026-05-14T07:51:36.459162000Z [DEBUG] TRADER-001.MessageBus: Added Subscription(topic=events.order.ApiFullExecutionTestStrategy-000, handler=<bound method Strategy.handle_event of ApiFullExecutionTestStrategy(ApiFullExecutionTestStrategy-000)>, priority=0)
2026-05-14T07:51:36.459170000Z [DEBUG] TRADER-001.MessageBus: Added Subscription(topic=events.position.ApiFullExecutionTestStrategy-000, handler=<bound method Strategy.handle_event of ApiFullExecutionTestStrategy(ApiFullExecutionTestStrategy-000)>, priority=0)
2026-05-14T07:51:36.459232000Z [INFO] TRADER-001.ExecEngine: Registered OMS.UNSPECIFIED for Strategy ApiFullExecutionTestStrategy-000
2026-05-14T07:51:36.459237000Z [INFO] TRADER-001.TRADER-001: Registered Strategy ApiFullExecutionTestStrategy-000
2026-05-14T07:51:36.459247000Z [INFO] TRADER-001.TradingNode: Building data client for ETORO_WS_CLIENT
2026-05-14T07:51:36.459269000Z [INFO] TRADER-001.InstrumentProvider: READY
2026-05-14T07:51:36.460027000Z [INFO] TRADER-001.DataClient-ETORO_WS_CLIENT: READY
2026-05-14T07:51:36.460249000Z [INFO] TRADER-001.DataEngine: Registered ETORO_WS_CLIENT
2026-05-14T07:51:36.460261000Z [INFO] TRADER-001.TradingNode: Building execution client for ETORO
2026-05-14T07:51:36.480443000Z [INFO] TRADER-001.InstrumentProvider: READY
2026-05-14T07:51:36.481237000Z [INFO] TRADER-001.ExecClient-ETORO: READY
2026-05-14T07:51:36.481400000Z [INFO] TRADER-001.ExecEngine: Registered ExecutionClient-ETORO
2026-05-14T07:51:36.481992000Z [INFO] TRADER-001.TradingNode: STARTING
2026-05-14T07:51:36.482029000Z [DEBUG] TRADER-001.ApiFullExecutionTestStrategy: Registered <concurrent.futures.thread.ThreadPoolExecutor object at 0x124353a10>
2026-05-14T07:51:36.482044000Z [DEBUG] TRADER-001.DataEngine: STARTING
2026-05-14T07:51:36.482073000Z [DEBUG] TRADER-001.DataClient-ETORO_WS_CLIENT: STARTING
2026-05-14T07:51:36.482087000Z [INFO] TRADER-001.DataClient-ETORO_WS_CLIENT: RUNNING
2026-05-14T07:51:36.482763000Z [DEBUG] TRADER-001.DataEngine: Scheduled task 'cmd_queue'
2026-05-14T07:51:36.482772000Z [DEBUG] TRADER-001.DataEngine: Scheduled task 'req_queue'
2026-05-14T07:51:36.482774000Z [DEBUG] TRADER-001.DataEngine: Scheduled task 'res_queue'
2026-05-14T07:51:36.482775000Z [DEBUG] TRADER-001.DataEngine: Scheduled task 'data_queue'
2026-05-14T07:51:36.482804000Z [INFO] TRADER-001.DataEngine: RUNNING
2026-05-14T07:51:36.482823000Z [DEBUG] TRADER-001.RiskEngine: STARTING
2026-05-14T07:51:36.483236000Z [DEBUG] TRADER-001.RiskEngine: Scheduled task 'cmd_queue'
2026-05-14T07:51:36.483242000Z [DEBUG] TRADER-001.RiskEngine: Scheduled task 'evt_queue'
2026-05-14T07:51:36.483289000Z [INFO] TRADER-001.RiskEngine: RUNNING
2026-05-14T07:51:36.483303000Z [DEBUG] TRADER-001.ExecEngine: STARTING
2026-05-14T07:51:36.483307000Z [DEBUG] TRADER-001.ExecClient-ETORO: STARTING
2026-05-14T07:51:36.483311000Z [INFO] TRADER-001.ExecClient-ETORO: RUNNING
2026-05-14T07:51:36.483390000Z [DEBUG] TRADER-001.ExecEngine: Scheduled task 'cmd_queue'
2026-05-14T07:51:36.483394000Z [DEBUG] TRADER-001.ExecEngine: Scheduled task 'evt_queue'
2026-05-14T07:51:36.483399000Z [DEBUG] TRADER-001.ExecEngine: Scheduled task 'continuous_reconciliation'
2026-05-14T07:51:36.483401000Z [INFO] TRADER-001.ExecEngine: Started reconciliation task
2026-05-14T07:51:36.483406000Z [INFO] TRADER-001.ExecEngine: RUNNING
2026-05-14T07:51:36.483431000Z [INFO] TRADER-001.DataEngine: Connecting all clients...
2026-05-14T07:51:36.483437000Z [INFO] TRADER-001.DataClient-ETORO_WS_CLIENT: Connecting...
2026-05-14T07:51:36.483444000Z [DEBUG] TRADER-001.DataClient-ETORO_WS_CLIENT: Creating async task '_connect'
2026-05-14T07:51:36.483456000Z [INFO] TRADER-001.ExecEngine: Connecting all clients...
2026-05-14T07:51:36.483461000Z [INFO] TRADER-001.ExecClient-ETORO: Connecting...
2026-05-14T07:51:36.483464000Z [DEBUG] TRADER-001.ExecClient-ETORO: Creating task '_connect'
2026-05-14T07:51:36.483500000Z [INFO] TRADER-001.TradingNode: Awaiting engine connections and initializations (120.0s timeout)...
2026-05-14T07:51:36.483873000Z [DEBUG] TRADER-001.DataEngine: DataCommand message queue processing starting (qsize=0)
2026-05-14T07:51:36.483883000Z [DEBUG] TRADER-001.DataEngine: RequestData message queue processing starting (qsize=0)
2026-05-14T07:51:36.483887000Z [DEBUG] TRADER-001.DataEngine: DataResponse message queue processing starting (qsize=0)
2026-05-14T07:51:36.483889000Z [DEBUG] TRADER-001.DataEngine: Data queue processing starting (qsize=0)
2026-05-14T07:51:36.483894000Z [DEBUG] TRADER-001.RiskEngine: Command message queue processing (qsize=0)
2026-05-14T07:51:36.483897000Z [DEBUG] TRADER-001.RiskEngine: Event message queue processing starting (qsize=0)
2026-05-14T07:51:36.483902000Z [DEBUG] TRADER-001.ExecEngine: Command message queue processing starting (qsize=0)
2026-05-14T07:51:36.483905000Z [DEBUG] TRADER-001.ExecEngine: Event message queue processing starting (qsize=0)
2026-05-14T07:51:36.483919000Z [INFO] TRADER-001.ExecEngine: Starting continuous reconciliation with intervals: inflight=2000ms, consistency=Nones, position=Nones
2026-05-14T07:51:36.483923000Z [INFO] TRADER-001.ExecEngine: Awaiting startup reconciliation completion before starting continuous checks
2026-05-14T07:51:36.506585000Z [INFO] TRADER-001.DataClient-ETORO_WS_CLIENT: WebSocket Verbindungsversuch 1/5 zu wss://ws.etoro.com/ws ...
2026-05-14T07:51:36.825835000Z [DEBUG] TRADER-001.ExecClient-ETORO: Creating task 'exec_ws_loop'
2026-05-14T07:51:36.825851000Z [INFO] TRADER-001.ExecClient-ETORO: Execution WS connected and authenticated.
2026-05-14T07:51:36.831630000Z [INFO] TRADER-001.DataClient-ETORO_WS_CLIENT: WebSocket verbunden. Authentifiziere...
2026-05-14T07:51:36.834620000Z [DEBUG] TRADER-001.Cache: Added currency USD
2026-05-14T07:51:36.834625000Z [DEBUG] TRADER-001.Cache: Added instrument ADA.ETORO
2026-05-14T07:51:36.834657000Z [INFO] TRADER-001.DataClient-ETORO_WS_CLIENT: Instrument registriert: ADA.ETORO [Crypto] price_prec=5, size_prec=0
2026-05-14T07:51:36.924635000Z [INFO] TRADER-001.DataClient-ETORO_WS_CLIENT: Auth-Antwort: {'id': 'dd8f8248-e09f-4b15-b645-b114994fc5b6', 'success': True, 'operation': 'Authenticate'}
2026-05-14T07:51:36.924713000Z [INFO] TRADER-001.DataClient-ETORO_WS_CLIENT: Abonniert: ['instrument:100017']
2026-05-14T07:51:36.924720000Z [DEBUG] TRADER-001.DataClient-ETORO_WS_CLIENT: Creating async task 'message_loop'
2026-05-14T07:51:36.924791000Z [DEBUG] TRADER-001.DataClient-ETORO_WS_CLIENT: Coroutine '_connect' completed
2026-05-14T07:51:36.924797000Z [INFO] TRADER-001.DataClient-ETORO_WS_CLIENT: Connected
2026-05-14T07:51:36.983081000Z [INFO] TRADER-001.DataClient-ETORO_WS_CLIENT: Snapshot ADA.ETORO: MarketOpen=True, AllowBuy=True
2026-05-14T07:51:36.984520000Z [DEBUG] TRADER-001.ExecClient-ETORO: PnL raw keys: ['positions', 'unrealizedPnL', 'mirrors', 'accountCurrencyId', 'credit', 'orders', 'stockOrders', 'entryOrders', 'exitOrders', 'ordersForOpen', 'ordersForClose', 'ordersForCloseMultiple', 'bonusCredit']
2026-05-14T07:51:36.984535000Z [INFO] TRADER-001.ExecClient-ETORO: Balance: credit=9960.87, pending=0, invested=33.33, available=9927.54
2026-05-14T07:51:36.986786000Z [DEBUG] TRADER-001.Cache: Added Account(id=ETORO-REAL-001)
2026-05-14T07:51:36.986792000Z [DEBUG] TRADER-001.Cache: Indexed AccountId('ETORO-REAL-001')
2026-05-14T07:51:36.987032000Z [INFO] TRADER-001.Portfolio: Updated AccountState(account_id=ETORO-REAL-001, account_type=MARGIN, base_currency=USD, is_reported=False, balances=[AccountBalance(total=9_927.54 USD, locked=0.00 USD, free=9_927.54 USD)], margins=[], event_id=e1926002-4407-404b-875a-d3e4e9140cf1)
2026-05-14T07:51:36.987959000Z [INFO] TRADER-001.ExecClient-ETORO: Connected
2026-05-14T07:51:36.987994000Z [INFO] TRADER-001.TradingNode: Awaiting execution state reconciliation (30.0s timeout)...
2026-05-14T07:51:36.988043000Z [INFO] TRADER-001.ExecClient-ETORO: Generating ExecutionMassStatus...
2026-05-14T07:51:36.988655000Z [DEBUG] TRADER-001.ExecEngine: <--[RPT] ExecutionMassStatus(client_id=ETORO, account_id=ETORO-REAL-001, venue=ETORO, order_reports={}, fill_reports={}, position_reports={}, report_id=60ef09d2-c239-4ba5-9a61-3d7998a35feb, ts_init=1778745096988048000)
2026-05-14T07:51:36.988660000Z [INFO] TRADER-001.ExecEngine: Reconciling ExecutionMassStatus for ETORO
2026-05-14T07:51:36.988665000Z [INFO] TRADER-001.ExecEngine: Attempting to adjust fills for 0 instruments
2026-05-14T07:51:36.990464000Z [INFO] TRADER-001.ExecEngine: Updating adjusted fills for 0 instruments
2026-05-14T07:51:36.990467000Z [INFO] TRADER-001.ExecEngine: Final order_reports contains 0 orders, fill_reports contains 0 fills across all instruments
2026-05-14T07:51:36.990496000Z [DEBUG] TRADER-001.ExecEngine: Reconciliation state validation passed for 0 order(s)
2026-05-14T07:51:36.990522000Z [INFO] TRADER-001.ExecEngine: Reconciliation for ETORO succeeded
2026-05-14T07:51:36.990530000Z [INFO] TRADER-001.TradingNode: Execution state reconciled
2026-05-14T07:51:36.990541000Z [DEBUG] TRADER-001.OrderEmulator: STARTING
2026-05-14T07:51:36.990697000Z [INFO] TRADER-001.OrderEmulator: No emulated orders to reactivate
2026-05-14T07:51:36.990712000Z [INFO] TRADER-001.OrderEmulator: RUNNING
2026-05-14T07:51:36.991059000Z [INFO] TRADER-001.Portfolio: Initialized 0 open orders
2026-05-14T07:51:36.991062000Z [INFO] TRADER-001.Portfolio: Initialized 0 open positions
2026-05-14T07:51:36.991067000Z [INFO] TRADER-001.TradingNode: Awaiting portfolio initialization (10.0s timeout)...
2026-05-14T07:51:36.991125000Z [INFO] TRADER-001.ExecEngine: Startup reconciliation completed
2026-05-14T07:51:36.991128000Z [INFO] TRADER-001.ExecEngine: Applying post-reconciliation startup delay (10.0s)
2026-05-14T07:51:36.991143000Z [INFO] TRADER-001.TradingNode: Portfolio initialized
2026-05-14T07:51:36.991146000Z [DEBUG] TRADER-001.TRADER-001: STARTING
2026-05-14T07:51:36.991152000Z [DEBUG] TRADER-001.ApiFullExecutionTestStrategy: STARTING
2026-05-14T07:51:36.991467000Z [INFO] TRADER-001.ApiFullExecutionTestStrategy: self.config.oms_type=None
2026-05-14T07:51:36.991469000Z [INFO] TRADER-001.ApiFullExecutionTestStrategy: self.config.external_order_claims=None
2026-05-14T07:51:36.991470000Z [INFO] TRADER-001.ApiFullExecutionTestStrategy: self.config.manage_gtd_expiry=False
2026-05-14T07:51:36.991499000Z [INFO] TRADER-001.ApiFullExecutionTestStrategy: Set ClientOrderIdGenerator client_order_id count to 0
2026-05-14T07:51:36.991501000Z [INFO] TRADER-001.ApiFullExecutionTestStrategy: Set ClientOrderIdGenerator order_list_id count to 0
2026-05-14T07:51:36.991507000Z [INFO] TRADER-001.ApiFullExecutionTestStrategy: Full API Test gestartet. Warte auf Daten für ADA.ETORO ...
2026-05-14T07:51:36.991693000Z [DEBUG] TRADER-001.MessageBus: Added Subscription(topic=data.quotes.ETORO.ADA, handler=<bound method Actor.handle_quote_tick of ApiFullExecutionTestStrategy(ApiFullExecutionTestStrategy-000)>, priority=0)
2026-05-14T07:51:36.992244000Z [INFO] TRADER-001.ApiFullExecutionTestStrategy: [CMD]--> SubscribeQuoteTicks(instrument_id=ADA.ETORO, client_id=None, venue=ETORO)
2026-05-14T07:51:36.992431000Z [INFO] TRADER-001.ApiFullExecutionTestStrategy: [TEST 1] Sende LIMIT BUY: 83 Units @ 0.13250
2026-05-14T07:51:36.993787000Z [INFO] TRADER-001.ApiFullExecutionTestStrategy: <--[EVT] OrderInitialized(instrument_id=ADA.ETORO, client_order_id=O-20260514-075136-001-000-1, side=BUY, type=LIMIT, quantity=83, time_in_force=GTC, post_only=False, reduce_only=False, quote_quantity=False, options={'price': '0.13250', 'display_qty': None, 'expire_time_ns': 0}, emulation_trigger=NO_TRIGGER, trigger_instrument_id=None, contingency_type=NO_CONTINGENCY, order_list_id=None, linked_order_ids=None, parent_order_id=None, exec_algorithm_id=None, exec_algorithm_params=None, exec_spawn_id=None, tags=None)
2026-05-14T07:51:36.993943000Z [DEBUG] TRADER-001.Cache: Added LimitOrder(BUY 83 ADA.ETORO LIMIT @ 0.13250 GTC, status=INITIALIZED, client_order_id=O-20260514-075136-001-000-1, venue_order_id=None, position_id=None, tags=None)
2026-05-14T07:51:36.994295000Z [INFO] TRADER-001.ApiFullExecutionTestStrategy: [CMD]--> [Risk] SubmitOrder(order=LimitOrder(BUY 83 ADA.ETORO LIMIT @ 0.13250 GTC, status=INITIALIZED, client_order_id=O-20260514-075136-001-000-1, venue_order_id=None, position_id=None, tags=None), position_id=None)
2026-05-14T07:51:36.994310000Z [INFO] TRADER-001.ApiFullExecutionTestStrategy: [TEST 2] Sende MARKET BUY: 42 Units (~11.0 USD)
2026-05-14T07:51:36.994859000Z [INFO] TRADER-001.ApiFullExecutionTestStrategy: <--[EVT] OrderInitialized(instrument_id=ADA.ETORO, client_order_id=O-20260514-075136-001-000-2, side=BUY, type=MARKET, quantity=42, time_in_force=GTC, post_only=False, reduce_only=False, quote_quantity=False, options={}, emulation_trigger=NO_TRIGGER, trigger_instrument_id=None, contingency_type=NO_CONTINGENCY, order_list_id=None, linked_order_ids=None, parent_order_id=None, exec_algorithm_id=None, exec_algorithm_params=None, exec_spawn_id=None, tags=None)
2026-05-14T07:51:36.994871000Z [DEBUG] TRADER-001.Cache: Added MarketOrder(BUY 42 ADA.ETORO MARKET GTC, status=INITIALIZED, client_order_id=O-20260514-075136-001-000-2, venue_order_id=None, position_id=None, tags=None)
2026-05-14T07:51:36.994881000Z [INFO] TRADER-001.ApiFullExecutionTestStrategy: [CMD]--> [Risk] SubmitOrder(order=MarketOrder(BUY 42 ADA.ETORO MARKET GTC, status=INITIALIZED, client_order_id=O-20260514-075136-001-000-2, venue_order_id=None, position_id=None, tags=None), position_id=None)
2026-05-14T07:51:36.994897000Z [INFO] TRADER-001.ApiFullExecutionTestStrategy: RUNNING
2026-05-14T07:51:36.994909000Z [INFO] TRADER-001.TRADER-001: RUNNING
2026-05-14T07:51:36.994915000Z [INFO] TRADER-001.TradingNode: RUNNING
2026-05-14T07:51:36.995819000Z [DEBUG] TRADER-001.DataClient-ETORO_WS_CLIENT: Creating async task 'subscribe: quote_ticks ADA.ETORO'
2026-05-14T07:51:36.996559000Z [DEBUG] TRADER-001.DataClient-ETORO_WS_CLIENT: Coroutine 'subscribe: quote_ticks ADA.ETORO' completed
2026-05-14T07:51:36.996576000Z [INFO] TRADER-001.DataClient-ETORO_WS_CLIENT: Subscribed ADA.ETORO quotes
2026-05-14T07:51:36.996622000Z [DEBUG] TRADER-001.ExecEngine: Routed by instrument venue: ETORO
2026-05-14T07:51:36.996697000Z [INFO] TRADER-001.ExecClient-ETORO: Submit LimitOrder(BUY 83 ADA.ETORO LIMIT @ 0.13250 GTC, status=INITIALIZED, client_order_id=O-20260514-075136-001-000-1, venue_order_id=None, position_id=None, tags=None)
2026-05-14T07:51:36.996707000Z [DEBUG] TRADER-001.ExecClient-ETORO: Creating task 'submit_order: SubmitOrder(order=LimitOrder(BUY 83 ADA.ETORO LIMIT @ 0.13250 GTC, status=INITIALIZED, client_order_id=O-20260514-075136-001-000-1, venue_order_id=None, position_id=None, tags=None), position_id=None)'
2026-05-14T07:51:36.996715000Z [DEBUG] TRADER-001.ExecEngine: Routed by instrument venue: ETORO
2026-05-14T07:51:36.996722000Z [INFO] TRADER-001.ExecClient-ETORO: Submit MarketOrder(BUY 42 ADA.ETORO MARKET GTC, status=INITIALIZED, client_order_id=O-20260514-075136-001-000-2, venue_order_id=None, position_id=None, tags=None)
2026-05-14T07:51:36.996726000Z [DEBUG] TRADER-001.ExecClient-ETORO: Creating task 'submit_order: SubmitOrder(order=MarketOrder(BUY 42 ADA.ETORO MARKET GTC, status=INITIALIZED, client_order_id=O-20260514-075136-001-000-2, venue_order_id=None, position_id=None, tags=None), position_id=None)'
2026-05-14T07:51:36.997694000Z [INFO] TRADER-001.ExecClient-ETORO: REST POST https://public-api.etoro.com/api/v1/trading/execution/limit-orders | payload={'InstrumentID': 100017, 'IsBuy': True, 'Leverage': 1, 'Rate': 0.1325, 'Amount': 11.0, 'StopLossRate': 0.06625, 'IsNoStopLoss': False, 'IsNoTakeProfit': True}
2026-05-14T07:51:36.998224000Z [INFO] TRADER-001.ExecClient-ETORO: REST POST https://public-api.etoro.com/api/v1/trading/execution/market-open-orders/by-amount | payload={'InstrumentID': 100017, 'IsBuy': True, 'Leverage': 1, 'Amount': 11.13}
2026-05-14T07:51:36.998823000Z [INFO] TRADER-001.ApiFullExecutionTestStrategy: <--[EVT] OrderSubmitted(instrument_id=ADA.ETORO, client_order_id=O-20260514-075136-001-000-1, account_id=ETORO-REAL-001, ts_event=1778745096996768000)
2026-05-14T07:51:36.999014000Z [INFO] TRADER-001.ApiFullExecutionTestStrategy: <--[EVT] OrderSubmitted(instrument_id=ADA.ETORO, client_order_id=O-20260514-075136-001-000-2, account_id=ETORO-REAL-001, ts_event=1778745096997926000)
2026-05-14T07:51:37.082861000Z [INFO] TRADER-001.ExecClient-ETORO: Limit order accepted (venue_id=8f2c018e-fa36-41d2-ac4c-128423578f40, token=89bbbcae-24e3-549a-9bb1-c7e0c12b713d). State will be updated when WS delivers real orderId.
2026-05-14T07:51:37.082956000Z [DEBUG] TRADER-001.Cache: Indexed ClientOrderId('O-20260514-075136-001-000-1') with VenueOrderId('8f2c018e-fa36-41d2-ac4c-128423578f40')
2026-05-14T07:51:37.082997000Z [INFO] TRADER-001.ApiFullExecutionTestStrategy: <--[EVT] OrderAccepted(instrument_id=ADA.ETORO, client_order_id=O-20260514-075136-001-000-1, venue_order_id=8f2c018e-fa36-41d2-ac4c-128423578f40, account_id=ETORO-REAL-001, ts_event=1778745096996768000)
2026-05-14T07:51:37.083007000Z [INFO] TRADER-001.ApiFullExecutionTestStrategy: [TEST 3] LIMIT Order wurde akzeptiert. Sende Cancel...
2026-05-14T07:51:37.083467000Z [INFO] TRADER-001.ApiFullExecutionTestStrategy: <--[EVT] OrderPendingCancel(instrument_id=ADA.ETORO, client_order_id=O-20260514-075136-001-000-1, venue_order_id=8f2c018e-fa36-41d2-ac4c-128423578f40, account_id=ETORO-REAL-001, ts_event=1778745097083234000)
2026-05-14T07:51:37.083513000Z [INFO] TRADER-001.ApiFullExecutionTestStrategy: [CMD]--> [Execution] CancelOrder(instrument_id=ADA.ETORO, client_order_id=O-20260514-075136-001-000-1, venue_order_id=8f2c018e-fa36-41d2-ac4c-128423578f40)
2026-05-14T07:51:37.083569000Z [DEBUG] TRADER-001.ExecEngine: Routed by explicit client_id: ETORO
2026-05-14T07:51:37.083792000Z [INFO] TRADER-001.ExecClient-ETORO: Cancel ClientOrderId('O-20260514-075136-001-000-1') VenueOrderId('8f2c018e-fa36-41d2-ac4c-128423578f40')
2026-05-14T07:51:37.083799000Z [DEBUG] TRADER-001.ExecClient-ETORO: Creating task 'cancel_order: CancelOrder(instrument_id=ADA.ETORO, client_order_id=O-20260514-075136-001-000-1, venue_order_id=8f2c018e-fa36-41d2-ac4c-128423578f40)'
2026-05-14T07:51:37.119453000Z [DEBUG] TRADER-001.ExecClient-ETORO: Creating task 'poll_fill'
2026-05-14T07:51:37.119648000Z [DEBUG] TRADER-001.Cache: Indexed ClientOrderId('O-20260514-075136-001-000-2') with VenueOrderId('1463430696')
2026-05-14T07:51:37.119693000Z [INFO] TRADER-001.ApiFullExecutionTestStrategy: <--[EVT] OrderAccepted(instrument_id=ADA.ETORO, client_order_id=O-20260514-075136-001-000-2, venue_order_id=1463430696, account_id=ETORO-REAL-001, ts_event=1778745096997926000)
2026-05-14T07:51:37.157006000Z [WARN] TRADER-001.ExecClient-ETORO: Cancel 400 for O-20260514-075136-001-000-1 (token-ID issue). Querying PnL for real orderID...
2026-05-14T07:51:37.177670000Z [WARN] TRADER-001.ExecClient-ETORO: Could not resolve real orderID for O-20260514-075136-001-000-1. Emergency cleanup will handle it.
2026-05-14T07:51:37.179365000Z [INFO] TRADER-001.ApiFullExecutionTestStrategy: <--[EVT] OrderCanceled(instrument_id=ADA.ETORO, client_order_id=O-20260514-075136-001-000-1, venue_order_id=8f2c018e-fa36-41d2-ac4c-128423578f40, account_id=ETORO-REAL-001, ts_event=1778745097083829000)
2026-05-14T07:51:37.179379000Z [INFO] TRADER-001.ApiFullExecutionTestStrategy: ✅ LIMIT Order erfolgreich storniert!
2026-05-14T07:51:47.311574000Z [INFO] TRADER-001.ExecClient-ETORO: Reconciled via PnL (Filled): O-20260514-075136-001-000-2 -> PosID 3442755478
2026-05-14T07:51:47.312709000Z [DEBUG] TRADER-001.Cache: Indexed PositionId('ADA.ETORO-ApiFullExecutionTestStrategy-000'), client_order_id=O-20260514-075136-001-000-2, strategy_id=ApiFullExecutionTestStrategy-000)
2026-05-14T07:51:47.312717000Z [DEBUG] TRADER-001.Cache: Added Position(id=ADA.ETORO-ApiFullExecutionTestStrategy-000, strategy_id=ApiFullExecutionTestStrategy-000)
2026-05-14T07:51:47.313329000Z [INFO] TRADER-001.Portfolio: ADA.ETORO account=ETORO-REAL-001 net_position=42
2026-05-14T07:51:47.313652000Z [INFO] TRADER-001.ApiFullExecutionTestStrategy: <--[EVT] OrderFilled(instrument_id=ADA.ETORO, client_order_id=O-20260514-075136-001-000-2, venue_order_id=1463430696, account_id=ETORO-REAL-001, trade_id=ad0e437f-a8c1-4138-9db8-cbbe9eea013f, position_id=ADA.ETORO-ApiFullExecutionTestStrategy-000, order_side=BUY, order_type=MARKET, last_qty=42, last_px=0.26500 USD, commission=0.00 USD, liquidity_side=TAKER, ts_event=1778745107311447000)
2026-05-14T07:51:47.313688000Z [INFO] TRADER-001.ApiFullExecutionTestStrategy: ✅ MARKET BUY gefüllt: 42 Units @ 0.26500
2026-05-14T07:51:47.313691000Z [INFO] TRADER-001.ApiFullExecutionTestStrategy: [TEST 4] Sende MARKET SELL zum Schliessen der Position...
2026-05-14T07:51:47.313943000Z [INFO] TRADER-001.ApiFullExecutionTestStrategy: <--[EVT] OrderInitialized(instrument_id=ADA.ETORO, client_order_id=O-20260514-075147-001-000-3, side=SELL, type=MARKET, quantity=42, time_in_force=GTC, post_only=False, reduce_only=False, quote_quantity=False, options={}, emulation_trigger=NO_TRIGGER, trigger_instrument_id=None, contingency_type=NO_CONTINGENCY, order_list_id=None, linked_order_ids=None, parent_order_id=None, exec_algorithm_id=None, exec_algorithm_params=None, exec_spawn_id=None, tags=None)
2026-05-14T07:51:47.313992000Z [DEBUG] TRADER-001.Cache: Added MarketOrder(SELL 42 ADA.ETORO MARKET GTC, status=INITIALIZED, client_order_id=O-20260514-075147-001-000-3, venue_order_id=None, position_id=None, tags=None)
2026-05-14T07:51:47.314052000Z [INFO] TRADER-001.ApiFullExecutionTestStrategy: [CMD]--> [Risk] SubmitOrder(order=MarketOrder(SELL 42 ADA.ETORO MARKET GTC, status=INITIALIZED, client_order_id=O-20260514-075147-001-000-3, venue_order_id=None, position_id=None, tags=None), position_id=None)
