2026-05-12T13:29:32.723726388Z [INFO] TRADER-001.TradingNode: =================================================================
2026-05-12T13:29:32.723732220Z [INFO] TRADER-001.TradingNode:  NAUTILUS TRADER - Automated Algorithmic Trading Platform
2026-05-12T13:29:32.723732652Z [INFO] TRADER-001.TradingNode:  by Nautech Systems Pty Ltd.
2026-05-12T13:29:32.723732872Z [INFO] TRADER-001.TradingNode:  Copyright (C) 2015-2026. All rights reserved.
2026-05-12T13:29:32.723733183Z [INFO] TRADER-001.TradingNode: =================================================================
2026-05-12T13:29:32.723733470Z [INFO] TRADER-001.TradingNode: 
2026-05-12T13:29:32.723733767Z [INFO] TRADER-001.TradingNode: ⠀⠀⠀⠀⠀⠀⠀⠀⠀⠀⠀⠀⠀⣠⣴⣶⡟⠀⠀⠀⠀⠀⠀⠀⠀⠀⠀⠀⠀⠀⠀
2026-05-12T13:29:32.723734060Z [INFO] TRADER-001.TradingNode: ⠀⠀⠀⠀⠀⠀⠀⠀⠀⠀⠀⣰⣾⣿⣿⣿⠀⢸⣿⣿⣿⣿⣶⣶⣤⣀⠀⠀⠀⠀⠀
2026-05-12T13:29:32.723734320Z [INFO] TRADER-001.TradingNode: ⠀⠀⠀⠀⠀⠀⢀⣴⡇⢀⣾⣿⣿⣿⣿⣿⠀⣾⣿⣿⣿⣿⣿⣿⣿⠿⠓⠀⠀⠀⠀
2026-05-12T13:29:32.723734574Z [INFO] TRADER-001.TradingNode: ⠀⠀⠀⠀⠀⣰⣿⣿⡀⢸⣿⣿⣿⣿⣿⣿⠀⣿⣿⣿⣿⣿⣿⠟⠁⣠⣄⠀⠀⠀⠀
2026-05-12T13:29:32.723734836Z [INFO] TRADER-001.TradingNode: ⠀⠀⠀⠀⢠⣿⣿⣿⣇⠀⢿⣿⣿⣿⣿⣿⠀⢻⣿⣿⣿⡿⢃⣠⣾⣿⣿⣧⡀⠀⠀
2026-05-12T13:29:32.723744792Z [INFO] TRADER-001.TradingNode: ⠀⠀⠀⠠⣾⣿⣿⣿⣿⣿⣧⠈⠋⢀⣴⣧⠀⣿⡏⢠⡀⢸⣿⣿⣿⣿⣿⣿⣿⡇⠀
2026-05-12T13:29:32.723745350Z [INFO] TRADER-001.TradingNode: ⠀⠀⠀⣀⠙⢿⣿⣿⣿⣿⣿⠇⢠⣿⣿⣿⡄⠹⠃⠼⠃⠈⠉⠛⠛⠛⠛⠛⠻⠇⠀
2026-05-12T13:29:32.723745889Z [INFO] TRADER-001.TradingNode: ⠀⠀⢸⡟⢠⣤⠉⠛⠿⢿⣿⠀⢸⣿⡿⠋⣠⣤⣄⠀⣾⣿⣿⣶⣶⣶⣦⡄⠀⠀⠀
2026-05-12T13:29:32.723746078Z [INFO] TRADER-001.TradingNode: ⠀⠀⠸⠀⣾⠏⣸⣷⠂⣠⣤⠀⠘⢁⣴⣾⣿⣿⣿⡆⠘⣿⣿⣿⣿⣿⣿⠀⠀⠀⠀
2026-05-12T13:29:32.723746254Z [INFO] TRADER-001.TradingNode: ⠀⠀⠀⠀⠛⠀⣿⡟⠀⢻⣿⡄⠸⣿⣿⣿⣿⣿⣿⣿⡀⠘⣿⣿⣿⣿⠟⠀⠀⠀⠀
2026-05-12T13:29:32.723746499Z [INFO] TRADER-001.TradingNode: ⠀⠀⠀⠀⠀⠀⣿⠇⠀⠀⢻⡿⠀⠈⠻⣿⣿⣿⣿⣿⡇⠀⢹⣿⠿⠋⠀⠀⠀⠀⠀
2026-05-12T13:29:32.723746936Z [INFO] TRADER-001.TradingNode: ⠀⠀⠀⠀⠀⠀⠋⠀⠀⠀⡘⠁⠀⠀⠀⠀⠀⠀⠀⠀⠀⠀⠈⠁⠀⠀⠀⠀⠀⠀⠀
2026-05-12T13:29:32.723747342Z [INFO] TRADER-001.TradingNode: 
2026-05-12T13:29:32.723747568Z [INFO] TRADER-001.TradingNode: =================================================================
2026-05-12T13:29:32.723747915Z [INFO] TRADER-001.TradingNode:  SYSTEM SPECIFICATION
2026-05-12T13:29:32.723748108Z [INFO] TRADER-001.TradingNode: =================================================================
2026-05-12T13:29:32.723749270Z [INFO] TRADER-001.TradingNode: CPU architecture: Intel(R) Core(TM) i7-4810MQ CPU @ 2.80GHz
2026-05-12T13:29:32.723749842Z [INFO] TRADER-001.TradingNode: CPU(s): 8 @ 3688 MHz
2026-05-12T13:29:32.723750383Z [INFO] TRADER-001.TradingNode: OS: kernel-6.17.0-23-generic Linux (Ubuntu 24.04)
2026-05-12T13:29:32.723809432Z [INFO] TRADER-001.TradingNode: =================================================================
2026-05-12T13:29:32.723810375Z [INFO] TRADER-001.TradingNode:  MEMORY USAGE
2026-05-12T13:29:32.723810732Z [INFO] TRADER-001.TradingNode: =================================================================
2026-05-12T13:29:32.723812368Z [INFO] TRADER-001.TradingNode: RAM-Total: 31.22 GiB
2026-05-12T13:29:32.723812977Z [INFO] TRADER-001.TradingNode: RAM-Used: 7.55 GiB (24.18%)
2026-05-12T13:29:32.723813664Z [INFO] TRADER-001.TradingNode: RAM-Avail: 23.67 GiB (75.82%)
2026-05-12T13:29:32.723814534Z [INFO] TRADER-001.TradingNode: Swap-Total: 8.00 GiB
2026-05-12T13:29:32.723815008Z [INFO] TRADER-001.TradingNode: Swap-Used: 0.00 GiB (0.00%)
2026-05-12T13:29:32.723816821Z [INFO] TRADER-001.TradingNode: Swap-Avail: 8.00 GiB (100.00%)
2026-05-12T13:29:32.723817757Z [INFO] TRADER-001.TradingNode: =================================================================
2026-05-12T13:29:32.723818024Z [INFO] TRADER-001.TradingNode:  IDENTIFIERS
2026-05-12T13:29:32.723818520Z [INFO] TRADER-001.TradingNode: =================================================================
2026-05-12T13:29:32.723819321Z [INFO] TRADER-001.TradingNode: trader_id: TRADER-001
2026-05-12T13:29:32.723820126Z [INFO] TRADER-001.TradingNode: machine_id: user-ThinkPad-W541
2026-05-12T13:29:32.723821151Z [INFO] TRADER-001.TradingNode: instance_id: a72c5cab-de67-430f-bfe2-b4c72df02380
2026-05-12T13:29:32.723821576Z [INFO] TRADER-001.TradingNode: PID: 31924
2026-05-12T13:29:32.723821937Z [INFO] TRADER-001.TradingNode: =================================================================
2026-05-12T13:29:32.723822180Z [INFO] TRADER-001.TradingNode:  VERSIONING
2026-05-12T13:29:32.723822396Z [INFO] TRADER-001.TradingNode: =================================================================
2026-05-12T13:29:32.723845386Z [INFO] TRADER-001.TradingNode: nautilus_trader: 1.226.0
2026-05-12T13:29:32.723852331Z [INFO] TRADER-001.TradingNode: python: 3.12.3
2026-05-12T13:29:32.723857813Z [INFO] TRADER-001.TradingNode: numpy: 2.4.4
2026-05-12T13:29:32.723861570Z [INFO] TRADER-001.TradingNode: pandas: 2.3.3
2026-05-12T13:29:32.723865020Z [INFO] TRADER-001.TradingNode: msgspec: 0.21.1
2026-05-12T13:29:32.723868338Z [INFO] TRADER-001.TradingNode: pyarrow: 24.0.0
2026-05-12T13:29:32.723871474Z [INFO] TRADER-001.TradingNode: pytz: 2026.2
2026-05-12T13:29:32.723875198Z [INFO] TRADER-001.TradingNode: uvloop: 0.22.1
2026-05-12T13:29:32.723875611Z [INFO] TRADER-001.TradingNode: =================================================================
2026-05-12T13:29:32.723891783Z [INFO] TRADER-001.TradingNode: Building system kernel
2026-05-12T13:29:32.724099118Z [DEBUG] TRADER-001.TradingNode: Event loop signal handling setup for (<Signals.SIGTERM: 15>, <Signals.SIGINT: 2>, <Signals.SIGABRT: 6>)
2026-05-12T13:29:32.724141691Z [INFO] TRADER-001.MessageBus: config.database=None
2026-05-12T13:29:32.724143842Z [INFO] TRADER-001.MessageBus: config.encoding='msgpack'
2026-05-12T13:29:32.724145008Z [INFO] TRADER-001.MessageBus: config.timestamps_as_iso8601=False
2026-05-12T13:29:32.724145757Z [INFO] TRADER-001.MessageBus: config.buffer_interval_ms=None
2026-05-12T13:29:32.724146717Z [INFO] TRADER-001.MessageBus: config.autotrim_mins=None
2026-05-12T13:29:32.724147778Z [INFO] TRADER-001.MessageBus: config.use_trader_prefix=True
2026-05-12T13:29:32.724148968Z [INFO] TRADER-001.MessageBus: config.use_trader_id=True
2026-05-12T13:29:32.724150886Z [INFO] TRADER-001.MessageBus: config.use_instance_id=False
2026-05-12T13:29:32.724151842Z [INFO] TRADER-001.MessageBus: config.streams_prefix='stream'
2026-05-12T13:29:32.724152526Z [INFO] TRADER-001.MessageBus: config.types_filter=None
2026-05-12T13:29:32.724186417Z [DEBUG] TRADER-001.MessageBus: Added Subscription(topic=commands.system.shutdown, handler=<bound method NautilusKernel._on_shutdown_system of <nautilus_trader.system.kernel.NautilusKernel object at 0x7e407b702de0>>, priority=0)
2026-05-12T13:29:32.724205132Z [INFO] TRADER-001.Cache: READY
2026-05-12T13:29:32.724879741Z [DEBUG] TRADER-001.MessageBus: Added endpoint 'Portfolio.update_account' <bound method Portfolio.update_account of <nautilus_trader.portfolio.portfolio.Portfolio object at 0x7e4039358f40>>
2026-05-12T13:29:32.724886516Z [DEBUG] TRADER-001.MessageBus: Added endpoint 'Portfolio.update_order' <bound method Portfolio.update_order of <nautilus_trader.portfolio.portfolio.Portfolio object at 0x7e4039358f40>>
2026-05-12T13:29:32.724898982Z [DEBUG] TRADER-001.MessageBus: Added endpoint 'Portfolio.update_position' <bound method Portfolio.update_position of <nautilus_trader.portfolio.portfolio.Portfolio object at 0x7e4039358f40>>
2026-05-12T13:29:32.724907715Z [DEBUG] TRADER-001.MessageBus: Added Subscription(topic=events.order.*, handler=<bound method Portfolio.on_order_event of <nautilus_trader.portfolio.portfolio.Portfolio object at 0x7e4039358f40>>, priority=10)
2026-05-12T13:29:32.724913138Z [DEBUG] TRADER-001.MessageBus: Added Subscription(topic=events.position.*, handler=<bound method Portfolio.on_position_event of <nautilus_trader.portfolio.portfolio.Portfolio object at 0x7e4039358f40>>, priority=10)
2026-05-12T13:29:32.724918501Z [DEBUG] TRADER-001.MessageBus: Added Subscription(topic=data.quotes.*, handler=<bound method Portfolio.update_quote_tick of <nautilus_trader.portfolio.portfolio.Portfolio object at 0x7e4039358f40>>, priority=10)
2026-05-12T13:29:32.724924196Z [DEBUG] TRADER-001.MessageBus: Added Subscription(topic=data.bars.*EXTERNAL, handler=<bound method Portfolio.update_bar of <nautilus_trader.portfolio.portfolio.Portfolio object at 0x7e4039358f40>>, priority=10)
2026-05-12T13:29:32.724995148Z [INFO] TRADER-001.DataEngine: READY
2026-05-12T13:29:32.725096611Z [DEBUG] TRADER-001.MessageBus: Added endpoint 'DataEngine.execute' <bound method LiveDataEngine.execute of LiveDataEngine(DataEngine)>
2026-05-12T13:29:32.725103228Z [DEBUG] TRADER-001.MessageBus: Added endpoint 'DataEngine.process' <bound method LiveDataEngine.process of LiveDataEngine(DataEngine)>
2026-05-12T13:29:32.725115912Z [DEBUG] TRADER-001.MessageBus: Added endpoint 'DataEngine.request' <bound method LiveDataEngine.request of LiveDataEngine(DataEngine)>
2026-05-12T13:29:32.725118303Z [DEBUG] TRADER-001.MessageBus: Added endpoint 'DataEngine.response' <bound method LiveDataEngine.response of LiveDataEngine(DataEngine)>
2026-05-12T13:29:32.725121824Z [DEBUG] TRADER-001.MessageBus: Added endpoint 'DataEngine.process_historical' <bound method DataEngine.process_historical of LiveDataEngine(DataEngine)>
2026-05-12T13:29:32.725194367Z [INFO] TRADER-001.DataEngine: config.graceful_shutdown_on_exception=False
2026-05-12T13:29:32.725273067Z [INFO] TRADER-001.RiskEngine: READY
2026-05-12T13:29:32.725344568Z [INFO] TRADER-001.RiskEngine: TradingState is ACTIVE
2026-05-12T13:29:32.725442068Z [INFO] TRADER-001.Throttler-ORDER_SUBMIT_THROTTLER: READY
2026-05-12T13:29:32.725473678Z [INFO] TRADER-001.RiskEngine: Set MAX_ORDER_SUBMIT_RATE: 100/00:00:01
2026-05-12T13:29:32.725529666Z [INFO] TRADER-001.Throttler-ORDER_MODIFY_THROTTLER: READY
2026-05-12T13:29:32.725557419Z [INFO] TRADER-001.RiskEngine: Set MAX_ORDER_MODIFY_RATE: 100/00:00:01
2026-05-12T13:29:32.725579019Z [DEBUG] TRADER-001.MessageBus: Added endpoint 'RiskEngine.execute' <bound method LiveRiskEngine.execute of LiveRiskEngine(RiskEngine)>
2026-05-12T13:29:32.725581868Z [DEBUG] TRADER-001.MessageBus: Added endpoint 'RiskEngine.process' <bound method LiveRiskEngine.process of LiveRiskEngine(RiskEngine)>
2026-05-12T13:29:32.725592442Z [DEBUG] TRADER-001.MessageBus: Added Subscription(topic=events.order.*, handler=<bound method RiskEngine._handle_event of LiveRiskEngine(RiskEngine)>, priority=10)
2026-05-12T13:29:32.725601686Z [DEBUG] TRADER-001.MessageBus: Added Subscription(topic=events.position.*, handler=<bound method RiskEngine._handle_event of LiveRiskEngine(RiskEngine)>, priority=10)
2026-05-12T13:29:32.725632643Z [INFO] TRADER-001.RiskEngine: config.graceful_shutdown_on_exception=False
2026-05-12T13:29:32.725702673Z [INFO] TRADER-001.ExecEngine: READY
2026-05-12T13:29:32.725750731Z [INFO] TRADER-001.ExecEngine: config.snapshot_orders=False
2026-05-12T13:29:32.725754810Z [INFO] TRADER-001.ExecEngine: config.snapshot_positions=False
2026-05-12T13:29:32.725756290Z [INFO] TRADER-001.ExecEngine: config.snapshot_positions_interval_secs=None
2026-05-12T13:29:32.725757362Z [INFO] TRADER-001.ExecEngine: config.allow_overfills=False
2026-05-12T13:29:32.725763237Z [DEBUG] TRADER-001.MessageBus: Added endpoint 'ExecEngine.execute' <bound method LiveExecutionEngine.execute of LiveExecutionEngine(ExecEngine)>
2026-05-12T13:29:32.725766288Z [DEBUG] TRADER-001.MessageBus: Added endpoint 'ExecEngine.process' <bound method LiveExecutionEngine.process of LiveExecutionEngine(ExecEngine)>
2026-05-12T13:29:32.725832035Z [INFO] TRADER-001.ExecEngine: config.reconciliation=True
2026-05-12T13:29:32.725836959Z [INFO] TRADER-001.ExecEngine: config.reconciliation_lookback_mins=None
2026-05-12T13:29:32.725838430Z [INFO] TRADER-001.ExecEngine: config.reconciliation_instrument_ids=None
2026-05-12T13:29:32.725839881Z [INFO] TRADER-001.ExecEngine: config.filter_unclaimed_external_orders=False
2026-05-12T13:29:32.725841131Z [INFO] TRADER-001.ExecEngine: config.filter_position_reports=False
2026-05-12T13:29:32.725844329Z [INFO] TRADER-001.ExecEngine: config.filtered_client_order_ids=None
2026-05-12T13:29:32.725845964Z [INFO] TRADER-001.ExecEngine: config.inflight_check_interval_ms=2000
2026-05-12T13:29:32.725847425Z [INFO] TRADER-001.ExecEngine: config.inflight_check_threshold_ms=5000
2026-05-12T13:29:32.725848848Z [INFO] TRADER-001.ExecEngine: config.inflight_check_retries=5
2026-05-12T13:29:32.725852147Z [INFO] TRADER-001.ExecEngine: config.own_books_audit_interval_secs=None
2026-05-12T13:29:32.725853308Z [INFO] TRADER-001.ExecEngine: config.open_check_interval_secs=None
2026-05-12T13:29:32.725855494Z [INFO] TRADER-001.ExecEngine: config.open_check_open_only=True
2026-05-12T13:29:32.725856898Z [INFO] TRADER-001.ExecEngine: config.open_check_lookback_mins=60
2026-05-12T13:29:32.725858192Z [INFO] TRADER-001.ExecEngine: config.open_check_threshold_ms=5000
2026-05-12T13:29:32.725859380Z [INFO] TRADER-001.ExecEngine: config.open_check_missing_retries=5
2026-05-12T13:29:32.725860865Z [INFO] TRADER-001.ExecEngine: config.max_single_order_queries_per_cycle=10
2026-05-12T13:29:32.725862244Z [INFO] TRADER-001.ExecEngine: config.single_order_query_delay_ms=100
2026-05-12T13:29:32.725863314Z [INFO] TRADER-001.ExecEngine: config.position_check_interval_secs=None
2026-05-12T13:29:32.725864595Z [INFO] TRADER-001.ExecEngine: config.position_check_lookback_mins=60
2026-05-12T13:29:32.725866295Z [INFO] TRADER-001.ExecEngine: config.position_check_threshold_ms=5000
2026-05-12T13:29:32.725867637Z [INFO] TRADER-001.ExecEngine: config.position_check_retries=3
2026-05-12T13:29:32.725871938Z [INFO] TRADER-001.ExecEngine: config.reconciliation_startup_delay_secs=10.0
2026-05-12T13:29:32.725873564Z [INFO] TRADER-001.ExecEngine: config.purge_closed_orders_interval_mins=None
2026-05-12T13:29:32.725874764Z [INFO] TRADER-001.ExecEngine: config.purge_closed_orders_buffer_mins=None
2026-05-12T13:29:32.725875929Z [INFO] TRADER-001.ExecEngine: config.purge_closed_positions_interval_mins=None
2026-05-12T13:29:32.725878452Z [INFO] TRADER-001.ExecEngine: config.purge_closed_positions_buffer_mins=None
2026-05-12T13:29:32.725879872Z [INFO] TRADER-001.ExecEngine: config.purge_account_events_interval_mins=None
2026-05-12T13:29:32.725881365Z [INFO] TRADER-001.ExecEngine: config.purge_account_events_lookback_mins=None
2026-05-12T13:29:32.725882620Z [INFO] TRADER-001.ExecEngine: config.purge_from_database=False
2026-05-12T13:29:32.725883719Z [INFO] TRADER-001.ExecEngine: config.graceful_shutdown_on_exception=False
2026-05-12T13:29:32.725896617Z [DEBUG] TRADER-001.MessageBus: Added endpoint 'ExecEngine.reconcile_execution_report' <bound method LiveExecutionEngine.reconcile_execution_report of LiveExecutionEngine(ExecEngine)>
2026-05-12T13:29:32.725900373Z [DEBUG] TRADER-001.MessageBus: Added endpoint 'ExecEngine.reconcile_execution_mass_status' <bound method LiveExecutionEngine.reconcile_execution_mass_status of LiveExecutionEngine(ExecEngine)>
2026-05-12T13:29:32.725925432Z [DEBUG] TRADER-001.Cache: Clearing index
2026-05-12T13:29:32.725928170Z [DEBUG] TRADER-001.Cache: Cleared index
2026-05-12T13:29:32.725931041Z [DEBUG] TRADER-001.ExecEngine: clear_index took 0ms
2026-05-12T13:29:32.725940964Z [DEBUG] TRADER-001.Cache: Loading general cache from database
2026-05-12T13:29:32.725948549Z [INFO] TRADER-001.Cache: Cached 0 general objects from database
2026-05-12T13:29:32.725951441Z [DEBUG] TRADER-001.ExecEngine: cache_general took 0ms
2026-05-12T13:29:32.725952974Z [DEBUG] TRADER-001.Cache: Loading currencies from database
2026-05-12T13:29:32.725960370Z [INFO] TRADER-001.Cache: Cached 0 currencies from database
2026-05-12T13:29:32.725962422Z [DEBUG] TRADER-001.ExecEngine: cache_currencies took 0ms
2026-05-12T13:29:32.725963832Z [DEBUG] TRADER-001.Cache: Loading instruments from database
2026-05-12T13:29:32.725965273Z [INFO] TRADER-001.Cache: Cached 0 instruments from database
2026-05-12T13:29:32.725967295Z [DEBUG] TRADER-001.ExecEngine: cache_instruments took 0ms
2026-05-12T13:29:32.725969019Z [DEBUG] TRADER-001.Cache: Loading accounts from database
2026-05-12T13:29:32.725970702Z [INFO] TRADER-001.Cache: Cached 0 accounts from database
2026-05-12T13:29:32.725972182Z [DEBUG] TRADER-001.ExecEngine: cache_accounts took 0ms
2026-05-12T13:29:32.725973504Z [DEBUG] TRADER-001.Cache: Loading orders from database
2026-05-12T13:29:32.725975149Z [INFO] TRADER-001.Cache: Cached 0 orders from database
2026-05-12T13:29:32.725976786Z [DEBUG] TRADER-001.ExecEngine: cache_orders took 0ms
2026-05-12T13:29:32.725978336Z [DEBUG] TRADER-001.Cache: Loading order lists
2026-05-12T13:29:32.725980378Z [INFO] TRADER-001.Cache: Cached 0 order lists from database
2026-05-12T13:29:32.725982524Z [DEBUG] TRADER-001.ExecEngine: cache_order_lists took 0ms
2026-05-12T13:29:32.725983798Z [DEBUG] TRADER-001.Cache: Loading positions from database
2026-05-12T13:29:32.725986667Z [INFO] TRADER-001.Cache: Cached 0 positions from database
2026-05-12T13:29:32.725988307Z [DEBUG] TRADER-001.ExecEngine: cache_positions took 0ms
2026-05-12T13:29:32.725991831Z [DEBUG] TRADER-001.Cache: Building index
2026-05-12T13:29:32.726001816Z [DEBUG] TRADER-001.Cache: Index built in 0.000s
2026-05-12T13:29:32.726003833Z [DEBUG] TRADER-001.ExecEngine: build_index took 1ms
2026-05-12T13:29:32.726008729Z [INFO] TRADER-001.Cache: Checking data integrity
2026-05-12T13:29:32.726020017Z [INFO] TRADER-001.Cache: Integrity check passed in 8μs
2026-05-12T13:29:32.726022643Z [DEBUG] TRADER-001.ExecEngine: check_integrity took 0ms
2026-05-12T13:29:32.726040423Z [DEBUG] TRADER-001.ExecEngine: _set_position_id_counts took 0ms
2026-05-12T13:29:32.726043222Z [INFO] TRADER-001.ExecEngine: Loaded cache in 1ms
2026-05-12T13:29:32.726108004Z [INFO] TRADER-001.OrderEmulator: READY
2026-05-12T13:29:32.726165421Z [DEBUG] TRADER-001.MessageBus: Added endpoint 'OrderEmulator.execute' <bound method OrderEmulator.execute of OrderEmulator(OrderEmulator)>
2026-05-12T13:29:32.726199271Z [INFO] TRADER-001.TRADER-001: READY
2026-05-12T13:29:32.726249080Z [INFO] TRADER-001.TradingNode: Initialized in 4ms
2026-05-12T13:29:32.726274619Z [INFO] TRADER-001.TradingNode: has_cache_backing=False
2026-05-12T13:29:32.726278396Z [INFO] TRADER-001.TradingNode: has_msgbus_backing=False
2026-05-12T13:29:32.726432437Z [INFO] TRADER-001.ApiOrderTestStrategy: READY
2026-05-12T13:29:32.726496253Z [DEBUG] TRADER-001.MessageBus: Added Subscription(topic=events.order.ApiOrderTestStrategy-000, handler=<bound method Strategy.handle_event of ApiOrderTestStrategy(ApiOrderTestStrategy-000)>, priority=0)
2026-05-12T13:29:32.726507936Z [DEBUG] TRADER-001.MessageBus: Added Subscription(topic=events.position.ApiOrderTestStrategy-000, handler=<bound method Strategy.handle_event of ApiOrderTestStrategy(ApiOrderTestStrategy-000)>, priority=0)
2026-05-12T13:29:32.726520570Z [INFO] TRADER-001.ExecEngine: Registered OMS.UNSPECIFIED for Strategy ApiOrderTestStrategy-000
2026-05-12T13:29:32.726537114Z [INFO] TRADER-001.TRADER-001: Registered Strategy ApiOrderTestStrategy-000
2026-05-12T13:29:32.726546229Z [INFO] TRADER-001.TradingNode: Building data client for ETORO_WS_CLIENT
2026-05-12T13:29:32.726571942Z [INFO] TRADER-001.InstrumentProvider: READY
2026-05-12T13:29:32.726759957Z [INFO] TRADER-001.DataClient-ETORO_WS_CLIENT: READY
2026-05-12T13:29:32.726834891Z [INFO] TRADER-001.DataEngine: Registered ETORO_WS_CLIENT
2026-05-12T13:29:32.726850950Z [INFO] TRADER-001.TradingNode: Building execution client for ETORO
2026-05-12T13:29:32.726878456Z [INFO] TRADER-001.InstrumentProvider: READY
2026-05-12T13:29:32.726933074Z [INFO] TRADER-001.ExecClient-ETORO: READY
2026-05-12T13:29:32.727048475Z [INFO] TRADER-001.ExecEngine: Registered ExecutionClient-ETORO
2026-05-12T13:29:32.727446607Z [INFO] TRADER-001.TradingNode: STARTING
2026-05-12T13:29:32.727485855Z [DEBUG] TRADER-001.ApiOrderTestStrategy: Registered <concurrent.futures.thread.ThreadPoolExecutor object at 0x7e4039623890>
2026-05-12T13:29:32.727499329Z [DEBUG] TRADER-001.DataEngine: STARTING
2026-05-12T13:29:32.727503980Z [DEBUG] TRADER-001.DataClient-ETORO_WS_CLIENT: STARTING
2026-05-12T13:29:32.727520076Z [INFO] TRADER-001.DataClient-ETORO_WS_CLIENT: RUNNING
2026-05-12T13:29:32.727568952Z [DEBUG] TRADER-001.DataEngine: Scheduled task 'cmd_queue'
2026-05-12T13:29:32.727572328Z [DEBUG] TRADER-001.DataEngine: Scheduled task 'req_queue'
2026-05-12T13:29:32.727573037Z [DEBUG] TRADER-001.DataEngine: Scheduled task 'res_queue'
2026-05-12T13:29:32.727573859Z [DEBUG] TRADER-001.DataEngine: Scheduled task 'data_queue'
2026-05-12T13:29:32.727583583Z [INFO] TRADER-001.DataEngine: RUNNING
2026-05-12T13:29:32.727591720Z [DEBUG] TRADER-001.RiskEngine: STARTING
2026-05-12T13:29:32.727599379Z [DEBUG] TRADER-001.RiskEngine: Scheduled task 'cmd_queue'
2026-05-12T13:29:32.727602107Z [DEBUG] TRADER-001.RiskEngine: Scheduled task 'evt_queue'
2026-05-12T13:29:32.727612354Z [INFO] TRADER-001.RiskEngine: RUNNING
2026-05-12T13:29:32.727622081Z [DEBUG] TRADER-001.ExecEngine: STARTING
2026-05-12T13:29:32.727625804Z [DEBUG] TRADER-001.ExecClient-ETORO: STARTING
2026-05-12T13:29:32.727630670Z [INFO] TRADER-001.ExecClient-ETORO: RUNNING
2026-05-12T13:29:32.727645957Z [DEBUG] TRADER-001.ExecEngine: Scheduled task 'cmd_queue'
2026-05-12T13:29:32.727647786Z [DEBUG] TRADER-001.ExecEngine: Scheduled task 'evt_queue'
2026-05-12T13:29:32.727652043Z [DEBUG] TRADER-001.ExecEngine: Scheduled task 'continuous_reconciliation'
2026-05-12T13:29:32.727656040Z [INFO] TRADER-001.ExecEngine: Started reconciliation task
2026-05-12T13:29:32.727665571Z [INFO] TRADER-001.ExecEngine: RUNNING
2026-05-12T13:29:32.727673451Z [INFO] TRADER-001.DataEngine: Connecting all clients...
2026-05-12T13:29:32.727677380Z [INFO] TRADER-001.DataClient-ETORO_WS_CLIENT: Connecting...
2026-05-12T13:29:32.727682389Z [DEBUG] TRADER-001.DataClient-ETORO_WS_CLIENT: Creating async task '_connect'
2026-05-12T13:29:32.727691090Z [INFO] TRADER-001.ExecEngine: Connecting all clients...
2026-05-12T13:29:32.727694605Z [INFO] TRADER-001.ExecClient-ETORO: Connecting...
2026-05-12T13:29:32.727697937Z [DEBUG] TRADER-001.ExecClient-ETORO: Creating task '_connect'
2026-05-12T13:29:32.727716290Z [INFO] TRADER-001.TradingNode: Awaiting engine connections and initializations (120.0s timeout)...
2026-05-12T13:29:32.727831596Z [DEBUG] TRADER-001.DataEngine: DataCommand message queue processing starting (qsize=0)
2026-05-12T13:29:32.727841209Z [DEBUG] TRADER-001.DataEngine: RequestData message queue processing starting (qsize=0)
2026-05-12T13:29:32.727846560Z [DEBUG] TRADER-001.DataEngine: DataResponse message queue processing starting (qsize=0)
2026-05-12T13:29:32.727851458Z [DEBUG] TRADER-001.DataEngine: Data queue processing starting (qsize=0)
2026-05-12T13:29:32.727857194Z [DEBUG] TRADER-001.RiskEngine: Command message queue processing (qsize=0)
2026-05-12T13:29:32.727861924Z [DEBUG] TRADER-001.RiskEngine: Event message queue processing starting (qsize=0)
2026-05-12T13:29:32.727868307Z [DEBUG] TRADER-001.ExecEngine: Command message queue processing starting (qsize=0)
2026-05-12T13:29:32.727876219Z [DEBUG] TRADER-001.ExecEngine: Event message queue processing starting (qsize=0)
2026-05-12T13:29:32.727891054Z [INFO] TRADER-001.ExecEngine: Starting continuous reconciliation with intervals: inflight=2000ms, consistency=Nones, position=Nones
2026-05-12T13:29:32.727894361Z [INFO] TRADER-001.ExecEngine: Awaiting startup reconciliation completion before starting continuous checks
2026-05-12T13:29:32.770594637Z [INFO] TRADER-001.DataClient-ETORO_WS_CLIENT: WebSocket Verbindungsversuch 1/5 zu wss://ws.etoro.com/ws ...
2026-05-12T13:29:32.826957036Z [INFO] TRADER-001.ExecClient-ETORO: Execution WS connect attempt 1/5 ...
2026-05-12T13:29:33.130225616Z [INFO] TRADER-001.DataClient-ETORO_WS_CLIENT: WebSocket verbunden. Authentifiziere...
2026-05-12T13:29:33.130402961Z [DEBUG] TRADER-001.Cache: Added currency USD
2026-05-12T13:29:33.130420672Z [DEBUG] TRADER-001.Cache: Added instrument ADA.ETORO
2026-05-12T13:29:33.130475618Z [INFO] TRADER-001.DataClient-ETORO_WS_CLIENT: Instrument registriert: ADA.ETORO [Crypto] price_prec=5, size_prec=0
2026-05-12T13:29:33.130902489Z [WARN] TRADER-001.ExecClient-ETORO: Auth response not JSON: b'\x00'
2026-05-12T13:29:33.130992130Z [INFO] TRADER-001.ExecClient-ETORO: Subscribed to trading notification topics.
2026-05-12T13:29:33.131033502Z [DEBUG] TRADER-001.ExecClient-ETORO: Creating task 'exec_ws_loop'
2026-05-12T13:29:33.131046204Z [INFO] TRADER-001.ExecClient-ETORO: Execution WS connected and authenticated.
2026-05-12T13:29:33.215362941Z [INFO] TRADER-001.DataClient-ETORO_WS_CLIENT: Auth-Antwort: {'id': '379f6251-29ac-4906-b96e-2c943c2aea16', 'success': True, 'operation': 'Authenticate'}
2026-05-12T13:29:33.215505898Z [INFO] TRADER-001.DataClient-ETORO_WS_CLIENT: Abonniert: ['instrument:100017']
2026-05-12T13:29:33.215517211Z [DEBUG] TRADER-001.DataClient-ETORO_WS_CLIENT: Creating async task 'message_loop'
2026-05-12T13:29:33.215607129Z [DEBUG] TRADER-001.DataClient-ETORO_WS_CLIENT: Coroutine '_connect' completed
2026-05-12T13:29:33.215613139Z [INFO] TRADER-001.DataClient-ETORO_WS_CLIENT: Connected
2026-05-12T13:29:33.229432069Z [WARN] TRADER-001.ExecClient-ETORO: Balance fetch returned HTTP 403; using 0 USD.
2026-05-12T13:29:33.229700387Z [DEBUG] TRADER-001.Cache: Added Account(id=ETORO-DEMO-001)
2026-05-12T13:29:33.229709003Z [DEBUG] TRADER-001.Cache: Indexed AccountId('ETORO-DEMO-001')
2026-05-12T13:29:33.229741942Z [INFO] TRADER-001.Portfolio: Updated AccountState(account_id=ETORO-DEMO-001, account_type=MARGIN, base_currency=USD, is_reported=False, balances=[AccountBalance(total=0.00 USD, locked=0.00 USD, free=0.00 USD)], margins=[], event_id=02a6220f-1554-4590-b2b8-36e465c1ce10)
2026-05-12T13:29:33.229859257Z [INFO] TRADER-001.ExecClient-ETORO: Connected
2026-05-12T13:29:33.229905861Z [INFO] TRADER-001.TradingNode: Awaiting execution state reconciliation (30.0s timeout)...
2026-05-12T13:29:33.229960972Z [INFO] TRADER-001.ExecClient-ETORO: Generating ExecutionMassStatus...
2026-05-12T13:29:33.230031679Z [WARN] TRADER-001.ExecClient-ETORO: generate_order_status_reports: Kein Query-Endpoint verfügbar. Gebe leere Liste zurück.
2026-05-12T13:29:33.230090959Z [DEBUG] TRADER-001.ExecEngine: <--[RPT] ExecutionMassStatus(client_id=ETORO, account_id=ETORO-DEMO-001, venue=ETORO, order_reports={}, fill_reports={}, position_reports={}, report_id=537d85ec-6f6d-4f0a-8fda-f014a1be7a39, ts_init=1778592573229968496)
2026-05-12T13:29:33.230095499Z [INFO] TRADER-001.ExecEngine: Reconciling ExecutionMassStatus for ETORO
2026-05-12T13:29:33.230102525Z [INFO] TRADER-001.ExecEngine: Attempting to adjust fills for 0 instruments
2026-05-12T13:29:33.233132493Z [INFO] TRADER-001.ExecEngine: Updating adjusted fills for 0 instruments
2026-05-12T13:29:33.233150981Z [INFO] TRADER-001.ExecEngine: Final order_reports contains 0 orders, fill_reports contains 0 fills across all instruments
2026-05-12T13:29:33.233230706Z [DEBUG] TRADER-001.ExecEngine: Reconciliation state validation passed for 0 order(s)
2026-05-12T13:29:33.233258650Z [INFO] TRADER-001.ExecEngine: Reconciliation for ETORO succeeded
2026-05-12T13:29:33.233284431Z [INFO] TRADER-001.TradingNode: Execution state reconciled
2026-05-12T13:29:33.233297965Z [DEBUG] TRADER-001.OrderEmulator: STARTING
2026-05-12T13:29:33.233301581Z [INFO] TRADER-001.OrderEmulator: No emulated orders to reactivate
2026-05-12T13:29:33.233342187Z [INFO] TRADER-001.OrderEmulator: RUNNING
2026-05-12T13:29:33.233361345Z [INFO] TRADER-001.Portfolio: Initialized 0 open orders
2026-05-12T13:29:33.233367065Z [INFO] TRADER-001.Portfolio: Initialized 0 open positions
2026-05-12T13:29:33.233378578Z [INFO] TRADER-001.TradingNode: Awaiting portfolio initialization (10.0s timeout)...
2026-05-12T13:29:33.233615839Z [INFO] TRADER-001.ExecEngine: Startup reconciliation completed
2026-05-12T13:29:33.233630032Z [INFO] TRADER-001.ExecEngine: Applying post-reconciliation startup delay (10.0s)
2026-05-12T13:29:33.233677210Z [INFO] TRADER-001.TradingNode: Portfolio initialized
2026-05-12T13:29:33.233685463Z [DEBUG] TRADER-001.TRADER-001: STARTING
2026-05-12T13:29:33.233700998Z [DEBUG] TRADER-001.ApiOrderTestStrategy: STARTING
2026-05-12T13:29:33.233705535Z [INFO] TRADER-001.ApiOrderTestStrategy: self.config.oms_type=None
2026-05-12T13:29:33.233707603Z [INFO] TRADER-001.ApiOrderTestStrategy: self.config.external_order_claims=None
2026-05-12T13:29:33.233708866Z [INFO] TRADER-001.ApiOrderTestStrategy: self.config.manage_gtd_expiry=False
2026-05-12T13:29:33.233717906Z [INFO] TRADER-001.ApiOrderTestStrategy: Set ClientOrderIdGenerator client_order_id count to 0
2026-05-12T13:29:33.233720278Z [INFO] TRADER-001.ApiOrderTestStrategy: Set ClientOrderIdGenerator order_list_id count to 0
2026-05-12T13:29:33.233735824Z [INFO] TRADER-001.ApiOrderTestStrategy: Test gestartet. Warte auf ersten Tick für ADA.ETORO ...
2026-05-12T13:29:33.233779814Z [DEBUG] TRADER-001.MessageBus: Added Subscription(topic=data.quotes.ETORO.ADA, handler=<bound method Actor.handle_quote_tick of ApiOrderTestStrategy(ApiOrderTestStrategy-000)>, priority=0)
2026-05-12T13:29:33.233831073Z [INFO] TRADER-001.ApiOrderTestStrategy: [CMD]--> SubscribeQuoteTicks(instrument_id=ADA.ETORO, client_id=None, venue=ETORO)
2026-05-12T13:29:33.233888226Z [INFO] TRADER-001.ApiOrderTestStrategy: RUNNING
2026-05-12T13:29:33.233915141Z [INFO] TRADER-001.TRADER-001: RUNNING
2026-05-12T13:29:33.233928675Z [INFO] TRADER-001.TradingNode: RUNNING
2026-05-12T13:29:33.234067613Z [DEBUG] TRADER-001.DataClient-ETORO_WS_CLIENT: Creating async task 'subscribe: quote_ticks ADA.ETORO'
2026-05-12T13:29:33.234110433Z [DEBUG] TRADER-001.DataClient-ETORO_WS_CLIENT: Coroutine 'subscribe: quote_ticks ADA.ETORO' completed
2026-05-12T13:29:33.234112655Z [INFO] TRADER-001.DataClient-ETORO_WS_CLIENT: Subscribed ADA.ETORO quotes
2026-05-12T13:29:33.264968408Z [INFO] TRADER-001.DataClient-ETORO_WS_CLIENT: Snapshot ADA.ETORO: MarketOpen=True, AllowBuy=True
2026-05-12T13:29:33.265245067Z [INFO] TRADER-001.ApiOrderTestStrategy: Sende BUY: 40 Units @ Ask 0.27390 (~11.0 USD)
2026-05-12T13:29:33.265441062Z [INFO] TRADER-001.ApiOrderTestStrategy: <--[EVT] OrderInitialized(instrument_id=ADA.ETORO, client_order_id=O-20260512-132933-001-000-1, side=BUY, type=MARKET, quantity=40, time_in_force=GTC, post_only=False, reduce_only=False, quote_quantity=False, options={}, emulation_trigger=NO_TRIGGER, trigger_instrument_id=None, contingency_type=NO_CONTINGENCY, order_list_id=None, linked_order_ids=None, parent_order_id=None, exec_algorithm_id=None, exec_algorithm_params=None, exec_spawn_id=None, tags=None)
2026-05-12T13:29:33.265512247Z [DEBUG] TRADER-001.Cache: Added MarketOrder(BUY 40 ADA.ETORO MARKET GTC, status=INITIALIZED, client_order_id=O-20260512-132933-001-000-1, venue_order_id=None, position_id=None, tags=None)
2026-05-12T13:29:33.265563575Z [INFO] TRADER-001.ApiOrderTestStrategy: [CMD]--> [Risk] SubmitOrder(order=MarketOrder(BUY 40 ADA.ETORO MARKET GTC, status=INITIALIZED, client_order_id=O-20260512-132933-001-000-1, venue_order_id=None, position_id=None, tags=None), position_id=None)
2026-05-12T13:29:33.265665691Z [DEBUG] TRADER-001.ExecEngine: Routed by instrument venue: ETORO
2026-05-12T13:29:33.265698874Z [INFO] TRADER-001.ExecClient-ETORO: Submit MarketOrder(BUY 40 ADA.ETORO MARKET GTC, status=INITIALIZED, client_order_id=O-20260512-132933-001-000-1, venue_order_id=None, position_id=None, tags=None)
2026-05-12T13:29:33.265716895Z [DEBUG] TRADER-001.ExecClient-ETORO: Creating task 'submit_order: SubmitOrder(order=MarketOrder(BUY 40 ADA.ETORO MARKET GTC, status=INITIALIZED, client_order_id=O-20260512-132933-001-000-1, venue_order_id=None, position_id=None, tags=None), position_id=None)'
