2026-05-14T08:41:40.657191000Z [INFO] TRADER-001.TradingNode: =================================================================
2026-05-14T08:41:40.657731000Z [INFO] TRADER-001.TradingNode:  NAUTILUS TRADER - Automated Algorithmic Trading Platform
2026-05-14T08:41:40.657732000Z [INFO] TRADER-001.TradingNode:  by Nautech Systems Pty Ltd.
2026-05-14T08:41:40.657733000Z [INFO] TRADER-001.TradingNode:  Copyright (C) 2015-2026. All rights reserved.
2026-05-14T08:41:40.657733001Z [INFO] TRADER-001.TradingNode: =================================================================
2026-05-14T08:41:40.657734000Z [INFO] TRADER-001.TradingNode: 
2026-05-14T08:41:40.657734001Z [INFO] TRADER-001.TradingNode: ⠀⠀⠀⠀⠀⠀⠀⠀⠀⠀⠀⠀⠀⣠⣴⣶⡟⠀⠀⠀⠀⠀⠀⠀⠀⠀⠀⠀⠀⠀⠀
2026-05-14T08:41:40.657735000Z [INFO] TRADER-001.TradingNode: ⠀⠀⠀⠀⠀⠀⠀⠀⠀⠀⠀⣰⣾⣿⣿⣿⠀⢸⣿⣿⣿⣿⣶⣶⣤⣀⠀⠀⠀⠀⠀
2026-05-14T08:41:40.657736000Z [INFO] TRADER-001.TradingNode: ⠀⠀⠀⠀⠀⠀⢀⣴⡇⢀⣾⣿⣿⣿⣿⣿⠀⣾⣿⣿⣿⣿⣿⣿⣿⠿⠓⠀⠀⠀⠀
2026-05-14T08:41:40.657736001Z [INFO] TRADER-001.TradingNode: ⠀⠀⠀⠀⠀⣰⣿⣿⡀⢸⣿⣿⣿⣿⣿⣿⠀⣿⣿⣿⣿⣿⣿⠟⠁⣠⣄⠀⠀⠀⠀
2026-05-14T08:41:40.657736002Z [INFO] TRADER-001.TradingNode: ⠀⠀⠀⠀⢠⣿⣿⣿⣇⠀⢿⣿⣿⣿⣿⣿⠀⢻⣿⣿⣿⡿⢃⣠⣾⣿⣿⣧⡀⠀⠀
2026-05-14T08:41:40.657737000Z [INFO] TRADER-001.TradingNode: ⠀⠀⠀⠠⣾⣿⣿⣿⣿⣿⣧⠈⠋⢀⣴⣧⠀⣿⡏⢠⡀⢸⣿⣿⣿⣿⣿⣿⣿⡇⠀
2026-05-14T08:41:40.657737001Z [INFO] TRADER-001.TradingNode: ⠀⠀⠀⣀⠙⢿⣿⣿⣿⣿⣿⠇⢠⣿⣿⣿⡄⠹⠃⠼⠃⠈⠉⠛⠛⠛⠛⠛⠻⠇⠀
2026-05-14T08:41:40.657737002Z [INFO] TRADER-001.TradingNode: ⠀⠀⢸⡟⢠⣤⠉⠛⠿⢿⣿⠀⢸⣿⡿⠋⣠⣤⣄⠀⣾⣿⣿⣶⣶⣶⣦⡄⠀⠀⠀
2026-05-14T08:41:40.657738000Z [INFO] TRADER-001.TradingNode: ⠀⠀⠸⠀⣾⠏⣸⣷⠂⣠⣤⠀⠘⢁⣴⣾⣿⣿⣿⡆⠘⣿⣿⣿⣿⣿⣿⠀⠀⠀⠀
2026-05-14T08:41:40.657738001Z [INFO] TRADER-001.TradingNode: ⠀⠀⠀⠀⠛⠀⣿⡟⠀⢻⣿⡄⠸⣿⣿⣿⣿⣿⣿⣿⡀⠘⣿⣿⣿⣿⠟⠀⠀⠀⠀
2026-05-14T08:41:40.657738002Z [INFO] TRADER-001.TradingNode: ⠀⠀⠀⠀⠀⠀⣿⠇⠀⠀⢻⡿⠀⠈⠻⣿⣿⣿⣿⣿⡇⠀⢹⣿⠿⠋⠀⠀⠀⠀⠀
2026-05-14T08:41:40.657739000Z [INFO] TRADER-001.TradingNode: ⠀⠀⠀⠀⠀⠀⠋⠀⠀⠀⡘⠁⠀⠀⠀⠀⠀⠀⠀⠀⠀⠀⠈⠁⠀⠀⠀⠀⠀⠀⠀
2026-05-14T08:41:40.657739001Z [INFO] TRADER-001.TradingNode: 
2026-05-14T08:41:40.657739002Z [INFO] TRADER-001.TradingNode: =================================================================
2026-05-14T08:41:40.657740000Z [INFO] TRADER-001.TradingNode:  SYSTEM SPECIFICATION
2026-05-14T08:41:40.657740001Z [INFO] TRADER-001.TradingNode: =================================================================
2026-05-14T08:41:40.657741000Z [INFO] TRADER-001.TradingNode: CPU architecture: Apple M1
2026-05-14T08:41:40.657742000Z [INFO] TRADER-001.TradingNode: CPU(s): 8 @ 3204 MHz
2026-05-14T08:41:40.657744000Z [INFO] TRADER-001.TradingNode: OS: kernel-25.4.0 macOS 26.4.1
2026-05-14T08:41:40.657805000Z [INFO] TRADER-001.TradingNode: =================================================================
2026-05-14T08:41:40.657806000Z [INFO] TRADER-001.TradingNode:  MEMORY USAGE
2026-05-14T08:41:40.657807000Z [INFO] TRADER-001.TradingNode: =================================================================
2026-05-14T08:41:40.657889000Z [INFO] TRADER-001.TradingNode: RAM-Total: 16.00 GiB
2026-05-14T08:41:40.657894000Z [INFO] TRADER-001.TradingNode: RAM-Used: 10.23 GiB (63.93%)
2026-05-14T08:41:40.657896000Z [INFO] TRADER-001.TradingNode: RAM-Avail: 5.77 GiB (36.07%)
2026-05-14T08:41:40.657897000Z [INFO] TRADER-001.TradingNode: Swap: disabled
2026-05-14T08:41:40.657984000Z [INFO] TRADER-001.TradingNode: =================================================================
2026-05-14T08:41:40.657986000Z [INFO] TRADER-001.TradingNode:  IDENTIFIERS
2026-05-14T08:41:40.657987000Z [INFO] TRADER-001.TradingNode: =================================================================
2026-05-14T08:41:40.657988000Z [INFO] TRADER-001.TradingNode: trader_id: TRADER-001
2026-05-14T08:41:40.657989000Z [INFO] TRADER-001.TradingNode: machine_id: MacBook-Air-von-John.local
2026-05-14T08:41:40.657991000Z [INFO] TRADER-001.TradingNode: instance_id: 73b1b364-a320-4806-b8e3-6da817c1a75e
2026-05-14T08:41:40.657992000Z [INFO] TRADER-001.TradingNode: PID: 4085
2026-05-14T08:41:40.657992001Z [INFO] TRADER-001.TradingNode: =================================================================
2026-05-14T08:41:40.657993000Z [INFO] TRADER-001.TradingNode:  VERSIONING
2026-05-14T08:41:40.657993001Z [INFO] TRADER-001.TradingNode: =================================================================
2026-05-14T08:41:40.659288000Z [INFO] TRADER-001.TradingNode: nautilus_trader: 1.226.0
2026-05-14T08:41:40.659595000Z [INFO] TRADER-001.TradingNode: python: 3.14.4
2026-05-14T08:41:40.659601000Z [INFO] TRADER-001.TradingNode: numpy: 2.4.4
2026-05-14T08:41:40.659605000Z [INFO] TRADER-001.TradingNode: pandas: 2.3.3
2026-05-14T08:41:40.659609000Z [INFO] TRADER-001.TradingNode: msgspec: 0.21.1
2026-05-14T08:41:40.659612000Z [INFO] TRADER-001.TradingNode: pyarrow: 24.0.0
2026-05-14T08:41:40.659615000Z [INFO] TRADER-001.TradingNode: pytz: 2026.2
2026-05-14T08:41:40.659621000Z [INFO] TRADER-001.TradingNode: uvloop: 0.22.1
2026-05-14T08:41:40.659621001Z [INFO] TRADER-001.TradingNode: =================================================================
2026-05-14T08:41:40.659752000Z [INFO] TRADER-001.TradingNode: Building system kernel
2026-05-14T08:41:40.660107000Z [DEBUG] TRADER-001.TradingNode: Event loop signal handling setup for (<Signals.SIGTERM: 15>, <Signals.SIGINT: 2>, <Signals.SIGABRT: 6>)
2026-05-14T08:41:40.660492000Z [INFO] TRADER-001.MessageBus: config.database=None
2026-05-14T08:41:40.660494000Z [INFO] TRADER-001.MessageBus: config.encoding='msgpack'
2026-05-14T08:41:40.660496000Z [INFO] TRADER-001.MessageBus: config.timestamps_as_iso8601=False
2026-05-14T08:41:40.660497000Z [INFO] TRADER-001.MessageBus: config.buffer_interval_ms=None
2026-05-14T08:41:40.660498000Z [INFO] TRADER-001.MessageBus: config.autotrim_mins=None
2026-05-14T08:41:40.660499000Z [INFO] TRADER-001.MessageBus: config.use_trader_prefix=True
2026-05-14T08:41:40.660501000Z [INFO] TRADER-001.MessageBus: config.use_trader_id=True
2026-05-14T08:41:40.660501001Z [INFO] TRADER-001.MessageBus: config.use_instance_id=False
2026-05-14T08:41:40.660503000Z [INFO] TRADER-001.MessageBus: config.streams_prefix='stream'
2026-05-14T08:41:40.660504000Z [INFO] TRADER-001.MessageBus: config.types_filter=None
2026-05-14T08:41:40.660926000Z [DEBUG] TRADER-001.MessageBus: Added Subscription(topic=commands.system.shutdown, handler=<bound method NautilusKernel._on_shutdown_system of <nautilus_trader.system.kernel.NautilusKernel object at 0x12523fe00>>, priority=0)
2026-05-14T08:41:40.661459000Z [INFO] TRADER-001.Cache: READY
2026-05-14T08:41:40.664047000Z [DEBUG] TRADER-001.MessageBus: Added endpoint 'Portfolio.update_account' <bound method Portfolio.update_account of <nautilus_trader.portfolio.portfolio.Portfolio object at 0x1269e6440>>
2026-05-14T08:41:40.664089000Z [DEBUG] TRADER-001.MessageBus: Added endpoint 'Portfolio.update_order' <bound method Portfolio.update_order of <nautilus_trader.portfolio.portfolio.Portfolio object at 0x1269e6440>>
2026-05-14T08:41:40.664093000Z [DEBUG] TRADER-001.MessageBus: Added endpoint 'Portfolio.update_position' <bound method Portfolio.update_position of <nautilus_trader.portfolio.portfolio.Portfolio object at 0x1269e6440>>
2026-05-14T08:41:40.664118000Z [DEBUG] TRADER-001.MessageBus: Added Subscription(topic=events.order.*, handler=<bound method Portfolio.on_order_event of <nautilus_trader.portfolio.portfolio.Portfolio object at 0x1269e6440>>, priority=10)
2026-05-14T08:41:40.664127000Z [DEBUG] TRADER-001.MessageBus: Added Subscription(topic=events.position.*, handler=<bound method Portfolio.on_position_event of <nautilus_trader.portfolio.portfolio.Portfolio object at 0x1269e6440>>, priority=10)
2026-05-14T08:41:40.664136000Z [DEBUG] TRADER-001.MessageBus: Added Subscription(topic=data.quotes.*, handler=<bound method Portfolio.update_quote_tick of <nautilus_trader.portfolio.portfolio.Portfolio object at 0x1269e6440>>, priority=10)
2026-05-14T08:41:40.664144000Z [DEBUG] TRADER-001.MessageBus: Added Subscription(topic=data.bars.*EXTERNAL, handler=<bound method Portfolio.update_bar of <nautilus_trader.portfolio.portfolio.Portfolio object at 0x1269e6440>>, priority=10)
2026-05-14T08:41:40.665809000Z [INFO] TRADER-001.DataEngine: READY
2026-05-14T08:41:40.666434000Z [DEBUG] TRADER-001.MessageBus: Added endpoint 'DataEngine.execute' <bound method LiveDataEngine.execute of LiveDataEngine(DataEngine)>
2026-05-14T08:41:40.666442000Z [DEBUG] TRADER-001.MessageBus: Added endpoint 'DataEngine.process' <bound method LiveDataEngine.process of LiveDataEngine(DataEngine)>
2026-05-14T08:41:40.666449000Z [DEBUG] TRADER-001.MessageBus: Added endpoint 'DataEngine.request' <bound method LiveDataEngine.request of LiveDataEngine(DataEngine)>
2026-05-14T08:41:40.666451000Z [DEBUG] TRADER-001.MessageBus: Added endpoint 'DataEngine.response' <bound method LiveDataEngine.response of LiveDataEngine(DataEngine)>
2026-05-14T08:41:40.666457000Z [DEBUG] TRADER-001.MessageBus: Added endpoint 'DataEngine.process_historical' <bound method DataEngine.process_historical of LiveDataEngine(DataEngine)>
2026-05-14T08:41:40.666536000Z [INFO] TRADER-001.DataEngine: config.graceful_shutdown_on_exception=False
2026-05-14T08:41:40.667000000Z [INFO] TRADER-001.RiskEngine: READY
2026-05-14T08:41:40.667919000Z [INFO] TRADER-001.RiskEngine: TradingState is ACTIVE
2026-05-14T08:41:40.668039000Z [INFO] TRADER-001.Throttler-ORDER_SUBMIT_THROTTLER: READY
2026-05-14T08:41:40.668272000Z [INFO] TRADER-001.RiskEngine: Set MAX_ORDER_SUBMIT_RATE: 100/00:00:01
2026-05-14T08:41:40.668317000Z [INFO] TRADER-001.Throttler-ORDER_MODIFY_THROTTLER: READY
2026-05-14T08:41:40.668337000Z [INFO] TRADER-001.RiskEngine: Set MAX_ORDER_MODIFY_RATE: 100/00:00:01
2026-05-14T08:41:40.668346000Z [DEBUG] TRADER-001.MessageBus: Added endpoint 'RiskEngine.execute' <bound method LiveRiskEngine.execute of LiveRiskEngine(RiskEngine)>
2026-05-14T08:41:40.668348000Z [DEBUG] TRADER-001.MessageBus: Added endpoint 'RiskEngine.process' <bound method LiveRiskEngine.process of LiveRiskEngine(RiskEngine)>
2026-05-14T08:41:40.668359000Z [DEBUG] TRADER-001.MessageBus: Added Subscription(topic=events.order.*, handler=<bound method RiskEngine._handle_event of LiveRiskEngine(RiskEngine)>, priority=10)
2026-05-14T08:41:40.668388000Z [DEBUG] TRADER-001.MessageBus: Added Subscription(topic=events.position.*, handler=<bound method RiskEngine._handle_event of LiveRiskEngine(RiskEngine)>, priority=10)
2026-05-14T08:41:40.668440000Z [INFO] TRADER-001.RiskEngine: config.graceful_shutdown_on_exception=False
2026-05-14T08:41:40.668833000Z [INFO] TRADER-001.ExecEngine: READY
2026-05-14T08:41:40.668914000Z [INFO] TRADER-001.ExecEngine: config.snapshot_orders=False
2026-05-14T08:41:40.668918000Z [INFO] TRADER-001.ExecEngine: config.snapshot_positions=False
2026-05-14T08:41:40.668924000Z [INFO] TRADER-001.ExecEngine: config.snapshot_positions_interval_secs=None
2026-05-14T08:41:40.668925000Z [INFO] TRADER-001.ExecEngine: config.allow_overfills=False
2026-05-14T08:41:40.668931000Z [DEBUG] TRADER-001.MessageBus: Added endpoint 'ExecEngine.execute' <bound method LiveExecutionEngine.execute of LiveExecutionEngine(ExecEngine)>
2026-05-14T08:41:40.668937000Z [DEBUG] TRADER-001.MessageBus: Added endpoint 'ExecEngine.process' <bound method LiveExecutionEngine.process of LiveExecutionEngine(ExecEngine)>
2026-05-14T08:41:40.668997000Z [INFO] TRADER-001.ExecEngine: config.reconciliation=True
2026-05-14T08:41:40.669002000Z [INFO] TRADER-001.ExecEngine: config.reconciliation_lookback_mins=None
2026-05-14T08:41:40.669003000Z [INFO] TRADER-001.ExecEngine: config.reconciliation_instrument_ids=None
2026-05-14T08:41:40.669004000Z [INFO] TRADER-001.ExecEngine: config.filter_unclaimed_external_orders=False
2026-05-14T08:41:40.669005000Z [INFO] TRADER-001.ExecEngine: config.filter_position_reports=False
2026-05-14T08:41:40.669006000Z [INFO] TRADER-001.ExecEngine: config.filtered_client_order_ids=None
2026-05-14T08:41:40.669007000Z [INFO] TRADER-001.ExecEngine: config.inflight_check_interval_ms=2000
2026-05-14T08:41:40.669008000Z [INFO] TRADER-001.ExecEngine: config.inflight_check_threshold_ms=5000
2026-05-14T08:41:40.669009000Z [INFO] TRADER-001.ExecEngine: config.inflight_check_retries=5
2026-05-14T08:41:40.669010000Z [INFO] TRADER-001.ExecEngine: config.own_books_audit_interval_secs=None
2026-05-14T08:41:40.669011000Z [INFO] TRADER-001.ExecEngine: config.open_check_interval_secs=None
2026-05-14T08:41:40.669012000Z [INFO] TRADER-001.ExecEngine: config.open_check_open_only=True
2026-05-14T08:41:40.669013000Z [INFO] TRADER-001.ExecEngine: config.open_check_lookback_mins=60
2026-05-14T08:41:40.669014000Z [INFO] TRADER-001.ExecEngine: config.open_check_threshold_ms=5000
2026-05-14T08:41:40.669015000Z [INFO] TRADER-001.ExecEngine: config.open_check_missing_retries=5
2026-05-14T08:41:40.669018000Z [INFO] TRADER-001.ExecEngine: config.max_single_order_queries_per_cycle=10
2026-05-14T08:41:40.669019000Z [INFO] TRADER-001.ExecEngine: config.single_order_query_delay_ms=100
2026-05-14T08:41:40.669020000Z [INFO] TRADER-001.ExecEngine: config.position_check_interval_secs=None
2026-05-14T08:41:40.669021000Z [INFO] TRADER-001.ExecEngine: config.position_check_lookback_mins=60
2026-05-14T08:41:40.669022000Z [INFO] TRADER-001.ExecEngine: config.position_check_threshold_ms=5000
2026-05-14T08:41:40.669023000Z [INFO] TRADER-001.ExecEngine: config.position_check_retries=3
2026-05-14T08:41:40.669025000Z [INFO] TRADER-001.ExecEngine: config.reconciliation_startup_delay_secs=10.0
2026-05-14T08:41:40.669026000Z [INFO] TRADER-001.ExecEngine: config.purge_closed_orders_interval_mins=None
2026-05-14T08:41:40.669027000Z [INFO] TRADER-001.ExecEngine: config.purge_closed_orders_buffer_mins=None
2026-05-14T08:41:40.669028000Z [INFO] TRADER-001.ExecEngine: config.purge_closed_positions_interval_mins=None
2026-05-14T08:41:40.669029000Z [INFO] TRADER-001.ExecEngine: config.purge_closed_positions_buffer_mins=None
2026-05-14T08:41:40.669029001Z [INFO] TRADER-001.ExecEngine: config.purge_account_events_interval_mins=None
2026-05-14T08:41:40.669030000Z [INFO] TRADER-001.ExecEngine: config.purge_account_events_lookback_mins=None
2026-05-14T08:41:40.669031000Z [INFO] TRADER-001.ExecEngine: config.purge_from_database=False
2026-05-14T08:41:40.669032000Z [INFO] TRADER-001.ExecEngine: config.graceful_shutdown_on_exception=False
2026-05-14T08:41:40.669044000Z [DEBUG] TRADER-001.MessageBus: Added endpoint 'ExecEngine.reconcile_execution_report' <bound method LiveExecutionEngine.reconcile_execution_report of LiveExecutionEngine(ExecEngine)>
2026-05-14T08:41:40.669047000Z [DEBUG] TRADER-001.MessageBus: Added endpoint 'ExecEngine.reconcile_execution_mass_status' <bound method LiveExecutionEngine.reconcile_execution_mass_status of LiveExecutionEngine(ExecEngine)>
2026-05-14T08:41:40.669609000Z [DEBUG] TRADER-001.Cache: Clearing index
2026-05-14T08:41:40.669614000Z [DEBUG] TRADER-001.Cache: Cleared index
2026-05-14T08:41:40.669617000Z [DEBUG] TRADER-001.ExecEngine: clear_index took 0ms
2026-05-14T08:41:40.669826000Z [DEBUG] TRADER-001.Cache: Loading general cache from database
2026-05-14T08:41:40.670041000Z [INFO] TRADER-001.Cache: Cached 0 general objects from database
2026-05-14T08:41:40.670048000Z [DEBUG] TRADER-001.ExecEngine: cache_general took 1ms
2026-05-14T08:41:40.670256000Z [DEBUG] TRADER-001.Cache: Loading currencies from database
2026-05-14T08:41:40.670331000Z [INFO] TRADER-001.Cache: Cached 0 currencies from database
2026-05-14T08:41:40.670337000Z [DEBUG] TRADER-001.ExecEngine: cache_currencies took 0ms
2026-05-14T08:41:40.670339000Z [DEBUG] TRADER-001.Cache: Loading instruments from database
2026-05-14T08:41:40.670340000Z [INFO] TRADER-001.Cache: Cached 0 instruments from database
2026-05-14T08:41:40.670341000Z [DEBUG] TRADER-001.ExecEngine: cache_instruments took 0ms
2026-05-14T08:41:40.670342000Z [DEBUG] TRADER-001.Cache: Loading accounts from database
2026-05-14T08:41:40.670344000Z [INFO] TRADER-001.Cache: Cached 0 accounts from database
2026-05-14T08:41:40.670345000Z [DEBUG] TRADER-001.ExecEngine: cache_accounts took 0ms
2026-05-14T08:41:40.670346000Z [DEBUG] TRADER-001.Cache: Loading orders from database
2026-05-14T08:41:40.670347000Z [INFO] TRADER-001.Cache: Cached 0 orders from database
2026-05-14T08:41:40.670348000Z [DEBUG] TRADER-001.ExecEngine: cache_orders took 0ms
2026-05-14T08:41:40.670349000Z [DEBUG] TRADER-001.Cache: Loading order lists
2026-05-14T08:41:40.670351000Z [INFO] TRADER-001.Cache: Cached 0 order lists from database
2026-05-14T08:41:40.670352000Z [DEBUG] TRADER-001.ExecEngine: cache_order_lists took 0ms
2026-05-14T08:41:40.670353000Z [DEBUG] TRADER-001.Cache: Loading positions from database
2026-05-14T08:41:40.670354000Z [INFO] TRADER-001.Cache: Cached 0 positions from database
2026-05-14T08:41:40.670355000Z [DEBUG] TRADER-001.ExecEngine: cache_positions took 0ms
2026-05-14T08:41:40.670356000Z [DEBUG] TRADER-001.Cache: Building index
2026-05-14T08:41:40.670438000Z [DEBUG] TRADER-001.Cache: Index built in 0.000s
2026-05-14T08:41:40.670442000Z [DEBUG] TRADER-001.ExecEngine: build_index took 0ms
2026-05-14T08:41:40.670512000Z [INFO] TRADER-001.Cache: Checking data integrity
2026-05-14T08:41:40.670701000Z [INFO] TRADER-001.Cache: Integrity check passed in 188μs
2026-05-14T08:41:40.670706000Z [DEBUG] TRADER-001.ExecEngine: check_integrity took 0ms
2026-05-14T08:41:40.671104000Z [DEBUG] TRADER-001.ExecEngine: _set_position_id_counts took 1ms
2026-05-14T08:41:40.671108000Z [INFO] TRADER-001.ExecEngine: Loaded cache in 2ms
2026-05-14T08:41:40.671708000Z [INFO] TRADER-001.OrderEmulator: READY
2026-05-14T08:41:40.671927000Z [DEBUG] TRADER-001.MessageBus: Added endpoint 'OrderEmulator.execute' <bound method OrderEmulator.execute of OrderEmulator(OrderEmulator)>
2026-05-14T08:41:40.671959000Z [INFO] TRADER-001.TRADER-001: READY
2026-05-14T08:41:40.671991000Z [INFO] TRADER-001.TradingNode: Initialized in 20ms
2026-05-14T08:41:40.672030000Z [INFO] TRADER-001.TradingNode: has_cache_backing=False
2026-05-14T08:41:40.672036000Z [INFO] TRADER-001.TradingNode: has_msgbus_backing=False
2026-05-14T08:41:40.673027000Z [INFO] TRADER-001.ApiFullExecutionTestStrategy: READY
2026-05-14T08:41:40.673074000Z [DEBUG] TRADER-001.MessageBus: Added Subscription(topic=events.order.ApiFullExecutionTestStrategy-000, handler=<bound method Strategy.handle_event of ApiFullExecutionTestStrategy(ApiFullExecutionTestStrategy-000)>, priority=0)
2026-05-14T08:41:40.673082000Z [DEBUG] TRADER-001.MessageBus: Added Subscription(topic=events.position.ApiFullExecutionTestStrategy-000, handler=<bound method Strategy.handle_event of ApiFullExecutionTestStrategy(ApiFullExecutionTestStrategy-000)>, priority=0)
2026-05-14T08:41:40.673253000Z [INFO] TRADER-001.ExecEngine: Registered OMS.UNSPECIFIED for Strategy ApiFullExecutionTestStrategy-000
2026-05-14T08:41:40.673259000Z [INFO] TRADER-001.TRADER-001: Registered Strategy ApiFullExecutionTestStrategy-000
2026-05-14T08:41:40.673266000Z [INFO] TRADER-001.TradingNode: Building data client for ETORO_WS_CLIENT
2026-05-14T08:41:40.673289000Z [INFO] TRADER-001.InstrumentProvider: READY
2026-05-14T08:41:40.673948000Z [INFO] TRADER-001.DataClient-ETORO_WS_CLIENT: READY
2026-05-14T08:41:40.674161000Z [INFO] TRADER-001.DataEngine: Registered ETORO_WS_CLIENT
2026-05-14T08:41:40.674174000Z [INFO] TRADER-001.TradingNode: Building execution client for ETORO
2026-05-14T08:41:40.690443000Z [INFO] TRADER-001.InstrumentProvider: READY
2026-05-14T08:41:40.690960000Z [INFO] TRADER-001.ExecClient-ETORO: READY
2026-05-14T08:41:40.691161000Z [INFO] TRADER-001.ExecEngine: Registered ExecutionClient-ETORO
2026-05-14T08:41:40.692085000Z [INFO] TRADER-001.TradingNode: STARTING
2026-05-14T08:41:40.692132000Z [DEBUG] TRADER-001.ApiFullExecutionTestStrategy: Registered <concurrent.futures.thread.ThreadPoolExecutor object at 0x12523fa10>
2026-05-14T08:41:40.692147000Z [DEBUG] TRADER-001.DataEngine: STARTING
2026-05-14T08:41:40.692361000Z [DEBUG] TRADER-001.DataClient-ETORO_WS_CLIENT: STARTING
2026-05-14T08:41:40.692379000Z [INFO] TRADER-001.DataClient-ETORO_WS_CLIENT: RUNNING
2026-05-14T08:41:40.692698000Z [DEBUG] TRADER-001.DataEngine: Scheduled task 'cmd_queue'
2026-05-14T08:41:40.692702000Z [DEBUG] TRADER-001.DataEngine: Scheduled task 'req_queue'
2026-05-14T08:41:40.692703000Z [DEBUG] TRADER-001.DataEngine: Scheduled task 'res_queue'
2026-05-14T08:41:40.692703001Z [DEBUG] TRADER-001.DataEngine: Scheduled task 'data_queue'
2026-05-14T08:41:40.692755000Z [INFO] TRADER-001.DataEngine: RUNNING
2026-05-14T08:41:40.692766000Z [DEBUG] TRADER-001.RiskEngine: STARTING
2026-05-14T08:41:40.692963000Z [DEBUG] TRADER-001.RiskEngine: Scheduled task 'cmd_queue'
2026-05-14T08:41:40.692966000Z [DEBUG] TRADER-001.RiskEngine: Scheduled task 'evt_queue'
2026-05-14T08:41:40.692975000Z [INFO] TRADER-001.RiskEngine: RUNNING
2026-05-14T08:41:40.692983000Z [DEBUG] TRADER-001.ExecEngine: STARTING
2026-05-14T08:41:40.692988000Z [DEBUG] TRADER-001.ExecClient-ETORO: STARTING
2026-05-14T08:41:40.692991000Z [INFO] TRADER-001.ExecClient-ETORO: RUNNING
2026-05-14T08:41:40.693175000Z [DEBUG] TRADER-001.ExecEngine: Scheduled task 'cmd_queue'
2026-05-14T08:41:40.693178000Z [DEBUG] TRADER-001.ExecEngine: Scheduled task 'evt_queue'
2026-05-14T08:41:40.693181000Z [DEBUG] TRADER-001.ExecEngine: Scheduled task 'continuous_reconciliation'
2026-05-14T08:41:40.693184000Z [INFO] TRADER-001.ExecEngine: Started reconciliation task
2026-05-14T08:41:40.693191000Z [INFO] TRADER-001.ExecEngine: RUNNING
2026-05-14T08:41:40.693335000Z [INFO] TRADER-001.DataEngine: Connecting all clients...
2026-05-14T08:41:40.693342000Z [INFO] TRADER-001.DataClient-ETORO_WS_CLIENT: Connecting...
2026-05-14T08:41:40.693347000Z [DEBUG] TRADER-001.DataClient-ETORO_WS_CLIENT: Creating async task '_connect'
2026-05-14T08:41:40.693408000Z [INFO] TRADER-001.ExecEngine: Connecting all clients...
2026-05-14T08:41:40.693413000Z [INFO] TRADER-001.ExecClient-ETORO: Connecting...
2026-05-14T08:41:40.693417000Z [DEBUG] TRADER-001.ExecClient-ETORO: Creating task '_connect'
2026-05-14T08:41:40.693435000Z [INFO] TRADER-001.TradingNode: Awaiting engine connections and initializations (120.0s timeout)...
2026-05-14T08:41:40.693982000Z [DEBUG] TRADER-001.DataEngine: DataCommand message queue processing starting (qsize=0)
2026-05-14T08:41:40.693994000Z [DEBUG] TRADER-001.DataEngine: RequestData message queue processing starting (qsize=0)
2026-05-14T08:41:40.694000000Z [DEBUG] TRADER-001.DataEngine: DataResponse message queue processing starting (qsize=0)
2026-05-14T08:41:40.694004000Z [DEBUG] TRADER-001.DataEngine: Data queue processing starting (qsize=0)
2026-05-14T08:41:40.694008000Z [DEBUG] TRADER-001.RiskEngine: Command message queue processing (qsize=0)
2026-05-14T08:41:40.694013000Z [DEBUG] TRADER-001.RiskEngine: Event message queue processing starting (qsize=0)
2026-05-14T08:41:40.694016000Z [DEBUG] TRADER-001.ExecEngine: Command message queue processing starting (qsize=0)
2026-05-14T08:41:40.694020000Z [DEBUG] TRADER-001.ExecEngine: Event message queue processing starting (qsize=0)
2026-05-14T08:41:40.694035000Z [INFO] TRADER-001.ExecEngine: Starting continuous reconciliation with intervals: inflight=2000ms, consistency=Nones, position=Nones
2026-05-14T08:41:40.694039000Z [INFO] TRADER-001.ExecEngine: Awaiting startup reconciliation completion before starting continuous checks
2026-05-14T08:41:40.739043000Z [INFO] TRADER-001.DataClient-ETORO_WS_CLIENT: WebSocket Verbindungsversuch 1/5 zu wss://ws.etoro.com/ws ...
2026-05-14T08:41:41.029770000Z [DEBUG] TRADER-001.ExecClient-ETORO: Creating task 'exec_ws_loop'
2026-05-14T08:41:41.029785000Z [INFO] TRADER-001.ExecClient-ETORO: Execution WS connected and authenticated.
2026-05-14T08:41:41.094624000Z [DEBUG] TRADER-001.ExecClient-ETORO: PnL raw keys: ['positions', 'unrealizedPnL', 'mirrors', 'accountCurrencyId', 'credit', 'orders', 'stockOrders', 'entryOrders', 'exitOrders', 'ordersForOpen', 'ordersForClose', 'ordersForCloseMultiple', 'bonusCredit']
2026-05-14T08:41:41.094638000Z [INFO] TRADER-001.ExecClient-ETORO: Balance: credit=9993.77, pending=0, invested=0, available=9993.77
2026-05-14T08:41:41.096386000Z [DEBUG] TRADER-001.Cache: Added Account(id=ETORO-REAL-001)
2026-05-14T08:41:41.096390000Z [DEBUG] TRADER-001.Cache: Indexed AccountId('ETORO-REAL-001')
2026-05-14T08:41:41.096558000Z [INFO] TRADER-001.Portfolio: Updated AccountState(account_id=ETORO-REAL-001, account_type=MARGIN, base_currency=USD, is_reported=False, balances=[AccountBalance(total=9_993.77 USD, locked=0.00 USD, free=9_993.77 USD)], margins=[], event_id=0501408f-800d-4009-bcfc-37767cfdc497)
2026-05-14T08:41:41.096654000Z [INFO] TRADER-001.ExecClient-ETORO: Connected
2026-05-14T08:41:41.692890000Z [INFO] TRADER-001.DataClient-ETORO_WS_CLIENT: WebSocket verbunden. Authentifiziere...
2026-05-14T08:41:41.696317000Z [DEBUG] TRADER-001.Cache: Added currency USD
2026-05-14T08:41:41.696327000Z [DEBUG] TRADER-001.Cache: Added instrument ADA.ETORO
2026-05-14T08:41:41.696369000Z [INFO] TRADER-001.DataClient-ETORO_WS_CLIENT: Instrument registriert: ADA.ETORO [Crypto] price_prec=5, size_prec=0
2026-05-14T08:41:41.800852000Z [INFO] TRADER-001.DataClient-ETORO_WS_CLIENT: Auth-Antwort: {'id': '1e981175-f849-423e-9138-9a2b46612ed3', 'success': True, 'operation': 'Authenticate'}
2026-05-14T08:41:41.800938000Z [INFO] TRADER-001.DataClient-ETORO_WS_CLIENT: Abonniert: ['instrument:100017']
2026-05-14T08:41:41.800945000Z [DEBUG] TRADER-001.DataClient-ETORO_WS_CLIENT: Creating async task 'message_loop'
2026-05-14T08:41:41.801038000Z [DEBUG] TRADER-001.DataClient-ETORO_WS_CLIENT: Coroutine '_connect' completed
2026-05-14T08:41:41.801049000Z [INFO] TRADER-001.DataClient-ETORO_WS_CLIENT: Connected
2026-05-14T08:41:41.801087000Z [INFO] TRADER-001.TradingNode: Awaiting execution state reconciliation (30.0s timeout)...
2026-05-14T08:41:41.801132000Z [INFO] TRADER-001.ExecClient-ETORO: Generating ExecutionMassStatus...
2026-05-14T08:41:41.801804000Z [DEBUG] TRADER-001.ExecEngine: <--[RPT] ExecutionMassStatus(client_id=ETORO, account_id=ETORO-REAL-001, venue=ETORO, order_reports={}, fill_reports={}, position_reports={}, report_id=71e5f15a-f60d-48b4-a3ba-a1cd42bf7b46, ts_init=1778748101801141000)
2026-05-14T08:41:41.801809000Z [INFO] TRADER-001.ExecEngine: Reconciling ExecutionMassStatus for ETORO
2026-05-14T08:41:41.801813000Z [INFO] TRADER-001.ExecEngine: Attempting to adjust fills for 0 instruments
2026-05-14T08:41:41.803622000Z [INFO] TRADER-001.ExecEngine: Updating adjusted fills for 0 instruments
2026-05-14T08:41:41.803627000Z [INFO] TRADER-001.ExecEngine: Final order_reports contains 0 orders, fill_reports contains 0 fills across all instruments
2026-05-14T08:41:41.803672000Z [DEBUG] TRADER-001.ExecEngine: Reconciliation state validation passed for 0 order(s)
2026-05-14T08:41:41.803823000Z [INFO] TRADER-001.ExecEngine: Reconciliation for ETORO succeeded
2026-05-14T08:41:41.803838000Z [INFO] TRADER-001.TradingNode: Execution state reconciled
2026-05-14T08:41:41.803850000Z [DEBUG] TRADER-001.OrderEmulator: STARTING
2026-05-14T08:41:41.803990000Z [INFO] TRADER-001.OrderEmulator: No emulated orders to reactivate
2026-05-14T08:41:41.804007000Z [INFO] TRADER-001.OrderEmulator: RUNNING
2026-05-14T08:41:41.804238000Z [INFO] TRADER-001.Portfolio: Initialized 0 open orders
2026-05-14T08:41:41.804244000Z [INFO] TRADER-001.Portfolio: Initialized 0 open positions
2026-05-14T08:41:41.804251000Z [INFO] TRADER-001.TradingNode: Awaiting portfolio initialization (10.0s timeout)...
2026-05-14T08:41:41.804359000Z [INFO] TRADER-001.ExecEngine: Startup reconciliation completed
2026-05-14T08:41:41.804364000Z [INFO] TRADER-001.ExecEngine: Applying post-reconciliation startup delay (10.0s)
2026-05-14T08:41:41.804387000Z [INFO] TRADER-001.TradingNode: Portfolio initialized
2026-05-14T08:41:41.804416000Z [DEBUG] TRADER-001.TRADER-001: STARTING
2026-05-14T08:41:41.804451000Z [DEBUG] TRADER-001.ApiFullExecutionTestStrategy: STARTING
2026-05-14T08:41:41.804689000Z [INFO] TRADER-001.ApiFullExecutionTestStrategy: self.config.oms_type=None
2026-05-14T08:41:41.804692000Z [INFO] TRADER-001.ApiFullExecutionTestStrategy: self.config.external_order_claims=None
2026-05-14T08:41:41.804693000Z [INFO] TRADER-001.ApiFullExecutionTestStrategy: self.config.manage_gtd_expiry=False
2026-05-14T08:41:41.804973000Z [INFO] TRADER-001.ApiFullExecutionTestStrategy: Set ClientOrderIdGenerator client_order_id count to 0
2026-05-14T08:41:41.804976000Z [INFO] TRADER-001.ApiFullExecutionTestStrategy: Set ClientOrderIdGenerator order_list_id count to 0
2026-05-14T08:41:41.804987000Z [INFO] TRADER-001.ApiFullExecutionTestStrategy: Full API Test gestartet. Warte auf Daten für ADA.ETORO ...
2026-05-14T08:41:41.805649000Z [DEBUG] TRADER-001.MessageBus: Added Subscription(topic=data.quotes.ETORO.ADA, handler=<bound method Actor.handle_quote_tick of ApiFullExecutionTestStrategy(ApiFullExecutionTestStrategy-000)>, priority=0)
2026-05-14T08:41:41.806270000Z [INFO] TRADER-001.ApiFullExecutionTestStrategy: [CMD]--> SubscribeQuoteTicks(instrument_id=ADA.ETORO, client_id=None, venue=ETORO)
2026-05-14T08:41:41.806887000Z [INFO] TRADER-001.ApiFullExecutionTestStrategy: RUNNING
2026-05-14T08:41:41.806914000Z [INFO] TRADER-001.TRADER-001: RUNNING
2026-05-14T08:41:41.806930000Z [INFO] TRADER-001.TradingNode: RUNNING
2026-05-14T08:41:41.808581000Z [DEBUG] TRADER-001.DataClient-ETORO_WS_CLIENT: Creating async task 'subscribe: quote_ticks ADA.ETORO'
2026-05-14T08:41:41.808650000Z [DEBUG] TRADER-001.DataClient-ETORO_WS_CLIENT: Coroutine 'subscribe: quote_ticks ADA.ETORO' completed
2026-05-14T08:41:41.808653000Z [INFO] TRADER-001.DataClient-ETORO_WS_CLIENT: Subscribed ADA.ETORO quotes
2026-05-14T08:41:41.852214000Z [INFO] TRADER-001.DataClient-ETORO_WS_CLIENT: Snapshot ADA.ETORO: MarketOpen=True, AllowBuy=True
2026-05-14T08:41:41.854468000Z [INFO] TRADER-001.ApiFullExecutionTestStrategy: [TEST 1] Sende LIMIT BUY: 83 Units @ 0.13270
2026-05-14T08:41:41.855733000Z [INFO] TRADER-001.ApiFullExecutionTestStrategy: <--[EVT] OrderInitialized(instrument_id=ADA.ETORO, client_order_id=O-20260514-084141-001-000-1, side=BUY, type=LIMIT, quantity=83, time_in_force=GTC, post_only=False, reduce_only=False, quote_quantity=False, options={'price': '0.13270', 'display_qty': None, 'expire_time_ns': 0}, emulation_trigger=NO_TRIGGER, trigger_instrument_id=None, contingency_type=NO_CONTINGENCY, order_list_id=None, linked_order_ids=None, parent_order_id=None, exec_algorithm_id=None, exec_algorithm_params=None, exec_spawn_id=None, tags=None)
2026-05-14T08:41:41.855906000Z [DEBUG] TRADER-001.Cache: Added LimitOrder(BUY 83 ADA.ETORO LIMIT @ 0.13270 GTC, status=INITIALIZED, client_order_id=O-20260514-084141-001-000-1, venue_order_id=None, position_id=None, tags=None)
2026-05-14T08:41:41.856269000Z [INFO] TRADER-001.ApiFullExecutionTestStrategy: [CMD]--> [Risk] SubmitOrder(order=LimitOrder(BUY 83 ADA.ETORO LIMIT @ 0.13270 GTC, status=INITIALIZED, client_order_id=O-20260514-084141-001-000-1, venue_order_id=None, position_id=None, tags=None), position_id=None)
2026-05-14T08:41:41.856285000Z [INFO] TRADER-001.ApiFullExecutionTestStrategy: [TEST 2] Sende MARKET BUY: 41 Units (~11.0 USD)
2026-05-14T08:41:41.856558000Z [INFO] TRADER-001.ApiFullExecutionTestStrategy: <--[EVT] OrderInitialized(instrument_id=ADA.ETORO, client_order_id=O-20260514-084141-001-000-2, side=BUY, type=MARKET, quantity=41, time_in_force=GTC, post_only=False, reduce_only=False, quote_quantity=False, options={}, emulation_trigger=NO_TRIGGER, trigger_instrument_id=None, contingency_type=NO_CONTINGENCY, order_list_id=None, linked_order_ids=None, parent_order_id=None, exec_algorithm_id=None, exec_algorithm_params=None, exec_spawn_id=None, tags=None)
2026-05-14T08:41:41.856569000Z [DEBUG] TRADER-001.Cache: Added MarketOrder(BUY 41 ADA.ETORO MARKET GTC, status=INITIALIZED, client_order_id=O-20260514-084141-001-000-2, venue_order_id=None, position_id=None, tags=None)
2026-05-14T08:41:41.856576000Z [INFO] TRADER-001.ApiFullExecutionTestStrategy: [CMD]--> [Risk] SubmitOrder(order=MarketOrder(BUY 41 ADA.ETORO MARKET GTC, status=INITIALIZED, client_order_id=O-20260514-084141-001-000-2, venue_order_id=None, position_id=None, tags=None), position_id=None)
2026-05-14T08:41:41.857411000Z [DEBUG] TRADER-001.ExecEngine: Routed by instrument venue: ETORO
2026-05-14T08:41:41.857637000Z [INFO] TRADER-001.ExecClient-ETORO: Submit LimitOrder(BUY 83 ADA.ETORO LIMIT @ 0.13270 GTC, status=INITIALIZED, client_order_id=O-20260514-084141-001-000-1, venue_order_id=None, position_id=None, tags=None)
2026-05-14T08:41:41.857646000Z [DEBUG] TRADER-001.ExecClient-ETORO: Creating task 'submit_order: SubmitOrder(order=LimitOrder(BUY 83 ADA.ETORO LIMIT @ 0.13270 GTC, status=INITIALIZED, client_order_id=O-20260514-084141-001-000-1, venue_order_id=None, position_id=None, tags=None), position_id=None)'
2026-05-14T08:41:41.857659000Z [DEBUG] TRADER-001.ExecEngine: Routed by instrument venue: ETORO
2026-05-14T08:41:41.857666000Z [INFO] TRADER-001.ExecClient-ETORO: Submit MarketOrder(BUY 41 ADA.ETORO MARKET GTC, status=INITIALIZED, client_order_id=O-20260514-084141-001-000-2, venue_order_id=None, position_id=None, tags=None)
2026-05-14T08:41:41.857671000Z [DEBUG] TRADER-001.ExecClient-ETORO: Creating task 'submit_order: SubmitOrder(order=MarketOrder(BUY 41 ADA.ETORO MARKET GTC, status=INITIALIZED, client_order_id=O-20260514-084141-001-000-2, venue_order_id=None, position_id=None, tags=None), position_id=None)'
2026-05-14T08:41:41.858813000Z [INFO] TRADER-001.ExecClient-ETORO: REST POST https://public-api.etoro.com/api/v1/trading/execution/limit-orders | payload={'InstrumentID': 100017, 'IsBuy': True, 'Leverage': 1, 'Rate': 0.1327, 'Amount': 11.01, 'StopLossRate': 0.06635, 'IsNoStopLoss': False, 'IsNoTakeProfit': True}
2026-05-14T08:41:41.859655000Z [INFO] TRADER-001.ExecClient-ETORO: REST POST https://public-api.etoro.com/api/v1/trading/execution/market-open-orders/by-amount | payload={'InstrumentID': 100017, 'IsBuy': True, 'Leverage': 1, 'Amount': 10.88}
2026-05-14T08:41:41.860273000Z [INFO] TRADER-001.ApiFullExecutionTestStrategy: <--[EVT] OrderSubmitted(instrument_id=ADA.ETORO, client_order_id=O-20260514-084141-001-000-1, account_id=ETORO-REAL-001, ts_event=1778748101857692000)
2026-05-14T08:41:41.860445000Z [INFO] TRADER-001.ApiFullExecutionTestStrategy: <--[EVT] OrderSubmitted(instrument_id=ADA.ETORO, client_order_id=O-20260514-084141-001-000-2, account_id=ETORO-REAL-001, ts_event=1778748101859250000)
2026-05-14T08:41:41.935940000Z [INFO] TRADER-001.ExecClient-ETORO: Limit order accepted (venue_id=39e69266-777e-4e4b-9f78-d4593399ea92, token=7b1b4787-ba83-5976-80dc-0202a66be3ae). State will be updated when WS delivers real orderId.
2026-05-14T08:41:41.936028000Z [DEBUG] TRADER-001.Cache: Indexed ClientOrderId('O-20260514-084141-001-000-1') with VenueOrderId('39e69266-777e-4e4b-9f78-d4593399ea92')
2026-05-14T08:41:41.936064000Z [INFO] TRADER-001.ApiFullExecutionTestStrategy: <--[EVT] OrderAccepted(instrument_id=ADA.ETORO, client_order_id=O-20260514-084141-001-000-1, venue_order_id=39e69266-777e-4e4b-9f78-d4593399ea92, account_id=ETORO-REAL-001, ts_event=1778748101857692000)
2026-05-14T08:41:41.936071000Z [INFO] TRADER-001.ApiFullExecutionTestStrategy: [TEST 3] LIMIT Order wurde akzeptiert. Sende Cancel...
2026-05-14T08:41:41.936753000Z [INFO] TRADER-001.ApiFullExecutionTestStrategy: <--[EVT] OrderPendingCancel(instrument_id=ADA.ETORO, client_order_id=O-20260514-084141-001-000-1, venue_order_id=39e69266-777e-4e4b-9f78-d4593399ea92, account_id=ETORO-REAL-001, ts_event=1778748101936337000)
2026-05-14T08:41:41.936802000Z [INFO] TRADER-001.ApiFullExecutionTestStrategy: [CMD]--> [Execution] CancelOrder(instrument_id=ADA.ETORO, client_order_id=O-20260514-084141-001-000-1, venue_order_id=39e69266-777e-4e4b-9f78-d4593399ea92)
2026-05-14T08:41:41.936859000Z [DEBUG] TRADER-001.ExecEngine: Routed by explicit client_id: ETORO
2026-05-14T08:41:41.937059000Z [INFO] TRADER-001.ExecClient-ETORO: Cancel ClientOrderId('O-20260514-084141-001-000-1') VenueOrderId('39e69266-777e-4e4b-9f78-d4593399ea92')
2026-05-14T08:41:41.937070000Z [DEBUG] TRADER-001.ExecClient-ETORO: Creating task 'cancel_order: CancelOrder(instrument_id=ADA.ETORO, client_order_id=O-20260514-084141-001-000-1, venue_order_id=39e69266-777e-4e4b-9f78-d4593399ea92)'
2026-05-14T08:41:41.956820000Z [DEBUG] TRADER-001.ExecClient-ETORO: Creating task 'poll_fill'
2026-05-14T08:41:41.956929000Z [DEBUG] TRADER-001.Cache: Indexed ClientOrderId('O-20260514-084141-001-000-2') with VenueOrderId('1463377097')
2026-05-14T08:41:41.957024000Z [INFO] TRADER-001.ApiFullExecutionTestStrategy: <--[EVT] OrderAccepted(instrument_id=ADA.ETORO, client_order_id=O-20260514-084141-001-000-2, venue_order_id=1463377097, account_id=ETORO-REAL-001, ts_event=1778748101859250000)
2026-05-14T08:41:42.002896000Z [WARN] TRADER-001.ExecClient-ETORO: Cancel 400 for O-20260514-084141-001-000-1 (token-ID issue). Waiting 2s for eToro PnL propagation...
2026-05-14T08:41:44.025082000Z [WARN] TRADER-001.ExecClient-ETORO: Could not resolve real orderID for O-20260514-084141-001-000-1. Emergency cleanup will handle it.
2026-05-14T08:41:44.028285000Z [INFO] TRADER-001.ApiFullExecutionTestStrategy: <--[EVT] OrderCanceled(instrument_id=ADA.ETORO, client_order_id=O-20260514-084141-001-000-1, venue_order_id=39e69266-777e-4e4b-9f78-d4593399ea92, account_id=ETORO-REAL-001, ts_event=1778748101937112000)
2026-05-14T08:41:44.028308000Z [INFO] TRADER-001.ApiFullExecutionTestStrategy: ✅ LIMIT Order erfolgreich storniert!
2026-05-14T08:41:48.058982000Z [INFO] TRADER-001.ExecClient-ETORO: Reconciled via PnL (Filled): O-20260514-084141-001-000-2 -> PosID 3442776356
2026-05-14T08:41:48.059022000Z [DEBUG] TRADER-001.ExecClient-ETORO: Creating task 'balance_refresh'
2026-05-14T08:41:48.060432000Z [DEBUG] TRADER-001.Cache: Indexed PositionId('ADA.ETORO-ApiFullExecutionTestStrategy-000'), client_order_id=O-20260514-084141-001-000-2, strategy_id=ApiFullExecutionTestStrategy-000)
2026-05-14T08:41:48.060449000Z [DEBUG] TRADER-001.Cache: Added Position(id=ADA.ETORO-ApiFullExecutionTestStrategy-000, strategy_id=ApiFullExecutionTestStrategy-000)
2026-05-14T08:41:48.061077000Z [INFO] TRADER-001.Portfolio: ADA.ETORO account=ETORO-REAL-001 net_position=41
2026-05-14T08:41:48.061295000Z [INFO] TRADER-001.ApiFullExecutionTestStrategy: <--[EVT] OrderFilled(instrument_id=ADA.ETORO, client_order_id=O-20260514-084141-001-000-2, venue_order_id=1463377097, account_id=ETORO-REAL-001, trade_id=3492c7ee-b77c-4af2-8d82-29ef1c313544, position_id=ADA.ETORO-ApiFullExecutionTestStrategy-000, order_side=BUY, order_type=MARKET, last_qty=41, last_px=0.26540 USD, commission=0.00 USD, liquidity_side=TAKER, ts_event=1778748108058579000)
2026-05-14T08:41:48.061330000Z [INFO] TRADER-001.ApiFullExecutionTestStrategy: ✅ MARKET BUY gefüllt: 41 Units @ 0.26540
2026-05-14T08:41:48.061335000Z [INFO] TRADER-001.ApiFullExecutionTestStrategy: [TEST 4] Sende MARKET SELL zum Schliessen der Position...
2026-05-14T08:41:48.061859000Z [INFO] TRADER-001.ApiFullExecutionTestStrategy: <--[EVT] OrderInitialized(instrument_id=ADA.ETORO, client_order_id=O-20260514-084148-001-000-3, side=SELL, type=MARKET, quantity=41, time_in_force=GTC, post_only=False, reduce_only=False, quote_quantity=False, options={}, emulation_trigger=NO_TRIGGER, trigger_instrument_id=None, contingency_type=NO_CONTINGENCY, order_list_id=None, linked_order_ids=None, parent_order_id=None, exec_algorithm_id=None, exec_algorithm_params=None, exec_spawn_id=None, tags=None)
2026-05-14T08:41:48.061930000Z [DEBUG] TRADER-001.Cache: Added MarketOrder(SELL 41 ADA.ETORO MARKET GTC, status=INITIALIZED, client_order_id=O-20260514-084148-001-000-3, venue_order_id=None, position_id=None, tags=None)
2026-05-14T08:41:48.061986000Z [INFO] TRADER-001.ApiFullExecutionTestStrategy: [CMD]--> [Risk] SubmitOrder(order=MarketOrder(SELL 41 ADA.ETORO MARKET GTC, status=INITIALIZED, client_order_id=O-20260514-084148-001-000-3, venue_order_id=None, position_id=None, tags=None), position_id=None)
2026-05-14T08:41:48.062274000Z [INFO] TRADER-001.ApiFullExecutionTestStrategy: <--[EVT] PositionOpened(instrument_id=ADA.ETORO, position_id=ADA.ETORO-ApiFullExecutionTestStrategy-000, account_id=ETORO-REAL-001, opening_order_id=O-20260514-084141-001-000-2, closing_order_id=None, entry=BUY, side=LONG, signed_qty=41.0, quantity=41, peak_qty=41, currency=USD, avg_px_open=0.2654, avg_px_close=0.0, realized_return=0.00000, realized_pnl=0.00 USD, unrealized_pnl=0.00 USD, ts_opened=1778748108058579000, ts_last=1778748108058579000, ts_closed=0, duration_ns=0)
2026-05-14T08:41:48.062508000Z [DEBUG] TRADER-001.ExecEngine: Routed by instrument venue: ETORO
2026-05-14T08:41:48.062541000Z [INFO] TRADER-001.ExecClient-ETORO: Submit MarketOrder(SELL 41 ADA.ETORO MARKET GTC, status=INITIALIZED, client_order_id=O-20260514-084148-001-000-3, venue_order_id=None, position_id=None, tags=None)
2026-05-14T08:41:48.062560000Z [DEBUG] TRADER-001.ExecClient-ETORO: Creating task 'submit_order: SubmitOrder(order=MarketOrder(SELL 41 ADA.ETORO MARKET GTC, status=INITIALIZED, client_order_id=O-20260514-084148-001-000-3, venue_order_id=None, position_id=None, tags=None), position_id=None)'
2026-05-14T08:41:48.063927000Z [INFO] TRADER-001.ExecClient-ETORO: REST POST https://public-api.etoro.com/api/v1/trading/execution/market-close-orders/positions/3442776356 | payload={'InstrumentID': 100017, 'UnitsToDeduct': None}
2026-05-14T08:41:48.064758000Z [INFO] TRADER-001.ApiFullExecutionTestStrategy: <--[EVT] OrderSubmitted(instrument_id=ADA.ETORO, client_order_id=O-20260514-084148-001-000-3, account_id=ETORO-REAL-001, ts_event=1778748108062600000)
2026-05-14T08:41:48.183830000Z [DEBUG] TRADER-001.ExecClient-ETORO: Creating task 'poll_fill'
2026-05-14T08:41:48.184016000Z [DEBUG] TRADER-001.Cache: Indexed ClientOrderId('O-20260514-084148-001-000-3') with VenueOrderId('4ed92e1e-4307-4060-83e9-9086aa2ce002')
2026-05-14T08:41:48.184078000Z [INFO] TRADER-001.ApiFullExecutionTestStrategy: <--[EVT] OrderAccepted(instrument_id=ADA.ETORO, client_order_id=O-20260514-084148-001-000-3, venue_order_id=4ed92e1e-4307-4060-83e9-9086aa2ce002, account_id=ETORO-REAL-001, ts_event=1778748108062600000)
2026-05-14T08:41:50.091270000Z [DEBUG] TRADER-001.ExecClient-ETORO: PnL raw keys: ['positions', 'unrealizedPnL', 'mirrors', 'accountCurrencyId', 'credit', 'orders', 'stockOrders', 'entryOrders', 'exitOrders', 'ordersForOpen', 'ordersForClose', 'ordersForCloseMultiple', 'bonusCredit']
2026-05-14T08:41:50.091347000Z [INFO] TRADER-001.ExecClient-ETORO: Balance: credit=9982.78, pending=0, invested=10.88, available=9971.900000000001
2026-05-14T08:41:50.091791000Z [INFO] TRADER-001.Portfolio: Updated AccountState(account_id=ETORO-REAL-001, account_type=MARGIN, base_currency=USD, is_reported=True, balances=[AccountBalance(total=9_971.90 USD, locked=0.00 USD, free=9_971.90 USD)], margins=[], event_id=8c08aa03-c129-40c0-8681-743e0f2c3bc2)
2026-05-14T08:41:50.212013000Z [INFO] TRADER-001.ExecClient-ETORO: Reconciled via PnL (Closed): O-20260514-084148-001-000-3 -> PosID 4ed92e1e-4307-4060-83e9-9086aa2ce002
2026-05-14T08:41:50.212057000Z [DEBUG] TRADER-001.ExecClient-ETORO: Creating task 'balance_refresh'
2026-05-14T08:41:50.214908000Z [INFO] TRADER-001.ApiFullExecutionTestStrategy: <--[EVT] OrderFilled(instrument_id=ADA.ETORO, client_order_id=O-20260514-084148-001-000-3, venue_order_id=4ed92e1e-4307-4060-83e9-9086aa2ce002, account_id=ETORO-REAL-001, trade_id=2a15cb53-06d0-4160-8cdd-2304d84746f4, position_id=ADA.ETORO-ApiFullExecutionTestStrategy-000, order_side=SELL, order_type=MARKET, last_qty=41, last_px=0.26530 USD, commission=0.00 USD, liquidity_side=TAKER, ts_event=1778748110211870000)
2026-05-14T08:41:50.215008000Z [INFO] TRADER-001.ApiFullExecutionTestStrategy: <--[EVT] PositionClosed(instrument_id=ADA.ETORO, position_id=ADA.ETORO-ApiFullExecutionTestStrategy-000, account_id=ETORO-REAL-001, opening_order_id=O-20260514-084141-001-000-2, closing_order_id=O-20260514-084148-001-000-3, entry=BUY, side=FLAT, signed_qty=0.0, quantity=0, peak_qty=41, currency=USD, avg_px_open=0.2654, avg_px_close=0.2653, realized_return=-0.00038, realized_pnl=0.00 USD, unrealized_pnl=0.00 USD, ts_opened=1778748108058579000, ts_last=1778748110211870000, ts_closed=1778748110211870000, duration_ns=2153291000)
2026-05-14T08:41:50.215024000Z [INFO] TRADER-001.ApiFullExecutionTestStrategy: ✅ Position erfolgreich geschlossen!
2026-05-14T08:41:50.705872000Z [INFO] TRADER-001.TradingNode: STOPPING
2026-05-14T08:41:50.705939000Z [DEBUG] TRADER-001.TRADER-001: STOPPING
2026-05-14T08:41:50.705972000Z [DEBUG] TRADER-001.ApiFullExecutionTestStrategy: STOPPING
2026-05-14T08:41:50.707728000Z [DEBUG] TRADER-001.MessageBus: Removed Subscription(topic=data.quotes.ETORO.ADA, handler=<bound method Actor.handle_quote_tick of ApiFullExecutionTestStrategy(ApiFullExecutionTestStrategy-000)>, priority=0)
2026-05-14T08:41:50.708362000Z [INFO] TRADER-001.ApiFullExecutionTestStrategy: [CMD]--> UnsubscribeQuoteTicks(instrument_id=ADA.ETORO, client_id=None, venue=ETORO)
2026-05-14T08:41:50.708641000Z [INFO] TRADER-001.ApiFullExecutionTestStrategy: Canceling executor tasks
2026-05-14T08:41:50.708773000Z [INFO] TRADER-001.ApiFullExecutionTestStrategy: STOPPED
2026-05-14T08:41:50.708805000Z [INFO] TRADER-001.TRADER-001: STOPPED
2026-05-14T08:41:50.708835000Z [INFO] TRADER-001.TradingNode: Awaiting post stop (10.0s timeout)...
2026-05-14T08:41:50.708941000Z [DEBUG] TRADER-001.ApiFullExecutionTestStrategy: Executor: Canceled inner worker task
2026-05-14T08:41:50.709503000Z [DEBUG] TRADER-001.DataClient-ETORO_WS_CLIENT: Creating async task 'unsubscribe: quote_ticks ADA.ETORO'
2026-05-14T08:41:50.709581000Z [DEBUG] TRADER-001.DataClient-ETORO_WS_CLIENT: Coroutine 'unsubscribe: quote_ticks ADA.ETORO' completed
2026-05-14T08:41:50.709585000Z [INFO] TRADER-001.DataClient-ETORO_WS_CLIENT: Unsubscribed ADA.ETORO quotes
2026-05-14T08:41:52.233224000Z [DEBUG] TRADER-001.ExecClient-ETORO: PnL raw keys: ['positions', 'unrealizedPnL', 'mirrors', 'accountCurrencyId', 'credit', 'orders', 'stockOrders', 'entryOrders', 'exitOrders', 'ordersForOpen', 'ordersForClose', 'ordersForCloseMultiple', 'bonusCredit']
2026-05-14T08:41:52.233303000Z [INFO] TRADER-001.ExecClient-ETORO: Balance: credit=9982.78, pending=0, invested=10.88, available=9971.900000000001
2026-05-14T08:41:52.233644000Z [INFO] TRADER-001.Portfolio: Updated AccountState(account_id=ETORO-REAL-001, account_type=MARGIN, base_currency=USD, is_reported=True, balances=[AccountBalance(total=9_971.90 USD, locked=0.00 USD, free=9_971.90 USD)], margins=[], event_id=dbdddcbe-e4ff-4609-9a40-f13cfd3b5043)
2026-05-14T08:41:53.807000000Z [DEBUG] TRADER-001.ExecEngine: Checking in-flight orders status
2026-05-14T08:41:55.807630000Z [DEBUG] TRADER-001.ExecEngine: Checking in-flight orders status
2026-05-14T08:41:55.971676000Z [WARN] TRADER-001.DataEngine: Data message queue canceled
2026-05-14T08:41:55.971699000Z [DEBUG] TRADER-001.DataEngine: Data message queue stopped
2026-05-14T08:41:55.971714000Z [WARN] TRADER-001.ExecEngine: Canceled task 'run_cmd_queue'
2026-05-14T08:41:55.971718000Z [DEBUG] TRADER-001.ExecEngine: Command message queue stopped
2026-05-14T08:41:55.971728000Z [WARN] TRADER-001.DataEngine: DataResponse message queue canceled
2026-05-14T08:41:55.971731000Z [DEBUG] TRADER-001.DataEngine: DataResponse message queue stopped
2026-05-14T08:41:55.971750000Z [WARN] TRADER-001.RiskEngine: Canceled task 'run_evt_queue'
2026-05-14T08:41:55.971753000Z [DEBUG] TRADER-001.RiskEngine: Event message queue stopped
2026-05-14T08:41:55.971763000Z [WARN] TRADER-001.ExecEngine: Canceled task 'run_evt_queue'
2026-05-14T08:41:55.971766000Z [DEBUG] TRADER-001.ExecEngine: Event message queue stopped
2026-05-14T08:41:55.971831000Z [INFO] TRADER-001.DataClient-ETORO_WS_CLIENT: Message Loop beendet (Cancelled).
