2026-05-12T17:47:19.827203000Z [INFO] TRADER-001.TradingNode: =================================================================
2026-05-12T17:47:19.827222000Z [INFO] TRADER-001.TradingNode:  NAUTILUS TRADER - Automated Algorithmic Trading Platform
2026-05-12T17:47:19.827223000Z [INFO] TRADER-001.TradingNode:  by Nautech Systems Pty Ltd.
2026-05-12T17:47:19.827224000Z [INFO] TRADER-001.TradingNode:  Copyright (C) 2015-2026. All rights reserved.
2026-05-12T17:47:19.827225000Z [INFO] TRADER-001.TradingNode: =================================================================
2026-05-12T17:47:19.827225001Z [INFO] TRADER-001.TradingNode: 
2026-05-12T17:47:19.827226000Z [INFO] TRADER-001.TradingNode: ⠀⠀⠀⠀⠀⠀⠀⠀⠀⠀⠀⠀⠀⣠⣴⣶⡟⠀⠀⠀⠀⠀⠀⠀⠀⠀⠀⠀⠀⠀⠀
2026-05-12T17:47:19.827242000Z [INFO] TRADER-001.TradingNode: ⠀⠀⠀⠀⠀⠀⠀⠀⠀⠀⠀⣰⣾⣿⣿⣿⠀⢸⣿⣿⣿⣿⣶⣶⣤⣀⠀⠀⠀⠀⠀
2026-05-12T17:47:19.827243000Z [INFO] TRADER-001.TradingNode: ⠀⠀⠀⠀⠀⠀⢀⣴⡇⢀⣾⣿⣿⣿⣿⣿⠀⣾⣿⣿⣿⣿⣿⣿⣿⠿⠓⠀⠀⠀⠀
2026-05-12T17:47:19.827243001Z [INFO] TRADER-001.TradingNode: ⠀⠀⠀⠀⠀⣰⣿⣿⡀⢸⣿⣿⣿⣿⣿⣿⠀⣿⣿⣿⣿⣿⣿⠟⠁⣠⣄⠀⠀⠀⠀
2026-05-12T17:47:19.827244000Z [INFO] TRADER-001.TradingNode: ⠀⠀⠀⠀⢠⣿⣿⣿⣇⠀⢿⣿⣿⣿⣿⣿⠀⢻⣿⣿⣿⡿⢃⣠⣾⣿⣿⣧⡀⠀⠀
2026-05-12T17:47:19.827244001Z [INFO] TRADER-001.TradingNode: ⠀⠀⠀⠠⣾⣿⣿⣿⣿⣿⣧⠈⠋⢀⣴⣧⠀⣿⡏⢠⡀⢸⣿⣿⣿⣿⣿⣿⣿⡇⠀
2026-05-12T17:47:19.827245000Z [INFO] TRADER-001.TradingNode: ⠀⠀⠀⣀⠙⢿⣿⣿⣿⣿⣿⠇⢠⣿⣿⣿⡄⠹⠃⠼⠃⠈⠉⠛⠛⠛⠛⠛⠻⠇⠀
2026-05-12T17:47:19.827245001Z [INFO] TRADER-001.TradingNode: ⠀⠀⢸⡟⢠⣤⠉⠛⠿⢿⣿⠀⢸⣿⡿⠋⣠⣤⣄⠀⣾⣿⣿⣶⣶⣶⣦⡄⠀⠀⠀
2026-05-12T17:47:19.827245002Z [INFO] TRADER-001.TradingNode: ⠀⠀⠸⠀⣾⠏⣸⣷⠂⣠⣤⠀⠘⢁⣴⣾⣿⣿⣿⡆⠘⣿⣿⣿⣿⣿⣿⠀⠀⠀⠀
2026-05-12T17:47:19.827246000Z [INFO] TRADER-001.TradingNode: ⠀⠀⠀⠀⠛⠀⣿⡟⠀⢻⣿⡄⠸⣿⣿⣿⣿⣿⣿⣿⡀⠘⣿⣿⣿⣿⠟⠀⠀⠀⠀
2026-05-12T17:47:19.827246001Z [INFO] TRADER-001.TradingNode: ⠀⠀⠀⠀⠀⠀⣿⠇⠀⠀⢻⡿⠀⠈⠻⣿⣿⣿⣿⣿⡇⠀⢹⣿⠿⠋⠀⠀⠀⠀⠀
2026-05-12T17:47:19.827247000Z [INFO] TRADER-001.TradingNode: ⠀⠀⠀⠀⠀⠀⠋⠀⠀⠀⡘⠁⠀⠀⠀⠀⠀⠀⠀⠀⠀⠀⠈⠁⠀⠀⠀⠀⠀⠀⠀
2026-05-12T17:47:19.827247001Z [INFO] TRADER-001.TradingNode: 
2026-05-12T17:47:19.827248000Z [INFO] TRADER-001.TradingNode: =================================================================
2026-05-12T17:47:19.827249000Z [INFO] TRADER-001.TradingNode:  SYSTEM SPECIFICATION
2026-05-12T17:47:19.827249001Z [INFO] TRADER-001.TradingNode: =================================================================
2026-05-12T17:47:19.827251000Z [INFO] TRADER-001.TradingNode: CPU architecture: Apple M1
2026-05-12T17:47:19.827253000Z [INFO] TRADER-001.TradingNode: CPU(s): 8 @ 3204 MHz
2026-05-12T17:47:19.827255000Z [INFO] TRADER-001.TradingNode: OS: kernel-25.4.0 macOS 26.4.1
2026-05-12T17:47:19.827300000Z [INFO] TRADER-001.TradingNode: =================================================================
2026-05-12T17:47:19.827301000Z [INFO] TRADER-001.TradingNode:  MEMORY USAGE
2026-05-12T17:47:19.827302000Z [INFO] TRADER-001.TradingNode: =================================================================
2026-05-12T17:47:19.827313000Z [INFO] TRADER-001.TradingNode: RAM-Total: 16.00 GiB
2026-05-12T17:47:19.827314000Z [INFO] TRADER-001.TradingNode: RAM-Used: 10.23 GiB (63.93%)
2026-05-12T17:47:19.827315000Z [INFO] TRADER-001.TradingNode: RAM-Avail: 5.77 GiB (36.07%)
2026-05-12T17:47:19.827320000Z [INFO] TRADER-001.TradingNode: Swap: disabled
2026-05-12T17:47:19.827335000Z [INFO] TRADER-001.TradingNode: =================================================================
2026-05-12T17:47:19.827335001Z [INFO] TRADER-001.TradingNode:  IDENTIFIERS
2026-05-12T17:47:19.827336000Z [INFO] TRADER-001.TradingNode: =================================================================
2026-05-12T17:47:19.827337000Z [INFO] TRADER-001.TradingNode: trader_id: TRADER-001
2026-05-12T17:47:19.827338000Z [INFO] TRADER-001.TradingNode: machine_id: MacBook-Air-von-John.local
2026-05-12T17:47:19.827339000Z [INFO] TRADER-001.TradingNode: instance_id: ca1c3401-6ffb-4b99-b65e-d4401f55626c
2026-05-12T17:47:19.827340000Z [INFO] TRADER-001.TradingNode: PID: 5641
2026-05-12T17:47:19.827341000Z [INFO] TRADER-001.TradingNode: =================================================================
2026-05-12T17:47:19.827342000Z [INFO] TRADER-001.TradingNode:  VERSIONING
2026-05-12T17:47:19.827342001Z [INFO] TRADER-001.TradingNode: =================================================================
2026-05-12T17:47:19.827387000Z [INFO] TRADER-001.TradingNode: nautilus_trader: 1.226.0
2026-05-12T17:47:19.827401000Z [INFO] TRADER-001.TradingNode: python: 3.14.4
2026-05-12T17:47:19.827406000Z [INFO] TRADER-001.TradingNode: numpy: 2.4.4
2026-05-12T17:47:19.827413000Z [INFO] TRADER-001.TradingNode: pandas: 2.3.3
2026-05-12T17:47:19.827418000Z [INFO] TRADER-001.TradingNode: msgspec: 0.21.1
2026-05-12T17:47:19.827423000Z [INFO] TRADER-001.TradingNode: pyarrow: 24.0.0
2026-05-12T17:47:19.827428000Z [INFO] TRADER-001.TradingNode: pytz: 2026.2
2026-05-12T17:47:19.827433000Z [INFO] TRADER-001.TradingNode: uvloop: 0.22.1
2026-05-12T17:47:19.827434000Z [INFO] TRADER-001.TradingNode: =================================================================
2026-05-12T17:47:19.827468000Z [INFO] TRADER-001.TradingNode: Building system kernel
2026-05-12T17:47:19.827930000Z [DEBUG] TRADER-001.TradingNode: Event loop signal handling setup for (<Signals.SIGTERM: 15>, <Signals.SIGINT: 2>, <Signals.SIGABRT: 6>)
2026-05-12T17:47:19.827996000Z [INFO] TRADER-001.MessageBus: config.database=None
2026-05-12T17:47:19.827999000Z [INFO] TRADER-001.MessageBus: config.encoding='msgpack'
2026-05-12T17:47:19.828003000Z [INFO] TRADER-001.MessageBus: config.timestamps_as_iso8601=False
2026-05-12T17:47:19.828004000Z [INFO] TRADER-001.MessageBus: config.buffer_interval_ms=None
2026-05-12T17:47:19.828007000Z [INFO] TRADER-001.MessageBus: config.autotrim_mins=None
2026-05-12T17:47:19.828010000Z [INFO] TRADER-001.MessageBus: config.use_trader_prefix=True
2026-05-12T17:47:19.828011000Z [INFO] TRADER-001.MessageBus: config.use_trader_id=True
2026-05-12T17:47:19.828013000Z [INFO] TRADER-001.MessageBus: config.use_instance_id=False
2026-05-12T17:47:19.828014000Z [INFO] TRADER-001.MessageBus: config.streams_prefix='stream'
2026-05-12T17:47:19.828016000Z [INFO] TRADER-001.MessageBus: config.types_filter=None
2026-05-12T17:47:19.828101000Z [DEBUG] TRADER-001.MessageBus: Added Subscription(topic=commands.system.shutdown, handler=<bound method NautilusKernel._on_shutdown_system of <nautilus_trader.system.kernel.NautilusKernel object at 0x125473e00>>, priority=0)
2026-05-12T17:47:19.828152000Z [INFO] TRADER-001.Cache: READY
2026-05-12T17:47:19.829753000Z [DEBUG] TRADER-001.MessageBus: Added endpoint 'Portfolio.update_account' <bound method Portfolio.update_account of <nautilus_trader.portfolio.portfolio.Portfolio object at 0x1267e3340>>
2026-05-12T17:47:19.829773000Z [DEBUG] TRADER-001.MessageBus: Added endpoint 'Portfolio.update_order' <bound method Portfolio.update_order of <nautilus_trader.portfolio.portfolio.Portfolio object at 0x1267e3340>>
2026-05-12T17:47:19.829777000Z [DEBUG] TRADER-001.MessageBus: Added endpoint 'Portfolio.update_position' <bound method Portfolio.update_position of <nautilus_trader.portfolio.portfolio.Portfolio object at 0x1267e3340>>
2026-05-12T17:47:19.829801000Z [DEBUG] TRADER-001.MessageBus: Added Subscription(topic=events.order.*, handler=<bound method Portfolio.on_order_event of <nautilus_trader.portfolio.portfolio.Portfolio object at 0x1267e3340>>, priority=10)
2026-05-12T17:47:19.829811000Z [DEBUG] TRADER-001.MessageBus: Added Subscription(topic=events.position.*, handler=<bound method Portfolio.on_position_event of <nautilus_trader.portfolio.portfolio.Portfolio object at 0x1267e3340>>, priority=10)
2026-05-12T17:47:19.829821000Z [DEBUG] TRADER-001.MessageBus: Added Subscription(topic=data.quotes.*, handler=<bound method Portfolio.update_quote_tick of <nautilus_trader.portfolio.portfolio.Portfolio object at 0x1267e3340>>, priority=10)
2026-05-12T17:47:19.829830000Z [DEBUG] TRADER-001.MessageBus: Added Subscription(topic=data.bars.*EXTERNAL, handler=<bound method Portfolio.update_bar of <nautilus_trader.portfolio.portfolio.Portfolio object at 0x1267e3340>>, priority=10)
2026-05-12T17:47:19.830049000Z [INFO] TRADER-001.DataEngine: READY
2026-05-12T17:47:19.830246000Z [DEBUG] TRADER-001.MessageBus: Added endpoint 'DataEngine.execute' <bound method LiveDataEngine.execute of LiveDataEngine(DataEngine)>
2026-05-12T17:47:19.830259000Z [DEBUG] TRADER-001.MessageBus: Added endpoint 'DataEngine.process' <bound method LiveDataEngine.process of LiveDataEngine(DataEngine)>
2026-05-12T17:47:19.830263000Z [DEBUG] TRADER-001.MessageBus: Added endpoint 'DataEngine.request' <bound method LiveDataEngine.request of LiveDataEngine(DataEngine)>
2026-05-12T17:47:19.830266000Z [DEBUG] TRADER-001.MessageBus: Added endpoint 'DataEngine.response' <bound method LiveDataEngine.response of LiveDataEngine(DataEngine)>
2026-05-12T17:47:19.830272000Z [DEBUG] TRADER-001.MessageBus: Added endpoint 'DataEngine.process_historical' <bound method DataEngine.process_historical of LiveDataEngine(DataEngine)>
2026-05-12T17:47:19.830375000Z [INFO] TRADER-001.DataEngine: config.graceful_shutdown_on_exception=False
2026-05-12T17:47:19.830480000Z [INFO] TRADER-001.RiskEngine: READY
2026-05-12T17:47:19.830551000Z [INFO] TRADER-001.RiskEngine: TradingState is ACTIVE
2026-05-12T17:47:19.830665000Z [INFO] TRADER-001.Throttler-ORDER_SUBMIT_THROTTLER: READY
2026-05-12T17:47:19.830714000Z [INFO] TRADER-001.RiskEngine: Set MAX_ORDER_SUBMIT_RATE: 100/00:00:01
2026-05-12T17:47:19.830770000Z [INFO] TRADER-001.Throttler-ORDER_MODIFY_THROTTLER: READY
2026-05-12T17:47:19.830792000Z [INFO] TRADER-001.RiskEngine: Set MAX_ORDER_MODIFY_RATE: 100/00:00:01
2026-05-12T17:47:19.830801000Z [DEBUG] TRADER-001.MessageBus: Added endpoint 'RiskEngine.execute' <bound method LiveRiskEngine.execute of LiveRiskEngine(RiskEngine)>
2026-05-12T17:47:19.830804000Z [DEBUG] TRADER-001.MessageBus: Added endpoint 'RiskEngine.process' <bound method LiveRiskEngine.process of LiveRiskEngine(RiskEngine)>
2026-05-12T17:47:19.830819000Z [DEBUG] TRADER-001.MessageBus: Added Subscription(topic=events.order.*, handler=<bound method RiskEngine._handle_event of LiveRiskEngine(RiskEngine)>, priority=10)
2026-05-12T17:47:19.830827000Z [DEBUG] TRADER-001.MessageBus: Added Subscription(topic=events.position.*, handler=<bound method RiskEngine._handle_event of LiveRiskEngine(RiskEngine)>, priority=10)
2026-05-12T17:47:19.830859000Z [INFO] TRADER-001.RiskEngine: config.graceful_shutdown_on_exception=False
2026-05-12T17:47:19.830982000Z [INFO] TRADER-001.ExecEngine: READY
2026-05-12T17:47:19.831037000Z [INFO] TRADER-001.ExecEngine: config.snapshot_orders=False
2026-05-12T17:47:19.831042000Z [INFO] TRADER-001.ExecEngine: config.snapshot_positions=False
2026-05-12T17:47:19.831045000Z [INFO] TRADER-001.ExecEngine: config.snapshot_positions_interval_secs=None
2026-05-12T17:47:19.831047000Z [INFO] TRADER-001.ExecEngine: config.allow_overfills=False
2026-05-12T17:47:19.831055000Z [DEBUG] TRADER-001.MessageBus: Added endpoint 'ExecEngine.execute' <bound method LiveExecutionEngine.execute of LiveExecutionEngine(ExecEngine)>
2026-05-12T17:47:19.831058000Z [DEBUG] TRADER-001.MessageBus: Added endpoint 'ExecEngine.process' <bound method LiveExecutionEngine.process of LiveExecutionEngine(ExecEngine)>
2026-05-12T17:47:19.831135000Z [INFO] TRADER-001.ExecEngine: config.reconciliation=True
2026-05-12T17:47:19.831141000Z [INFO] TRADER-001.ExecEngine: config.reconciliation_lookback_mins=None
2026-05-12T17:47:19.831143000Z [INFO] TRADER-001.ExecEngine: config.reconciliation_instrument_ids=None
2026-05-12T17:47:19.831144000Z [INFO] TRADER-001.ExecEngine: config.filter_unclaimed_external_orders=False
2026-05-12T17:47:19.831146000Z [INFO] TRADER-001.ExecEngine: config.filter_position_reports=False
2026-05-12T17:47:19.831147000Z [INFO] TRADER-001.ExecEngine: config.filtered_client_order_ids=None
2026-05-12T17:47:19.831149000Z [INFO] TRADER-001.ExecEngine: config.inflight_check_interval_ms=2000
2026-05-12T17:47:19.831151000Z [INFO] TRADER-001.ExecEngine: config.inflight_check_threshold_ms=5000
2026-05-12T17:47:19.831152000Z [INFO] TRADER-001.ExecEngine: config.inflight_check_retries=5
2026-05-12T17:47:19.831154000Z [INFO] TRADER-001.ExecEngine: config.own_books_audit_interval_secs=None
2026-05-12T17:47:19.831155000Z [INFO] TRADER-001.ExecEngine: config.open_check_interval_secs=None
2026-05-12T17:47:19.831157000Z [INFO] TRADER-001.ExecEngine: config.open_check_open_only=True
2026-05-12T17:47:19.831158000Z [INFO] TRADER-001.ExecEngine: config.open_check_lookback_mins=60
2026-05-12T17:47:19.831160000Z [INFO] TRADER-001.ExecEngine: config.open_check_threshold_ms=5000
2026-05-12T17:47:19.831161000Z [INFO] TRADER-001.ExecEngine: config.open_check_missing_retries=5
2026-05-12T17:47:19.831163000Z [INFO] TRADER-001.ExecEngine: config.max_single_order_queries_per_cycle=10
2026-05-12T17:47:19.831164000Z [INFO] TRADER-001.ExecEngine: config.single_order_query_delay_ms=100
2026-05-12T17:47:19.831166000Z [INFO] TRADER-001.ExecEngine: config.position_check_interval_secs=None
2026-05-12T17:47:19.831167000Z [INFO] TRADER-001.ExecEngine: config.position_check_lookback_mins=60
2026-05-12T17:47:19.831169000Z [INFO] TRADER-001.ExecEngine: config.position_check_threshold_ms=5000
2026-05-12T17:47:19.831171000Z [INFO] TRADER-001.ExecEngine: config.position_check_retries=3
2026-05-12T17:47:19.831180000Z [INFO] TRADER-001.ExecEngine: config.reconciliation_startup_delay_secs=10.0
2026-05-12T17:47:19.831182000Z [INFO] TRADER-001.ExecEngine: config.purge_closed_orders_interval_mins=None
2026-05-12T17:47:19.831183000Z [INFO] TRADER-001.ExecEngine: config.purge_closed_orders_buffer_mins=None
2026-05-12T17:47:19.831185000Z [INFO] TRADER-001.ExecEngine: config.purge_closed_positions_interval_mins=None
2026-05-12T17:47:19.831186000Z [INFO] TRADER-001.ExecEngine: config.purge_closed_positions_buffer_mins=None
2026-05-12T17:47:19.831188000Z [INFO] TRADER-001.ExecEngine: config.purge_account_events_interval_mins=None
2026-05-12T17:47:19.831189000Z [INFO] TRADER-001.ExecEngine: config.purge_account_events_lookback_mins=None
2026-05-12T17:47:19.831191000Z [INFO] TRADER-001.ExecEngine: config.purge_from_database=False
2026-05-12T17:47:19.831192000Z [INFO] TRADER-001.ExecEngine: config.graceful_shutdown_on_exception=False
2026-05-12T17:47:19.831212000Z [DEBUG] TRADER-001.MessageBus: Added endpoint 'ExecEngine.reconcile_execution_report' <bound method LiveExecutionEngine.reconcile_execution_report of LiveExecutionEngine(ExecEngine)>
2026-05-12T17:47:19.831217000Z [DEBUG] TRADER-001.MessageBus: Added endpoint 'ExecEngine.reconcile_execution_mass_status' <bound method LiveExecutionEngine.reconcile_execution_mass_status of LiveExecutionEngine(ExecEngine)>
2026-05-12T17:47:19.831253000Z [DEBUG] TRADER-001.Cache: Clearing index
2026-05-12T17:47:19.831256000Z [DEBUG] TRADER-001.Cache: Cleared index
2026-05-12T17:47:19.831260000Z [DEBUG] TRADER-001.ExecEngine: clear_index took 0ms
2026-05-12T17:47:19.831265000Z [DEBUG] TRADER-001.Cache: Loading general cache from database
2026-05-12T17:47:19.831271000Z [INFO] TRADER-001.Cache: Cached 0 general objects from database
2026-05-12T17:47:19.831274000Z [DEBUG] TRADER-001.ExecEngine: cache_general took 0ms
2026-05-12T17:47:19.831278000Z [DEBUG] TRADER-001.Cache: Loading currencies from database
2026-05-12T17:47:19.831283000Z [INFO] TRADER-001.Cache: Cached 0 currencies from database
2026-05-12T17:47:19.831285000Z [DEBUG] TRADER-001.ExecEngine: cache_currencies took 0ms
2026-05-12T17:47:19.831287000Z [DEBUG] TRADER-001.Cache: Loading instruments from database
2026-05-12T17:47:19.831288000Z [INFO] TRADER-001.Cache: Cached 0 instruments from database
2026-05-12T17:47:19.831291000Z [DEBUG] TRADER-001.ExecEngine: cache_instruments took 0ms
2026-05-12T17:47:19.831293000Z [DEBUG] TRADER-001.Cache: Loading accounts from database
2026-05-12T17:47:19.831295000Z [INFO] TRADER-001.Cache: Cached 0 accounts from database
2026-05-12T17:47:19.831296000Z [DEBUG] TRADER-001.ExecEngine: cache_accounts took 0ms
2026-05-12T17:47:19.831298000Z [DEBUG] TRADER-001.Cache: Loading orders from database
2026-05-12T17:47:19.831300000Z [INFO] TRADER-001.Cache: Cached 0 orders from database
2026-05-12T17:47:19.831302000Z [DEBUG] TRADER-001.ExecEngine: cache_orders took 0ms
2026-05-12T17:47:19.831304000Z [DEBUG] TRADER-001.Cache: Loading order lists
2026-05-12T17:47:19.831307000Z [INFO] TRADER-001.Cache: Cached 0 order lists from database
2026-05-12T17:47:19.831308000Z [DEBUG] TRADER-001.ExecEngine: cache_order_lists took 0ms
2026-05-12T17:47:19.831310000Z [DEBUG] TRADER-001.Cache: Loading positions from database
2026-05-12T17:47:19.831312000Z [INFO] TRADER-001.Cache: Cached 0 positions from database
2026-05-12T17:47:19.831313000Z [DEBUG] TRADER-001.ExecEngine: cache_positions took 0ms
2026-05-12T17:47:19.831315000Z [DEBUG] TRADER-001.Cache: Building index
2026-05-12T17:47:19.831327000Z [DEBUG] TRADER-001.Cache: Index built in 0.000s
2026-05-12T17:47:19.831329000Z [DEBUG] TRADER-001.ExecEngine: build_index took 0ms
2026-05-12T17:47:19.831336000Z [INFO] TRADER-001.Cache: Checking data integrity
2026-05-12T17:47:19.831361000Z [INFO] TRADER-001.Cache: Integrity check passed in 19μs
2026-05-12T17:47:19.831364000Z [DEBUG] TRADER-001.ExecEngine: check_integrity took 0ms
2026-05-12T17:47:19.831390000Z [DEBUG] TRADER-001.ExecEngine: _set_position_id_counts took 0ms
2026-05-12T17:47:19.831393000Z [INFO] TRADER-001.ExecEngine: Loaded cache in 0ms
2026-05-12T17:47:19.831485000Z [INFO] TRADER-001.OrderEmulator: READY
2026-05-12T17:47:19.831544000Z [DEBUG] TRADER-001.MessageBus: Added endpoint 'OrderEmulator.execute' <bound method OrderEmulator.execute of OrderEmulator(OrderEmulator)>
2026-05-12T17:47:19.831585000Z [INFO] TRADER-001.TRADER-001: READY
2026-05-12T17:47:19.831626000Z [INFO] TRADER-001.TradingNode: Initialized in 5ms
2026-05-12T17:47:19.831650000Z [INFO] TRADER-001.TradingNode: has_cache_backing=False
2026-05-12T17:47:19.831653000Z [INFO] TRADER-001.TradingNode: has_msgbus_backing=False
2026-05-12T17:47:19.831872000Z [INFO] TRADER-001.ApiOrderTestStrategy: READY
2026-05-12T17:47:19.831946000Z [DEBUG] TRADER-001.MessageBus: Added Subscription(topic=events.order.ApiOrderTestStrategy-000, handler=<bound method Strategy.handle_event of ApiOrderTestStrategy(ApiOrderTestStrategy-000)>, priority=0)
2026-05-12T17:47:19.831959000Z [DEBUG] TRADER-001.MessageBus: Added Subscription(topic=events.position.ApiOrderTestStrategy-000, handler=<bound method Strategy.handle_event of ApiOrderTestStrategy(ApiOrderTestStrategy-000)>, priority=0)
2026-05-12T17:47:19.831980000Z [INFO] TRADER-001.ExecEngine: Registered OMS.UNSPECIFIED for Strategy ApiOrderTestStrategy-000
2026-05-12T17:47:19.831987000Z [INFO] TRADER-001.TRADER-001: Registered Strategy ApiOrderTestStrategy-000
2026-05-12T17:47:19.832004000Z [INFO] TRADER-001.TradingNode: Building data client for ETORO_WS_CLIENT
2026-05-12T17:47:19.832039000Z [INFO] TRADER-001.InstrumentProvider: READY
2026-05-12T17:47:19.832117000Z [INFO] TRADER-001.DataClient-ETORO_WS_CLIENT: READY
2026-05-12T17:47:19.832182000Z [INFO] TRADER-001.DataEngine: Registered ETORO_WS_CLIENT
2026-05-12T17:47:19.832200000Z [INFO] TRADER-001.TradingNode: Building execution client for ETORO
2026-05-12T17:47:19.832231000Z [INFO] TRADER-001.InstrumentProvider: READY
2026-05-12T17:47:19.832294000Z [INFO] TRADER-001.ExecClient-ETORO: READY
2026-05-12T17:47:19.832402000Z [INFO] TRADER-001.ExecEngine: Registered ExecutionClient-ETORO
2026-05-12T17:47:19.833511000Z [INFO] TRADER-001.TradingNode: STARTING
2026-05-12T17:47:19.833564000Z [DEBUG] TRADER-001.ApiOrderTestStrategy: Registered <concurrent.futures.thread.ThreadPoolExecutor object at 0x126848050>
2026-05-12T17:47:19.833580000Z [DEBUG] TRADER-001.DataEngine: STARTING
2026-05-12T17:47:19.833590000Z [DEBUG] TRADER-001.DataClient-ETORO_WS_CLIENT: STARTING
2026-05-12T17:47:19.833608000Z [INFO] TRADER-001.DataClient-ETORO_WS_CLIENT: RUNNING
2026-05-12T17:47:19.833647000Z [DEBUG] TRADER-001.DataEngine: Scheduled task 'cmd_queue'
2026-05-12T17:47:19.833653000Z [DEBUG] TRADER-001.DataEngine: Scheduled task 'req_queue'
2026-05-12T17:47:19.833654000Z [DEBUG] TRADER-001.DataEngine: Scheduled task 'res_queue'
2026-05-12T17:47:19.833655000Z [DEBUG] TRADER-001.DataEngine: Scheduled task 'data_queue'
2026-05-12T17:47:19.833663000Z [INFO] TRADER-001.DataEngine: RUNNING
2026-05-12T17:47:19.833670000Z [DEBUG] TRADER-001.RiskEngine: STARTING
2026-05-12T17:47:19.833686000Z [DEBUG] TRADER-001.RiskEngine: Scheduled task 'cmd_queue'
2026-05-12T17:47:19.833688000Z [DEBUG] TRADER-001.RiskEngine: Scheduled task 'evt_queue'
2026-05-12T17:47:19.833694000Z [INFO] TRADER-001.RiskEngine: RUNNING
2026-05-12T17:47:19.833702000Z [DEBUG] TRADER-001.ExecEngine: STARTING
2026-05-12T17:47:19.833706000Z [DEBUG] TRADER-001.ExecClient-ETORO: STARTING
2026-05-12T17:47:19.833711000Z [INFO] TRADER-001.ExecClient-ETORO: RUNNING
2026-05-12T17:47:19.833735000Z [DEBUG] TRADER-001.ExecEngine: Scheduled task 'cmd_queue'
2026-05-12T17:47:19.833738000Z [DEBUG] TRADER-001.ExecEngine: Scheduled task 'evt_queue'
2026-05-12T17:47:19.833742000Z [DEBUG] TRADER-001.ExecEngine: Scheduled task 'continuous_reconciliation'
2026-05-12T17:47:19.833745000Z [INFO] TRADER-001.ExecEngine: Started reconciliation task
2026-05-12T17:47:19.833752000Z [INFO] TRADER-001.ExecEngine: RUNNING
2026-05-12T17:47:19.833763000Z [INFO] TRADER-001.DataEngine: Connecting all clients...
2026-05-12T17:47:19.833767000Z [INFO] TRADER-001.DataClient-ETORO_WS_CLIENT: Connecting...
2026-05-12T17:47:19.833774000Z [DEBUG] TRADER-001.DataClient-ETORO_WS_CLIENT: Creating async task '_connect'
2026-05-12T17:47:19.833791000Z [INFO] TRADER-001.ExecEngine: Connecting all clients...
2026-05-12T17:47:19.833795000Z [INFO] TRADER-001.ExecClient-ETORO: Connecting...
2026-05-12T17:47:19.833801000Z [DEBUG] TRADER-001.ExecClient-ETORO: Creating task '_connect'
2026-05-12T17:47:19.833812000Z [INFO] TRADER-001.TradingNode: Awaiting engine connections and initializations (120.0s timeout)...
2026-05-12T17:47:19.833965000Z [DEBUG] TRADER-001.DataEngine: DataCommand message queue processing starting (qsize=0)
2026-05-12T17:47:19.833977000Z [DEBUG] TRADER-001.DataEngine: RequestData message queue processing starting (qsize=0)
2026-05-12T17:47:19.833982000Z [DEBUG] TRADER-001.DataEngine: DataResponse message queue processing starting (qsize=0)
2026-05-12T17:47:19.833987000Z [DEBUG] TRADER-001.DataEngine: Data queue processing starting (qsize=0)
2026-05-12T17:47:19.833992000Z [DEBUG] TRADER-001.RiskEngine: Command message queue processing (qsize=0)
2026-05-12T17:47:19.833996000Z [DEBUG] TRADER-001.RiskEngine: Event message queue processing starting (qsize=0)
2026-05-12T17:47:19.834001000Z [DEBUG] TRADER-001.ExecEngine: Command message queue processing starting (qsize=0)
2026-05-12T17:47:19.834005000Z [DEBUG] TRADER-001.ExecEngine: Event message queue processing starting (qsize=0)
2026-05-12T17:47:19.834024000Z [INFO] TRADER-001.ExecEngine: Starting continuous reconciliation with intervals: inflight=2000ms, consistency=Nones, position=Nones
2026-05-12T17:47:19.834027000Z [INFO] TRADER-001.ExecEngine: Awaiting startup reconciliation completion before starting continuous checks
2026-05-12T17:47:19.869056000Z [INFO] TRADER-001.DataClient-ETORO_WS_CLIENT: WebSocket Verbindungsversuch 1/5 zu wss://ws.etoro.com/ws ...
2026-05-12T17:47:19.908888000Z [INFO] TRADER-001.ExecClient-ETORO: Execution WS connect attempt 1/5 ...
2026-05-12T17:47:20.204587000Z [INFO] TRADER-001.DataClient-ETORO_WS_CLIENT: WebSocket verbunden. Authentifiziere...
2026-05-12T17:47:20.204694000Z [DEBUG] TRADER-001.Cache: Added currency USD
2026-05-12T17:47:20.204697000Z [DEBUG] TRADER-001.Cache: Added instrument ADA.ETORO
2026-05-12T17:47:20.204735000Z [INFO] TRADER-001.DataClient-ETORO_WS_CLIENT: Instrument registriert: ADA.ETORO [Crypto] price_prec=5, size_prec=0
2026-05-12T17:47:20.250895000Z [WARN] TRADER-001.ExecClient-ETORO: Auth response not JSON: b'\x00'
2026-05-12T17:47:20.250926000Z [INFO] TRADER-001.ExecClient-ETORO: Subscribed to trading notification topics.
2026-05-12T17:47:20.250930000Z [DEBUG] TRADER-001.ExecClient-ETORO: Creating task 'exec_ws_loop'
2026-05-12T17:47:20.250936000Z [INFO] TRADER-001.ExecClient-ETORO: Execution WS connected and authenticated.
2026-05-12T17:47:20.272755000Z [INFO] TRADER-001.DataClient-ETORO_WS_CLIENT: Auth-Antwort: {'id': '0b4b1099-307c-4064-84bc-da90f1c5e8d3', 'success': True, 'operation': 'Authenticate'}
2026-05-12T17:47:20.272822000Z [INFO] TRADER-001.DataClient-ETORO_WS_CLIENT: Abonniert: ['instrument:100017']
2026-05-12T17:47:20.272842000Z [DEBUG] TRADER-001.DataClient-ETORO_WS_CLIENT: Creating async task 'message_loop'
2026-05-12T17:47:20.272906000Z [DEBUG] TRADER-001.DataClient-ETORO_WS_CLIENT: Coroutine '_connect' completed
2026-05-12T17:47:20.272913000Z [INFO] TRADER-001.DataClient-ETORO_WS_CLIENT: Connected
2026-05-12T17:47:20.333781000Z [WARN] TRADER-001.ExecClient-ETORO: Balance fetch returned HTTP 404; using 0 USD.
2026-05-12T17:47:20.333901000Z [DEBUG] TRADER-001.Cache: Added Account(id=ETORO-REAL-001)
2026-05-12T17:47:20.333905000Z [DEBUG] TRADER-001.Cache: Indexed AccountId('ETORO-REAL-001')
2026-05-12T17:47:20.333923000Z [INFO] TRADER-001.Portfolio: Updated AccountState(account_id=ETORO-REAL-001, account_type=MARGIN, base_currency=USD, is_reported=False, balances=[AccountBalance(total=0.00 USD, locked=0.00 USD, free=0.00 USD)], margins=[], event_id=e001aa36-3336-4d7a-8fb8-b89bf0269869)
2026-05-12T17:47:20.334013000Z [INFO] TRADER-001.ExecClient-ETORO: Connected
2026-05-12T17:47:20.334067000Z [INFO] TRADER-001.DataClient-ETORO_WS_CLIENT: Snapshot ADA.ETORO: MarketOpen=True, AllowBuy=True
2026-05-12T17:47:20.334121000Z [INFO] TRADER-001.TradingNode: Awaiting execution state reconciliation (30.0s timeout)...
2026-05-12T17:47:20.334172000Z [INFO] TRADER-001.ExecClient-ETORO: Generating ExecutionMassStatus...
2026-05-12T17:47:20.334267000Z [WARN] TRADER-001.ExecClient-ETORO: generate_order_status_reports: Kein Query-Endpoint verfügbar. Gebe leere Liste zurück.
2026-05-12T17:47:20.334355000Z [DEBUG] TRADER-001.ExecEngine: <--[RPT] ExecutionMassStatus(client_id=ETORO, account_id=ETORO-REAL-001, venue=ETORO, order_reports={}, fill_reports={}, position_reports={}, report_id=f68685bb-a0cb-4ef4-992d-57aee07555a7, ts_init=1778608040334177000)
2026-05-12T17:47:20.334360000Z [INFO] TRADER-001.ExecEngine: Reconciling ExecutionMassStatus for ETORO
2026-05-12T17:47:20.334368000Z [INFO] TRADER-001.ExecEngine: Attempting to adjust fills for 0 instruments
2026-05-12T17:47:20.334453000Z [INFO] TRADER-001.ExecEngine: Updating adjusted fills for 0 instruments
2026-05-12T17:47:20.334455000Z [INFO] TRADER-001.ExecEngine: Final order_reports contains 0 orders, fill_reports contains 0 fills across all instruments
2026-05-12T17:47:20.334472000Z [DEBUG] TRADER-001.ExecEngine: Reconciliation state validation passed for 0 order(s)
2026-05-12T17:47:20.334486000Z [INFO] TRADER-001.ExecEngine: Reconciliation for ETORO succeeded
2026-05-12T17:47:20.334491000Z [INFO] TRADER-001.TradingNode: Execution state reconciled
2026-05-12T17:47:20.334498000Z [DEBUG] TRADER-001.OrderEmulator: STARTING
2026-05-12T17:47:20.334502000Z [INFO] TRADER-001.OrderEmulator: No emulated orders to reactivate
2026-05-12T17:47:20.334511000Z [INFO] TRADER-001.OrderEmulator: RUNNING
2026-05-12T17:47:20.334521000Z [INFO] TRADER-001.Portfolio: Initialized 0 open orders
2026-05-12T17:47:20.334522000Z [INFO] TRADER-001.Portfolio: Initialized 0 open positions
2026-05-12T17:47:20.334525000Z [INFO] TRADER-001.TradingNode: Awaiting portfolio initialization (10.0s timeout)...
2026-05-12T17:47:20.334566000Z [INFO] TRADER-001.ExecEngine: Startup reconciliation completed
2026-05-12T17:47:20.334568000Z [INFO] TRADER-001.ExecEngine: Applying post-reconciliation startup delay (10.0s)
2026-05-12T17:47:20.334579000Z [INFO] TRADER-001.TradingNode: Portfolio initialized
2026-05-12T17:47:20.334582000Z [DEBUG] TRADER-001.TRADER-001: STARTING
2026-05-12T17:47:20.334589000Z [DEBUG] TRADER-001.ApiOrderTestStrategy: STARTING
2026-05-12T17:47:20.334595000Z [INFO] TRADER-001.ApiOrderTestStrategy: self.config.oms_type=None
2026-05-12T17:47:20.334596000Z [INFO] TRADER-001.ApiOrderTestStrategy: self.config.external_order_claims=None
2026-05-12T17:47:20.334597000Z [INFO] TRADER-001.ApiOrderTestStrategy: self.config.manage_gtd_expiry=False
2026-05-12T17:47:20.334604000Z [INFO] TRADER-001.ApiOrderTestStrategy: Set ClientOrderIdGenerator client_order_id count to 0
2026-05-12T17:47:20.334604001Z [INFO] TRADER-001.ApiOrderTestStrategy: Set ClientOrderIdGenerator order_list_id count to 0
2026-05-12T17:47:20.334609000Z [INFO] TRADER-001.ApiOrderTestStrategy: Test gestartet. Warte auf ersten Tick für ADA.ETORO ...
2026-05-12T17:47:20.334639000Z [DEBUG] TRADER-001.MessageBus: Added Subscription(topic=data.quotes.ETORO.ADA, handler=<bound method Actor.handle_quote_tick of ApiOrderTestStrategy(ApiOrderTestStrategy-000)>, priority=0)
2026-05-12T17:47:20.334664000Z [INFO] TRADER-001.ApiOrderTestStrategy: [CMD]--> SubscribeQuoteTicks(instrument_id=ADA.ETORO, client_id=None, venue=ETORO)
2026-05-12T17:47:20.334680000Z [INFO] TRADER-001.ApiOrderTestStrategy: RUNNING
2026-05-12T17:47:20.334686000Z [INFO] TRADER-001.TRADER-001: RUNNING
2026-05-12T17:47:20.334690000Z [INFO] TRADER-001.TradingNode: RUNNING
2026-05-12T17:47:20.334769000Z [DEBUG] TRADER-001.DataClient-ETORO_WS_CLIENT: Creating async task 'subscribe: quote_ticks ADA.ETORO'
2026-05-12T17:47:20.334841000Z [DEBUG] TRADER-001.DataClient-ETORO_WS_CLIENT: Coroutine 'subscribe: quote_ticks ADA.ETORO' completed
2026-05-12T17:47:20.334844000Z [INFO] TRADER-001.DataClient-ETORO_WS_CLIENT: Subscribed ADA.ETORO quotes
2026-05-12T17:47:22.239585000Z [INFO] TRADER-001.ApiOrderTestStrategy: Sende BUY: 41 Units @ Ask 0.27050 (~11.0 USD)
2026-05-12T17:47:22.240279000Z [INFO] TRADER-001.ApiOrderTestStrategy: <--[EVT] OrderInitialized(instrument_id=ADA.ETORO, client_order_id=O-20260512-174722-001-000-1, side=BUY, type=MARKET, quantity=41, time_in_force=GTC, post_only=False, reduce_only=False, quote_quantity=False, options={}, emulation_trigger=NO_TRIGGER, trigger_instrument_id=None, contingency_type=NO_CONTINGENCY, order_list_id=None, linked_order_ids=None, parent_order_id=None, exec_algorithm_id=None, exec_algorithm_params=None, exec_spawn_id=None, tags=None)
2026-05-12T17:47:22.240432000Z [DEBUG] TRADER-001.Cache: Added MarketOrder(BUY 41 ADA.ETORO MARKET GTC, status=INITIALIZED, client_order_id=O-20260512-174722-001-000-1, venue_order_id=None, position_id=None, tags=None)
2026-05-12T17:47:22.240550000Z [INFO] TRADER-001.ApiOrderTestStrategy: [CMD]--> [Risk] SubmitOrder(order=MarketOrder(BUY 41 ADA.ETORO MARKET GTC, status=INITIALIZED, client_order_id=O-20260512-174722-001-000-1, venue_order_id=None, position_id=None, tags=None), position_id=None)
2026-05-12T17:47:22.240834000Z [DEBUG] TRADER-001.ExecEngine: Routed by instrument venue: ETORO
2026-05-12T17:47:22.240882000Z [INFO] TRADER-001.ExecClient-ETORO: Submit MarketOrder(BUY 41 ADA.ETORO MARKET GTC, status=INITIALIZED, client_order_id=O-20260512-174722-001-000-1, venue_order_id=None, position_id=None, tags=None)
2026-05-12T17:47:22.240909000Z [DEBUG] TRADER-001.ExecClient-ETORO: Creating task 'submit_order: SubmitOrder(order=MarketOrder(BUY 41 ADA.ETORO MARKET GTC, status=INITIALIZED, client_order_id=O-20260512-174722-001-000-1, venue_order_id=None, position_id=None, tags=None), position_id=None)'
