2026-05-12T17:54:50.758160000Z [INFO] TRADER-001.TradingNode: =================================================================
2026-05-12T17:54:50.758349000Z [INFO] TRADER-001.TradingNode:  NAUTILUS TRADER - Automated Algorithmic Trading Platform
2026-05-12T17:54:50.758351000Z [INFO] TRADER-001.TradingNode:  by Nautech Systems Pty Ltd.
2026-05-12T17:54:50.758351001Z [INFO] TRADER-001.TradingNode:  Copyright (C) 2015-2026. All rights reserved.
2026-05-12T17:54:50.758352000Z [INFO] TRADER-001.TradingNode: =================================================================
2026-05-12T17:54:50.758352001Z [INFO] TRADER-001.TradingNode: 
2026-05-12T17:54:50.758353000Z [INFO] TRADER-001.TradingNode: ⠀⠀⠀⠀⠀⠀⠀⠀⠀⠀⠀⠀⠀⣠⣴⣶⡟⠀⠀⠀⠀⠀⠀⠀⠀⠀⠀⠀⠀⠀⠀
2026-05-12T17:54:50.758353001Z [INFO] TRADER-001.TradingNode: ⠀⠀⠀⠀⠀⠀⠀⠀⠀⠀⠀⣰⣾⣿⣿⣿⠀⢸⣿⣿⣿⣿⣶⣶⣤⣀⠀⠀⠀⠀⠀
2026-05-12T17:54:50.758354000Z [INFO] TRADER-001.TradingNode: ⠀⠀⠀⠀⠀⠀⢀⣴⡇⢀⣾⣿⣿⣿⣿⣿⠀⣾⣿⣿⣿⣿⣿⣿⣿⠿⠓⠀⠀⠀⠀
2026-05-12T17:54:50.758354001Z [INFO] TRADER-001.TradingNode: ⠀⠀⠀⠀⠀⣰⣿⣿⡀⢸⣿⣿⣿⣿⣿⣿⠀⣿⣿⣿⣿⣿⣿⠟⠁⣠⣄⠀⠀⠀⠀
2026-05-12T17:54:50.758354002Z [INFO] TRADER-001.TradingNode: ⠀⠀⠀⠀⢠⣿⣿⣿⣇⠀⢿⣿⣿⣿⣿⣿⠀⢻⣿⣿⣿⡿⢃⣠⣾⣿⣿⣧⡀⠀⠀
2026-05-12T17:54:50.758355000Z [INFO] TRADER-001.TradingNode: ⠀⠀⠀⠠⣾⣿⣿⣿⣿⣿⣧⠈⠋⢀⣴⣧⠀⣿⡏⢠⡀⢸⣿⣿⣿⣿⣿⣿⣿⡇⠀
2026-05-12T17:54:50.758355001Z [INFO] TRADER-001.TradingNode: ⠀⠀⠀⣀⠙⢿⣿⣿⣿⣿⣿⠇⢠⣿⣿⣿⡄⠹⠃⠼⠃⠈⠉⠛⠛⠛⠛⠛⠻⠇⠀
2026-05-12T17:54:50.758355002Z [INFO] TRADER-001.TradingNode: ⠀⠀⢸⡟⢠⣤⠉⠛⠿⢿⣿⠀⢸⣿⡿⠋⣠⣤⣄⠀⣾⣿⣿⣶⣶⣶⣦⡄⠀⠀⠀
2026-05-12T17:54:50.758356000Z [INFO] TRADER-001.TradingNode: ⠀⠀⠸⠀⣾⠏⣸⣷⠂⣠⣤⠀⠘⢁⣴⣾⣿⣿⣿⡆⠘⣿⣿⣿⣿⣿⣿⠀⠀⠀⠀
2026-05-12T17:54:50.758356001Z [INFO] TRADER-001.TradingNode: ⠀⠀⠀⠀⠛⠀⣿⡟⠀⢻⣿⡄⠸⣿⣿⣿⣿⣿⣿⣿⡀⠘⣿⣿⣿⣿⠟⠀⠀⠀⠀
2026-05-12T17:54:50.758356002Z [INFO] TRADER-001.TradingNode: ⠀⠀⠀⠀⠀⠀⣿⠇⠀⠀⢻⡿⠀⠈⠻⣿⣿⣿⣿⣿⡇⠀⢹⣿⠿⠋⠀⠀⠀⠀⠀
2026-05-12T17:54:50.758357000Z [INFO] TRADER-001.TradingNode: ⠀⠀⠀⠀⠀⠀⠋⠀⠀⠀⡘⠁⠀⠀⠀⠀⠀⠀⠀⠀⠀⠀⠈⠁⠀⠀⠀⠀⠀⠀⠀
2026-05-12T17:54:50.758357001Z [INFO] TRADER-001.TradingNode: 
2026-05-12T17:54:50.758357002Z [INFO] TRADER-001.TradingNode: =================================================================
2026-05-12T17:54:50.758358000Z [INFO] TRADER-001.TradingNode:  SYSTEM SPECIFICATION
2026-05-12T17:54:50.758358001Z [INFO] TRADER-001.TradingNode: =================================================================
2026-05-12T17:54:50.758359000Z [INFO] TRADER-001.TradingNode: CPU architecture: Apple M1
2026-05-12T17:54:50.758360000Z [INFO] TRADER-001.TradingNode: CPU(s): 8 @ 3204 MHz
2026-05-12T17:54:50.758362000Z [INFO] TRADER-001.TradingNode: OS: kernel-25.4.0 macOS 26.4.1
2026-05-12T17:54:50.758440000Z [INFO] TRADER-001.TradingNode: =================================================================
2026-05-12T17:54:50.758441000Z [INFO] TRADER-001.TradingNode:  MEMORY USAGE
2026-05-12T17:54:50.758441001Z [INFO] TRADER-001.TradingNode: =================================================================
2026-05-12T17:54:50.758474000Z [INFO] TRADER-001.TradingNode: RAM-Total: 16.00 GiB
2026-05-12T17:54:50.758476000Z [INFO] TRADER-001.TradingNode: RAM-Used: 10.90 GiB (68.11%)
2026-05-12T17:54:50.758477000Z [INFO] TRADER-001.TradingNode: RAM-Avail: 5.10 GiB (31.89%)
2026-05-12T17:54:50.758478000Z [INFO] TRADER-001.TradingNode: Swap: disabled
2026-05-12T17:54:50.758514000Z [INFO] TRADER-001.TradingNode: =================================================================
2026-05-12T17:54:50.758514001Z [INFO] TRADER-001.TradingNode:  IDENTIFIERS
2026-05-12T17:54:50.758515000Z [INFO] TRADER-001.TradingNode: =================================================================
2026-05-12T17:54:50.758516000Z [INFO] TRADER-001.TradingNode: trader_id: TRADER-001
2026-05-12T17:54:50.758517000Z [INFO] TRADER-001.TradingNode: machine_id: MacBook-Air-von-John.local
2026-05-12T17:54:50.758518000Z [INFO] TRADER-001.TradingNode: instance_id: 592702df-6875-4b57-b54a-9538a1f9c06b
2026-05-12T17:54:50.758519000Z [INFO] TRADER-001.TradingNode: PID: 6023
2026-05-12T17:54:50.758520000Z [INFO] TRADER-001.TradingNode: =================================================================
2026-05-12T17:54:50.758520001Z [INFO] TRADER-001.TradingNode:  VERSIONING
2026-05-12T17:54:50.758521000Z [INFO] TRADER-001.TradingNode: =================================================================
2026-05-12T17:54:50.759415000Z [INFO] TRADER-001.TradingNode: nautilus_trader: 1.226.0
2026-05-12T17:54:50.759605000Z [INFO] TRADER-001.TradingNode: python: 3.14.4
2026-05-12T17:54:50.759616000Z [INFO] TRADER-001.TradingNode: numpy: 2.4.4
2026-05-12T17:54:50.759622000Z [INFO] TRADER-001.TradingNode: pandas: 2.3.3
2026-05-12T17:54:50.759625000Z [INFO] TRADER-001.TradingNode: msgspec: 0.21.1
2026-05-12T17:54:50.759630000Z [INFO] TRADER-001.TradingNode: pyarrow: 24.0.0
2026-05-12T17:54:50.759632000Z [INFO] TRADER-001.TradingNode: pytz: 2026.2
2026-05-12T17:54:50.759636000Z [INFO] TRADER-001.TradingNode: uvloop: 0.22.1
2026-05-12T17:54:50.759636001Z [INFO] TRADER-001.TradingNode: =================================================================
2026-05-12T17:54:50.759699000Z [INFO] TRADER-001.TradingNode: Building system kernel
2026-05-12T17:54:50.760279000Z [DEBUG] TRADER-001.TradingNode: Event loop signal handling setup for (<Signals.SIGTERM: 15>, <Signals.SIGINT: 2>, <Signals.SIGABRT: 6>)
2026-05-12T17:54:50.760609000Z [INFO] TRADER-001.MessageBus: config.database=None
2026-05-12T17:54:50.760612000Z [INFO] TRADER-001.MessageBus: config.encoding='msgpack'
2026-05-12T17:54:50.760614000Z [INFO] TRADER-001.MessageBus: config.timestamps_as_iso8601=False
2026-05-12T17:54:50.760615000Z [INFO] TRADER-001.MessageBus: config.buffer_interval_ms=None
2026-05-12T17:54:50.760617000Z [INFO] TRADER-001.MessageBus: config.autotrim_mins=None
2026-05-12T17:54:50.760618000Z [INFO] TRADER-001.MessageBus: config.use_trader_prefix=True
2026-05-12T17:54:50.760619000Z [INFO] TRADER-001.MessageBus: config.use_trader_id=True
2026-05-12T17:54:50.760620000Z [INFO] TRADER-001.MessageBus: config.use_instance_id=False
2026-05-12T17:54:50.760621000Z [INFO] TRADER-001.MessageBus: config.streams_prefix='stream'
2026-05-12T17:54:50.760628000Z [INFO] TRADER-001.MessageBus: config.types_filter=None
2026-05-12T17:54:50.761055000Z [DEBUG] TRADER-001.MessageBus: Added Subscription(topic=commands.system.shutdown, handler=<bound method NautilusKernel._on_shutdown_system of <nautilus_trader.system.kernel.NautilusKernel object at 0x128d43e00>>, priority=0)
2026-05-12T17:54:50.761342000Z [INFO] TRADER-001.Cache: READY
2026-05-12T17:54:50.763509000Z [DEBUG] TRADER-001.MessageBus: Added endpoint 'Portfolio.update_account' <bound method Portfolio.update_account of <nautilus_trader.portfolio.portfolio.Portfolio object at 0x128e6b340>>
2026-05-12T17:54:50.763518000Z [DEBUG] TRADER-001.MessageBus: Added endpoint 'Portfolio.update_order' <bound method Portfolio.update_order of <nautilus_trader.portfolio.portfolio.Portfolio object at 0x128e6b340>>
2026-05-12T17:54:50.763520000Z [DEBUG] TRADER-001.MessageBus: Added endpoint 'Portfolio.update_position' <bound method Portfolio.update_position of <nautilus_trader.portfolio.portfolio.Portfolio object at 0x128e6b340>>
2026-05-12T17:54:50.763535000Z [DEBUG] TRADER-001.MessageBus: Added Subscription(topic=events.order.*, handler=<bound method Portfolio.on_order_event of <nautilus_trader.portfolio.portfolio.Portfolio object at 0x128e6b340>>, priority=10)
2026-05-12T17:54:50.763544000Z [DEBUG] TRADER-001.MessageBus: Added Subscription(topic=events.position.*, handler=<bound method Portfolio.on_position_event of <nautilus_trader.portfolio.portfolio.Portfolio object at 0x128e6b340>>, priority=10)
2026-05-12T17:54:50.763551000Z [DEBUG] TRADER-001.MessageBus: Added Subscription(topic=data.quotes.*, handler=<bound method Portfolio.update_quote_tick of <nautilus_trader.portfolio.portfolio.Portfolio object at 0x128e6b340>>, priority=10)
2026-05-12T17:54:50.763557000Z [DEBUG] TRADER-001.MessageBus: Added Subscription(topic=data.bars.*EXTERNAL, handler=<bound method Portfolio.update_bar of <nautilus_trader.portfolio.portfolio.Portfolio object at 0x128e6b340>>, priority=10)
2026-05-12T17:54:50.764154000Z [INFO] TRADER-001.DataEngine: READY
2026-05-12T17:54:50.764752000Z [DEBUG] TRADER-001.MessageBus: Added endpoint 'DataEngine.execute' <bound method LiveDataEngine.execute of LiveDataEngine(DataEngine)>
2026-05-12T17:54:50.764759000Z [DEBUG] TRADER-001.MessageBus: Added endpoint 'DataEngine.process' <bound method LiveDataEngine.process of LiveDataEngine(DataEngine)>
2026-05-12T17:54:50.764761000Z [DEBUG] TRADER-001.MessageBus: Added endpoint 'DataEngine.request' <bound method LiveDataEngine.request of LiveDataEngine(DataEngine)>
2026-05-12T17:54:50.764763000Z [DEBUG] TRADER-001.MessageBus: Added endpoint 'DataEngine.response' <bound method LiveDataEngine.response of LiveDataEngine(DataEngine)>
2026-05-12T17:54:50.764769000Z [DEBUG] TRADER-001.MessageBus: Added endpoint 'DataEngine.process_historical' <bound method DataEngine.process_historical of LiveDataEngine(DataEngine)>
2026-05-12T17:54:50.764845000Z [INFO] TRADER-001.DataEngine: config.graceful_shutdown_on_exception=False
2026-05-12T17:54:50.765238000Z [INFO] TRADER-001.RiskEngine: READY
2026-05-12T17:54:50.766810000Z [INFO] TRADER-001.RiskEngine: TradingState is ACTIVE
2026-05-12T17:54:50.766928000Z [INFO] TRADER-001.Throttler-ORDER_SUBMIT_THROTTLER: READY
2026-05-12T17:54:50.767110000Z [INFO] TRADER-001.RiskEngine: Set MAX_ORDER_SUBMIT_RATE: 100/00:00:01
2026-05-12T17:54:50.767156000Z [INFO] TRADER-001.Throttler-ORDER_MODIFY_THROTTLER: READY
2026-05-12T17:54:50.767172000Z [INFO] TRADER-001.RiskEngine: Set MAX_ORDER_MODIFY_RATE: 100/00:00:01
2026-05-12T17:54:50.767182000Z [DEBUG] TRADER-001.MessageBus: Added endpoint 'RiskEngine.execute' <bound method LiveRiskEngine.execute of LiveRiskEngine(RiskEngine)>
2026-05-12T17:54:50.767185000Z [DEBUG] TRADER-001.MessageBus: Added endpoint 'RiskEngine.process' <bound method LiveRiskEngine.process of LiveRiskEngine(RiskEngine)>
2026-05-12T17:54:50.767197000Z [DEBUG] TRADER-001.MessageBus: Added Subscription(topic=events.order.*, handler=<bound method RiskEngine._handle_event of LiveRiskEngine(RiskEngine)>, priority=10)
2026-05-12T17:54:50.767206000Z [DEBUG] TRADER-001.MessageBus: Added Subscription(topic=events.position.*, handler=<bound method RiskEngine._handle_event of LiveRiskEngine(RiskEngine)>, priority=10)
2026-05-12T17:54:50.767242000Z [INFO] TRADER-001.RiskEngine: config.graceful_shutdown_on_exception=False
2026-05-12T17:54:50.767548000Z [INFO] TRADER-001.ExecEngine: READY
2026-05-12T17:54:50.767634000Z [INFO] TRADER-001.ExecEngine: config.snapshot_orders=False
2026-05-12T17:54:50.767637000Z [INFO] TRADER-001.ExecEngine: config.snapshot_positions=False
2026-05-12T17:54:50.767640000Z [INFO] TRADER-001.ExecEngine: config.snapshot_positions_interval_secs=None
2026-05-12T17:54:50.767641000Z [INFO] TRADER-001.ExecEngine: config.allow_overfills=False
2026-05-12T17:54:50.767647000Z [DEBUG] TRADER-001.MessageBus: Added endpoint 'ExecEngine.execute' <bound method LiveExecutionEngine.execute of LiveExecutionEngine(ExecEngine)>
2026-05-12T17:54:50.767649000Z [DEBUG] TRADER-001.MessageBus: Added endpoint 'ExecEngine.process' <bound method LiveExecutionEngine.process of LiveExecutionEngine(ExecEngine)>
2026-05-12T17:54:50.767703000Z [INFO] TRADER-001.ExecEngine: config.reconciliation=True
2026-05-12T17:54:50.767708000Z [INFO] TRADER-001.ExecEngine: config.reconciliation_lookback_mins=None
2026-05-12T17:54:50.767709000Z [INFO] TRADER-001.ExecEngine: config.reconciliation_instrument_ids=None
2026-05-12T17:54:50.767710000Z [INFO] TRADER-001.ExecEngine: config.filter_unclaimed_external_orders=False
2026-05-12T17:54:50.767711000Z [INFO] TRADER-001.ExecEngine: config.filter_position_reports=False
2026-05-12T17:54:50.767711001Z [INFO] TRADER-001.ExecEngine: config.filtered_client_order_ids=None
2026-05-12T17:54:50.767713000Z [INFO] TRADER-001.ExecEngine: config.inflight_check_interval_ms=2000
2026-05-12T17:54:50.767714000Z [INFO] TRADER-001.ExecEngine: config.inflight_check_threshold_ms=5000
2026-05-12T17:54:50.767715000Z [INFO] TRADER-001.ExecEngine: config.inflight_check_retries=5
2026-05-12T17:54:50.767716000Z [INFO] TRADER-001.ExecEngine: config.own_books_audit_interval_secs=None
2026-05-12T17:54:50.767717000Z [INFO] TRADER-001.ExecEngine: config.open_check_interval_secs=None
2026-05-12T17:54:50.767717001Z [INFO] TRADER-001.ExecEngine: config.open_check_open_only=True
2026-05-12T17:54:50.767743000Z [INFO] TRADER-001.ExecEngine: config.open_check_lookback_mins=60
2026-05-12T17:54:50.767755000Z [INFO] TRADER-001.ExecEngine: config.open_check_threshold_ms=5000
2026-05-12T17:54:50.767757000Z [INFO] TRADER-001.ExecEngine: config.open_check_missing_retries=5
2026-05-12T17:54:50.767760000Z [INFO] TRADER-001.ExecEngine: config.max_single_order_queries_per_cycle=10
2026-05-12T17:54:50.767761000Z [INFO] TRADER-001.ExecEngine: config.single_order_query_delay_ms=100
2026-05-12T17:54:50.767763000Z [INFO] TRADER-001.ExecEngine: config.position_check_interval_secs=None
2026-05-12T17:54:50.767765000Z [INFO] TRADER-001.ExecEngine: config.position_check_lookback_mins=60
2026-05-12T17:54:50.767766000Z [INFO] TRADER-001.ExecEngine: config.position_check_threshold_ms=5000
2026-05-12T17:54:50.767768000Z [INFO] TRADER-001.ExecEngine: config.position_check_retries=3
2026-05-12T17:54:50.767772000Z [INFO] TRADER-001.ExecEngine: config.reconciliation_startup_delay_secs=10.0
2026-05-12T17:54:50.767774000Z [INFO] TRADER-001.ExecEngine: config.purge_closed_orders_interval_mins=None
2026-05-12T17:54:50.767775000Z [INFO] TRADER-001.ExecEngine: config.purge_closed_orders_buffer_mins=None
2026-05-12T17:54:50.767777000Z [INFO] TRADER-001.ExecEngine: config.purge_closed_positions_interval_mins=None
2026-05-12T17:54:50.767778000Z [INFO] TRADER-001.ExecEngine: config.purge_closed_positions_buffer_mins=None
2026-05-12T17:54:50.767779000Z [INFO] TRADER-001.ExecEngine: config.purge_account_events_interval_mins=None
2026-05-12T17:54:50.767781000Z [INFO] TRADER-001.ExecEngine: config.purge_account_events_lookback_mins=None
2026-05-12T17:54:50.767784000Z [INFO] TRADER-001.ExecEngine: config.purge_from_database=False
2026-05-12T17:54:50.767786000Z [INFO] TRADER-001.ExecEngine: config.graceful_shutdown_on_exception=False
2026-05-12T17:54:50.767857000Z [DEBUG] TRADER-001.MessageBus: Added endpoint 'ExecEngine.reconcile_execution_report' <bound method LiveExecutionEngine.reconcile_execution_report of LiveExecutionEngine(ExecEngine)>
2026-05-12T17:54:50.767866000Z [DEBUG] TRADER-001.MessageBus: Added endpoint 'ExecEngine.reconcile_execution_mass_status' <bound method LiveExecutionEngine.reconcile_execution_mass_status of LiveExecutionEngine(ExecEngine)>
2026-05-12T17:54:50.768436000Z [DEBUG] TRADER-001.Cache: Clearing index
2026-05-12T17:54:50.768443000Z [DEBUG] TRADER-001.Cache: Cleared index
2026-05-12T17:54:50.768446000Z [DEBUG] TRADER-001.ExecEngine: clear_index took 0ms
2026-05-12T17:54:50.768623000Z [DEBUG] TRADER-001.Cache: Loading general cache from database
2026-05-12T17:54:50.768822000Z [INFO] TRADER-001.Cache: Cached 0 general objects from database
2026-05-12T17:54:50.768826000Z [DEBUG] TRADER-001.ExecEngine: cache_general took 0ms
2026-05-12T17:54:50.768852000Z [DEBUG] TRADER-001.Cache: Loading currencies from database
2026-05-12T17:54:50.768878000Z [INFO] TRADER-001.Cache: Cached 0 currencies from database
2026-05-12T17:54:50.768885000Z [DEBUG] TRADER-001.ExecEngine: cache_currencies took 0ms
2026-05-12T17:54:50.768886000Z [DEBUG] TRADER-001.Cache: Loading instruments from database
2026-05-12T17:54:50.768887000Z [INFO] TRADER-001.Cache: Cached 0 instruments from database
2026-05-12T17:54:50.768888000Z [DEBUG] TRADER-001.ExecEngine: cache_instruments took 0ms
2026-05-12T17:54:50.768889000Z [DEBUG] TRADER-001.Cache: Loading accounts from database
2026-05-12T17:54:50.768891000Z [INFO] TRADER-001.Cache: Cached 0 accounts from database
2026-05-12T17:54:50.768892000Z [DEBUG] TRADER-001.ExecEngine: cache_accounts took 0ms
2026-05-12T17:54:50.768893000Z [DEBUG] TRADER-001.Cache: Loading orders from database
2026-05-12T17:54:50.768894000Z [INFO] TRADER-001.Cache: Cached 0 orders from database
2026-05-12T17:54:50.768895000Z [DEBUG] TRADER-001.ExecEngine: cache_orders took 0ms
2026-05-12T17:54:50.768896000Z [DEBUG] TRADER-001.Cache: Loading order lists
2026-05-12T17:54:50.768950000Z [INFO] TRADER-001.Cache: Cached 0 order lists from database
2026-05-12T17:54:50.768963000Z [DEBUG] TRADER-001.ExecEngine: cache_order_lists took 0ms
2026-05-12T17:54:50.768965000Z [DEBUG] TRADER-001.Cache: Loading positions from database
2026-05-12T17:54:50.768969000Z [INFO] TRADER-001.Cache: Cached 0 positions from database
2026-05-12T17:54:50.768970000Z [DEBUG] TRADER-001.ExecEngine: cache_positions took 0ms
2026-05-12T17:54:50.768972000Z [DEBUG] TRADER-001.Cache: Building index
2026-05-12T17:54:50.769072000Z [DEBUG] TRADER-001.Cache: Index built in 0.000s
2026-05-12T17:54:50.769076000Z [DEBUG] TRADER-001.ExecEngine: build_index took 1ms
2026-05-12T17:54:50.769103000Z [INFO] TRADER-001.Cache: Checking data integrity
2026-05-12T17:54:50.769273000Z [INFO] TRADER-001.Cache: Integrity check passed in 52μs
2026-05-12T17:54:50.769280000Z [DEBUG] TRADER-001.ExecEngine: check_integrity took 0ms
2026-05-12T17:54:50.769638000Z [DEBUG] TRADER-001.ExecEngine: _set_position_id_counts took 0ms
2026-05-12T17:54:50.769648000Z [INFO] TRADER-001.ExecEngine: Loaded cache in 1ms
2026-05-12T17:54:50.770154000Z [INFO] TRADER-001.OrderEmulator: READY
2026-05-12T17:54:50.770652000Z [DEBUG] TRADER-001.MessageBus: Added endpoint 'OrderEmulator.execute' <bound method OrderEmulator.execute of OrderEmulator(OrderEmulator)>
2026-05-12T17:54:50.770820000Z [INFO] TRADER-001.TRADER-001: READY
2026-05-12T17:54:50.770908000Z [INFO] TRADER-001.TradingNode: Initialized in 17ms
2026-05-12T17:54:50.770931000Z [INFO] TRADER-001.TradingNode: has_cache_backing=False
2026-05-12T17:54:50.770934000Z [INFO] TRADER-001.TradingNode: has_msgbus_backing=False
2026-05-12T17:54:50.771733000Z [INFO] TRADER-001.ApiOrderTestStrategy: READY
2026-05-12T17:54:50.771816000Z [DEBUG] TRADER-001.MessageBus: Added Subscription(topic=events.order.ApiOrderTestStrategy-000, handler=<bound method Strategy.handle_event of ApiOrderTestStrategy(ApiOrderTestStrategy-000)>, priority=0)
2026-05-12T17:54:50.771823000Z [DEBUG] TRADER-001.MessageBus: Added Subscription(topic=events.position.ApiOrderTestStrategy-000, handler=<bound method Strategy.handle_event of ApiOrderTestStrategy(ApiOrderTestStrategy-000)>, priority=0)
2026-05-12T17:54:50.772088000Z [INFO] TRADER-001.ExecEngine: Registered OMS.UNSPECIFIED for Strategy ApiOrderTestStrategy-000
2026-05-12T17:54:50.772096000Z [INFO] TRADER-001.TRADER-001: Registered Strategy ApiOrderTestStrategy-000
2026-05-12T17:54:50.772108000Z [INFO] TRADER-001.TradingNode: Building data client for ETORO_WS_CLIENT
2026-05-12T17:54:50.772140000Z [INFO] TRADER-001.InstrumentProvider: READY
2026-05-12T17:54:50.772815000Z [INFO] TRADER-001.DataClient-ETORO_WS_CLIENT: READY
2026-05-12T17:54:50.773317000Z [INFO] TRADER-001.DataEngine: Registered ETORO_WS_CLIENT
2026-05-12T17:54:50.773373000Z [INFO] TRADER-001.TradingNode: Building execution client for ETORO
2026-05-12T17:54:50.773467000Z [INFO] TRADER-001.InstrumentProvider: READY
2026-05-12T17:54:50.774261000Z [INFO] TRADER-001.ExecClient-ETORO: READY
2026-05-12T17:54:50.774385000Z [INFO] TRADER-001.ExecEngine: Registered ExecutionClient-ETORO
2026-05-12T17:54:50.775737000Z [INFO] TRADER-001.TradingNode: STARTING
2026-05-12T17:54:50.775781000Z [DEBUG] TRADER-001.ApiOrderTestStrategy: Registered <concurrent.futures.thread.ThreadPoolExecutor object at 0x128ee4050>
2026-05-12T17:54:50.775795000Z [DEBUG] TRADER-001.DataEngine: STARTING
2026-05-12T17:54:50.775882000Z [DEBUG] TRADER-001.DataClient-ETORO_WS_CLIENT: STARTING
2026-05-12T17:54:50.775903000Z [INFO] TRADER-001.DataClient-ETORO_WS_CLIENT: RUNNING
2026-05-12T17:54:50.775974000Z [DEBUG] TRADER-001.DataEngine: Scheduled task 'cmd_queue'
2026-05-12T17:54:50.775980000Z [DEBUG] TRADER-001.DataEngine: Scheduled task 'req_queue'
2026-05-12T17:54:50.775981000Z [DEBUG] TRADER-001.DataEngine: Scheduled task 'res_queue'
2026-05-12T17:54:50.775982000Z [DEBUG] TRADER-001.DataEngine: Scheduled task 'data_queue'
2026-05-12T17:54:50.775989000Z [INFO] TRADER-001.DataEngine: RUNNING
2026-05-12T17:54:50.775996000Z [DEBUG] TRADER-001.RiskEngine: STARTING
2026-05-12T17:54:50.776052000Z [DEBUG] TRADER-001.RiskEngine: Scheduled task 'cmd_queue'
2026-05-12T17:54:50.776053000Z [DEBUG] TRADER-001.RiskEngine: Scheduled task 'evt_queue'
2026-05-12T17:54:50.776058000Z [INFO] TRADER-001.RiskEngine: RUNNING
2026-05-12T17:54:50.776063000Z [DEBUG] TRADER-001.ExecEngine: STARTING
2026-05-12T17:54:50.776067000Z [DEBUG] TRADER-001.ExecClient-ETORO: STARTING
2026-05-12T17:54:50.776070000Z [INFO] TRADER-001.ExecClient-ETORO: RUNNING
2026-05-12T17:54:50.776108000Z [DEBUG] TRADER-001.ExecEngine: Scheduled task 'cmd_queue'
2026-05-12T17:54:50.776111000Z [DEBUG] TRADER-001.ExecEngine: Scheduled task 'evt_queue'
2026-05-12T17:54:50.776115000Z [DEBUG] TRADER-001.ExecEngine: Scheduled task 'continuous_reconciliation'
2026-05-12T17:54:50.776117000Z [INFO] TRADER-001.ExecEngine: Started reconciliation task
2026-05-12T17:54:50.776123000Z [INFO] TRADER-001.ExecEngine: RUNNING
2026-05-12T17:54:50.776153000Z [INFO] TRADER-001.DataEngine: Connecting all clients...
2026-05-12T17:54:50.776164000Z [INFO] TRADER-001.DataClient-ETORO_WS_CLIENT: Connecting...
2026-05-12T17:54:50.776170000Z [DEBUG] TRADER-001.DataClient-ETORO_WS_CLIENT: Creating async task '_connect'
2026-05-12T17:54:50.776182000Z [INFO] TRADER-001.ExecEngine: Connecting all clients...
2026-05-12T17:54:50.776185000Z [INFO] TRADER-001.ExecClient-ETORO: Connecting...
2026-05-12T17:54:50.776189000Z [DEBUG] TRADER-001.ExecClient-ETORO: Creating task '_connect'
2026-05-12T17:54:50.776201000Z [INFO] TRADER-001.TradingNode: Awaiting engine connections and initializations (120.0s timeout)...
2026-05-12T17:54:50.776622000Z [DEBUG] TRADER-001.DataEngine: DataCommand message queue processing starting (qsize=0)
2026-05-12T17:54:50.776636000Z [DEBUG] TRADER-001.DataEngine: RequestData message queue processing starting (qsize=0)
2026-05-12T17:54:50.776641000Z [DEBUG] TRADER-001.DataEngine: DataResponse message queue processing starting (qsize=0)
2026-05-12T17:54:50.776644000Z [DEBUG] TRADER-001.DataEngine: Data queue processing starting (qsize=0)
2026-05-12T17:54:50.776648000Z [DEBUG] TRADER-001.RiskEngine: Command message queue processing (qsize=0)
2026-05-12T17:54:50.776652000Z [DEBUG] TRADER-001.RiskEngine: Event message queue processing starting (qsize=0)
2026-05-12T17:54:50.776655000Z [DEBUG] TRADER-001.ExecEngine: Command message queue processing starting (qsize=0)
2026-05-12T17:54:50.776658000Z [DEBUG] TRADER-001.ExecEngine: Event message queue processing starting (qsize=0)
2026-05-12T17:54:50.776676000Z [INFO] TRADER-001.ExecEngine: Starting continuous reconciliation with intervals: inflight=2000ms, consistency=Nones, position=Nones
2026-05-12T17:54:50.776679000Z [INFO] TRADER-001.ExecEngine: Awaiting startup reconciliation completion before starting continuous checks
2026-05-12T17:54:50.805406000Z [INFO] TRADER-001.DataClient-ETORO_WS_CLIENT: WebSocket Verbindungsversuch 1/5 zu wss://ws.etoro.com/ws ...
2026-05-12T17:54:50.873859000Z [INFO] TRADER-001.ExecClient-ETORO: Execution WS connect attempt 1/5 ...
2026-05-12T17:54:51.098791000Z [WARN] TRADER-001.ExecClient-ETORO: Auth response not JSON: b'\x00'
2026-05-12T17:54:51.098829000Z [INFO] TRADER-001.ExecClient-ETORO: Subscribed to trading notification topics.
2026-05-12T17:54:51.098833000Z [DEBUG] TRADER-001.ExecClient-ETORO: Creating task 'exec_ws_loop'
2026-05-12T17:54:51.098839000Z [INFO] TRADER-001.ExecClient-ETORO: Execution WS connected and authenticated.
2026-05-12T17:54:51.304378000Z [INFO] TRADER-001.DataClient-ETORO_WS_CLIENT: WebSocket verbunden. Authentifiziere...
2026-05-12T17:54:51.306696000Z [DEBUG] TRADER-001.Cache: Added currency USD
2026-05-12T17:54:51.306701000Z [DEBUG] TRADER-001.Cache: Added instrument ADA.ETORO
2026-05-12T17:54:51.306741000Z [INFO] TRADER-001.DataClient-ETORO_WS_CLIENT: Instrument registriert: ADA.ETORO [Crypto] price_prec=5, size_prec=0
2026-05-12T17:54:51.317131000Z [INFO] TRADER-001.ExecClient-ETORO: Account balance: credit=0.00 USD  available=0.00 USD
2026-05-12T17:54:51.317796000Z [DEBUG] TRADER-001.Cache: Added Account(id=ETORO-REAL-001)
2026-05-12T17:54:51.317800000Z [DEBUG] TRADER-001.Cache: Indexed AccountId('ETORO-REAL-001')
2026-05-12T17:54:51.317827000Z [INFO] TRADER-001.Portfolio: Updated AccountState(account_id=ETORO-REAL-001, account_type=MARGIN, base_currency=USD, is_reported=False, balances=[AccountBalance(total=0.00 USD, locked=0.00 USD, free=0.00 USD)], margins=[], event_id=7dee7540-a190-4a56-b0bd-b6f093d3c32a)
2026-05-12T17:54:51.317881000Z [INFO] TRADER-001.ExecClient-ETORO: Connected
2026-05-12T17:54:51.370056000Z [INFO] TRADER-001.DataClient-ETORO_WS_CLIENT: Auth-Antwort: {'id': 'fcbf2b9f-0fd2-439c-b6e6-dfe853e9b4a7', 'success': True, 'operation': 'Authenticate'}
2026-05-12T17:54:51.370202000Z [INFO] TRADER-001.DataClient-ETORO_WS_CLIENT: Abonniert: ['instrument:100017']
2026-05-12T17:54:51.370210000Z [DEBUG] TRADER-001.DataClient-ETORO_WS_CLIENT: Creating async task 'message_loop'
2026-05-12T17:54:51.370290000Z [DEBUG] TRADER-001.DataClient-ETORO_WS_CLIENT: Coroutine '_connect' completed
2026-05-12T17:54:51.370297000Z [INFO] TRADER-001.DataClient-ETORO_WS_CLIENT: Connected
2026-05-12T17:54:51.370330000Z [INFO] TRADER-001.TradingNode: Awaiting execution state reconciliation (30.0s timeout)...
2026-05-12T17:54:51.370385000Z [INFO] TRADER-001.ExecClient-ETORO: Generating ExecutionMassStatus...
2026-05-12T17:54:51.371932000Z [WARN] TRADER-001.ExecClient-ETORO: generate_order_status_reports: Kein Query-Endpoint verfügbar. Gebe leere Liste zurück.
2026-05-12T17:54:51.372032000Z [DEBUG] TRADER-001.ExecEngine: <--[RPT] ExecutionMassStatus(client_id=ETORO, account_id=ETORO-REAL-001, venue=ETORO, order_reports={}, fill_reports={}, position_reports={}, report_id=33a975e4-6900-473e-9964-ff89e0151bb7, ts_init=1778608491370394000)
2026-05-12T17:54:51.372036000Z [INFO] TRADER-001.ExecEngine: Reconciling ExecutionMassStatus for ETORO
2026-05-12T17:54:51.372041000Z [INFO] TRADER-001.ExecEngine: Attempting to adjust fills for 0 instruments
2026-05-12T17:54:51.372552000Z [INFO] TRADER-001.ExecEngine: Updating adjusted fills for 0 instruments
2026-05-12T17:54:51.372555000Z [INFO] TRADER-001.ExecEngine: Final order_reports contains 0 orders, fill_reports contains 0 fills across all instruments
2026-05-12T17:54:51.372590000Z [DEBUG] TRADER-001.ExecEngine: Reconciliation state validation passed for 0 order(s)
2026-05-12T17:54:51.372614000Z [INFO] TRADER-001.ExecEngine: Reconciliation for ETORO succeeded
2026-05-12T17:54:51.372622000Z [INFO] TRADER-001.TradingNode: Execution state reconciled
2026-05-12T17:54:51.372630000Z [DEBUG] TRADER-001.OrderEmulator: STARTING
2026-05-12T17:54:51.372779000Z [INFO] TRADER-001.OrderEmulator: No emulated orders to reactivate
2026-05-12T17:54:51.372795000Z [INFO] TRADER-001.OrderEmulator: RUNNING
2026-05-12T17:54:51.372943000Z [INFO] TRADER-001.Portfolio: Initialized 0 open orders
2026-05-12T17:54:51.372947000Z [INFO] TRADER-001.Portfolio: Initialized 0 open positions
2026-05-12T17:54:51.372950000Z [INFO] TRADER-001.TradingNode: Awaiting portfolio initialization (10.0s timeout)...
2026-05-12T17:54:51.373004000Z [INFO] TRADER-001.ExecEngine: Startup reconciliation completed
2026-05-12T17:54:51.373007000Z [INFO] TRADER-001.ExecEngine: Applying post-reconciliation startup delay (10.0s)
2026-05-12T17:54:51.373036000Z [INFO] TRADER-001.TradingNode: Portfolio initialized
2026-05-12T17:54:51.373042000Z [DEBUG] TRADER-001.TRADER-001: STARTING
2026-05-12T17:54:51.373049000Z [DEBUG] TRADER-001.ApiOrderTestStrategy: STARTING
2026-05-12T17:54:51.373202000Z [INFO] TRADER-001.ApiOrderTestStrategy: self.config.oms_type=None
2026-05-12T17:54:51.373205000Z [INFO] TRADER-001.ApiOrderTestStrategy: self.config.external_order_claims=None
2026-05-12T17:54:51.373206000Z [INFO] TRADER-001.ApiOrderTestStrategy: self.config.manage_gtd_expiry=False
2026-05-12T17:54:51.373254000Z [INFO] TRADER-001.ApiOrderTestStrategy: Set ClientOrderIdGenerator client_order_id count to 0
2026-05-12T17:54:51.373255000Z [INFO] TRADER-001.ApiOrderTestStrategy: Set ClientOrderIdGenerator order_list_id count to 0
2026-05-12T17:54:51.373285000Z [INFO] TRADER-001.ApiOrderTestStrategy: Test gestartet. Warte auf ersten Tick für ADA.ETORO ...
2026-05-12T17:54:51.373575000Z [DEBUG] TRADER-001.MessageBus: Added Subscription(topic=data.quotes.ETORO.ADA, handler=<bound method Actor.handle_quote_tick of ApiOrderTestStrategy(ApiOrderTestStrategy-000)>, priority=0)
2026-05-12T17:54:51.373801000Z [INFO] TRADER-001.ApiOrderTestStrategy: [CMD]--> SubscribeQuoteTicks(instrument_id=ADA.ETORO, client_id=None, venue=ETORO)
2026-05-12T17:54:51.373853000Z [INFO] TRADER-001.ApiOrderTestStrategy: RUNNING
2026-05-12T17:54:51.373864000Z [INFO] TRADER-001.TRADER-001: RUNNING
2026-05-12T17:54:51.373869000Z [INFO] TRADER-001.TradingNode: RUNNING
2026-05-12T17:54:51.374365000Z [DEBUG] TRADER-001.DataClient-ETORO_WS_CLIENT: Creating async task 'subscribe: quote_ticks ADA.ETORO'
2026-05-12T17:54:51.374409000Z [DEBUG] TRADER-001.DataClient-ETORO_WS_CLIENT: Coroutine 'subscribe: quote_ticks ADA.ETORO' completed
2026-05-12T17:54:51.374414000Z [INFO] TRADER-001.DataClient-ETORO_WS_CLIENT: Subscribed ADA.ETORO quotes
2026-05-12T17:54:51.412703000Z [INFO] TRADER-001.DataClient-ETORO_WS_CLIENT: Snapshot ADA.ETORO: MarketOpen=True, AllowBuy=True
2026-05-12T17:54:51.414002000Z [INFO] TRADER-001.ApiOrderTestStrategy: Sende BUY: 41 Units @ Ask 0.27070 (~11.0 USD)
2026-05-12T17:54:51.414634000Z [INFO] TRADER-001.ApiOrderTestStrategy: <--[EVT] OrderInitialized(instrument_id=ADA.ETORO, client_order_id=O-20260512-175451-001-000-1, side=BUY, type=MARKET, quantity=41, time_in_force=GTC, post_only=False, reduce_only=False, quote_quantity=False, options={}, emulation_trigger=NO_TRIGGER, trigger_instrument_id=None, contingency_type=NO_CONTINGENCY, order_list_id=None, linked_order_ids=None, parent_order_id=None, exec_algorithm_id=None, exec_algorithm_params=None, exec_spawn_id=None, tags=None)
2026-05-12T17:54:51.414819000Z [DEBUG] TRADER-001.Cache: Added MarketOrder(BUY 41 ADA.ETORO MARKET GTC, status=INITIALIZED, client_order_id=O-20260512-175451-001-000-1, venue_order_id=None, position_id=None, tags=None)
2026-05-12T17:54:51.414984000Z [INFO] TRADER-001.ApiOrderTestStrategy: [CMD]--> [Risk] SubmitOrder(order=MarketOrder(BUY 41 ADA.ETORO MARKET GTC, status=INITIALIZED, client_order_id=O-20260512-175451-001-000-1, venue_order_id=None, position_id=None, tags=None), position_id=None)
2026-05-12T17:54:51.415238000Z [DEBUG] TRADER-001.ExecEngine: Routed by instrument venue: ETORO
2026-05-12T17:54:51.415269000Z [INFO] TRADER-001.ExecClient-ETORO: Submit MarketOrder(BUY 41 ADA.ETORO MARKET GTC, status=INITIALIZED, client_order_id=O-20260512-175451-001-000-1, venue_order_id=None, position_id=None, tags=None)
2026-05-12T17:54:51.415278000Z [DEBUG] TRADER-001.ExecClient-ETORO: Creating task 'submit_order: SubmitOrder(order=MarketOrder(BUY 41 ADA.ETORO MARKET GTC, status=INITIALIZED, client_order_id=O-20260512-175451-001-000-1, venue_order_id=None, position_id=None, tags=None), position_id=None)'
