2026-05-12T17:43:52.281525000Z [INFO] TRADER-001.TradingNode: =================================================================
2026-05-12T17:43:52.281533000Z [INFO] TRADER-001.TradingNode:  NAUTILUS TRADER - Automated Algorithmic Trading Platform
2026-05-12T17:43:52.281534000Z [INFO] TRADER-001.TradingNode:  by Nautech Systems Pty Ltd.
2026-05-12T17:43:52.281534001Z [INFO] TRADER-001.TradingNode:  Copyright (C) 2015-2026. All rights reserved.
2026-05-12T17:43:52.281534002Z [INFO] TRADER-001.TradingNode: =================================================================
2026-05-12T17:43:52.281535000Z [INFO] TRADER-001.TradingNode: 
2026-05-12T17:43:52.281535001Z [INFO] TRADER-001.TradingNode: ⠀⠀⠀⠀⠀⠀⠀⠀⠀⠀⠀⠀⠀⣠⣴⣶⡟⠀⠀⠀⠀⠀⠀⠀⠀⠀⠀⠀⠀⠀⠀
2026-05-12T17:43:52.281535002Z [INFO] TRADER-001.TradingNode: ⠀⠀⠀⠀⠀⠀⠀⠀⠀⠀⠀⣰⣾⣿⣿⣿⠀⢸⣿⣿⣿⣿⣶⣶⣤⣀⠀⠀⠀⠀⠀
2026-05-12T17:43:52.281536000Z [INFO] TRADER-001.TradingNode: ⠀⠀⠀⠀⠀⠀⢀⣴⡇⢀⣾⣿⣿⣿⣿⣿⠀⣾⣿⣿⣿⣿⣿⣿⣿⠿⠓⠀⠀⠀⠀
2026-05-12T17:43:52.281536001Z [INFO] TRADER-001.TradingNode: ⠀⠀⠀⠀⠀⣰⣿⣿⡀⢸⣿⣿⣿⣿⣿⣿⠀⣿⣿⣿⣿⣿⣿⠟⠁⣠⣄⠀⠀⠀⠀
2026-05-12T17:43:52.281536002Z [INFO] TRADER-001.TradingNode: ⠀⠀⠀⠀⢠⣿⣿⣿⣇⠀⢿⣿⣿⣿⣿⣿⠀⢻⣿⣿⣿⡿⢃⣠⣾⣿⣿⣧⡀⠀⠀
2026-05-12T17:43:52.281536003Z [INFO] TRADER-001.TradingNode: ⠀⠀⠀⠠⣾⣿⣿⣿⣿⣿⣧⠈⠋⢀⣴⣧⠀⣿⡏⢠⡀⢸⣿⣿⣿⣿⣿⣿⣿⡇⠀
2026-05-12T17:43:52.281536004Z [INFO] TRADER-001.TradingNode: ⠀⠀⠀⣀⠙⢿⣿⣿⣿⣿⣿⠇⢠⣿⣿⣿⡄⠹⠃⠼⠃⠈⠉⠛⠛⠛⠛⠛⠻⠇⠀
2026-05-12T17:43:52.281537000Z [INFO] TRADER-001.TradingNode: ⠀⠀⢸⡟⢠⣤⠉⠛⠿⢿⣿⠀⢸⣿⡿⠋⣠⣤⣄⠀⣾⣿⣿⣶⣶⣶⣦⡄⠀⠀⠀
2026-05-12T17:43:52.281537001Z [INFO] TRADER-001.TradingNode: ⠀⠀⠸⠀⣾⠏⣸⣷⠂⣠⣤⠀⠘⢁⣴⣾⣿⣿⣿⡆⠘⣿⣿⣿⣿⣿⣿⠀⠀⠀⠀
2026-05-12T17:43:52.281537002Z [INFO] TRADER-001.TradingNode: ⠀⠀⠀⠀⠛⠀⣿⡟⠀⢻⣿⡄⠸⣿⣿⣿⣿⣿⣿⣿⡀⠘⣿⣿⣿⣿⠟⠀⠀⠀⠀
2026-05-12T17:43:52.281537003Z [INFO] TRADER-001.TradingNode: ⠀⠀⠀⠀⠀⠀⣿⠇⠀⠀⢻⡿⠀⠈⠻⣿⣿⣿⣿⣿⡇⠀⢹⣿⠿⠋⠀⠀⠀⠀⠀
2026-05-12T17:43:52.281538000Z [INFO] TRADER-001.TradingNode: ⠀⠀⠀⠀⠀⠀⠋⠀⠀⠀⡘⠁⠀⠀⠀⠀⠀⠀⠀⠀⠀⠀⠈⠁⠀⠀⠀⠀⠀⠀⠀
2026-05-12T17:43:52.281538001Z [INFO] TRADER-001.TradingNode: 
2026-05-12T17:43:52.281538002Z [INFO] TRADER-001.TradingNode: =================================================================
2026-05-12T17:43:52.281538003Z [INFO] TRADER-001.TradingNode:  SYSTEM SPECIFICATION
2026-05-12T17:43:52.281539000Z [INFO] TRADER-001.TradingNode: =================================================================
2026-05-12T17:43:52.281539001Z [INFO] TRADER-001.TradingNode: CPU architecture: Apple M1
2026-05-12T17:43:52.281540000Z [INFO] TRADER-001.TradingNode: CPU(s): 8 @ 3204 MHz
2026-05-12T17:43:52.281541000Z [INFO] TRADER-001.TradingNode: OS: kernel-25.4.0 macOS 26.4.1
2026-05-12T17:43:52.281564000Z [INFO] TRADER-001.TradingNode: =================================================================
2026-05-12T17:43:52.281565000Z [INFO] TRADER-001.TradingNode:  MEMORY USAGE
2026-05-12T17:43:52.281565001Z [INFO] TRADER-001.TradingNode: =================================================================
2026-05-12T17:43:52.281569000Z [INFO] TRADER-001.TradingNode: RAM-Total: 16.00 GiB
2026-05-12T17:43:52.281571000Z [INFO] TRADER-001.TradingNode: RAM-Used: 10.11 GiB (63.22%)
2026-05-12T17:43:52.281572000Z [INFO] TRADER-001.TradingNode: RAM-Avail: 5.89 GiB (36.78%)
2026-05-12T17:43:52.281573000Z [INFO] TRADER-001.TradingNode: Swap: disabled
2026-05-12T17:43:52.281582000Z [INFO] TRADER-001.TradingNode: =================================================================
2026-05-12T17:43:52.281582001Z [INFO] TRADER-001.TradingNode:  IDENTIFIERS
2026-05-12T17:43:52.281583000Z [INFO] TRADER-001.TradingNode: =================================================================
2026-05-12T17:43:52.281583001Z [INFO] TRADER-001.TradingNode: trader_id: TRADER-001
2026-05-12T17:43:52.281584000Z [INFO] TRADER-001.TradingNode: machine_id: MacBook-Air-von-John.local
2026-05-12T17:43:52.281585000Z [INFO] TRADER-001.TradingNode: instance_id: ac766607-49b7-4935-acde-16924b3f582f
2026-05-12T17:43:52.281585001Z [INFO] TRADER-001.TradingNode: PID: 5396
2026-05-12T17:43:52.281586000Z [INFO] TRADER-001.TradingNode: =================================================================
2026-05-12T17:43:52.281586001Z [INFO] TRADER-001.TradingNode:  VERSIONING
2026-05-12T17:43:52.281586002Z [INFO] TRADER-001.TradingNode: =================================================================
2026-05-12T17:43:52.281608000Z [INFO] TRADER-001.TradingNode: nautilus_trader: 1.226.0
2026-05-12T17:43:52.281614000Z [INFO] TRADER-001.TradingNode: python: 3.14.4
2026-05-12T17:43:52.281617000Z [INFO] TRADER-001.TradingNode: numpy: 2.4.4
2026-05-12T17:43:52.281620000Z [INFO] TRADER-001.TradingNode: pandas: 2.3.3
2026-05-12T17:43:52.281622000Z [INFO] TRADER-001.TradingNode: msgspec: 0.21.1
2026-05-12T17:43:52.281624000Z [INFO] TRADER-001.TradingNode: pyarrow: 24.0.0
2026-05-12T17:43:52.281626000Z [INFO] TRADER-001.TradingNode: pytz: 2026.2
2026-05-12T17:43:52.281627000Z [INFO] TRADER-001.TradingNode: uvloop: 0.22.1
2026-05-12T17:43:52.281628000Z [INFO] TRADER-001.TradingNode: =================================================================
2026-05-12T17:43:52.281640000Z [INFO] TRADER-001.TradingNode: Building system kernel
2026-05-12T17:43:52.281818000Z [DEBUG] TRADER-001.TradingNode: Event loop signal handling setup for (<Signals.SIGTERM: 15>, <Signals.SIGINT: 2>, <Signals.SIGABRT: 6>)
2026-05-12T17:43:52.281845000Z [INFO] TRADER-001.MessageBus: config.database=None
2026-05-12T17:43:52.281847000Z [INFO] TRADER-001.MessageBus: config.encoding='msgpack'
2026-05-12T17:43:52.281847001Z [INFO] TRADER-001.MessageBus: config.timestamps_as_iso8601=False
2026-05-12T17:43:52.281848000Z [INFO] TRADER-001.MessageBus: config.buffer_interval_ms=None
2026-05-12T17:43:52.281849000Z [INFO] TRADER-001.MessageBus: config.autotrim_mins=None
2026-05-12T17:43:52.281850000Z [INFO] TRADER-001.MessageBus: config.use_trader_prefix=True
2026-05-12T17:43:52.281850001Z [INFO] TRADER-001.MessageBus: config.use_trader_id=True
2026-05-12T17:43:52.281851000Z [INFO] TRADER-001.MessageBus: config.use_instance_id=False
2026-05-12T17:43:52.281852000Z [INFO] TRADER-001.MessageBus: config.streams_prefix='stream'
2026-05-12T17:43:52.281853000Z [INFO] TRADER-001.MessageBus: config.types_filter=None
2026-05-12T17:43:52.281883000Z [DEBUG] TRADER-001.MessageBus: Added Subscription(topic=commands.system.shutdown, handler=<bound method NautilusKernel._on_shutdown_system of <nautilus_trader.system.kernel.NautilusKernel object at 0x128590050>>, priority=0)
2026-05-12T17:43:52.281902000Z [INFO] TRADER-001.Cache: READY
2026-05-12T17:43:52.282450000Z [DEBUG] TRADER-001.MessageBus: Added endpoint 'Portfolio.update_account' <bound method Portfolio.update_account of <nautilus_trader.portfolio.portfolio.Portfolio object at 0x128527440>>
2026-05-12T17:43:52.282456000Z [DEBUG] TRADER-001.MessageBus: Added endpoint 'Portfolio.update_order' <bound method Portfolio.update_order of <nautilus_trader.portfolio.portfolio.Portfolio object at 0x128527440>>
2026-05-12T17:43:52.282458000Z [DEBUG] TRADER-001.MessageBus: Added endpoint 'Portfolio.update_position' <bound method Portfolio.update_position of <nautilus_trader.portfolio.portfolio.Portfolio object at 0x128527440>>
2026-05-12T17:43:52.282467000Z [DEBUG] TRADER-001.MessageBus: Added Subscription(topic=events.order.*, handler=<bound method Portfolio.on_order_event of <nautilus_trader.portfolio.portfolio.Portfolio object at 0x128527440>>, priority=10)
2026-05-12T17:43:52.282472000Z [DEBUG] TRADER-001.MessageBus: Added Subscription(topic=events.position.*, handler=<bound method Portfolio.on_position_event of <nautilus_trader.portfolio.portfolio.Portfolio object at 0x128527440>>, priority=10)
2026-05-12T17:43:52.282476000Z [DEBUG] TRADER-001.MessageBus: Added Subscription(topic=data.quotes.*, handler=<bound method Portfolio.update_quote_tick of <nautilus_trader.portfolio.portfolio.Portfolio object at 0x128527440>>, priority=10)
2026-05-12T17:43:52.282481000Z [DEBUG] TRADER-001.MessageBus: Added Subscription(topic=data.bars.*EXTERNAL, handler=<bound method Portfolio.update_bar of <nautilus_trader.portfolio.portfolio.Portfolio object at 0x128527440>>, priority=10)
2026-05-12T17:43:52.282561000Z [INFO] TRADER-001.DataEngine: READY
2026-05-12T17:43:52.282626000Z [DEBUG] TRADER-001.MessageBus: Added endpoint 'DataEngine.execute' <bound method LiveDataEngine.execute of LiveDataEngine(DataEngine)>
2026-05-12T17:43:52.282630000Z [DEBUG] TRADER-001.MessageBus: Added endpoint 'DataEngine.process' <bound method LiveDataEngine.process of LiveDataEngine(DataEngine)>
2026-05-12T17:43:52.282631000Z [DEBUG] TRADER-001.MessageBus: Added endpoint 'DataEngine.request' <bound method LiveDataEngine.request of LiveDataEngine(DataEngine)>
2026-05-12T17:43:52.282633000Z [DEBUG] TRADER-001.MessageBus: Added endpoint 'DataEngine.response' <bound method LiveDataEngine.response of LiveDataEngine(DataEngine)>
2026-05-12T17:43:52.282634000Z [DEBUG] TRADER-001.MessageBus: Added endpoint 'DataEngine.process_historical' <bound method DataEngine.process_historical of LiveDataEngine(DataEngine)>
2026-05-12T17:43:52.282679000Z [INFO] TRADER-001.DataEngine: config.graceful_shutdown_on_exception=False
2026-05-12T17:43:52.282720000Z [INFO] TRADER-001.RiskEngine: READY
2026-05-12T17:43:52.282754000Z [INFO] TRADER-001.RiskEngine: TradingState is ACTIVE
2026-05-12T17:43:52.282808000Z [INFO] TRADER-001.Throttler-ORDER_SUBMIT_THROTTLER: READY
2026-05-12T17:43:52.282834000Z [INFO] TRADER-001.RiskEngine: Set MAX_ORDER_SUBMIT_RATE: 100/00:00:01
2026-05-12T17:43:52.282862000Z [INFO] TRADER-001.Throttler-ORDER_MODIFY_THROTTLER: READY
2026-05-12T17:43:52.282874000Z [INFO] TRADER-001.RiskEngine: Set MAX_ORDER_MODIFY_RATE: 100/00:00:01
2026-05-12T17:43:52.282878000Z [DEBUG] TRADER-001.MessageBus: Added endpoint 'RiskEngine.execute' <bound method LiveRiskEngine.execute of LiveRiskEngine(RiskEngine)>
2026-05-12T17:43:52.282879000Z [DEBUG] TRADER-001.MessageBus: Added endpoint 'RiskEngine.process' <bound method LiveRiskEngine.process of LiveRiskEngine(RiskEngine)>
2026-05-12T17:43:52.282885000Z [DEBUG] TRADER-001.MessageBus: Added Subscription(topic=events.order.*, handler=<bound method RiskEngine._handle_event of LiveRiskEngine(RiskEngine)>, priority=10)
2026-05-12T17:43:52.282888000Z [DEBUG] TRADER-001.MessageBus: Added Subscription(topic=events.position.*, handler=<bound method RiskEngine._handle_event of LiveRiskEngine(RiskEngine)>, priority=10)
2026-05-12T17:43:52.282906000Z [INFO] TRADER-001.RiskEngine: config.graceful_shutdown_on_exception=False
2026-05-12T17:43:52.282958000Z [INFO] TRADER-001.ExecEngine: READY
2026-05-12T17:43:52.282984000Z [INFO] TRADER-001.ExecEngine: config.snapshot_orders=False
2026-05-12T17:43:52.282987000Z [INFO] TRADER-001.ExecEngine: config.snapshot_positions=False
2026-05-12T17:43:52.282988000Z [INFO] TRADER-001.ExecEngine: config.snapshot_positions_interval_secs=None
2026-05-12T17:43:52.282989000Z [INFO] TRADER-001.ExecEngine: config.allow_overfills=False
2026-05-12T17:43:52.282992000Z [DEBUG] TRADER-001.MessageBus: Added endpoint 'ExecEngine.execute' <bound method LiveExecutionEngine.execute of LiveExecutionEngine(ExecEngine)>
2026-05-12T17:43:52.282994000Z [DEBUG] TRADER-001.MessageBus: Added endpoint 'ExecEngine.process' <bound method LiveExecutionEngine.process of LiveExecutionEngine(ExecEngine)>
2026-05-12T17:43:52.283027000Z [INFO] TRADER-001.ExecEngine: config.reconciliation=True
2026-05-12T17:43:52.283029000Z [INFO] TRADER-001.ExecEngine: config.reconciliation_lookback_mins=None
2026-05-12T17:43:52.283030000Z [INFO] TRADER-001.ExecEngine: config.reconciliation_instrument_ids=None
2026-05-12T17:43:52.283031000Z [INFO] TRADER-001.ExecEngine: config.filter_unclaimed_external_orders=False
2026-05-12T17:43:52.283031001Z [INFO] TRADER-001.ExecEngine: config.filter_position_reports=False
2026-05-12T17:43:52.283032000Z [INFO] TRADER-001.ExecEngine: config.filtered_client_order_ids=None
2026-05-12T17:43:52.283033000Z [INFO] TRADER-001.ExecEngine: config.inflight_check_interval_ms=2000
2026-05-12T17:43:52.283034000Z [INFO] TRADER-001.ExecEngine: config.inflight_check_threshold_ms=5000
2026-05-12T17:43:52.283035000Z [INFO] TRADER-001.ExecEngine: config.inflight_check_retries=5
2026-05-12T17:43:52.283035001Z [INFO] TRADER-001.ExecEngine: config.own_books_audit_interval_secs=None
2026-05-12T17:43:52.283036000Z [INFO] TRADER-001.ExecEngine: config.open_check_interval_secs=None
2026-05-12T17:43:52.283037000Z [INFO] TRADER-001.ExecEngine: config.open_check_open_only=True
2026-05-12T17:43:52.283037001Z [INFO] TRADER-001.ExecEngine: config.open_check_lookback_mins=60
2026-05-12T17:43:52.283038000Z [INFO] TRADER-001.ExecEngine: config.open_check_threshold_ms=5000
2026-05-12T17:43:52.283039000Z [INFO] TRADER-001.ExecEngine: config.open_check_missing_retries=5
2026-05-12T17:43:52.283040000Z [INFO] TRADER-001.ExecEngine: config.max_single_order_queries_per_cycle=10
2026-05-12T17:43:52.283040001Z [INFO] TRADER-001.ExecEngine: config.single_order_query_delay_ms=100
2026-05-12T17:43:52.283041000Z [INFO] TRADER-001.ExecEngine: config.position_check_interval_secs=None
2026-05-12T17:43:52.283042000Z [INFO] TRADER-001.ExecEngine: config.position_check_lookback_mins=60
2026-05-12T17:43:52.283043000Z [INFO] TRADER-001.ExecEngine: config.position_check_threshold_ms=5000
2026-05-12T17:43:52.283043001Z [INFO] TRADER-001.ExecEngine: config.position_check_retries=3
2026-05-12T17:43:52.283045000Z [INFO] TRADER-001.ExecEngine: config.reconciliation_startup_delay_secs=10.0
2026-05-12T17:43:52.283046000Z [INFO] TRADER-001.ExecEngine: config.purge_closed_orders_interval_mins=None
2026-05-12T17:43:52.283047000Z [INFO] TRADER-001.ExecEngine: config.purge_closed_orders_buffer_mins=None
2026-05-12T17:43:52.283048000Z [INFO] TRADER-001.ExecEngine: config.purge_closed_positions_interval_mins=None
2026-05-12T17:43:52.283048001Z [INFO] TRADER-001.ExecEngine: config.purge_closed_positions_buffer_mins=None
2026-05-12T17:43:52.283049000Z [INFO] TRADER-001.ExecEngine: config.purge_account_events_interval_mins=None
2026-05-12T17:43:52.283050000Z [INFO] TRADER-001.ExecEngine: config.purge_account_events_lookback_mins=None
2026-05-12T17:43:52.283051000Z [INFO] TRADER-001.ExecEngine: config.purge_from_database=False
2026-05-12T17:43:52.283051001Z [INFO] TRADER-001.ExecEngine: config.graceful_shutdown_on_exception=False
2026-05-12T17:43:52.283060000Z [DEBUG] TRADER-001.MessageBus: Added endpoint 'ExecEngine.reconcile_execution_report' <bound method LiveExecutionEngine.reconcile_execution_report of LiveExecutionEngine(ExecEngine)>
2026-05-12T17:43:52.283062000Z [DEBUG] TRADER-001.MessageBus: Added endpoint 'ExecEngine.reconcile_execution_mass_status' <bound method LiveExecutionEngine.reconcile_execution_mass_status of LiveExecutionEngine(ExecEngine)>
2026-05-12T17:43:52.283077000Z [DEBUG] TRADER-001.Cache: Clearing index
2026-05-12T17:43:52.283078000Z [DEBUG] TRADER-001.Cache: Cleared index
2026-05-12T17:43:52.283080000Z [DEBUG] TRADER-001.ExecEngine: clear_index took 0ms
2026-05-12T17:43:52.283085000Z [DEBUG] TRADER-001.Cache: Loading general cache from database
2026-05-12T17:43:52.283089000Z [INFO] TRADER-001.Cache: Cached 0 general objects from database
2026-05-12T17:43:52.283090000Z [DEBUG] TRADER-001.ExecEngine: cache_general took 0ms
2026-05-12T17:43:52.283093000Z [DEBUG] TRADER-001.Cache: Loading currencies from database
2026-05-12T17:43:52.283095000Z [INFO] TRADER-001.Cache: Cached 0 currencies from database
2026-05-12T17:43:52.283097000Z [DEBUG] TRADER-001.ExecEngine: cache_currencies took 0ms
2026-05-12T17:43:52.283098000Z [DEBUG] TRADER-001.Cache: Loading instruments from database
2026-05-12T17:43:52.283098001Z [INFO] TRADER-001.Cache: Cached 0 instruments from database
2026-05-12T17:43:52.283100000Z [DEBUG] TRADER-001.ExecEngine: cache_instruments took 0ms
2026-05-12T17:43:52.283100001Z [DEBUG] TRADER-001.Cache: Loading accounts from database
2026-05-12T17:43:52.283101000Z [INFO] TRADER-001.Cache: Cached 0 accounts from database
2026-05-12T17:43:52.283102000Z [DEBUG] TRADER-001.ExecEngine: cache_accounts took 0ms
2026-05-12T17:43:52.283103000Z [DEBUG] TRADER-001.Cache: Loading orders from database
2026-05-12T17:43:52.283104000Z [INFO] TRADER-001.Cache: Cached 0 orders from database
2026-05-12T17:43:52.283105000Z [DEBUG] TRADER-001.ExecEngine: cache_orders took 0ms
2026-05-12T17:43:52.283106000Z [DEBUG] TRADER-001.Cache: Loading order lists
2026-05-12T17:43:52.283107000Z [INFO] TRADER-001.Cache: Cached 0 order lists from database
2026-05-12T17:43:52.283108000Z [DEBUG] TRADER-001.ExecEngine: cache_order_lists took 0ms
2026-05-12T17:43:52.283109000Z [DEBUG] TRADER-001.Cache: Loading positions from database
2026-05-12T17:43:52.283110000Z [INFO] TRADER-001.Cache: Cached 0 positions from database
2026-05-12T17:43:52.283111000Z [DEBUG] TRADER-001.ExecEngine: cache_positions took 0ms
2026-05-12T17:43:52.283112000Z [DEBUG] TRADER-001.Cache: Building index
2026-05-12T17:43:52.283119000Z [DEBUG] TRADER-001.Cache: Index built in 0.000s
2026-05-12T17:43:52.283120000Z [DEBUG] TRADER-001.ExecEngine: build_index took 0ms
2026-05-12T17:43:52.283124000Z [INFO] TRADER-001.Cache: Checking data integrity
2026-05-12T17:43:52.283135000Z [INFO] TRADER-001.Cache: Integrity check passed in 9μs
2026-05-12T17:43:52.283136000Z [DEBUG] TRADER-001.ExecEngine: check_integrity took 0ms
2026-05-12T17:43:52.283148000Z [DEBUG] TRADER-001.ExecEngine: _set_position_id_counts took 0ms
2026-05-12T17:43:52.283150000Z [INFO] TRADER-001.ExecEngine: Loaded cache in 0ms
2026-05-12T17:43:52.283197000Z [INFO] TRADER-001.OrderEmulator: READY
2026-05-12T17:43:52.283232000Z [DEBUG] TRADER-001.MessageBus: Added endpoint 'OrderEmulator.execute' <bound method OrderEmulator.execute of OrderEmulator(OrderEmulator)>
2026-05-12T17:43:52.283247000Z [INFO] TRADER-001.TRADER-001: READY
2026-05-12T17:43:52.283270000Z [INFO] TRADER-001.TradingNode: Initialized in 2ms
2026-05-12T17:43:52.283281000Z [INFO] TRADER-001.TradingNode: has_cache_backing=False
2026-05-12T17:43:52.283282000Z [INFO] TRADER-001.TradingNode: has_msgbus_backing=False
2026-05-12T17:43:52.283382000Z [INFO] TRADER-001.ApiOrderTestStrategy: READY
2026-05-12T17:43:52.283417000Z [DEBUG] TRADER-001.MessageBus: Added Subscription(topic=events.order.ApiOrderTestStrategy-000, handler=<bound method Strategy.handle_event of ApiOrderTestStrategy(ApiOrderTestStrategy-000)>, priority=0)
2026-05-12T17:43:52.283424000Z [DEBUG] TRADER-001.MessageBus: Added Subscription(topic=events.position.ApiOrderTestStrategy-000, handler=<bound method Strategy.handle_event of ApiOrderTestStrategy(ApiOrderTestStrategy-000)>, priority=0)
2026-05-12T17:43:52.283434000Z [INFO] TRADER-001.ExecEngine: Registered OMS.UNSPECIFIED for Strategy ApiOrderTestStrategy-000
2026-05-12T17:43:52.283437000Z [INFO] TRADER-001.TRADER-001: Registered Strategy ApiOrderTestStrategy-000
2026-05-12T17:43:52.283443000Z [INFO] TRADER-001.TradingNode: Building data client for ETORO_WS_CLIENT
2026-05-12T17:43:52.283460000Z [INFO] TRADER-001.InstrumentProvider: READY
2026-05-12T17:43:52.283497000Z [INFO] TRADER-001.DataClient-ETORO_WS_CLIENT: READY
2026-05-12T17:43:52.283530000Z [INFO] TRADER-001.DataEngine: Registered ETORO_WS_CLIENT
2026-05-12T17:43:52.283538000Z [INFO] TRADER-001.TradingNode: Building execution client for ETORO
2026-05-12T17:43:52.283553000Z [INFO] TRADER-001.InstrumentProvider: READY
2026-05-12T17:43:52.283584000Z [INFO] TRADER-001.ExecClient-ETORO: READY
2026-05-12T17:43:52.283641000Z [INFO] TRADER-001.ExecEngine: Registered ExecutionClient-ETORO
2026-05-12T17:43:52.284177000Z [INFO] TRADER-001.TradingNode: STARTING
2026-05-12T17:43:52.284208000Z [DEBUG] TRADER-001.ApiOrderTestStrategy: Registered <concurrent.futures.thread.ThreadPoolExecutor object at 0x1285901a0>
2026-05-12T17:43:52.284218000Z [DEBUG] TRADER-001.DataEngine: STARTING
2026-05-12T17:43:52.284223000Z [DEBUG] TRADER-001.DataClient-ETORO_WS_CLIENT: STARTING
2026-05-12T17:43:52.284234000Z [INFO] TRADER-001.DataClient-ETORO_WS_CLIENT: RUNNING
2026-05-12T17:43:52.284257000Z [DEBUG] TRADER-001.DataEngine: Scheduled task 'cmd_queue'
2026-05-12T17:43:52.284260000Z [DEBUG] TRADER-001.DataEngine: Scheduled task 'req_queue'
2026-05-12T17:43:52.284260001Z [DEBUG] TRADER-001.DataEngine: Scheduled task 'res_queue'
2026-05-12T17:43:52.284261000Z [DEBUG] TRADER-001.DataEngine: Scheduled task 'data_queue'
2026-05-12T17:43:52.284266000Z [INFO] TRADER-001.DataEngine: RUNNING
2026-05-12T17:43:52.284270000Z [DEBUG] TRADER-001.RiskEngine: STARTING
2026-05-12T17:43:52.284278000Z [DEBUG] TRADER-001.RiskEngine: Scheduled task 'cmd_queue'
2026-05-12T17:43:52.284279000Z [DEBUG] TRADER-001.RiskEngine: Scheduled task 'evt_queue'
2026-05-12T17:43:52.284283000Z [INFO] TRADER-001.RiskEngine: RUNNING
2026-05-12T17:43:52.284287000Z [DEBUG] TRADER-001.ExecEngine: STARTING
2026-05-12T17:43:52.284289000Z [DEBUG] TRADER-001.ExecClient-ETORO: STARTING
2026-05-12T17:43:52.284292000Z [INFO] TRADER-001.ExecClient-ETORO: RUNNING
2026-05-12T17:43:52.284305000Z [DEBUG] TRADER-001.ExecEngine: Scheduled task 'cmd_queue'
2026-05-12T17:43:52.284307000Z [DEBUG] TRADER-001.ExecEngine: Scheduled task 'evt_queue'
2026-05-12T17:43:52.284315000Z [DEBUG] TRADER-001.ExecEngine: Scheduled task 'continuous_reconciliation'
2026-05-12T17:43:52.284316000Z [INFO] TRADER-001.ExecEngine: Started reconciliation task
2026-05-12T17:43:52.284321000Z [INFO] TRADER-001.ExecEngine: RUNNING
2026-05-12T17:43:52.284328000Z [INFO] TRADER-001.DataEngine: Connecting all clients...
2026-05-12T17:43:52.284336000Z [INFO] TRADER-001.DataClient-ETORO_WS_CLIENT: Connecting...
2026-05-12T17:43:52.284346000Z [DEBUG] TRADER-001.DataClient-ETORO_WS_CLIENT: Creating async task '_connect'
2026-05-12T17:43:52.284357000Z [INFO] TRADER-001.ExecEngine: Connecting all clients...
2026-05-12T17:43:52.284360000Z [INFO] TRADER-001.ExecClient-ETORO: Connecting...
2026-05-12T17:43:52.284363000Z [DEBUG] TRADER-001.ExecClient-ETORO: Creating task '_connect'
2026-05-12T17:43:52.284371000Z [INFO] TRADER-001.TradingNode: Awaiting engine connections and initializations (120.0s timeout)...
2026-05-12T17:43:52.284464000Z [DEBUG] TRADER-001.DataEngine: DataCommand message queue processing starting (qsize=0)
2026-05-12T17:43:52.284473000Z [DEBUG] TRADER-001.DataEngine: RequestData message queue processing starting (qsize=0)
2026-05-12T17:43:52.284477000Z [DEBUG] TRADER-001.DataEngine: DataResponse message queue processing starting (qsize=0)
2026-05-12T17:43:52.284480000Z [DEBUG] TRADER-001.DataEngine: Data queue processing starting (qsize=0)
2026-05-12T17:43:52.284483000Z [DEBUG] TRADER-001.RiskEngine: Command message queue processing (qsize=0)
2026-05-12T17:43:52.284485000Z [DEBUG] TRADER-001.RiskEngine: Event message queue processing starting (qsize=0)
2026-05-12T17:43:52.284488000Z [DEBUG] TRADER-001.ExecEngine: Command message queue processing starting (qsize=0)
2026-05-12T17:43:52.284491000Z [DEBUG] TRADER-001.ExecEngine: Event message queue processing starting (qsize=0)
2026-05-12T17:43:52.284503000Z [INFO] TRADER-001.ExecEngine: Starting continuous reconciliation with intervals: inflight=2000ms, consistency=Nones, position=Nones
2026-05-12T17:43:52.284506000Z [INFO] TRADER-001.ExecEngine: Awaiting startup reconciliation completion before starting continuous checks
2026-05-12T17:43:52.308797000Z [INFO] TRADER-001.DataClient-ETORO_WS_CLIENT: WebSocket Verbindungsversuch 1/5 zu wss://ws.etoro.com/ws ...
2026-05-12T17:43:52.325784000Z [INFO] TRADER-001.ExecClient-ETORO: ⚠️  DRY-RUN MODE: no real orders will be sent.
2026-05-12T17:43:52.342570000Z [INFO] TRADER-001.ExecClient-ETORO: Execution WS connect attempt 1/5 ...
2026-05-12T17:43:52.587969000Z [WARN] TRADER-001.ExecClient-ETORO: Auth response not JSON: b'\x00'
2026-05-12T17:43:52.588008000Z [INFO] TRADER-001.ExecClient-ETORO: Subscribed to trading notification topics.
2026-05-12T17:43:52.588011000Z [DEBUG] TRADER-001.ExecClient-ETORO: Creating task 'exec_ws_loop'
2026-05-12T17:43:52.588018000Z [INFO] TRADER-001.ExecClient-ETORO: Execution WS connected and authenticated.
2026-05-12T17:43:52.588130000Z [DEBUG] TRADER-001.Cache: Added Account(id=ETORO-DEMO-001)
2026-05-12T17:43:52.588134000Z [DEBUG] TRADER-001.Cache: Indexed AccountId('ETORO-DEMO-001')
2026-05-12T17:43:52.588152000Z [INFO] TRADER-001.Portfolio: Updated AccountState(account_id=ETORO-DEMO-001, account_type=MARGIN, base_currency=USD, is_reported=False, balances=[AccountBalance(total=0.00 USD, locked=0.00 USD, free=0.00 USD)], margins=[], event_id=c2720603-a364-4d4c-bee9-5cc931e9f50a)
2026-05-12T17:43:52.588260000Z [INFO] TRADER-001.ExecClient-ETORO: Connected
2026-05-12T17:43:53.012393000Z [INFO] TRADER-001.DataClient-ETORO_WS_CLIENT: WebSocket verbunden. Authentifiziere...
2026-05-12T17:43:53.012509000Z [DEBUG] TRADER-001.Cache: Added currency USD
2026-05-12T17:43:53.012515000Z [DEBUG] TRADER-001.Cache: Added instrument ADA.ETORO
2026-05-12T17:43:53.012548000Z [INFO] TRADER-001.DataClient-ETORO_WS_CLIENT: Instrument registriert: ADA.ETORO [Crypto] price_prec=5, size_prec=0
2026-05-12T17:43:53.126745000Z [INFO] TRADER-001.DataClient-ETORO_WS_CLIENT: Auth-Antwort: {'id': '629aac5e-61ee-44b3-a540-ff7f3fbb3182', 'success': True, 'operation': 'Authenticate'}
2026-05-12T17:43:53.126836000Z [INFO] TRADER-001.DataClient-ETORO_WS_CLIENT: Abonniert: ['instrument:100017']
2026-05-12T17:43:53.126842000Z [DEBUG] TRADER-001.DataClient-ETORO_WS_CLIENT: Creating async task 'message_loop'
2026-05-12T17:43:53.126946000Z [DEBUG] TRADER-001.DataClient-ETORO_WS_CLIENT: Coroutine '_connect' completed
2026-05-12T17:43:53.126955000Z [INFO] TRADER-001.DataClient-ETORO_WS_CLIENT: Connected
2026-05-12T17:43:53.126994000Z [INFO] TRADER-001.TradingNode: Awaiting execution state reconciliation (30.0s timeout)...
2026-05-12T17:43:53.127061000Z [INFO] TRADER-001.ExecClient-ETORO: Generating ExecutionMassStatus...
2026-05-12T17:43:53.127122000Z [WARN] TRADER-001.ExecClient-ETORO: generate_order_status_reports: Kein Query-Endpoint verfügbar. Gebe leere Liste zurück.
2026-05-12T17:43:53.127218000Z [DEBUG] TRADER-001.ExecEngine: <--[RPT] ExecutionMassStatus(client_id=ETORO, account_id=ETORO-DEMO-001, venue=ETORO, order_reports={}, fill_reports={}, position_reports={}, report_id=045c492c-ca56-4f00-bb53-51780a959efb, ts_init=1778607833127069000)
2026-05-12T17:43:53.127222000Z [INFO] TRADER-001.ExecEngine: Reconciling ExecutionMassStatus for ETORO
2026-05-12T17:43:53.127228000Z [INFO] TRADER-001.ExecEngine: Attempting to adjust fills for 0 instruments
2026-05-12T17:43:53.127327000Z [INFO] TRADER-001.ExecEngine: Updating adjusted fills for 0 instruments
2026-05-12T17:43:53.127329000Z [INFO] TRADER-001.ExecEngine: Final order_reports contains 0 orders, fill_reports contains 0 fills across all instruments
2026-05-12T17:43:53.127360000Z [DEBUG] TRADER-001.ExecEngine: Reconciliation state validation passed for 0 order(s)
2026-05-12T17:43:53.127374000Z [INFO] TRADER-001.ExecEngine: Reconciliation for ETORO succeeded
2026-05-12T17:43:53.127381000Z [INFO] TRADER-001.TradingNode: Execution state reconciled
2026-05-12T17:43:53.127390000Z [DEBUG] TRADER-001.OrderEmulator: STARTING
2026-05-12T17:43:53.127396000Z [INFO] TRADER-001.OrderEmulator: No emulated orders to reactivate
2026-05-12T17:43:53.127408000Z [INFO] TRADER-001.OrderEmulator: RUNNING
2026-05-12T17:43:53.127419000Z [INFO] TRADER-001.Portfolio: Initialized 0 open orders
2026-05-12T17:43:53.127422000Z [INFO] TRADER-001.Portfolio: Initialized 0 open positions
2026-05-12T17:43:53.127425000Z [INFO] TRADER-001.TradingNode: Awaiting portfolio initialization (10.0s timeout)...
2026-05-12T17:43:53.127469000Z [INFO] TRADER-001.ExecEngine: Startup reconciliation completed
2026-05-12T17:43:53.127472000Z [INFO] TRADER-001.ExecEngine: Applying post-reconciliation startup delay (10.0s)
2026-05-12T17:43:53.127487000Z [INFO] TRADER-001.TradingNode: Portfolio initialized
2026-05-12T17:43:53.127490000Z [DEBUG] TRADER-001.TRADER-001: STARTING
2026-05-12T17:43:53.127497000Z [DEBUG] TRADER-001.ApiOrderTestStrategy: STARTING
2026-05-12T17:43:53.127504000Z [INFO] TRADER-001.ApiOrderTestStrategy: self.config.oms_type=None
2026-05-12T17:43:53.127505000Z [INFO] TRADER-001.ApiOrderTestStrategy: self.config.external_order_claims=None
2026-05-12T17:43:53.127506000Z [INFO] TRADER-001.ApiOrderTestStrategy: self.config.manage_gtd_expiry=False
2026-05-12T17:43:53.127512000Z [INFO] TRADER-001.ApiOrderTestStrategy: Set ClientOrderIdGenerator client_order_id count to 0
2026-05-12T17:43:53.127513000Z [INFO] TRADER-001.ApiOrderTestStrategy: Set ClientOrderIdGenerator order_list_id count to 0
2026-05-12T17:43:53.127519000Z [INFO] TRADER-001.ApiOrderTestStrategy: Test gestartet. Warte auf ersten Tick für ADA.ETORO ...
2026-05-12T17:43:53.127541000Z [DEBUG] TRADER-001.MessageBus: Added Subscription(topic=data.quotes.ETORO.ADA, handler=<bound method Actor.handle_quote_tick of ApiOrderTestStrategy(ApiOrderTestStrategy-000)>, priority=0)
2026-05-12T17:43:53.127571000Z [INFO] TRADER-001.ApiOrderTestStrategy: [CMD]--> SubscribeQuoteTicks(instrument_id=ADA.ETORO, client_id=None, venue=ETORO)
2026-05-12T17:43:53.127597000Z [INFO] TRADER-001.ApiOrderTestStrategy: RUNNING
2026-05-12T17:43:53.127604000Z [INFO] TRADER-001.TRADER-001: RUNNING
2026-05-12T17:43:53.127608000Z [INFO] TRADER-001.TradingNode: RUNNING
2026-05-12T17:43:53.127686000Z [DEBUG] TRADER-001.DataClient-ETORO_WS_CLIENT: Creating async task 'subscribe: quote_ticks ADA.ETORO'
2026-05-12T17:43:53.127723000Z [DEBUG] TRADER-001.DataClient-ETORO_WS_CLIENT: Coroutine 'subscribe: quote_ticks ADA.ETORO' completed
2026-05-12T17:43:53.127724000Z [INFO] TRADER-001.DataClient-ETORO_WS_CLIENT: Subscribed ADA.ETORO quotes
2026-05-12T17:43:53.235999000Z [INFO] TRADER-001.DataClient-ETORO_WS_CLIENT: Snapshot ADA.ETORO: MarketOpen=True, AllowBuy=True
2026-05-12T17:43:53.236280000Z [INFO] TRADER-001.ApiOrderTestStrategy: Sende BUY: 41 Units @ Ask 0.27030 (~11.0 USD)
2026-05-12T17:43:53.236481000Z [INFO] TRADER-001.ApiOrderTestStrategy: <--[EVT] OrderInitialized(instrument_id=ADA.ETORO, client_order_id=O-20260512-174353-001-000-1, side=BUY, type=MARKET, quantity=41, time_in_force=GTC, post_only=False, reduce_only=False, quote_quantity=False, options={}, emulation_trigger=NO_TRIGGER, trigger_instrument_id=None, contingency_type=NO_CONTINGENCY, order_list_id=None, linked_order_ids=None, parent_order_id=None, exec_algorithm_id=None, exec_algorithm_params=None, exec_spawn_id=None, tags=None)
2026-05-12T17:43:53.236520000Z [DEBUG] TRADER-001.Cache: Added MarketOrder(BUY 41 ADA.ETORO MARKET GTC, status=INITIALIZED, client_order_id=O-20260512-174353-001-000-1, venue_order_id=None, position_id=None, tags=None)
2026-05-12T17:43:53.236557000Z [INFO] TRADER-001.ApiOrderTestStrategy: [CMD]--> [Risk] SubmitOrder(order=MarketOrder(BUY 41 ADA.ETORO MARKET GTC, status=INITIALIZED, client_order_id=O-20260512-174353-001-000-1, venue_order_id=None, position_id=None, tags=None), position_id=None)
2026-05-12T17:43:53.236676000Z [DEBUG] TRADER-001.ExecEngine: Routed by instrument venue: ETORO
2026-05-12T17:43:53.236697000Z [INFO] TRADER-001.ExecClient-ETORO: Submit MarketOrder(BUY 41 ADA.ETORO MARKET GTC, status=INITIALIZED, client_order_id=O-20260512-174353-001-000-1, venue_order_id=None, position_id=None, tags=None)
2026-05-12T17:43:53.236709000Z [DEBUG] TRADER-001.ExecClient-ETORO: Creating task 'submit_order: SubmitOrder(order=MarketOrder(BUY 41 ADA.ETORO MARKET GTC, status=INITIALIZED, client_order_id=O-20260512-174353-001-000-1, venue_order_id=None, position_id=None, tags=None), position_id=None)'
2026-05-12T17:43:53.236864000Z [INFO] TRADER-001.ExecClient-ETORO: DRY-RUN POST https://public-api.etoro.com/api/v1/trading/execution/demo/market-open-orders/by-amount | payload={'InstrumentID': 100017, 'IsBuy': True, 'Leverage': 1, 'Amount': 11.08} | x-request-id=31280fe6-1862-594a-a241-e1232a482edd
2026-05-12T17:43:53.237673000Z [INFO] TRADER-001.ExecClient-ETORO: DRY-RUN order filled: O-20260512-174353-001-000-1 @ 0.27030
2026-05-12T17:43:53.237768000Z [INFO] TRADER-001.ApiOrderTestStrategy: <--[EVT] OrderSubmitted(instrument_id=ADA.ETORO, client_order_id=O-20260512-174353-001-000-1, account_id=ETORO-DEMO-001, ts_event=1778607833236744000)
2026-05-12T17:43:53.237798000Z [DEBUG] TRADER-001.Cache: Indexed ClientOrderId('O-20260512-174353-001-000-1') with VenueOrderId('31280fe6-1862-594a-a241-e1232a482edd')
2026-05-12T17:43:53.237818000Z [INFO] TRADER-001.ApiOrderTestStrategy: <--[EVT] OrderAccepted(instrument_id=ADA.ETORO, client_order_id=O-20260512-174353-001-000-1, venue_order_id=31280fe6-1862-594a-a241-e1232a482edd, account_id=ETORO-DEMO-001, ts_event=1778607833237527000)
2026-05-12T17:43:53.238000000Z [DEBUG] TRADER-001.Cache: Indexed PositionId('ADA.ETORO-ApiOrderTestStrategy-000'), client_order_id=O-20260512-174353-001-000-1, strategy_id=ApiOrderTestStrategy-000)
2026-05-12T17:43:53.238008000Z [DEBUG] TRADER-001.Cache: Added Position(id=ADA.ETORO-ApiOrderTestStrategy-000, strategy_id=ApiOrderTestStrategy-000)
2026-05-12T17:43:53.238109000Z [INFO] TRADER-001.Portfolio: ADA.ETORO account=ETORO-DEMO-001 net_position=41
2026-05-12T17:43:53.238181000Z [INFO] TRADER-001.ApiOrderTestStrategy: <--[EVT] OrderFilled(instrument_id=ADA.ETORO, client_order_id=O-20260512-174353-001-000-1, venue_order_id=31280fe6-1862-594a-a241-e1232a482edd, account_id=ETORO-DEMO-001, trade_id=8017ebe5-f111-4adf-9290-fcea2dcdc743, position_id=ADA.ETORO-ApiOrderTestStrategy-000, order_side=BUY, order_type=MARKET, last_qty=41, last_px=0.27030 USD, commission=0.00 USD, liquidity_side=TAKER, ts_event=1778607833237610000)
2026-05-12T17:43:53.238192000Z [INFO] TRADER-001.ApiOrderTestStrategy: Fill: 41 Units @ 0.27030 (client_order_id=O-20260512-174353-001-000-1)
2026-05-12T17:43:53.238196000Z [INFO] TRADER-001.ApiOrderTestStrategy: BUY gefüllt — sende SELL zum Schliessen ...
2026-05-12T17:43:53.238283000Z [INFO] TRADER-001.ApiOrderTestStrategy: <--[EVT] OrderInitialized(instrument_id=ADA.ETORO, client_order_id=O-20260512-174353-001-000-2, side=SELL, type=MARKET, quantity=41, time_in_force=GTC, post_only=False, reduce_only=False, quote_quantity=False, options={}, emulation_trigger=NO_TRIGGER, trigger_instrument_id=None, contingency_type=NO_CONTINGENCY, order_list_id=None, linked_order_ids=None, parent_order_id=None, exec_algorithm_id=None, exec_algorithm_params=None, exec_spawn_id=None, tags=None)
2026-05-12T17:43:53.238301000Z [DEBUG] TRADER-001.Cache: Added MarketOrder(SELL 41 ADA.ETORO MARKET GTC, status=INITIALIZED, client_order_id=O-20260512-174353-001-000-2, venue_order_id=None, position_id=None, tags=None)
2026-05-12T17:43:53.238316000Z [INFO] TRADER-001.ApiOrderTestStrategy: [CMD]--> [Risk] SubmitOrder(order=MarketOrder(SELL 41 ADA.ETORO MARKET GTC, status=INITIALIZED, client_order_id=O-20260512-174353-001-000-2, venue_order_id=None, position_id=None, tags=None), position_id=None)
2026-05-12T17:43:53.238397000Z [INFO] TRADER-001.ApiOrderTestStrategy: <--[EVT] PositionOpened(instrument_id=ADA.ETORO, position_id=ADA.ETORO-ApiOrderTestStrategy-000, account_id=ETORO-DEMO-001, opening_order_id=O-20260512-174353-001-000-1, closing_order_id=None, entry=BUY, side=LONG, signed_qty=41.0, quantity=41, peak_qty=41, currency=USD, avg_px_open=0.2703, avg_px_close=0.0, realized_return=0.00000, realized_pnl=0.00 USD, unrealized_pnl=0.00 USD, ts_opened=1778607833237610000, ts_last=1778607833237610000, ts_closed=0, duration_ns=0)
2026-05-12T17:43:53.238510000Z [DEBUG] TRADER-001.ExecEngine: Routed by instrument venue: ETORO
2026-05-12T17:43:53.238525000Z [INFO] TRADER-001.ExecClient-ETORO: Submit MarketOrder(SELL 41 ADA.ETORO MARKET GTC, status=INITIALIZED, client_order_id=O-20260512-174353-001-000-2, venue_order_id=None, position_id=None, tags=None)
2026-05-12T17:43:53.238533000Z [DEBUG] TRADER-001.ExecClient-ETORO: Creating task 'submit_order: SubmitOrder(order=MarketOrder(SELL 41 ADA.ETORO MARKET GTC, status=INITIALIZED, client_order_id=O-20260512-174353-001-000-2, venue_order_id=None, position_id=None, tags=None), position_id=None)'
2026-05-12T17:43:53.238630000Z [INFO] TRADER-001.ExecClient-ETORO: DRY-RUN POST https://public-api.etoro.com/api/v1/trading/execution/demo/market-close-orders/positions/31280fe6-1862-594a-a241-e1232a482edd | payload={'InstrumentID': 100017, 'UnitsToDeduct': None} | x-request-id=9f2cece6-7cdc-51c9-b62f-e8a41f68e797
2026-05-12T17:43:53.239213000Z [INFO] TRADER-001.ExecClient-ETORO: DRY-RUN order filled: O-20260512-174353-001-000-2 @ 0.27020
2026-05-12T17:43:53.239290000Z [INFO] TRADER-001.ApiOrderTestStrategy: <--[EVT] OrderSubmitted(instrument_id=ADA.ETORO, client_order_id=O-20260512-174353-001-000-2, account_id=ETORO-DEMO-001, ts_event=1778607833238561000)
2026-05-12T17:43:53.239307000Z [DEBUG] TRADER-001.Cache: Indexed ClientOrderId('O-20260512-174353-001-000-2') with VenueOrderId('9f2cece6-7cdc-51c9-b62f-e8a41f68e797')
2026-05-12T17:43:53.239319000Z [INFO] TRADER-001.ApiOrderTestStrategy: <--[EVT] OrderAccepted(instrument_id=ADA.ETORO, client_order_id=O-20260512-174353-001-000-2, venue_order_id=9f2cece6-7cdc-51c9-b62f-e8a41f68e797, account_id=ETORO-DEMO-001, ts_event=1778607833239155000)
2026-05-12T17:43:53.239492000Z [INFO] TRADER-001.ApiOrderTestStrategy: <--[EVT] OrderFilled(instrument_id=ADA.ETORO, client_order_id=O-20260512-174353-001-000-2, venue_order_id=9f2cece6-7cdc-51c9-b62f-e8a41f68e797, account_id=ETORO-DEMO-001, trade_id=39befbee-f663-4b71-96bc-ae188b0a0c3b, position_id=ADA.ETORO-ApiOrderTestStrategy-000, order_side=SELL, order_type=MARKET, last_qty=41, last_px=0.27020 USD, commission=0.00 USD, liquidity_side=TAKER, ts_event=1778607833239200000)
2026-05-12T17:43:53.239503000Z [INFO] TRADER-001.ApiOrderTestStrategy: Fill: 41 Units @ 0.27020 (client_order_id=O-20260512-174353-001-000-2)
2026-05-12T17:43:53.239526000Z [INFO] TRADER-001.ApiOrderTestStrategy: <--[EVT] PositionClosed(instrument_id=ADA.ETORO, position_id=ADA.ETORO-ApiOrderTestStrategy-000, account_id=ETORO-DEMO-001, opening_order_id=O-20260512-174353-001-000-1, closing_order_id=O-20260512-174353-001-000-2, entry=BUY, side=FLAT, signed_qty=0.0, quantity=0, peak_qty=41, currency=USD, avg_px_open=0.2703, avg_px_close=0.2702, realized_return=-0.00037, realized_pnl=0.00 USD, unrealized_pnl=0.00 USD, ts_opened=1778607833237610000, ts_last=1778607833239200000, ts_closed=1778607833239200000, duration_ns=1590000)
2026-05-12T17:43:53.285047000Z [INFO] TRADER-001.TradingNode: STOPPING
2026-05-12T17:43:53.285078000Z [DEBUG] TRADER-001.TRADER-001: STOPPING
2026-05-12T17:43:53.285096000Z [DEBUG] TRADER-001.ApiOrderTestStrategy: STOPPING
2026-05-12T17:43:53.285207000Z [DEBUG] TRADER-001.MessageBus: Removed Subscription(topic=data.quotes.ETORO.ADA, handler=<bound method Actor.handle_quote_tick of ApiOrderTestStrategy(ApiOrderTestStrategy-000)>, priority=0)
2026-05-12T17:43:53.285264000Z [INFO] TRADER-001.ApiOrderTestStrategy: [CMD]--> UnsubscribeQuoteTicks(instrument_id=ADA.ETORO, client_id=None, venue=ETORO)
2026-05-12T17:43:53.285279000Z [INFO] TRADER-001.ApiOrderTestStrategy: Strategie gestoppt.
2026-05-12T17:43:53.285290000Z [INFO] TRADER-001.ApiOrderTestStrategy: Canceling executor tasks
2026-05-12T17:43:53.285334000Z [INFO] TRADER-001.ApiOrderTestStrategy: STOPPED
2026-05-12T17:43:53.285346000Z [INFO] TRADER-001.TRADER-001: STOPPED
2026-05-12T17:43:53.285358000Z [INFO] TRADER-001.TradingNode: Awaiting post stop (10.0s timeout)...
2026-05-12T17:43:53.285399000Z [DEBUG] TRADER-001.ApiOrderTestStrategy: Executor: Canceled inner worker task
2026-05-12T17:43:53.285625000Z [WARN] TRADER-001.DataEngine: DataCommand message queue canceled
2026-05-12T17:43:53.285635000Z [WARN] TRADER-001.DataEngine: DataCommand message queue stopped with 1 message(s) on queue
