2026-05-12T12:56:19.341453357Z [INFO] TRADER-001.TradingNode: =================================================================
2026-05-12T12:56:19.341458904Z [INFO] TRADER-001.TradingNode:  NAUTILUS TRADER - Automated Algorithmic Trading Platform
2026-05-12T12:56:19.341459328Z [INFO] TRADER-001.TradingNode:  by Nautech Systems Pty Ltd.
2026-05-12T12:56:19.341459532Z [INFO] TRADER-001.TradingNode:  Copyright (C) 2015-2026. All rights reserved.
2026-05-12T12:56:19.341459762Z [INFO] TRADER-001.TradingNode: =================================================================
2026-05-12T12:56:19.341460024Z [INFO] TRADER-001.TradingNode: 
2026-05-12T12:56:19.341460234Z [INFO] TRADER-001.TradingNode: ⠀⠀⠀⠀⠀⠀⠀⠀⠀⠀⠀⠀⠀⣠⣴⣶⡟⠀⠀⠀⠀⠀⠀⠀⠀⠀⠀⠀⠀⠀⠀
2026-05-12T12:56:19.341460502Z [INFO] TRADER-001.TradingNode: ⠀⠀⠀⠀⠀⠀⠀⠀⠀⠀⠀⣰⣾⣿⣿⣿⠀⢸⣿⣿⣿⣿⣶⣶⣤⣀⠀⠀⠀⠀⠀
2026-05-12T12:56:19.341460910Z [INFO] TRADER-001.TradingNode: ⠀⠀⠀⠀⠀⠀⢀⣴⡇⢀⣾⣿⣿⣿⣿⣿⠀⣾⣿⣿⣿⣿⣿⣿⣿⠿⠓⠀⠀⠀⠀
2026-05-12T12:56:19.341461253Z [INFO] TRADER-001.TradingNode: ⠀⠀⠀⠀⠀⣰⣿⣿⡀⢸⣿⣿⣿⣿⣿⣿⠀⣿⣿⣿⣿⣿⣿⠟⠁⣠⣄⠀⠀⠀⠀
2026-05-12T12:56:19.341461511Z [INFO] TRADER-001.TradingNode: ⠀⠀⠀⠀⢠⣿⣿⣿⣇⠀⢿⣿⣿⣿⣿⣿⠀⢻⣿⣿⣿⡿⢃⣠⣾⣿⣿⣧⡀⠀⠀
2026-05-12T12:56:19.341461792Z [INFO] TRADER-001.TradingNode: ⠀⠀⠀⠠⣾⣿⣿⣿⣿⣿⣧⠈⠋⢀⣴⣧⠀⣿⡏⢠⡀⢸⣿⣿⣿⣿⣿⣿⣿⡇⠀
2026-05-12T12:56:19.341462065Z [INFO] TRADER-001.TradingNode: ⠀⠀⠀⣀⠙⢿⣿⣿⣿⣿⣿⠇⢠⣿⣿⣿⡄⠹⠃⠼⠃⠈⠉⠛⠛⠛⠛⠛⠻⠇⠀
2026-05-12T12:56:19.341462742Z [INFO] TRADER-001.TradingNode: ⠀⠀⢸⡟⢠⣤⠉⠛⠿⢿⣿⠀⢸⣿⡿⠋⣠⣤⣄⠀⣾⣿⣿⣶⣶⣶⣦⡄⠀⠀⠀
2026-05-12T12:56:19.341462998Z [INFO] TRADER-001.TradingNode: ⠀⠀⠸⠀⣾⠏⣸⣷⠂⣠⣤⠀⠘⢁⣴⣾⣿⣿⣿⡆⠘⣿⣿⣿⣿⣿⣿⠀⠀⠀⠀
2026-05-12T12:56:19.341463177Z [INFO] TRADER-001.TradingNode: ⠀⠀⠀⠀⠛⠀⣿⡟⠀⢻⣿⡄⠸⣿⣿⣿⣿⣿⣿⣿⡀⠘⣿⣿⣿⣿⠟⠀⠀⠀⠀
2026-05-12T12:56:19.341463343Z [INFO] TRADER-001.TradingNode: ⠀⠀⠀⠀⠀⠀⣿⠇⠀⠀⢻⡿⠀⠈⠻⣿⣿⣿⣿⣿⡇⠀⢹⣿⠿⠋⠀⠀⠀⠀⠀
2026-05-12T12:56:19.341463769Z [INFO] TRADER-001.TradingNode: ⠀⠀⠀⠀⠀⠀⠋⠀⠀⠀⡘⠁⠀⠀⠀⠀⠀⠀⠀⠀⠀⠀⠈⠁⠀⠀⠀⠀⠀⠀⠀
2026-05-12T12:56:19.341464133Z [INFO] TRADER-001.TradingNode: 
2026-05-12T12:56:19.341464303Z [INFO] TRADER-001.TradingNode: =================================================================
2026-05-12T12:56:19.341464663Z [INFO] TRADER-001.TradingNode:  SYSTEM SPECIFICATION
2026-05-12T12:56:19.341464848Z [INFO] TRADER-001.TradingNode: =================================================================
2026-05-12T12:56:19.341466239Z [INFO] TRADER-001.TradingNode: CPU architecture: Intel(R) Core(TM) i7-4810MQ CPU @ 2.80GHz
2026-05-12T12:56:19.341466810Z [INFO] TRADER-001.TradingNode: CPU(s): 8 @ 3786 MHz
2026-05-12T12:56:19.341467481Z [INFO] TRADER-001.TradingNode: OS: kernel-6.17.0-23-generic Linux (Ubuntu 24.04)
2026-05-12T12:56:19.341517013Z [INFO] TRADER-001.TradingNode: =================================================================
2026-05-12T12:56:19.341517658Z [INFO] TRADER-001.TradingNode:  MEMORY USAGE
2026-05-12T12:56:19.341517961Z [INFO] TRADER-001.TradingNode: =================================================================
2026-05-12T12:56:19.341519873Z [INFO] TRADER-001.TradingNode: RAM-Total: 31.22 GiB
2026-05-12T12:56:19.341520603Z [INFO] TRADER-001.TradingNode: RAM-Used: 7.33 GiB (23.48%)
2026-05-12T12:56:19.341528994Z [INFO] TRADER-001.TradingNode: RAM-Avail: 23.89 GiB (76.52%)
2026-05-12T12:56:19.341530780Z [INFO] TRADER-001.TradingNode: Swap-Total: 8.00 GiB
2026-05-12T12:56:19.341531551Z [INFO] TRADER-001.TradingNode: Swap-Used: 0.00 GiB (0.00%)
2026-05-12T12:56:19.341534495Z [INFO] TRADER-001.TradingNode: Swap-Avail: 8.00 GiB (100.00%)
2026-05-12T12:56:19.341535488Z [INFO] TRADER-001.TradingNode: =================================================================
2026-05-12T12:56:19.341535921Z [INFO] TRADER-001.TradingNode:  IDENTIFIERS
2026-05-12T12:56:19.341536452Z [INFO] TRADER-001.TradingNode: =================================================================
2026-05-12T12:56:19.341537550Z [INFO] TRADER-001.TradingNode: trader_id: TRADER-001
2026-05-12T12:56:19.341538717Z [INFO] TRADER-001.TradingNode: machine_id: user-ThinkPad-W541
2026-05-12T12:56:19.341540246Z [INFO] TRADER-001.TradingNode: instance_id: 0ba5b050-c7d5-4103-8f17-53d2fef8d912
2026-05-12T12:56:19.341540832Z [INFO] TRADER-001.TradingNode: PID: 29359
2026-05-12T12:56:19.341541432Z [INFO] TRADER-001.TradingNode: =================================================================
2026-05-12T12:56:19.341542452Z [INFO] TRADER-001.TradingNode:  VERSIONING
2026-05-12T12:56:19.341542663Z [INFO] TRADER-001.TradingNode: =================================================================
2026-05-12T12:56:19.341565850Z [INFO] TRADER-001.TradingNode: nautilus_trader: 1.226.0
2026-05-12T12:56:19.341571232Z [INFO] TRADER-001.TradingNode: python: 3.12.3
2026-05-12T12:56:19.341574174Z [INFO] TRADER-001.TradingNode: numpy: 2.4.4
2026-05-12T12:56:19.341576848Z [INFO] TRADER-001.TradingNode: pandas: 2.3.3
2026-05-12T12:56:19.341579735Z [INFO] TRADER-001.TradingNode: msgspec: 0.21.1
2026-05-12T12:56:19.341581964Z [INFO] TRADER-001.TradingNode: pyarrow: 24.0.0
2026-05-12T12:56:19.341584745Z [INFO] TRADER-001.TradingNode: pytz: 2026.2
2026-05-12T12:56:19.341587066Z [INFO] TRADER-001.TradingNode: uvloop: 0.22.1
2026-05-12T12:56:19.341587266Z [INFO] TRADER-001.TradingNode: =================================================================
2026-05-12T12:56:19.341603663Z [INFO] TRADER-001.TradingNode: Building system kernel
2026-05-12T12:56:19.341801964Z [DEBUG] TRADER-001.TradingNode: Event loop signal handling setup for (<Signals.SIGTERM: 15>, <Signals.SIGINT: 2>, <Signals.SIGABRT: 6>)
2026-05-12T12:56:19.341849805Z [INFO] TRADER-001.MessageBus: config.database=None
2026-05-12T12:56:19.341851534Z [INFO] TRADER-001.MessageBus: config.encoding='msgpack'
2026-05-12T12:56:19.341852759Z [INFO] TRADER-001.MessageBus: config.timestamps_as_iso8601=False
2026-05-12T12:56:19.341853505Z [INFO] TRADER-001.MessageBus: config.buffer_interval_ms=None
2026-05-12T12:56:19.341854400Z [INFO] TRADER-001.MessageBus: config.autotrim_mins=None
2026-05-12T12:56:19.341855573Z [INFO] TRADER-001.MessageBus: config.use_trader_prefix=True
2026-05-12T12:56:19.341856660Z [INFO] TRADER-001.MessageBus: config.use_trader_id=True
2026-05-12T12:56:19.341858977Z [INFO] TRADER-001.MessageBus: config.use_instance_id=False
2026-05-12T12:56:19.341860028Z [INFO] TRADER-001.MessageBus: config.streams_prefix='stream'
2026-05-12T12:56:19.341860746Z [INFO] TRADER-001.MessageBus: config.types_filter=None
2026-05-12T12:56:19.341903786Z [DEBUG] TRADER-001.MessageBus: Added Subscription(topic=commands.system.shutdown, handler=<bound method NautilusKernel._on_shutdown_system of <nautilus_trader.system.kernel.NautilusKernel object at 0x7da913c061e0>>, priority=0)
2026-05-12T12:56:19.341921669Z [INFO] TRADER-001.Cache: READY
2026-05-12T12:56:19.342513213Z [DEBUG] TRADER-001.MessageBus: Added endpoint 'Portfolio.update_account' <bound method Portfolio.update_account of <nautilus_trader.portfolio.portfolio.Portfolio object at 0x7da913849040>>
2026-05-12T12:56:19.342519819Z [DEBUG] TRADER-001.MessageBus: Added endpoint 'Portfolio.update_order' <bound method Portfolio.update_order of <nautilus_trader.portfolio.portfolio.Portfolio object at 0x7da913849040>>
2026-05-12T12:56:19.342537736Z [DEBUG] TRADER-001.MessageBus: Added endpoint 'Portfolio.update_position' <bound method Portfolio.update_position of <nautilus_trader.portfolio.portfolio.Portfolio object at 0x7da913849040>>
2026-05-12T12:56:19.342549276Z [DEBUG] TRADER-001.MessageBus: Added Subscription(topic=events.order.*, handler=<bound method Portfolio.on_order_event of <nautilus_trader.portfolio.portfolio.Portfolio object at 0x7da913849040>>, priority=10)
2026-05-12T12:56:19.342556577Z [DEBUG] TRADER-001.MessageBus: Added Subscription(topic=events.position.*, handler=<bound method Portfolio.on_position_event of <nautilus_trader.portfolio.portfolio.Portfolio object at 0x7da913849040>>, priority=10)
2026-05-12T12:56:19.342563086Z [DEBUG] TRADER-001.MessageBus: Added Subscription(topic=data.quotes.*, handler=<bound method Portfolio.update_quote_tick of <nautilus_trader.portfolio.portfolio.Portfolio object at 0x7da913849040>>, priority=10)
2026-05-12T12:56:19.342568674Z [DEBUG] TRADER-001.MessageBus: Added Subscription(topic=data.bars.*EXTERNAL, handler=<bound method Portfolio.update_bar of <nautilus_trader.portfolio.portfolio.Portfolio object at 0x7da913849040>>, priority=10)
2026-05-12T12:56:19.342681572Z [INFO] TRADER-001.DataEngine: READY
2026-05-12T12:56:19.342767445Z [DEBUG] TRADER-001.MessageBus: Added endpoint 'DataEngine.execute' <bound method LiveDataEngine.execute of LiveDataEngine(DataEngine)>
2026-05-12T12:56:19.342772026Z [DEBUG] TRADER-001.MessageBus: Added endpoint 'DataEngine.process' <bound method LiveDataEngine.process of LiveDataEngine(DataEngine)>
2026-05-12T12:56:19.342774465Z [DEBUG] TRADER-001.MessageBus: Added endpoint 'DataEngine.request' <bound method LiveDataEngine.request of LiveDataEngine(DataEngine)>
2026-05-12T12:56:19.342775827Z [DEBUG] TRADER-001.MessageBus: Added endpoint 'DataEngine.response' <bound method LiveDataEngine.response of LiveDataEngine(DataEngine)>
2026-05-12T12:56:19.342778100Z [DEBUG] TRADER-001.MessageBus: Added endpoint 'DataEngine.process_historical' <bound method DataEngine.process_historical of LiveDataEngine(DataEngine)>
2026-05-12T12:56:19.342827824Z [INFO] TRADER-001.DataEngine: config.graceful_shutdown_on_exception=False
2026-05-12T12:56:19.342874203Z [INFO] TRADER-001.RiskEngine: READY
2026-05-12T12:56:19.342920013Z [INFO] TRADER-001.RiskEngine: TradingState is ACTIVE
2026-05-12T12:56:19.342989139Z [INFO] TRADER-001.Throttler-ORDER_SUBMIT_THROTTLER: READY
2026-05-12T12:56:19.343018412Z [INFO] TRADER-001.RiskEngine: Set MAX_ORDER_SUBMIT_RATE: 100/00:00:01
2026-05-12T12:56:19.343051384Z [INFO] TRADER-001.Throttler-ORDER_MODIFY_THROTTLER: READY
2026-05-12T12:56:19.343067246Z [INFO] TRADER-001.RiskEngine: Set MAX_ORDER_MODIFY_RATE: 100/00:00:01
2026-05-12T12:56:19.343073858Z [DEBUG] TRADER-001.MessageBus: Added endpoint 'RiskEngine.execute' <bound method LiveRiskEngine.execute of LiveRiskEngine(RiskEngine)>
2026-05-12T12:56:19.343076536Z [DEBUG] TRADER-001.MessageBus: Added endpoint 'RiskEngine.process' <bound method LiveRiskEngine.process of LiveRiskEngine(RiskEngine)>
2026-05-12T12:56:19.343086698Z [DEBUG] TRADER-001.MessageBus: Added Subscription(topic=events.order.*, handler=<bound method RiskEngine._handle_event of LiveRiskEngine(RiskEngine)>, priority=10)
2026-05-12T12:56:19.343092995Z [DEBUG] TRADER-001.MessageBus: Added Subscription(topic=events.position.*, handler=<bound method RiskEngine._handle_event of LiveRiskEngine(RiskEngine)>, priority=10)
2026-05-12T12:56:19.343120301Z [INFO] TRADER-001.RiskEngine: config.graceful_shutdown_on_exception=False
2026-05-12T12:56:19.343193713Z [INFO] TRADER-001.ExecEngine: READY
2026-05-12T12:56:19.343239693Z [INFO] TRADER-001.ExecEngine: config.snapshot_orders=False
2026-05-12T12:56:19.343243844Z [INFO] TRADER-001.ExecEngine: config.snapshot_positions=False
2026-05-12T12:56:19.343245151Z [INFO] TRADER-001.ExecEngine: config.snapshot_positions_interval_secs=None
2026-05-12T12:56:19.343246163Z [INFO] TRADER-001.ExecEngine: config.allow_overfills=False
2026-05-12T12:56:19.343251930Z [DEBUG] TRADER-001.MessageBus: Added endpoint 'ExecEngine.execute' <bound method LiveExecutionEngine.execute of LiveExecutionEngine(ExecEngine)>
2026-05-12T12:56:19.343254911Z [DEBUG] TRADER-001.MessageBus: Added endpoint 'ExecEngine.process' <bound method LiveExecutionEngine.process of LiveExecutionEngine(ExecEngine)>
2026-05-12T12:56:19.343319383Z [INFO] TRADER-001.ExecEngine: config.reconciliation=True
2026-05-12T12:56:19.343323896Z [INFO] TRADER-001.ExecEngine: config.reconciliation_lookback_mins=None
2026-05-12T12:56:19.343325277Z [INFO] TRADER-001.ExecEngine: config.reconciliation_instrument_ids=None
2026-05-12T12:56:19.343326788Z [INFO] TRADER-001.ExecEngine: config.filter_unclaimed_external_orders=False
2026-05-12T12:56:19.343327950Z [INFO] TRADER-001.ExecEngine: config.filter_position_reports=False
2026-05-12T12:56:19.343329594Z [INFO] TRADER-001.ExecEngine: config.filtered_client_order_ids=None
2026-05-12T12:56:19.343331241Z [INFO] TRADER-001.ExecEngine: config.inflight_check_interval_ms=2000
2026-05-12T12:56:19.343332852Z [INFO] TRADER-001.ExecEngine: config.inflight_check_threshold_ms=5000
2026-05-12T12:56:19.343334340Z [INFO] TRADER-001.ExecEngine: config.inflight_check_retries=5
2026-05-12T12:56:19.343335667Z [INFO] TRADER-001.ExecEngine: config.own_books_audit_interval_secs=None
2026-05-12T12:56:19.343336848Z [INFO] TRADER-001.ExecEngine: config.open_check_interval_secs=None
2026-05-12T12:56:19.343337895Z [INFO] TRADER-001.ExecEngine: config.open_check_open_only=True
2026-05-12T12:56:19.343339138Z [INFO] TRADER-001.ExecEngine: config.open_check_lookback_mins=60
2026-05-12T12:56:19.343340553Z [INFO] TRADER-001.ExecEngine: config.open_check_threshold_ms=5000
2026-05-12T12:56:19.343341822Z [INFO] TRADER-001.ExecEngine: config.open_check_missing_retries=5
2026-05-12T12:56:19.343343057Z [INFO] TRADER-001.ExecEngine: config.max_single_order_queries_per_cycle=10
2026-05-12T12:56:19.343344284Z [INFO] TRADER-001.ExecEngine: config.single_order_query_delay_ms=100
2026-05-12T12:56:19.343347609Z [INFO] TRADER-001.ExecEngine: config.position_check_interval_secs=None
2026-05-12T12:56:19.343348930Z [INFO] TRADER-001.ExecEngine: config.position_check_lookback_mins=60
2026-05-12T12:56:19.343349828Z [INFO] TRADER-001.ExecEngine: config.position_check_threshold_ms=5000
2026-05-12T12:56:19.343351836Z [INFO] TRADER-001.ExecEngine: config.position_check_retries=3
2026-05-12T12:56:19.343355055Z [INFO] TRADER-001.ExecEngine: config.reconciliation_startup_delay_secs=10.0
2026-05-12T12:56:19.343356363Z [INFO] TRADER-001.ExecEngine: config.purge_closed_orders_interval_mins=None
2026-05-12T12:56:19.343357052Z [INFO] TRADER-001.ExecEngine: config.purge_closed_orders_buffer_mins=None
2026-05-12T12:56:19.343357939Z [INFO] TRADER-001.ExecEngine: config.purge_closed_positions_interval_mins=None
2026-05-12T12:56:19.343359713Z [INFO] TRADER-001.ExecEngine: config.purge_closed_positions_buffer_mins=None
2026-05-12T12:56:19.343360689Z [INFO] TRADER-001.ExecEngine: config.purge_account_events_interval_mins=None
2026-05-12T12:56:19.343361344Z [INFO] TRADER-001.ExecEngine: config.purge_account_events_lookback_mins=None
2026-05-12T12:56:19.343362054Z [INFO] TRADER-001.ExecEngine: config.purge_from_database=False
2026-05-12T12:56:19.343362643Z [INFO] TRADER-001.ExecEngine: config.graceful_shutdown_on_exception=False
2026-05-12T12:56:19.343373158Z [DEBUG] TRADER-001.MessageBus: Added endpoint 'ExecEngine.reconcile_execution_report' <bound method LiveExecutionEngine.reconcile_execution_report of LiveExecutionEngine(ExecEngine)>
2026-05-12T12:56:19.343375876Z [DEBUG] TRADER-001.MessageBus: Added endpoint 'ExecEngine.reconcile_execution_mass_status' <bound method LiveExecutionEngine.reconcile_execution_mass_status of LiveExecutionEngine(ExecEngine)>
2026-05-12T12:56:19.343394753Z [DEBUG] TRADER-001.Cache: Clearing index
2026-05-12T12:56:19.343396664Z [DEBUG] TRADER-001.Cache: Cleared index
2026-05-12T12:56:19.343398761Z [DEBUG] TRADER-001.ExecEngine: clear_index took 0ms
2026-05-12T12:56:19.343405135Z [DEBUG] TRADER-001.Cache: Loading general cache from database
2026-05-12T12:56:19.343411027Z [INFO] TRADER-001.Cache: Cached 0 general objects from database
2026-05-12T12:56:19.343413457Z [DEBUG] TRADER-001.ExecEngine: cache_general took 0ms
2026-05-12T12:56:19.343414642Z [DEBUG] TRADER-001.Cache: Loading currencies from database
2026-05-12T12:56:19.343419107Z [INFO] TRADER-001.Cache: Cached 0 currencies from database
2026-05-12T12:56:19.343420581Z [DEBUG] TRADER-001.ExecEngine: cache_currencies took 0ms
2026-05-12T12:56:19.343421394Z [DEBUG] TRADER-001.Cache: Loading instruments from database
2026-05-12T12:56:19.343422162Z [INFO] TRADER-001.Cache: Cached 0 instruments from database
2026-05-12T12:56:19.343423283Z [DEBUG] TRADER-001.ExecEngine: cache_instruments took 0ms
2026-05-12T12:56:19.343424419Z [DEBUG] TRADER-001.Cache: Loading accounts from database
2026-05-12T12:56:19.343425857Z [INFO] TRADER-001.Cache: Cached 0 accounts from database
2026-05-12T12:56:19.343426720Z [DEBUG] TRADER-001.ExecEngine: cache_accounts took 0ms
2026-05-12T12:56:19.343427469Z [DEBUG] TRADER-001.Cache: Loading orders from database
2026-05-12T12:56:19.343428855Z [INFO] TRADER-001.Cache: Cached 0 orders from database
2026-05-12T12:56:19.343430201Z [DEBUG] TRADER-001.ExecEngine: cache_orders took 0ms
2026-05-12T12:56:19.343431029Z [DEBUG] TRADER-001.Cache: Loading order lists
2026-05-12T12:56:19.343432308Z [INFO] TRADER-001.Cache: Cached 0 order lists from database
2026-05-12T12:56:19.343434334Z [DEBUG] TRADER-001.ExecEngine: cache_order_lists took 0ms
2026-05-12T12:56:19.343435304Z [DEBUG] TRADER-001.Cache: Loading positions from database
2026-05-12T12:56:19.343436118Z [INFO] TRADER-001.Cache: Cached 0 positions from database
2026-05-12T12:56:19.343436920Z [DEBUG] TRADER-001.ExecEngine: cache_positions took 0ms
2026-05-12T12:56:19.343439028Z [DEBUG] TRADER-001.Cache: Building index
2026-05-12T12:56:19.343446143Z [DEBUG] TRADER-001.Cache: Index built in 0.000s
2026-05-12T12:56:19.343447493Z [DEBUG] TRADER-001.ExecEngine: build_index took 0ms
2026-05-12T12:56:19.343450041Z [INFO] TRADER-001.Cache: Checking data integrity
2026-05-12T12:56:19.343458336Z [INFO] TRADER-001.Cache: Integrity check passed in 6μs
2026-05-12T12:56:19.343460053Z [DEBUG] TRADER-001.ExecEngine: check_integrity took 0ms
2026-05-12T12:56:19.343471818Z [DEBUG] TRADER-001.ExecEngine: _set_position_id_counts took 0ms
2026-05-12T12:56:19.343474057Z [INFO] TRADER-001.ExecEngine: Loaded cache in 0ms
2026-05-12T12:56:19.343514075Z [INFO] TRADER-001.OrderEmulator: READY
2026-05-12T12:56:19.343564139Z [DEBUG] TRADER-001.MessageBus: Added endpoint 'OrderEmulator.execute' <bound method OrderEmulator.execute of OrderEmulator(OrderEmulator)>
2026-05-12T12:56:19.343597394Z [INFO] TRADER-001.TRADER-001: READY
2026-05-12T12:56:19.343643282Z [INFO] TRADER-001.TradingNode: Initialized in 4ms
2026-05-12T12:56:19.343667194Z [INFO] TRADER-001.TradingNode: has_cache_backing=False
2026-05-12T12:56:19.343671087Z [INFO] TRADER-001.TradingNode: has_msgbus_backing=False
2026-05-12T12:56:19.343803834Z [INFO] TRADER-001.ApiOrderTestStrategy: READY
2026-05-12T12:56:19.343852497Z [DEBUG] TRADER-001.MessageBus: Added Subscription(topic=events.order.ApiOrderTestStrategy-000, handler=<bound method Strategy.handle_event of ApiOrderTestStrategy(ApiOrderTestStrategy-000)>, priority=0)
2026-05-12T12:56:19.343860208Z [DEBUG] TRADER-001.MessageBus: Added Subscription(topic=events.position.ApiOrderTestStrategy-000, handler=<bound method Strategy.handle_event of ApiOrderTestStrategy(ApiOrderTestStrategy-000)>, priority=0)
2026-05-12T12:56:19.343868750Z [INFO] TRADER-001.ExecEngine: Registered OMS.UNSPECIFIED for Strategy ApiOrderTestStrategy-000
2026-05-12T12:56:19.343872854Z [INFO] TRADER-001.TRADER-001: Registered Strategy ApiOrderTestStrategy-000
2026-05-12T12:56:19.343878444Z [INFO] TRADER-001.TradingNode: Building data client for ETORO_WS_CLIENT
2026-05-12T12:56:19.343896065Z [INFO] TRADER-001.InstrumentProvider: READY
2026-05-12T12:56:19.344025553Z [INFO] TRADER-001.DataClient-ETORO_WS_CLIENT: READY
2026-05-12T12:56:19.344074440Z [INFO] TRADER-001.DataEngine: Registered ETORO_WS_CLIENT
2026-05-12T12:56:19.344084193Z [INFO] TRADER-001.TradingNode: Building execution client for ETORO
2026-05-12T12:56:19.344097610Z [INFO] TRADER-001.InstrumentProvider: READY
2026-05-12T12:56:19.344129916Z [INFO] TRADER-001.ExecClient-ETORO: READY
2026-05-12T12:56:19.344206155Z [INFO] TRADER-001.ExecEngine: Registered ExecutionClient-ETORO
2026-05-12T12:56:19.344605585Z [INFO] TRADER-001.TradingNode: STARTING
2026-05-12T12:56:19.344640050Z [DEBUG] TRADER-001.ApiOrderTestStrategy: Registered <concurrent.futures.thread.ThreadPoolExecutor object at 0x7da91385fa10>
2026-05-12T12:56:19.344650529Z [DEBUG] TRADER-001.DataEngine: STARTING
2026-05-12T12:56:19.344654147Z [DEBUG] TRADER-001.DataClient-ETORO_WS_CLIENT: STARTING
2026-05-12T12:56:19.344666888Z [INFO] TRADER-001.DataClient-ETORO_WS_CLIENT: RUNNING
2026-05-12T12:56:19.344687740Z [DEBUG] TRADER-001.DataEngine: Scheduled task 'cmd_queue'
2026-05-12T12:56:19.344689979Z [DEBUG] TRADER-001.DataEngine: Scheduled task 'req_queue'
2026-05-12T12:56:19.344690579Z [DEBUG] TRADER-001.DataEngine: Scheduled task 'res_queue'
2026-05-12T12:56:19.344691082Z [DEBUG] TRADER-001.DataEngine: Scheduled task 'data_queue'
2026-05-12T12:56:19.344697556Z [INFO] TRADER-001.DataEngine: RUNNING
2026-05-12T12:56:19.344704040Z [DEBUG] TRADER-001.RiskEngine: STARTING
2026-05-12T12:56:19.344714290Z [DEBUG] TRADER-001.RiskEngine: Scheduled task 'cmd_queue'
2026-05-12T12:56:19.344716416Z [DEBUG] TRADER-001.RiskEngine: Scheduled task 'evt_queue'
2026-05-12T12:56:19.344722559Z [INFO] TRADER-001.RiskEngine: RUNNING
2026-05-12T12:56:19.344727895Z [DEBUG] TRADER-001.ExecEngine: STARTING
2026-05-12T12:56:19.344730610Z [DEBUG] TRADER-001.ExecClient-ETORO: STARTING
2026-05-12T12:56:19.344735073Z [INFO] TRADER-001.ExecClient-ETORO: RUNNING
2026-05-12T12:56:19.344748390Z [DEBUG] TRADER-001.ExecEngine: Scheduled task 'cmd_queue'
2026-05-12T12:56:19.344750189Z [DEBUG] TRADER-001.ExecEngine: Scheduled task 'evt_queue'
2026-05-12T12:56:19.344753442Z [DEBUG] TRADER-001.ExecEngine: Scheduled task 'continuous_reconciliation'
2026-05-12T12:56:19.344754761Z [INFO] TRADER-001.ExecEngine: Started reconciliation task
2026-05-12T12:56:19.344760427Z [INFO] TRADER-001.ExecEngine: RUNNING
2026-05-12T12:56:19.344766481Z [INFO] TRADER-001.DataEngine: Connecting all clients...
2026-05-12T12:56:19.344769416Z [INFO] TRADER-001.DataClient-ETORO_WS_CLIENT: Connecting...
2026-05-12T12:56:19.344774916Z [DEBUG] TRADER-001.DataClient-ETORO_WS_CLIENT: Creating async task '_connect'
2026-05-12T12:56:19.344782539Z [INFO] TRADER-001.ExecEngine: Connecting all clients...
2026-05-12T12:56:19.344786265Z [INFO] TRADER-001.ExecClient-ETORO: Connecting...
2026-05-12T12:56:19.344811201Z [DEBUG] TRADER-001.ExecClient-ETORO: Creating task '_connect'
2026-05-12T12:56:19.344821875Z [INFO] TRADER-001.TradingNode: Awaiting engine connections and initializations (120.0s timeout)...
2026-05-12T12:56:19.344927550Z [DEBUG] TRADER-001.DataEngine: DataCommand message queue processing starting (qsize=0)
2026-05-12T12:56:19.344936995Z [DEBUG] TRADER-001.DataEngine: RequestData message queue processing starting (qsize=0)
2026-05-12T12:56:19.344941361Z [DEBUG] TRADER-001.DataEngine: DataResponse message queue processing starting (qsize=0)
2026-05-12T12:56:19.344944673Z [DEBUG] TRADER-001.DataEngine: Data queue processing starting (qsize=0)
2026-05-12T12:56:19.344951326Z [DEBUG] TRADER-001.RiskEngine: Command message queue processing (qsize=0)
2026-05-12T12:56:19.344954726Z [DEBUG] TRADER-001.RiskEngine: Event message queue processing starting (qsize=0)
2026-05-12T12:56:19.344961627Z [DEBUG] TRADER-001.ExecEngine: Command message queue processing starting (qsize=0)
2026-05-12T12:56:19.344964854Z [DEBUG] TRADER-001.ExecEngine: Event message queue processing starting (qsize=0)
2026-05-12T12:56:19.344979939Z [INFO] TRADER-001.ExecEngine: Starting continuous reconciliation with intervals: inflight=2000ms, consistency=Nones, position=Nones
2026-05-12T12:56:19.344983704Z [INFO] TRADER-001.ExecEngine: Awaiting startup reconciliation completion before starting continuous checks
2026-05-12T12:56:19.391874057Z [INFO] TRADER-001.DataClient-ETORO_WS_CLIENT: WebSocket Verbindungsversuch 1/5 zu wss://ws.etoro.com/ws ...
2026-05-12T12:56:19.448723305Z [INFO] TRADER-001.ExecClient-ETORO: Execution WS connect attempt 1/5 ...
2026-05-12T12:56:19.734115895Z [INFO] TRADER-001.DataClient-ETORO_WS_CLIENT: WebSocket verbunden. Authentifiziere...
2026-05-12T12:56:19.734315942Z [DEBUG] TRADER-001.Cache: Added currency USD
2026-05-12T12:56:19.734322275Z [DEBUG] TRADER-001.Cache: Added instrument ADA.ETORO
2026-05-12T12:56:19.734366816Z [INFO] TRADER-001.DataClient-ETORO_WS_CLIENT: Instrument registriert: ADA.ETORO [Crypto] price_prec=5, size_prec=0
2026-05-12T12:56:19.735360526Z [WARN] TRADER-001.ExecClient-ETORO: Auth response not JSON: b'\x00'
2026-05-12T12:56:19.735448459Z [INFO] TRADER-001.ExecClient-ETORO: Subscribed to trading notification topics.
2026-05-12T12:56:19.735456140Z [DEBUG] TRADER-001.ExecClient-ETORO: Creating task 'exec_ws_loop'
2026-05-12T12:56:19.735467405Z [INFO] TRADER-001.ExecClient-ETORO: Execution WS connected and authenticated.
2026-05-12T12:56:19.821484805Z [WARN] TRADER-001.ExecClient-ETORO: Balance fetch returned HTTP 404; using 0 USD.
2026-05-12T12:56:19.821749975Z [DEBUG] TRADER-001.Cache: Added Account(id=ETORO-REAL-001)
2026-05-12T12:56:19.821756287Z [DEBUG] TRADER-001.Cache: Indexed AccountId('ETORO-REAL-001')
2026-05-12T12:56:19.821784052Z [INFO] TRADER-001.Portfolio: Updated AccountState(account_id=ETORO-REAL-001, account_type=MARGIN, base_currency=USD, is_reported=False, balances=[AccountBalance(total=0.00 USD, locked=0.00 USD, free=0.00 USD)], margins=[], event_id=f316cf77-3035-4afe-bb57-9ed755a9f1a5)
2026-05-12T12:56:19.821901852Z [INFO] TRADER-001.ExecClient-ETORO: Connected
2026-05-12T12:56:19.837380897Z [INFO] TRADER-001.DataClient-ETORO_WS_CLIENT: Auth-Antwort: {'id': '73998f90-86ea-44a2-8808-cd14cfea6e53', 'success': True, 'operation': 'Authenticate'}
2026-05-12T12:56:19.837572729Z [INFO] TRADER-001.DataClient-ETORO_WS_CLIENT: Abonniert: ['instrument:100017']
2026-05-12T12:56:19.837606347Z [DEBUG] TRADER-001.DataClient-ETORO_WS_CLIENT: Creating async task 'message_loop'
2026-05-12T12:56:19.837702023Z [DEBUG] TRADER-001.DataClient-ETORO_WS_CLIENT: Coroutine '_connect' completed
2026-05-12T12:56:19.837709925Z [INFO] TRADER-001.DataClient-ETORO_WS_CLIENT: Connected
2026-05-12T12:56:19.837755055Z [INFO] TRADER-001.TradingNode: Awaiting execution state reconciliation (30.0s timeout)...
2026-05-12T12:56:19.837851140Z [INFO] TRADER-001.ExecClient-ETORO: Generating ExecutionMassStatus...
2026-05-12T12:56:19.837936127Z [WARN] TRADER-001.ExecClient-ETORO: generate_order_status_reports: Kein Query-Endpoint verfügbar. Gebe leere Liste zurück.
2026-05-12T12:56:19.838003464Z [DEBUG] TRADER-001.ExecEngine: <--[RPT] ExecutionMassStatus(client_id=ETORO, account_id=ETORO-REAL-001, venue=ETORO, order_reports={}, fill_reports={}, position_reports={}, report_id=5d763e53-264d-4b0b-8c4b-15440a4ab3af, ts_init=1778590579837864424)
2026-05-12T12:56:19.838009577Z [INFO] TRADER-001.ExecEngine: Reconciling ExecutionMassStatus for ETORO
2026-05-12T12:56:19.838017811Z [INFO] TRADER-001.ExecEngine: Attempting to adjust fills for 0 instruments
2026-05-12T12:56:19.841044982Z [INFO] TRADER-001.ExecEngine: Updating adjusted fills for 0 instruments
2026-05-12T12:56:19.841069295Z [INFO] TRADER-001.ExecEngine: Final order_reports contains 0 orders, fill_reports contains 0 fills across all instruments
2026-05-12T12:56:19.841127533Z [DEBUG] TRADER-001.ExecEngine: Reconciliation state validation passed for 0 order(s)
2026-05-12T12:56:19.841146482Z [INFO] TRADER-001.ExecEngine: Reconciliation for ETORO succeeded
2026-05-12T12:56:19.841164597Z [INFO] TRADER-001.TradingNode: Execution state reconciled
2026-05-12T12:56:19.841177662Z [DEBUG] TRADER-001.OrderEmulator: STARTING
2026-05-12T12:56:19.841180500Z [INFO] TRADER-001.OrderEmulator: No emulated orders to reactivate
2026-05-12T12:56:19.841209261Z [INFO] TRADER-001.OrderEmulator: RUNNING
2026-05-12T12:56:19.841227047Z [INFO] TRADER-001.Portfolio: Initialized 0 open orders
2026-05-12T12:56:19.841231045Z [INFO] TRADER-001.Portfolio: Initialized 0 open positions
2026-05-12T12:56:19.841240794Z [INFO] TRADER-001.TradingNode: Awaiting portfolio initialization (10.0s timeout)...
2026-05-12T12:56:19.841337823Z [INFO] TRADER-001.ExecEngine: Startup reconciliation completed
2026-05-12T12:56:19.841343995Z [INFO] TRADER-001.ExecEngine: Applying post-reconciliation startup delay (10.0s)
2026-05-12T12:56:19.841375755Z [INFO] TRADER-001.TradingNode: Portfolio initialized
2026-05-12T12:56:19.841382373Z [DEBUG] TRADER-001.TRADER-001: STARTING
2026-05-12T12:56:19.841391485Z [DEBUG] TRADER-001.ApiOrderTestStrategy: STARTING
2026-05-12T12:56:19.841395578Z [INFO] TRADER-001.ApiOrderTestStrategy: self.config.oms_type=None
2026-05-12T12:56:19.841397066Z [INFO] TRADER-001.ApiOrderTestStrategy: self.config.external_order_claims=None
2026-05-12T12:56:19.841398238Z [INFO] TRADER-001.ApiOrderTestStrategy: self.config.manage_gtd_expiry=False
2026-05-12T12:56:19.841404723Z [INFO] TRADER-001.ApiOrderTestStrategy: Set ClientOrderIdGenerator client_order_id count to 0
2026-05-12T12:56:19.841405800Z [INFO] TRADER-001.ApiOrderTestStrategy: Set ClientOrderIdGenerator order_list_id count to 0
2026-05-12T12:56:19.841417503Z [INFO] TRADER-001.ApiOrderTestStrategy: Test gestartet. Warte auf ersten Tick für ADA.ETORO ...
2026-05-12T12:56:19.841448169Z [DEBUG] TRADER-001.MessageBus: Added Subscription(topic=data.quotes.ETORO.ADA, handler=<bound method Actor.handle_quote_tick of ApiOrderTestStrategy(ApiOrderTestStrategy-000)>, priority=0)
2026-05-12T12:56:19.841484963Z [INFO] TRADER-001.ApiOrderTestStrategy: [CMD]--> SubscribeQuoteTicks(instrument_id=ADA.ETORO, client_id=None, venue=ETORO)
2026-05-12T12:56:19.841535909Z [INFO] TRADER-001.ApiOrderTestStrategy: RUNNING
2026-05-12T12:56:19.841552307Z [INFO] TRADER-001.TRADER-001: RUNNING
2026-05-12T12:56:19.841561170Z [INFO] TRADER-001.TradingNode: RUNNING
2026-05-12T12:56:19.841660065Z [DEBUG] TRADER-001.DataClient-ETORO_WS_CLIENT: Creating async task 'subscribe: quote_ticks ADA.ETORO'
2026-05-12T12:56:19.841687456Z [DEBUG] TRADER-001.DataClient-ETORO_WS_CLIENT: Coroutine 'subscribe: quote_ticks ADA.ETORO' completed
2026-05-12T12:56:19.841689902Z [INFO] TRADER-001.DataClient-ETORO_WS_CLIENT: Subscribed ADA.ETORO quotes
2026-05-12T12:56:19.898014302Z [INFO] TRADER-001.DataClient-ETORO_WS_CLIENT: Snapshot ADA.ETORO: MarketOpen=True, AllowBuy=True
2026-05-12T12:56:19.898370550Z [INFO] TRADER-001.ApiOrderTestStrategy: Sende BUY: 40 Units @ Ask 0.27420 (~11.0 USD)
2026-05-12T12:56:19.898657415Z [INFO] TRADER-001.ApiOrderTestStrategy: <--[EVT] OrderInitialized(instrument_id=ADA.ETORO, client_order_id=O-20260512-125619-001-000-1, side=BUY, type=MARKET, quantity=40, time_in_force=GTC, post_only=False, reduce_only=False, quote_quantity=False, options={}, emulation_trigger=NO_TRIGGER, trigger_instrument_id=None, contingency_type=NO_CONTINGENCY, order_list_id=None, linked_order_ids=None, parent_order_id=None, exec_algorithm_id=None, exec_algorithm_params=None, exec_spawn_id=None, tags=None)
2026-05-12T12:56:19.898715408Z [DEBUG] TRADER-001.Cache: Added MarketOrder(BUY 40 ADA.ETORO MARKET GTC, status=INITIALIZED, client_order_id=O-20260512-125619-001-000-1, venue_order_id=None, position_id=None, tags=None)
2026-05-12T12:56:19.898759511Z [INFO] TRADER-001.ApiOrderTestStrategy: [CMD]--> [Risk] SubmitOrder(order=MarketOrder(BUY 40 ADA.ETORO MARKET GTC, status=INITIALIZED, client_order_id=O-20260512-125619-001-000-1, venue_order_id=None, position_id=None, tags=None), position_id=None)
2026-05-12T12:56:19.898900102Z [DEBUG] TRADER-001.ExecEngine: Routed by instrument venue: ETORO
2026-05-12T12:56:19.898936393Z [INFO] TRADER-001.ExecClient-ETORO: Submit MarketOrder(BUY 40 ADA.ETORO MARKET GTC, status=INITIALIZED, client_order_id=O-20260512-125619-001-000-1, venue_order_id=None, position_id=None, tags=None)
2026-05-12T12:56:19.898953319Z [DEBUG] TRADER-001.ExecClient-ETORO: Creating task 'submit_order: SubmitOrder(order=MarketOrder(BUY 40 ADA.ETORO MARKET GTC, status=INITIALIZED, client_order_id=O-20260512-125619-001-000-1, venue_order_id=None, position_id=None, tags=None), position_id=None)'
